[2026-09-17T07:22:00.165+0000] {taskinstance.py:1103} INFO - Dependencies all met for dep_context=non-requeueable deps ti=<TaskInstance: extract_dag.extract_task manual__2026-09-17T07:21:57.623980+00:00 [queued]>
[2026-09-17T07:22:00.169+0000] {taskinstance.py:1103} INFO - Dependencies all met for dep_context=requeueable deps ti=<TaskInstance: extract_dag.extract_task manual__2026-09-17T07:21:57.623980+00:00 [queued]>
[2026-09-17T07:22:00.169+0000] {taskinstance.py:1308} INFO - Starting attempt 1 of 1
[2026-09-17T07:22:00.181+0000] {taskinstance.py:1327} INFO - Executing <Task(BashOperator): extract_task> on 2026-09-17 07:21:57.623980+00:00
[2026-09-17T07:22:00.184+0000] {standard_task_runner.py:57} INFO - Started process 33787 to run task
[2026-09-17T07:22:00.187+0000] {standard_task_runner.py:84} INFO - Running: ['airflow', 'tasks', 'run', 'extract_dag', 'extract_task', 'manual__2026-09-17T07:21:57.623980+00:00', '--job-id', '7', '--raw', '--subdir', 'DAGS_FOLDER/extract_dag.py', '--cfg-path', '/tmp/tmpbzojog1v']
[2026-09-17T07:22:00.188+0000] {standard_task_runner.py:85} INFO - Job 7: Subtask extract_task
[2026-09-17T07:22:00.214+0000] {task_command.py:410} INFO - Running <TaskInstance: extract_dag.extract_task manual__2026-09-17T07:21:57.623980+00:00 [running]> on host codespaces-b096b2
[2026-09-17T07:22:00.263+0000] {taskinstance.py:1545} INFO - Exporting env vars: AIRFLOW_CTX_DAG_OWNER='airflow' AIRFLOW_CTX_DAG_ID='extract_dag' AIRFLOW_CTX_TASK_ID='extract_task' AIRFLOW_CTX_EXECUTION_DATE='2026-09-17T07:21:57.623980+00:00' AIRFLOW_CTX_TRY_NUMBER='1' AIRFLOW_CTX_DAG_RUN_ID='manual__2026-09-17T07:21:57.623980+00:00'
[2026-09-17T07:22:00.263+0000] {subprocess.py:63} INFO - Tmp dir root location: /tmp
[2026-09-17T07:22:00.264+0000] {subprocess.py:75} INFO - Running command: ['/usr/bin/bash', '-c', 'wget -c https://raw.githubusercontent.com/LinkedInLearning/hands-on-introduction-data-engineering-4395021/main/data/top-level-domain-names.csv -O /workspaces/hands-on-introduction-data-engineering-4395021/lab/orchestrated/airflow-extract-data.csv']
[2026-09-17T07:22:00.271+0000] {subprocess.py:86} INFO - Output:
[2026-09-17T07:22:00.276+0000] {subprocess.py:93} INFO - --2026-09-17 07:22:00--  https://raw.githubusercontent.com/LinkedInLearning/hands-on-introduction-data-engineering-4395021/main/data/top-level-domain-names.csv
[2026-09-17T07:22:00.286+0000] {subprocess.py:93} INFO - Resolving raw.githubusercontent.com (raw.githubusercontent.com)... 185.199.111.133, 185.199.108.133, 185.199.110.133, ...
[2026-09-17T07:22:00.302+0000] {subprocess.py:93} INFO - Connecting to raw.githubusercontent.com (raw.githubusercontent.com)|185.199.111.133|:443... connected.
[2026-09-17T07:22:00.356+0000] {subprocess.py:93} INFO - HTTP request sent, awaiting response... 416 Range Not Satisfiable
[2026-09-17T07:22:00.356+0000] {subprocess.py:93} INFO - 
[2026-09-17T07:22:00.356+0000] {subprocess.py:93} INFO -     The file is already fully retrieved; nothing to do.
[2026-09-17T07:22:00.356+0000] {subprocess.py:93} INFO - 
[2026-09-17T07:22:00.357+0000] {subprocess.py:97} INFO - Command exited with return code 0
[2026-09-17T07:22:00.373+0000] {taskinstance.py:1345} INFO - Marking task as SUCCESS. dag_id=extract_dag, task_id=extract_task, execution_date=20260917T072157, start_date=20260917T072200, end_date=20260917T072200
[2026-09-17T07:22:00.400+0000] {local_task_job_runner.py:225} INFO - Task exited with return code 0
[2026-09-17T07:22:00.409+0000] {taskinstance.py:2653} INFO - 0 downstream tasks scheduled from follow-on schedule check
