[2026-09-17T07:20:28.334+0000] {taskinstance.py:1103} INFO - Dependencies all met for dep_context=non-requeueable deps ti=<TaskInstance: extract_dag.extract_task manual__2026-09-17T07:20:25.743451+00:00 [queued]>
[2026-09-17T07:20:28.342+0000] {taskinstance.py:1103} INFO - Dependencies all met for dep_context=requeueable deps ti=<TaskInstance: extract_dag.extract_task manual__2026-09-17T07:20:25.743451+00:00 [queued]>
[2026-09-17T07:20:28.343+0000] {taskinstance.py:1308} INFO - Starting attempt 1 of 1
[2026-09-17T07:20:28.359+0000] {taskinstance.py:1327} INFO - Executing <Task(BashOperator): extract_task> on 2026-09-17 07:20:25.743451+00:00
[2026-09-17T07:20:28.362+0000] {standard_task_runner.py:57} INFO - Started process 32877 to run task
[2026-09-17T07:20:28.366+0000] {standard_task_runner.py:84} INFO - Running: ['airflow', 'tasks', 'run', 'extract_dag', 'extract_task', 'manual__2026-09-17T07:20:25.743451+00:00', '--job-id', '6', '--raw', '--subdir', 'DAGS_FOLDER/extract_dag.py', '--cfg-path', '/tmp/tmplpis02jj']
[2026-09-17T07:20:28.367+0000] {standard_task_runner.py:85} INFO - Job 6: Subtask extract_task
[2026-09-17T07:20:28.393+0000] {task_command.py:410} INFO - Running <TaskInstance: extract_dag.extract_task manual__2026-09-17T07:20:25.743451+00:00 [running]> on host codespaces-b096b2
[2026-09-17T07:20:28.441+0000] {taskinstance.py:1545} INFO - Exporting env vars: AIRFLOW_CTX_DAG_OWNER='airflow' AIRFLOW_CTX_DAG_ID='extract_dag' AIRFLOW_CTX_TASK_ID='extract_task' AIRFLOW_CTX_EXECUTION_DATE='2026-09-17T07:20:25.743451+00:00' AIRFLOW_CTX_TRY_NUMBER='1' AIRFLOW_CTX_DAG_RUN_ID='manual__2026-09-17T07:20:25.743451+00:00'
[2026-09-17T07:20:28.442+0000] {subprocess.py:63} INFO - Tmp dir root location: /tmp
[2026-09-17T07:20:28.443+0000] {subprocess.py:75} INFO - Running command: ['/usr/bin/bash', '-c', 'wget -c https://raw.githubusercontent.com/LinkedInLearning/hands-on-introduction-data-engineering-4395021/main/data/top-level-domain-names.csv -O /workspaces/hands-on-introduction-data-engineering-4395021/lab/orchestrated/airflow-extract-data.csv']
[2026-09-17T07:20:28.452+0000] {subprocess.py:86} INFO - Output:
[2026-09-17T07:20:28.456+0000] {subprocess.py:93} INFO - --2026-09-17 07:20:28--  https://raw.githubusercontent.com/LinkedInLearning/hands-on-introduction-data-engineering-4395021/main/data/top-level-domain-names.csv
[2026-09-17T07:20:28.469+0000] {subprocess.py:93} INFO - Resolving raw.githubusercontent.com (raw.githubusercontent.com)... 185.199.109.133, 185.199.110.133, 185.199.111.133, ...
[2026-09-17T07:20:28.485+0000] {subprocess.py:93} INFO - Connecting to raw.githubusercontent.com (raw.githubusercontent.com)|185.199.109.133|:443... connected.
[2026-09-17T07:20:29.317+0000] {subprocess.py:93} INFO - HTTP request sent, awaiting response... 206 Partial Content
[2026-09-17T07:20:29.317+0000] {subprocess.py:93} INFO - Length: 42789 (42K), 37432 (37K) remaining [text/plain]
[2026-09-17T07:20:29.318+0000] {subprocess.py:93} INFO - Saving to: ‘/workspaces/hands-on-introduction-data-engineering-4395021/lab/orchestrated/airflow-extract-data.csv’
[2026-09-17T07:20:29.318+0000] {subprocess.py:93} INFO - 
[2026-09-17T07:20:29.324+0000] {subprocess.py:93} INFO -      0K ,,,,,..... .......... .......... .......... .         100% 6.26M=0.006s
[2026-09-17T07:20:29.324+0000] {subprocess.py:93} INFO - 
[2026-09-17T07:20:29.324+0000] {subprocess.py:93} INFO - 2026-09-17 07:20:29 (6.26 MB/s) - ‘/workspaces/hands-on-introduction-data-engineering-4395021/lab/orchestrated/airflow-extract-data.csv’ saved [42789/42789]
[2026-09-17T07:20:29.324+0000] {subprocess.py:93} INFO - 
[2026-09-17T07:20:29.325+0000] {subprocess.py:97} INFO - Command exited with return code 0
[2026-09-17T07:20:29.346+0000] {taskinstance.py:1345} INFO - Marking task as SUCCESS. dag_id=extract_dag, task_id=extract_task, execution_date=20260917T072025, start_date=20260917T072028, end_date=20260917T072029
[2026-09-17T07:20:29.383+0000] {local_task_job_runner.py:225} INFO - Task exited with return code 0
[2026-09-17T07:20:29.393+0000] {taskinstance.py:2653} INFO - 0 downstream tasks scheduled from follow-on schedule check
