[2026-09-17T09:33:42.232+0000] {taskinstance.py:1103} INFO - Dependencies all met for dep_context=non-requeueable deps ti=<TaskInstance: basic_etl_dag.extract_task manual__2026-09-17T09:33:39.677884+00:00 [queued]>
[2026-09-17T09:33:42.238+0000] {taskinstance.py:1103} INFO - Dependencies all met for dep_context=requeueable deps ti=<TaskInstance: basic_etl_dag.extract_task manual__2026-09-17T09:33:39.677884+00:00 [queued]>
[2026-09-17T09:33:42.238+0000] {taskinstance.py:1308} INFO - Starting attempt 1 of 1
[2026-09-17T09:33:42.250+0000] {taskinstance.py:1327} INFO - Executing <Task(BashOperator): extract_task> on 2026-09-17 09:33:39.677884+00:00
[2026-09-17T09:33:42.255+0000] {standard_task_runner.py:57} INFO - Started process 39408 to run task
[2026-09-17T09:33:42.259+0000] {standard_task_runner.py:84} INFO - Running: ['airflow', 'tasks', 'run', 'basic_etl_dag', 'extract_task', 'manual__2026-09-17T09:33:39.677884+00:00', '--job-id', '16', '--raw', '--subdir', 'DAGS_FOLDER/basic_etl_dag.py', '--cfg-path', '/tmp/tmpj60k7h0o']
[2026-09-17T09:33:42.259+0000] {standard_task_runner.py:85} INFO - Job 16: Subtask extract_task
[2026-09-17T09:33:42.292+0000] {task_command.py:410} INFO - Running <TaskInstance: basic_etl_dag.extract_task manual__2026-09-17T09:33:39.677884+00:00 [running]> on host codespaces-b096b2
[2026-09-17T09:33:42.368+0000] {taskinstance.py:1545} INFO - Exporting env vars: AIRFLOW_CTX_DAG_OWNER='airflow' AIRFLOW_CTX_DAG_ID='basic_etl_dag' AIRFLOW_CTX_TASK_ID='extract_task' AIRFLOW_CTX_EXECUTION_DATE='2026-09-17T09:33:39.677884+00:00' AIRFLOW_CTX_TRY_NUMBER='1' AIRFLOW_CTX_DAG_RUN_ID='manual__2026-09-17T09:33:39.677884+00:00'
[2026-09-17T09:33:42.369+0000] {subprocess.py:63} INFO - Tmp dir root location: /tmp
[2026-09-17T09:33:42.369+0000] {subprocess.py:75} INFO - Running command: ['/usr/bin/bash', '-c', 'wget -c https://raw.githubusercontent.com/LinkedInLearning/hands-on-introduction-data-engineering-4395021/main/data/top-level-domain-names.csv -O /workspaces/hands-on-introduction-data-engineering-4395021/lab/end-to-end/basic-etl-extract-data.csv']
[2026-09-17T09:33:42.378+0000] {subprocess.py:86} INFO - Output:
[2026-09-17T09:33:42.520+0000] {subprocess.py:93} INFO - --2026-09-17 09:33:42--  https://raw.githubusercontent.com/LinkedInLearning/hands-on-introduction-data-engineering-4395021/main/data/top-level-domain-names.csv
[2026-09-17T09:33:42.549+0000] {subprocess.py:93} INFO - Resolving raw.githubusercontent.com (raw.githubusercontent.com)... 185.199.110.133, 185.199.108.133, 185.199.111.133, ...
[2026-09-17T09:33:42.566+0000] {subprocess.py:93} INFO - Connecting to raw.githubusercontent.com (raw.githubusercontent.com)|185.199.110.133|:443... connected.
[2026-09-17T09:33:42.955+0000] {subprocess.py:93} INFO - HTTP request sent, awaiting response... 200 OK
[2026-09-17T09:33:42.955+0000] {subprocess.py:93} INFO - Length: 42789 (42K) [text/plain]
[2026-09-17T09:33:42.955+0000] {subprocess.py:93} INFO - Saving to: ‘/workspaces/hands-on-introduction-data-engineering-4395021/lab/end-to-end/basic-etl-extract-data.csv’
[2026-09-17T09:33:42.956+0000] {subprocess.py:93} INFO - 
[2026-09-17T09:33:42.972+0000] {subprocess.py:93} INFO -      0K .......... .......... .......... .......... .         100% 2.48M=0.02s
[2026-09-17T09:33:42.972+0000] {subprocess.py:93} INFO - 
[2026-09-17T09:33:42.972+0000] {subprocess.py:93} INFO - 2026-09-17 09:33:42 (2.48 MB/s) - ‘/workspaces/hands-on-introduction-data-engineering-4395021/lab/end-to-end/basic-etl-extract-data.csv’ saved [42789/42789]
[2026-09-17T09:33:42.972+0000] {subprocess.py:93} INFO - 
[2026-09-17T09:33:42.973+0000] {subprocess.py:97} INFO - Command exited with return code 0
[2026-09-17T09:33:42.991+0000] {taskinstance.py:1345} INFO - Marking task as SUCCESS. dag_id=basic_etl_dag, task_id=extract_task, execution_date=20260917T093339, start_date=20260917T093342, end_date=20260917T093342
[2026-09-17T09:33:43.032+0000] {local_task_job_runner.py:225} INFO - Task exited with return code 0
[2026-09-17T09:33:43.060+0000] {taskinstance.py:2653} INFO - 1 downstream tasks scheduled from follow-on schedule check
