[2026-09-17T07:25:49.617+0000] {taskinstance.py:1103} INFO - Dependencies all met for dep_context=non-requeueable deps ti=<TaskInstance: extract_dag.extract_task manual__2026-09-17T07:25:47.480610+00:00 [queued]>
[2026-09-17T07:25:49.621+0000] {taskinstance.py:1103} INFO - Dependencies all met for dep_context=requeueable deps ti=<TaskInstance: extract_dag.extract_task manual__2026-09-17T07:25:47.480610+00:00 [queued]>
[2026-09-17T07:25:49.621+0000] {taskinstance.py:1308} INFO - Starting attempt 1 of 1
[2026-09-17T07:25:49.635+0000] {taskinstance.py:1327} INFO - Executing <Task(BashOperator): extract_task> on 2026-09-17 07:25:47.480610+00:00
[2026-09-17T07:25:49.646+0000] {standard_task_runner.py:57} INFO - Started process 36033 to run task
[2026-09-17T07:25:49.651+0000] {standard_task_runner.py:84} INFO - Running: ['airflow', 'tasks', 'run', 'extract_dag', 'extract_task', 'manual__2026-09-17T07:25:47.480610+00:00', '--job-id', '10', '--raw', '--subdir', 'DAGS_FOLDER/extract_dag.py', '--cfg-path', '/tmp/tmppxfg7ia3']
[2026-09-17T07:25:49.652+0000] {standard_task_runner.py:85} INFO - Job 10: Subtask extract_task
[2026-09-17T07:25:49.707+0000] {task_command.py:410} INFO - Running <TaskInstance: extract_dag.extract_task manual__2026-09-17T07:25:47.480610+00:00 [running]> on host codespaces-b096b2
[2026-09-17T07:25:49.763+0000] {taskinstance.py:1545} INFO - Exporting env vars: AIRFLOW_CTX_DAG_OWNER='airflow' AIRFLOW_CTX_DAG_ID='extract_dag' AIRFLOW_CTX_TASK_ID='extract_task' AIRFLOW_CTX_EXECUTION_DATE='2026-09-17T07:25:47.480610+00:00' AIRFLOW_CTX_TRY_NUMBER='1' AIRFLOW_CTX_DAG_RUN_ID='manual__2026-09-17T07:25:47.480610+00:00'
[2026-09-17T07:25:49.764+0000] {subprocess.py:63} INFO - Tmp dir root location: /tmp
[2026-09-17T07:25:49.765+0000] {subprocess.py:75} INFO - Running command: ['/usr/bin/bash', '-c', 'wget -c https://raw.githubusercontent.com/LinkedInLearning/hands-on-introduction-data-engineering-4395021/main/data/top-level-domain-names.csv -O /workspaces/hands-on-introduction-data-engineering-4395021/lab/orchestrated/airflow-extract-data.csv']
[2026-09-17T07:25:49.772+0000] {subprocess.py:86} INFO - Output:
[2026-09-17T07:25:49.777+0000] {subprocess.py:93} INFO - --2026-09-17 07:25:49--  https://raw.githubusercontent.com/LinkedInLearning/hands-on-introduction-data-engineering-4395021/main/data/top-level-domain-names.csv
[2026-09-17T07:25:49.787+0000] {subprocess.py:93} INFO - Resolving raw.githubusercontent.com (raw.githubusercontent.com)... 185.199.111.133, 185.199.108.133, 185.199.109.133, ...
[2026-09-17T07:25:49.805+0000] {subprocess.py:93} INFO - Connecting to raw.githubusercontent.com (raw.githubusercontent.com)|185.199.111.133|:443... connected.
[2026-09-17T07:25:50.170+0000] {subprocess.py:93} INFO - HTTP request sent, awaiting response... 200 OK
[2026-09-17T07:25:50.170+0000] {subprocess.py:93} INFO - Length: 42789 (42K) [text/plain]
[2026-09-17T07:25:50.170+0000] {subprocess.py:93} INFO - Saving to: ‘/workspaces/hands-on-introduction-data-engineering-4395021/lab/orchestrated/airflow-extract-data.csv’
[2026-09-17T07:25:50.170+0000] {subprocess.py:93} INFO - 
[2026-09-17T07:25:50.186+0000] {subprocess.py:93} INFO -      0K .......... .......... .......... .......... .         100% 2.52M=0.02s
[2026-09-17T07:25:50.186+0000] {subprocess.py:93} INFO - 
[2026-09-17T07:25:50.186+0000] {subprocess.py:93} INFO - 2026-09-17 07:25:50 (2.52 MB/s) - ‘/workspaces/hands-on-introduction-data-engineering-4395021/lab/orchestrated/airflow-extract-data.csv’ saved [42789/42789]
[2026-09-17T07:25:50.186+0000] {subprocess.py:93} INFO - 
[2026-09-17T07:25:50.187+0000] {subprocess.py:97} INFO - Command exited with return code 0
[2026-09-17T07:25:50.209+0000] {taskinstance.py:1345} INFO - Marking task as SUCCESS. dag_id=extract_dag, task_id=extract_task, execution_date=20260917T072547, start_date=20260917T072549, end_date=20260917T072550
[2026-09-17T07:25:50.229+0000] {local_task_job_runner.py:225} INFO - Task exited with return code 0
[2026-09-17T07:25:50.239+0000] {taskinstance.py:2653} INFO - 0 downstream tasks scheduled from follow-on schedule check
