[2026-09-17T00:55:59.282+0000] {processor.py:157} INFO - Started process (PID=22291) to work on /home/vscode/.local/lib/python3.10/site-packages/airflow/example_dags/example_branch_operator.py
[2026-09-17T00:55:59.283+0000] {processor.py:826} INFO - Processing file /home/vscode/.local/lib/python3.10/site-packages/airflow/example_dags/example_branch_operator.py for tasks to queue
[2026-09-17T00:55:59.284+0000] {logging_mixin.py:150} INFO - [2026-09-17T00:55:59.284+0000] {dagbag.py:541} INFO - Filling up the DagBag from /home/vscode/.local/lib/python3.10/site-packages/airflow/example_dags/example_branch_operator.py
[2026-09-17T00:55:59.295+0000] {processor.py:836} INFO - DAG(s) dict_keys(['example_branch_operator']) retrieved from /home/vscode/.local/lib/python3.10/site-packages/airflow/example_dags/example_branch_operator.py
[2026-09-17T00:55:59.460+0000] {logging_mixin.py:150} INFO - [2026-09-17T00:55:59.460+0000] {manager.py:504} INFO - Created Permission View: can delete on DAG:example_branch_operator
[2026-09-17T00:55:59.488+0000] {logging_mixin.py:150} INFO - [2026-09-17T00:55:59.488+0000] {manager.py:504} INFO - Created Permission View: can edit on DAG:example_branch_operator
[2026-09-17T00:55:59.510+0000] {logging_mixin.py:150} INFO - [2026-09-17T00:55:59.510+0000] {manager.py:504} INFO - Created Permission View: can read on DAG:example_branch_operator
[2026-09-17T00:55:59.541+0000] {logging_mixin.py:150} INFO - [2026-09-17T00:55:59.537+0000] {dag.py:2742} INFO - Sync 1 DAGs
[2026-09-17T00:55:59.585+0000] {logging_mixin.py:150} INFO - [2026-09-17T00:55:59.585+0000] {dag.py:2763} INFO - Creating ORM DAG for example_branch_operator
[2026-09-17T00:55:59.612+0000] {logging_mixin.py:150} INFO - [2026-09-17T00:55:59.612+0000] {dag.py:3504} INFO - Setting next_dagrun for example_branch_operator to 2026-09-16T00:00:00+00:00, run_after=2026-09-17T00:00:00+00:00
[2026-09-17T00:55:59.638+0000] {processor.py:179} INFO - Processing /home/vscode/.local/lib/python3.10/site-packages/airflow/example_dags/example_branch_operator.py took 0.360 seconds
[2026-09-17T00:56:23.422+0000] {processor.py:157} INFO - Started process (PID=22474) to work on /home/vscode/.local/lib/python3.10/site-packages/airflow/example_dags/example_branch_operator.py
[2026-09-17T00:56:23.423+0000] {processor.py:826} INFO - Processing file /home/vscode/.local/lib/python3.10/site-packages/airflow/example_dags/example_branch_operator.py for tasks to queue
[2026-09-17T00:56:23.424+0000] {logging_mixin.py:150} INFO - [2026-09-17T00:56:23.423+0000] {dagbag.py:541} INFO - Filling up the DagBag from /home/vscode/.local/lib/python3.10/site-packages/airflow/example_dags/example_branch_operator.py
[2026-09-17T00:56:23.432+0000] {processor.py:836} INFO - DAG(s) dict_keys(['example_branch_operator']) retrieved from /home/vscode/.local/lib/python3.10/site-packages/airflow/example_dags/example_branch_operator.py
[2026-09-17T00:56:23.438+0000] {logging_mixin.py:150} INFO - [2026-09-17T00:56:23.438+0000] {dag.py:2742} INFO - Sync 1 DAGs
[2026-09-17T00:56:23.456+0000] {logging_mixin.py:150} INFO - [2026-09-17T00:56:23.455+0000] {dag.py:3504} INFO - Setting next_dagrun for example_branch_operator to 2026-09-16T00:00:00+00:00, run_after=2026-09-17T00:00:00+00:00
[2026-09-17T00:56:23.473+0000] {processor.py:179} INFO - Processing /home/vscode/.local/lib/python3.10/site-packages/airflow/example_dags/example_branch_operator.py took 0.053 seconds
[2026-09-17T00:56:49.316+0000] {processor.py:157} INFO - Started process (PID=22771) to work on /home/vscode/.local/lib/python3.10/site-packages/airflow/example_dags/example_branch_operator.py
[2026-09-17T00:56:49.317+0000] {processor.py:826} INFO - Processing file /home/vscode/.local/lib/python3.10/site-packages/airflow/example_dags/example_branch_operator.py for tasks to queue
[2026-09-17T00:56:49.318+0000] {logging_mixin.py:150} INFO - [2026-09-17T00:56:49.318+0000] {dagbag.py:541} INFO - Filling up the DagBag from /home/vscode/.local/lib/python3.10/site-packages/airflow/example_dags/example_branch_operator.py
[2026-09-17T00:56:49.329+0000] {processor.py:836} INFO - DAG(s) dict_keys(['example_branch_operator']) retrieved from /home/vscode/.local/lib/python3.10/site-packages/airflow/example_dags/example_branch_operator.py
[2026-09-17T00:56:49.350+0000] {logging_mixin.py:150} INFO - [2026-09-17T00:56:49.350+0000] {dag.py:2742} INFO - Sync 1 DAGs
[2026-09-17T00:56:49.373+0000] {logging_mixin.py:150} INFO - [2026-09-17T00:56:49.373+0000] {dag.py:3504} INFO - Setting next_dagrun for example_branch_operator to 2026-09-16T00:00:00+00:00, run_after=2026-09-17T00:00:00+00:00
[2026-09-17T00:56:49.397+0000] {processor.py:179} INFO - Processing /home/vscode/.local/lib/python3.10/site-packages/airflow/example_dags/example_branch_operator.py took 0.084 seconds
[2026-09-17T00:57:24.559+0000] {processor.py:157} INFO - Started process (PID=23026) to work on /home/vscode/.local/lib/python3.10/site-packages/airflow/example_dags/example_branch_operator.py
[2026-09-17T00:57:24.560+0000] {processor.py:826} INFO - Processing file /home/vscode/.local/lib/python3.10/site-packages/airflow/example_dags/example_branch_operator.py for tasks to queue
[2026-09-17T00:57:24.561+0000] {logging_mixin.py:150} INFO - [2026-09-17T00:57:24.561+0000] {dagbag.py:541} INFO - Filling up the DagBag from /home/vscode/.local/lib/python3.10/site-packages/airflow/example_dags/example_branch_operator.py
[2026-09-17T00:57:24.572+0000] {processor.py:836} INFO - DAG(s) dict_keys(['example_branch_operator']) retrieved from /home/vscode/.local/lib/python3.10/site-packages/airflow/example_dags/example_branch_operator.py
[2026-09-17T00:57:24.593+0000] {logging_mixin.py:150} INFO - [2026-09-17T00:57:24.593+0000] {dag.py:2742} INFO - Sync 1 DAGs
[2026-09-17T00:57:24.615+0000] {logging_mixin.py:150} INFO - [2026-09-17T00:57:24.615+0000] {dag.py:3504} INFO - Setting next_dagrun for example_branch_operator to 2026-09-16T00:00:00+00:00, run_after=2026-09-17T00:00:00+00:00
[2026-09-17T00:57:24.637+0000] {processor.py:179} INFO - Processing /home/vscode/.local/lib/python3.10/site-packages/airflow/example_dags/example_branch_operator.py took 0.082 seconds
[2026-09-17T00:57:45.559+0000] {processor.py:157} INFO - Started process (PID=23189) to work on /home/vscode/.local/lib/python3.10/site-packages/airflow/example_dags/example_branch_operator.py
[2026-09-17T00:57:45.560+0000] {processor.py:826} INFO - Processing file /home/vscode/.local/lib/python3.10/site-packages/airflow/example_dags/example_branch_operator.py for tasks to queue
[2026-09-17T00:57:45.561+0000] {logging_mixin.py:150} INFO - [2026-09-17T00:57:45.560+0000] {dagbag.py:541} INFO - Filling up the DagBag from /home/vscode/.local/lib/python3.10/site-packages/airflow/example_dags/example_branch_operator.py
[2026-09-17T00:57:45.572+0000] {processor.py:836} INFO - DAG(s) dict_keys(['example_branch_operator']) retrieved from /home/vscode/.local/lib/python3.10/site-packages/airflow/example_dags/example_branch_operator.py
[2026-09-17T00:57:45.594+0000] {logging_mixin.py:150} INFO - [2026-09-17T00:57:45.594+0000] {dag.py:2742} INFO - Sync 1 DAGs
[2026-09-17T00:57:45.617+0000] {logging_mixin.py:150} INFO - [2026-09-17T00:57:45.616+0000] {dag.py:3504} INFO - Setting next_dagrun for example_branch_operator to 2026-09-16T00:00:00+00:00, run_after=2026-09-17T00:00:00+00:00
[2026-09-17T00:57:45.637+0000] {processor.py:179} INFO - Processing /home/vscode/.local/lib/python3.10/site-packages/airflow/example_dags/example_branch_operator.py took 0.082 seconds
[2026-09-17T00:58:16.450+0000] {processor.py:157} INFO - Started process (PID=23442) to work on /home/vscode/.local/lib/python3.10/site-packages/airflow/example_dags/example_branch_operator.py
[2026-09-17T00:58:16.451+0000] {processor.py:826} INFO - Processing file /home/vscode/.local/lib/python3.10/site-packages/airflow/example_dags/example_branch_operator.py for tasks to queue
[2026-09-17T00:58:16.451+0000] {logging_mixin.py:150} INFO - [2026-09-17T00:58:16.451+0000] {dagbag.py:541} INFO - Filling up the DagBag from /home/vscode/.local/lib/python3.10/site-packages/airflow/example_dags/example_branch_operator.py
[2026-09-17T00:58:16.462+0000] {processor.py:836} INFO - DAG(s) dict_keys(['example_branch_operator']) retrieved from /home/vscode/.local/lib/python3.10/site-packages/airflow/example_dags/example_branch_operator.py
[2026-09-17T00:58:16.478+0000] {logging_mixin.py:150} INFO - [2026-09-17T00:58:16.478+0000] {dag.py:2742} INFO - Sync 1 DAGs
[2026-09-17T00:58:16.501+0000] {logging_mixin.py:150} INFO - [2026-09-17T00:58:16.501+0000] {dag.py:3504} INFO - Setting next_dagrun for example_branch_operator to 2026-09-16T00:00:00+00:00, run_after=2026-09-17T00:00:00+00:00
[2026-09-17T00:58:16.519+0000] {processor.py:179} INFO - Processing /home/vscode/.local/lib/python3.10/site-packages/airflow/example_dags/example_branch_operator.py took 0.071 seconds
[2026-09-17T00:58:34.439+0000] {processor.py:157} INFO - Started process (PID=23663) to work on /home/vscode/.local/lib/python3.10/site-packages/airflow/example_dags/example_branch_operator.py
[2026-09-17T00:58:34.440+0000] {processor.py:826} INFO - Processing file /home/vscode/.local/lib/python3.10/site-packages/airflow/example_dags/example_branch_operator.py for tasks to queue
[2026-09-17T00:58:34.441+0000] {logging_mixin.py:150} INFO - [2026-09-17T00:58:34.440+0000] {dagbag.py:541} INFO - Filling up the DagBag from /home/vscode/.local/lib/python3.10/site-packages/airflow/example_dags/example_branch_operator.py
[2026-09-17T00:58:34.451+0000] {processor.py:836} INFO - DAG(s) dict_keys(['example_branch_operator']) retrieved from /home/vscode/.local/lib/python3.10/site-packages/airflow/example_dags/example_branch_operator.py
[2026-09-17T00:58:34.472+0000] {logging_mixin.py:150} INFO - [2026-09-17T00:58:34.472+0000] {dag.py:2742} INFO - Sync 1 DAGs
[2026-09-17T00:58:34.495+0000] {logging_mixin.py:150} INFO - [2026-09-17T00:58:34.495+0000] {dag.py:3504} INFO - Setting next_dagrun for example_branch_operator to 2026-09-16T00:00:00+00:00, run_after=2026-09-17T00:00:00+00:00
[2026-09-17T00:58:34.545+0000] {processor.py:179} INFO - Processing /home/vscode/.local/lib/python3.10/site-packages/airflow/example_dags/example_branch_operator.py took 0.109 seconds
[2026-09-17T00:59:10.222+0000] {processor.py:157} INFO - Started process (PID=24105) to work on /home/vscode/.local/lib/python3.10/site-packages/airflow/example_dags/example_branch_operator.py
[2026-09-17T00:59:10.223+0000] {processor.py:826} INFO - Processing file /home/vscode/.local/lib/python3.10/site-packages/airflow/example_dags/example_branch_operator.py for tasks to queue
[2026-09-17T00:59:10.224+0000] {logging_mixin.py:150} INFO - [2026-09-17T00:59:10.223+0000] {dagbag.py:541} INFO - Filling up the DagBag from /home/vscode/.local/lib/python3.10/site-packages/airflow/example_dags/example_branch_operator.py
[2026-09-17T00:59:10.231+0000] {processor.py:836} INFO - DAG(s) dict_keys(['example_branch_operator']) retrieved from /home/vscode/.local/lib/python3.10/site-packages/airflow/example_dags/example_branch_operator.py
[2026-09-17T00:59:10.246+0000] {logging_mixin.py:150} INFO - [2026-09-17T00:59:10.246+0000] {dag.py:2742} INFO - Sync 1 DAGs
[2026-09-17T00:59:10.267+0000] {logging_mixin.py:150} INFO - [2026-09-17T00:59:10.266+0000] {dag.py:3504} INFO - Setting next_dagrun for example_branch_operator to 2026-09-16T00:00:00+00:00, run_after=2026-09-17T00:00:00+00:00
[2026-09-17T00:59:10.296+0000] {processor.py:179} INFO - Processing /home/vscode/.local/lib/python3.10/site-packages/airflow/example_dags/example_branch_operator.py took 0.077 seconds
[2026-09-17T00:59:23.640+0000] {processor.py:157} INFO - Started process (PID=24268) to work on /home/vscode/.local/lib/python3.10/site-packages/airflow/example_dags/example_branch_operator.py
[2026-09-17T00:59:23.641+0000] {processor.py:826} INFO - Processing file /home/vscode/.local/lib/python3.10/site-packages/airflow/example_dags/example_branch_operator.py for tasks to queue
[2026-09-17T00:59:23.642+0000] {logging_mixin.py:150} INFO - [2026-09-17T00:59:23.641+0000] {dagbag.py:541} INFO - Filling up the DagBag from /home/vscode/.local/lib/python3.10/site-packages/airflow/example_dags/example_branch_operator.py
[2026-09-17T00:59:23.660+0000] {processor.py:836} INFO - DAG(s) dict_keys(['example_branch_operator']) retrieved from /home/vscode/.local/lib/python3.10/site-packages/airflow/example_dags/example_branch_operator.py
[2026-09-17T00:59:23.688+0000] {logging_mixin.py:150} INFO - [2026-09-17T00:59:23.688+0000] {dag.py:2742} INFO - Sync 1 DAGs
[2026-09-17T00:59:23.713+0000] {logging_mixin.py:150} INFO - [2026-09-17T00:59:23.713+0000] {dag.py:3504} INFO - Setting next_dagrun for example_branch_operator to 2026-09-16T00:00:00+00:00, run_after=2026-09-17T00:00:00+00:00
[2026-09-17T00:59:23.760+0000] {processor.py:179} INFO - Processing /home/vscode/.local/lib/python3.10/site-packages/airflow/example_dags/example_branch_operator.py took 0.123 seconds
[2026-09-17T01:00:03.772+0000] {processor.py:157} INFO - Started process (PID=24865) to work on /home/vscode/.local/lib/python3.10/site-packages/airflow/example_dags/example_branch_operator.py
[2026-09-17T01:00:03.772+0000] {processor.py:826} INFO - Processing file /home/vscode/.local/lib/python3.10/site-packages/airflow/example_dags/example_branch_operator.py for tasks to queue
[2026-09-17T01:00:03.773+0000] {logging_mixin.py:150} INFO - [2026-09-17T01:00:03.773+0000] {dagbag.py:541} INFO - Filling up the DagBag from /home/vscode/.local/lib/python3.10/site-packages/airflow/example_dags/example_branch_operator.py
[2026-09-17T01:00:03.782+0000] {processor.py:836} INFO - DAG(s) dict_keys(['example_branch_operator']) retrieved from /home/vscode/.local/lib/python3.10/site-packages/airflow/example_dags/example_branch_operator.py
[2026-09-17T01:00:03.801+0000] {logging_mixin.py:150} INFO - [2026-09-17T01:00:03.800+0000] {dag.py:2742} INFO - Sync 1 DAGs
[2026-09-17T01:00:03.816+0000] {logging_mixin.py:150} INFO - [2026-09-17T01:00:03.816+0000] {dag.py:3504} INFO - Setting next_dagrun for example_branch_operator to 2026-09-16T00:00:00+00:00, run_after=2026-09-17T00:00:00+00:00
[2026-09-17T01:00:03.833+0000] {processor.py:179} INFO - Processing /home/vscode/.local/lib/python3.10/site-packages/airflow/example_dags/example_branch_operator.py took 0.064 seconds
[2026-09-17T01:00:16.581+0000] {processor.py:157} INFO - Started process (PID=25048) to work on /home/vscode/.local/lib/python3.10/site-packages/airflow/example_dags/example_branch_operator.py
[2026-09-17T01:00:16.581+0000] {processor.py:826} INFO - Processing file /home/vscode/.local/lib/python3.10/site-packages/airflow/example_dags/example_branch_operator.py for tasks to queue
[2026-09-17T01:00:16.582+0000] {logging_mixin.py:150} INFO - [2026-09-17T01:00:16.582+0000] {dagbag.py:541} INFO - Filling up the DagBag from /home/vscode/.local/lib/python3.10/site-packages/airflow/example_dags/example_branch_operator.py
[2026-09-17T01:00:16.593+0000] {processor.py:836} INFO - DAG(s) dict_keys(['example_branch_operator']) retrieved from /home/vscode/.local/lib/python3.10/site-packages/airflow/example_dags/example_branch_operator.py
[2026-09-17T01:00:16.612+0000] {logging_mixin.py:150} INFO - [2026-09-17T01:00:16.612+0000] {dag.py:2742} INFO - Sync 1 DAGs
[2026-09-17T01:00:16.628+0000] {logging_mixin.py:150} INFO - [2026-09-17T01:00:16.628+0000] {dag.py:3504} INFO - Setting next_dagrun for example_branch_operator to 2026-09-16T00:00:00+00:00, run_after=2026-09-17T00:00:00+00:00
[2026-09-17T01:00:16.647+0000] {processor.py:179} INFO - Processing /home/vscode/.local/lib/python3.10/site-packages/airflow/example_dags/example_branch_operator.py took 0.070 seconds
[2026-09-17T01:00:52.923+0000] {processor.py:157} INFO - Started process (PID=25445) to work on /home/vscode/.local/lib/python3.10/site-packages/airflow/example_dags/example_branch_operator.py
[2026-09-17T01:00:52.924+0000] {processor.py:826} INFO - Processing file /home/vscode/.local/lib/python3.10/site-packages/airflow/example_dags/example_branch_operator.py for tasks to queue
[2026-09-17T01:00:52.924+0000] {logging_mixin.py:150} INFO - [2026-09-17T01:00:52.924+0000] {dagbag.py:541} INFO - Filling up the DagBag from /home/vscode/.local/lib/python3.10/site-packages/airflow/example_dags/example_branch_operator.py
[2026-09-17T01:00:52.932+0000] {processor.py:836} INFO - DAG(s) dict_keys(['example_branch_operator']) retrieved from /home/vscode/.local/lib/python3.10/site-packages/airflow/example_dags/example_branch_operator.py
[2026-09-17T01:00:52.946+0000] {logging_mixin.py:150} INFO - [2026-09-17T01:00:52.946+0000] {dag.py:2742} INFO - Sync 1 DAGs
[2026-09-17T01:00:52.961+0000] {logging_mixin.py:150} INFO - [2026-09-17T01:00:52.961+0000] {dag.py:3504} INFO - Setting next_dagrun for example_branch_operator to 2026-09-16T00:00:00+00:00, run_after=2026-09-17T00:00:00+00:00
[2026-09-17T01:00:52.978+0000] {processor.py:179} INFO - Processing /home/vscode/.local/lib/python3.10/site-packages/airflow/example_dags/example_branch_operator.py took 0.057 seconds
[2026-09-17T01:01:09.440+0000] {processor.py:157} INFO - Started process (PID=25582) to work on /home/vscode/.local/lib/python3.10/site-packages/airflow/example_dags/example_branch_operator.py
[2026-09-17T01:01:09.440+0000] {processor.py:826} INFO - Processing file /home/vscode/.local/lib/python3.10/site-packages/airflow/example_dags/example_branch_operator.py for tasks to queue
[2026-09-17T01:01:09.441+0000] {logging_mixin.py:150} INFO - [2026-09-17T01:01:09.441+0000] {dagbag.py:541} INFO - Filling up the DagBag from /home/vscode/.local/lib/python3.10/site-packages/airflow/example_dags/example_branch_operator.py
[2026-09-17T01:01:09.448+0000] {processor.py:836} INFO - DAG(s) dict_keys(['example_branch_operator']) retrieved from /home/vscode/.local/lib/python3.10/site-packages/airflow/example_dags/example_branch_operator.py
[2026-09-17T01:01:09.463+0000] {logging_mixin.py:150} INFO - [2026-09-17T01:01:09.462+0000] {dag.py:2742} INFO - Sync 1 DAGs
[2026-09-17T01:01:09.485+0000] {logging_mixin.py:150} INFO - [2026-09-17T01:01:09.485+0000] {dag.py:3504} INFO - Setting next_dagrun for example_branch_operator to 2026-09-16T00:00:00+00:00, run_after=2026-09-17T00:00:00+00:00
[2026-09-17T01:01:09.505+0000] {processor.py:179} INFO - Processing /home/vscode/.local/lib/python3.10/site-packages/airflow/example_dags/example_branch_operator.py took 0.068 seconds
[2026-09-17T01:01:42.580+0000] {processor.py:157} INFO - Started process (PID=25858) to work on /home/vscode/.local/lib/python3.10/site-packages/airflow/example_dags/example_branch_operator.py
[2026-09-17T01:01:42.581+0000] {processor.py:826} INFO - Processing file /home/vscode/.local/lib/python3.10/site-packages/airflow/example_dags/example_branch_operator.py for tasks to queue
[2026-09-17T01:01:42.582+0000] {logging_mixin.py:150} INFO - [2026-09-17T01:01:42.582+0000] {dagbag.py:541} INFO - Filling up the DagBag from /home/vscode/.local/lib/python3.10/site-packages/airflow/example_dags/example_branch_operator.py
[2026-09-17T01:01:42.592+0000] {processor.py:836} INFO - DAG(s) dict_keys(['example_branch_operator']) retrieved from /home/vscode/.local/lib/python3.10/site-packages/airflow/example_dags/example_branch_operator.py
[2026-09-17T01:01:42.618+0000] {logging_mixin.py:150} INFO - [2026-09-17T01:01:42.618+0000] {dag.py:2742} INFO - Sync 1 DAGs
[2026-09-17T01:01:42.642+0000] {logging_mixin.py:150} INFO - [2026-09-17T01:01:42.641+0000] {dag.py:3504} INFO - Setting next_dagrun for example_branch_operator to 2026-09-16T00:00:00+00:00, run_after=2026-09-17T00:00:00+00:00
[2026-09-17T01:01:42.666+0000] {processor.py:179} INFO - Processing /home/vscode/.local/lib/python3.10/site-packages/airflow/example_dags/example_branch_operator.py took 0.089 seconds
[2026-09-17T01:02:03.172+0000] {processor.py:157} INFO - Started process (PID=26027) to work on /home/vscode/.local/lib/python3.10/site-packages/airflow/example_dags/example_branch_operator.py
[2026-09-17T01:02:03.173+0000] {processor.py:826} INFO - Processing file /home/vscode/.local/lib/python3.10/site-packages/airflow/example_dags/example_branch_operator.py for tasks to queue
[2026-09-17T01:02:03.173+0000] {logging_mixin.py:150} INFO - [2026-09-17T01:02:03.173+0000] {dagbag.py:541} INFO - Filling up the DagBag from /home/vscode/.local/lib/python3.10/site-packages/airflow/example_dags/example_branch_operator.py
[2026-09-17T01:02:03.181+0000] {processor.py:836} INFO - DAG(s) dict_keys(['example_branch_operator']) retrieved from /home/vscode/.local/lib/python3.10/site-packages/airflow/example_dags/example_branch_operator.py
[2026-09-17T01:02:03.204+0000] {logging_mixin.py:150} INFO - [2026-09-17T01:02:03.204+0000] {dag.py:2742} INFO - Sync 1 DAGs
[2026-09-17T01:02:03.226+0000] {logging_mixin.py:150} INFO - [2026-09-17T01:02:03.225+0000] {dag.py:3504} INFO - Setting next_dagrun for example_branch_operator to 2026-09-16T00:00:00+00:00, run_after=2026-09-17T00:00:00+00:00
[2026-09-17T01:02:03.246+0000] {processor.py:179} INFO - Processing /home/vscode/.local/lib/python3.10/site-packages/airflow/example_dags/example_branch_operator.py took 0.076 seconds
[2026-09-17T01:02:27.980+0000] {processor.py:157} INFO - Started process (PID=26237) to work on /home/vscode/.local/lib/python3.10/site-packages/airflow/example_dags/example_branch_operator.py
[2026-09-17T01:02:27.981+0000] {processor.py:826} INFO - Processing file /home/vscode/.local/lib/python3.10/site-packages/airflow/example_dags/example_branch_operator.py for tasks to queue
[2026-09-17T01:02:27.982+0000] {logging_mixin.py:150} INFO - [2026-09-17T01:02:27.982+0000] {dagbag.py:541} INFO - Filling up the DagBag from /home/vscode/.local/lib/python3.10/site-packages/airflow/example_dags/example_branch_operator.py
[2026-09-17T01:02:27.992+0000] {processor.py:836} INFO - DAG(s) dict_keys(['example_branch_operator']) retrieved from /home/vscode/.local/lib/python3.10/site-packages/airflow/example_dags/example_branch_operator.py
[2026-09-17T01:02:28.009+0000] {logging_mixin.py:150} INFO - [2026-09-17T01:02:28.009+0000] {dag.py:2742} INFO - Sync 1 DAGs
[2026-09-17T01:02:28.025+0000] {logging_mixin.py:150} INFO - [2026-09-17T01:02:28.025+0000] {dag.py:3504} INFO - Setting next_dagrun for example_branch_operator to 2026-09-16T00:00:00+00:00, run_after=2026-09-17T00:00:00+00:00
[2026-09-17T01:02:28.051+0000] {processor.py:179} INFO - Processing /home/vscode/.local/lib/python3.10/site-packages/airflow/example_dags/example_branch_operator.py took 0.073 seconds
[2026-09-17T01:02:55.390+0000] {processor.py:157} INFO - Started process (PID=26471) to work on /home/vscode/.local/lib/python3.10/site-packages/airflow/example_dags/example_branch_operator.py
[2026-09-17T01:02:55.391+0000] {processor.py:826} INFO - Processing file /home/vscode/.local/lib/python3.10/site-packages/airflow/example_dags/example_branch_operator.py for tasks to queue
[2026-09-17T01:02:55.391+0000] {logging_mixin.py:150} INFO - [2026-09-17T01:02:55.391+0000] {dagbag.py:541} INFO - Filling up the DagBag from /home/vscode/.local/lib/python3.10/site-packages/airflow/example_dags/example_branch_operator.py
[2026-09-17T01:02:55.401+0000] {processor.py:836} INFO - DAG(s) dict_keys(['example_branch_operator']) retrieved from /home/vscode/.local/lib/python3.10/site-packages/airflow/example_dags/example_branch_operator.py
[2026-09-17T01:02:55.415+0000] {logging_mixin.py:150} INFO - [2026-09-17T01:02:55.415+0000] {dag.py:2742} INFO - Sync 1 DAGs
[2026-09-17T01:02:55.436+0000] {logging_mixin.py:150} INFO - [2026-09-17T01:02:55.435+0000] {dag.py:3504} INFO - Setting next_dagrun for example_branch_operator to 2026-09-16T00:00:00+00:00, run_after=2026-09-17T00:00:00+00:00
[2026-09-17T01:02:55.459+0000] {processor.py:179} INFO - Processing /home/vscode/.local/lib/python3.10/site-packages/airflow/example_dags/example_branch_operator.py took 0.072 seconds
[2026-09-17T01:03:14.723+0000] {processor.py:157} INFO - Started process (PID=26645) to work on /home/vscode/.local/lib/python3.10/site-packages/airflow/example_dags/example_branch_operator.py
[2026-09-17T01:03:14.723+0000] {processor.py:826} INFO - Processing file /home/vscode/.local/lib/python3.10/site-packages/airflow/example_dags/example_branch_operator.py for tasks to queue
[2026-09-17T01:03:14.724+0000] {logging_mixin.py:150} INFO - [2026-09-17T01:03:14.724+0000] {dagbag.py:541} INFO - Filling up the DagBag from /home/vscode/.local/lib/python3.10/site-packages/airflow/example_dags/example_branch_operator.py
[2026-09-17T01:03:14.732+0000] {processor.py:836} INFO - DAG(s) dict_keys(['example_branch_operator']) retrieved from /home/vscode/.local/lib/python3.10/site-packages/airflow/example_dags/example_branch_operator.py
[2026-09-17T01:03:14.749+0000] {logging_mixin.py:150} INFO - [2026-09-17T01:03:14.749+0000] {dag.py:2742} INFO - Sync 1 DAGs
[2026-09-17T01:03:14.764+0000] {logging_mixin.py:150} INFO - [2026-09-17T01:03:14.764+0000] {dag.py:3504} INFO - Setting next_dagrun for example_branch_operator to 2026-09-16T00:00:00+00:00, run_after=2026-09-17T00:00:00+00:00
[2026-09-17T01:03:14.783+0000] {processor.py:179} INFO - Processing /home/vscode/.local/lib/python3.10/site-packages/airflow/example_dags/example_branch_operator.py took 0.063 seconds
[2026-09-17T01:03:46.043+0000] {processor.py:157} INFO - Started process (PID=26915) to work on /home/vscode/.local/lib/python3.10/site-packages/airflow/example_dags/example_branch_operator.py
[2026-09-17T01:03:46.046+0000] {processor.py:826} INFO - Processing file /home/vscode/.local/lib/python3.10/site-packages/airflow/example_dags/example_branch_operator.py for tasks to queue
[2026-09-17T01:03:46.046+0000] {logging_mixin.py:150} INFO - [2026-09-17T01:03:46.046+0000] {dagbag.py:541} INFO - Filling up the DagBag from /home/vscode/.local/lib/python3.10/site-packages/airflow/example_dags/example_branch_operator.py
[2026-09-17T01:03:46.059+0000] {processor.py:836} INFO - DAG(s) dict_keys(['example_branch_operator']) retrieved from /home/vscode/.local/lib/python3.10/site-packages/airflow/example_dags/example_branch_operator.py
[2026-09-17T01:03:46.079+0000] {logging_mixin.py:150} INFO - [2026-09-17T01:03:46.079+0000] {dag.py:2742} INFO - Sync 1 DAGs
[2026-09-17T01:03:46.102+0000] {logging_mixin.py:150} INFO - [2026-09-17T01:03:46.102+0000] {dag.py:3504} INFO - Setting next_dagrun for example_branch_operator to 2026-09-16T00:00:00+00:00, run_after=2026-09-17T00:00:00+00:00
[2026-09-17T01:03:46.121+0000] {processor.py:179} INFO - Processing /home/vscode/.local/lib/python3.10/site-packages/airflow/example_dags/example_branch_operator.py took 0.086 seconds
[2026-09-17T01:04:03.634+0000] {processor.py:157} INFO - Started process (PID=27059) to work on /home/vscode/.local/lib/python3.10/site-packages/airflow/example_dags/example_branch_operator.py
[2026-09-17T01:04:03.635+0000] {processor.py:826} INFO - Processing file /home/vscode/.local/lib/python3.10/site-packages/airflow/example_dags/example_branch_operator.py for tasks to queue
[2026-09-17T01:04:03.635+0000] {logging_mixin.py:150} INFO - [2026-09-17T01:04:03.635+0000] {dagbag.py:541} INFO - Filling up the DagBag from /home/vscode/.local/lib/python3.10/site-packages/airflow/example_dags/example_branch_operator.py
[2026-09-17T01:04:03.643+0000] {processor.py:836} INFO - DAG(s) dict_keys(['example_branch_operator']) retrieved from /home/vscode/.local/lib/python3.10/site-packages/airflow/example_dags/example_branch_operator.py
[2026-09-17T01:04:03.660+0000] {logging_mixin.py:150} INFO - [2026-09-17T01:04:03.660+0000] {dag.py:2742} INFO - Sync 1 DAGs
[2026-09-17T01:04:03.681+0000] {logging_mixin.py:150} INFO - [2026-09-17T01:04:03.681+0000] {dag.py:3504} INFO - Setting next_dagrun for example_branch_operator to 2026-09-16T00:00:00+00:00, run_after=2026-09-17T00:00:00+00:00
[2026-09-17T01:04:03.708+0000] {processor.py:179} INFO - Processing /home/vscode/.local/lib/python3.10/site-packages/airflow/example_dags/example_branch_operator.py took 0.076 seconds
[2026-09-17T01:04:36.868+0000] {processor.py:157} INFO - Started process (PID=27332) to work on /home/vscode/.local/lib/python3.10/site-packages/airflow/example_dags/example_branch_operator.py
[2026-09-17T01:04:36.869+0000] {processor.py:826} INFO - Processing file /home/vscode/.local/lib/python3.10/site-packages/airflow/example_dags/example_branch_operator.py for tasks to queue
[2026-09-17T01:04:36.870+0000] {logging_mixin.py:150} INFO - [2026-09-17T01:04:36.869+0000] {dagbag.py:541} INFO - Filling up the DagBag from /home/vscode/.local/lib/python3.10/site-packages/airflow/example_dags/example_branch_operator.py
[2026-09-17T01:04:36.877+0000] {processor.py:836} INFO - DAG(s) dict_keys(['example_branch_operator']) retrieved from /home/vscode/.local/lib/python3.10/site-packages/airflow/example_dags/example_branch_operator.py
[2026-09-17T01:04:36.899+0000] {logging_mixin.py:150} INFO - [2026-09-17T01:04:36.899+0000] {dag.py:2742} INFO - Sync 1 DAGs
[2026-09-17T01:04:36.919+0000] {logging_mixin.py:150} INFO - [2026-09-17T01:04:36.919+0000] {dag.py:3504} INFO - Setting next_dagrun for example_branch_operator to 2026-09-16T00:00:00+00:00, run_after=2026-09-17T00:00:00+00:00
[2026-09-17T01:04:36.936+0000] {processor.py:179} INFO - Processing /home/vscode/.local/lib/python3.10/site-packages/airflow/example_dags/example_branch_operator.py took 0.070 seconds
[2026-09-17T01:04:57.429+0000] {processor.py:157} INFO - Started process (PID=27510) to work on /home/vscode/.local/lib/python3.10/site-packages/airflow/example_dags/example_branch_operator.py
[2026-09-17T01:04:57.429+0000] {processor.py:826} INFO - Processing file /home/vscode/.local/lib/python3.10/site-packages/airflow/example_dags/example_branch_operator.py for tasks to queue
[2026-09-17T01:04:57.430+0000] {logging_mixin.py:150} INFO - [2026-09-17T01:04:57.430+0000] {dagbag.py:541} INFO - Filling up the DagBag from /home/vscode/.local/lib/python3.10/site-packages/airflow/example_dags/example_branch_operator.py
[2026-09-17T01:04:57.438+0000] {processor.py:836} INFO - DAG(s) dict_keys(['example_branch_operator']) retrieved from /home/vscode/.local/lib/python3.10/site-packages/airflow/example_dags/example_branch_operator.py
[2026-09-17T01:04:57.458+0000] {logging_mixin.py:150} INFO - [2026-09-17T01:04:57.457+0000] {dag.py:2742} INFO - Sync 1 DAGs
[2026-09-17T01:04:57.483+0000] {logging_mixin.py:150} INFO - [2026-09-17T01:04:57.483+0000] {dag.py:3504} INFO - Setting next_dagrun for example_branch_operator to 2026-09-16T00:00:00+00:00, run_after=2026-09-17T00:00:00+00:00
[2026-09-17T01:04:57.516+0000] {processor.py:179} INFO - Processing /home/vscode/.local/lib/python3.10/site-packages/airflow/example_dags/example_branch_operator.py took 0.089 seconds
[2026-09-17T01:05:25.796+0000] {processor.py:157} INFO - Started process (PID=27747) to work on /home/vscode/.local/lib/python3.10/site-packages/airflow/example_dags/example_branch_operator.py
[2026-09-17T01:05:25.797+0000] {processor.py:826} INFO - Processing file /home/vscode/.local/lib/python3.10/site-packages/airflow/example_dags/example_branch_operator.py for tasks to queue
[2026-09-17T01:05:25.798+0000] {logging_mixin.py:150} INFO - [2026-09-17T01:05:25.798+0000] {dagbag.py:541} INFO - Filling up the DagBag from /home/vscode/.local/lib/python3.10/site-packages/airflow/example_dags/example_branch_operator.py
[2026-09-17T01:05:25.806+0000] {processor.py:836} INFO - DAG(s) dict_keys(['example_branch_operator']) retrieved from /home/vscode/.local/lib/python3.10/site-packages/airflow/example_dags/example_branch_operator.py
[2026-09-17T01:05:25.820+0000] {logging_mixin.py:150} INFO - [2026-09-17T01:05:25.820+0000] {dag.py:2742} INFO - Sync 1 DAGs
[2026-09-17T01:05:25.835+0000] {logging_mixin.py:150} INFO - [2026-09-17T01:05:25.835+0000] {dag.py:3504} INFO - Setting next_dagrun for example_branch_operator to 2026-09-16T00:00:00+00:00, run_after=2026-09-17T00:00:00+00:00
[2026-09-17T01:05:25.853+0000] {processor.py:179} INFO - Processing /home/vscode/.local/lib/python3.10/site-packages/airflow/example_dags/example_branch_operator.py took 0.059 seconds
[2026-09-17T01:05:45.553+0000] {processor.py:157} INFO - Started process (PID=27958) to work on /home/vscode/.local/lib/python3.10/site-packages/airflow/example_dags/example_branch_operator.py
[2026-09-17T01:05:45.554+0000] {processor.py:826} INFO - Processing file /home/vscode/.local/lib/python3.10/site-packages/airflow/example_dags/example_branch_operator.py for tasks to queue
[2026-09-17T01:05:45.555+0000] {logging_mixin.py:150} INFO - [2026-09-17T01:05:45.554+0000] {dagbag.py:541} INFO - Filling up the DagBag from /home/vscode/.local/lib/python3.10/site-packages/airflow/example_dags/example_branch_operator.py
[2026-09-17T01:05:45.562+0000] {processor.py:836} INFO - DAG(s) dict_keys(['example_branch_operator']) retrieved from /home/vscode/.local/lib/python3.10/site-packages/airflow/example_dags/example_branch_operator.py
[2026-09-17T01:05:45.579+0000] {logging_mixin.py:150} INFO - [2026-09-17T01:05:45.579+0000] {dag.py:2742} INFO - Sync 1 DAGs
[2026-09-17T01:05:45.599+0000] {logging_mixin.py:150} INFO - [2026-09-17T01:05:45.599+0000] {dag.py:3504} INFO - Setting next_dagrun for example_branch_operator to 2026-09-16T00:00:00+00:00, run_after=2026-09-17T00:00:00+00:00
[2026-09-17T01:05:45.616+0000] {processor.py:179} INFO - Processing /home/vscode/.local/lib/python3.10/site-packages/airflow/example_dags/example_branch_operator.py took 0.065 seconds
[2026-09-17T01:06:12.117+0000] {processor.py:157} INFO - Started process (PID=28169) to work on /home/vscode/.local/lib/python3.10/site-packages/airflow/example_dags/example_branch_operator.py
[2026-09-17T01:06:12.118+0000] {processor.py:826} INFO - Processing file /home/vscode/.local/lib/python3.10/site-packages/airflow/example_dags/example_branch_operator.py for tasks to queue
[2026-09-17T01:06:12.118+0000] {logging_mixin.py:150} INFO - [2026-09-17T01:06:12.118+0000] {dagbag.py:541} INFO - Filling up the DagBag from /home/vscode/.local/lib/python3.10/site-packages/airflow/example_dags/example_branch_operator.py
[2026-09-17T01:06:12.125+0000] {processor.py:836} INFO - DAG(s) dict_keys(['example_branch_operator']) retrieved from /home/vscode/.local/lib/python3.10/site-packages/airflow/example_dags/example_branch_operator.py
[2026-09-17T01:06:12.141+0000] {logging_mixin.py:150} INFO - [2026-09-17T01:06:12.141+0000] {dag.py:2742} INFO - Sync 1 DAGs
[2026-09-17T01:06:12.157+0000] {logging_mixin.py:150} INFO - [2026-09-17T01:06:12.156+0000] {dag.py:3504} INFO - Setting next_dagrun for example_branch_operator to 2026-09-16T00:00:00+00:00, run_after=2026-09-17T00:00:00+00:00
[2026-09-17T01:06:12.173+0000] {processor.py:179} INFO - Processing /home/vscode/.local/lib/python3.10/site-packages/airflow/example_dags/example_branch_operator.py took 0.058 seconds
[2026-09-17T01:06:33.824+0000] {processor.py:157} INFO - Started process (PID=28361) to work on /home/vscode/.local/lib/python3.10/site-packages/airflow/example_dags/example_branch_operator.py
[2026-09-17T01:06:33.825+0000] {processor.py:826} INFO - Processing file /home/vscode/.local/lib/python3.10/site-packages/airflow/example_dags/example_branch_operator.py for tasks to queue
[2026-09-17T01:06:33.826+0000] {logging_mixin.py:150} INFO - [2026-09-17T01:06:33.826+0000] {dagbag.py:541} INFO - Filling up the DagBag from /home/vscode/.local/lib/python3.10/site-packages/airflow/example_dags/example_branch_operator.py
[2026-09-17T01:06:33.837+0000] {processor.py:836} INFO - DAG(s) dict_keys(['example_branch_operator']) retrieved from /home/vscode/.local/lib/python3.10/site-packages/airflow/example_dags/example_branch_operator.py
[2026-09-17T01:06:33.859+0000] {logging_mixin.py:150} INFO - [2026-09-17T01:06:33.859+0000] {dag.py:2742} INFO - Sync 1 DAGs
[2026-09-17T01:06:33.880+0000] {logging_mixin.py:150} INFO - [2026-09-17T01:06:33.880+0000] {dag.py:3504} INFO - Setting next_dagrun for example_branch_operator to 2026-09-16T00:00:00+00:00, run_after=2026-09-17T00:00:00+00:00
[2026-09-17T01:06:33.901+0000] {processor.py:179} INFO - Processing /home/vscode/.local/lib/python3.10/site-packages/airflow/example_dags/example_branch_operator.py took 0.080 seconds
[2026-09-17T01:07:05.590+0000] {processor.py:157} INFO - Started process (PID=28631) to work on /home/vscode/.local/lib/python3.10/site-packages/airflow/example_dags/example_branch_operator.py
[2026-09-17T01:07:05.591+0000] {processor.py:826} INFO - Processing file /home/vscode/.local/lib/python3.10/site-packages/airflow/example_dags/example_branch_operator.py for tasks to queue
[2026-09-17T01:07:05.592+0000] {logging_mixin.py:150} INFO - [2026-09-17T01:07:05.592+0000] {dagbag.py:541} INFO - Filling up the DagBag from /home/vscode/.local/lib/python3.10/site-packages/airflow/example_dags/example_branch_operator.py
[2026-09-17T01:07:05.602+0000] {processor.py:836} INFO - DAG(s) dict_keys(['example_branch_operator']) retrieved from /home/vscode/.local/lib/python3.10/site-packages/airflow/example_dags/example_branch_operator.py
[2026-09-17T01:07:05.616+0000] {logging_mixin.py:150} INFO - [2026-09-17T01:07:05.616+0000] {dag.py:2742} INFO - Sync 1 DAGs
[2026-09-17T01:07:05.631+0000] {logging_mixin.py:150} INFO - [2026-09-17T01:07:05.631+0000] {dag.py:3504} INFO - Setting next_dagrun for example_branch_operator to 2026-09-16T00:00:00+00:00, run_after=2026-09-17T00:00:00+00:00
[2026-09-17T01:07:05.648+0000] {processor.py:179} INFO - Processing /home/vscode/.local/lib/python3.10/site-packages/airflow/example_dags/example_branch_operator.py took 0.061 seconds
[2026-09-17T01:07:25.363+0000] {processor.py:157} INFO - Started process (PID=28794) to work on /home/vscode/.local/lib/python3.10/site-packages/airflow/example_dags/example_branch_operator.py
[2026-09-17T01:07:25.363+0000] {processor.py:826} INFO - Processing file /home/vscode/.local/lib/python3.10/site-packages/airflow/example_dags/example_branch_operator.py for tasks to queue
[2026-09-17T01:07:25.364+0000] {logging_mixin.py:150} INFO - [2026-09-17T01:07:25.364+0000] {dagbag.py:541} INFO - Filling up the DagBag from /home/vscode/.local/lib/python3.10/site-packages/airflow/example_dags/example_branch_operator.py
[2026-09-17T01:07:25.371+0000] {processor.py:836} INFO - DAG(s) dict_keys(['example_branch_operator']) retrieved from /home/vscode/.local/lib/python3.10/site-packages/airflow/example_dags/example_branch_operator.py
[2026-09-17T01:07:25.393+0000] {logging_mixin.py:150} INFO - [2026-09-17T01:07:25.392+0000] {dag.py:2742} INFO - Sync 1 DAGs
[2026-09-17T01:07:25.411+0000] {logging_mixin.py:150} INFO - [2026-09-17T01:07:25.411+0000] {dag.py:3504} INFO - Setting next_dagrun for example_branch_operator to 2026-09-16T00:00:00+00:00, run_after=2026-09-17T00:00:00+00:00
[2026-09-17T01:07:25.434+0000] {processor.py:179} INFO - Processing /home/vscode/.local/lib/python3.10/site-packages/airflow/example_dags/example_branch_operator.py took 0.074 seconds
[2026-09-17T01:07:51.601+0000] {processor.py:157} INFO - Started process (PID=29012) to work on /home/vscode/.local/lib/python3.10/site-packages/airflow/example_dags/example_branch_operator.py
[2026-09-17T01:07:51.602+0000] {processor.py:826} INFO - Processing file /home/vscode/.local/lib/python3.10/site-packages/airflow/example_dags/example_branch_operator.py for tasks to queue
[2026-09-17T01:07:51.603+0000] {logging_mixin.py:150} INFO - [2026-09-17T01:07:51.603+0000] {dagbag.py:541} INFO - Filling up the DagBag from /home/vscode/.local/lib/python3.10/site-packages/airflow/example_dags/example_branch_operator.py
[2026-09-17T01:07:51.613+0000] {processor.py:836} INFO - DAG(s) dict_keys(['example_branch_operator']) retrieved from /home/vscode/.local/lib/python3.10/site-packages/airflow/example_dags/example_branch_operator.py
[2026-09-17T01:07:51.637+0000] {logging_mixin.py:150} INFO - [2026-09-17T01:07:51.637+0000] {dag.py:2742} INFO - Sync 1 DAGs
[2026-09-17T01:07:51.660+0000] {logging_mixin.py:150} INFO - [2026-09-17T01:07:51.660+0000] {dag.py:3504} INFO - Setting next_dagrun for example_branch_operator to 2026-09-16T00:00:00+00:00, run_after=2026-09-17T00:00:00+00:00
[2026-09-17T01:07:51.682+0000] {processor.py:179} INFO - Processing /home/vscode/.local/lib/python3.10/site-packages/airflow/example_dags/example_branch_operator.py took 0.084 seconds
[2026-09-17T01:08:15.428+0000] {processor.py:157} INFO - Started process (PID=29222) to work on /home/vscode/.local/lib/python3.10/site-packages/airflow/example_dags/example_branch_operator.py
[2026-09-17T01:08:15.428+0000] {processor.py:826} INFO - Processing file /home/vscode/.local/lib/python3.10/site-packages/airflow/example_dags/example_branch_operator.py for tasks to queue
[2026-09-17T01:08:15.429+0000] {logging_mixin.py:150} INFO - [2026-09-17T01:08:15.429+0000] {dagbag.py:541} INFO - Filling up the DagBag from /home/vscode/.local/lib/python3.10/site-packages/airflow/example_dags/example_branch_operator.py
[2026-09-17T01:08:15.437+0000] {processor.py:836} INFO - DAG(s) dict_keys(['example_branch_operator']) retrieved from /home/vscode/.local/lib/python3.10/site-packages/airflow/example_dags/example_branch_operator.py
[2026-09-17T01:08:15.451+0000] {logging_mixin.py:150} INFO - [2026-09-17T01:08:15.451+0000] {dag.py:2742} INFO - Sync 1 DAGs
[2026-09-17T01:08:15.467+0000] {logging_mixin.py:150} INFO - [2026-09-17T01:08:15.466+0000] {dag.py:3504} INFO - Setting next_dagrun for example_branch_operator to 2026-09-16T00:00:00+00:00, run_after=2026-09-17T00:00:00+00:00
[2026-09-17T01:08:15.485+0000] {processor.py:179} INFO - Processing /home/vscode/.local/lib/python3.10/site-packages/airflow/example_dags/example_branch_operator.py took 0.060 seconds
[2026-09-17T01:08:41.309+0000] {processor.py:157} INFO - Started process (PID=29442) to work on /home/vscode/.local/lib/python3.10/site-packages/airflow/example_dags/example_branch_operator.py
[2026-09-17T01:08:41.309+0000] {processor.py:826} INFO - Processing file /home/vscode/.local/lib/python3.10/site-packages/airflow/example_dags/example_branch_operator.py for tasks to queue
[2026-09-17T01:08:41.310+0000] {logging_mixin.py:150} INFO - [2026-09-17T01:08:41.310+0000] {dagbag.py:541} INFO - Filling up the DagBag from /home/vscode/.local/lib/python3.10/site-packages/airflow/example_dags/example_branch_operator.py
[2026-09-17T01:08:41.317+0000] {processor.py:836} INFO - DAG(s) dict_keys(['example_branch_operator']) retrieved from /home/vscode/.local/lib/python3.10/site-packages/airflow/example_dags/example_branch_operator.py
[2026-09-17T01:08:41.332+0000] {logging_mixin.py:150} INFO - [2026-09-17T01:08:41.332+0000] {dag.py:2742} INFO - Sync 1 DAGs
[2026-09-17T01:08:41.347+0000] {logging_mixin.py:150} INFO - [2026-09-17T01:08:41.347+0000] {dag.py:3504} INFO - Setting next_dagrun for example_branch_operator to 2026-09-16T00:00:00+00:00, run_after=2026-09-17T00:00:00+00:00
[2026-09-17T01:08:41.363+0000] {processor.py:179} INFO - Processing /home/vscode/.local/lib/python3.10/site-packages/airflow/example_dags/example_branch_operator.py took 0.057 seconds
[2026-09-17T01:09:02.673+0000] {processor.py:157} INFO - Started process (PID=29623) to work on /home/vscode/.local/lib/python3.10/site-packages/airflow/example_dags/example_branch_operator.py
[2026-09-17T01:09:02.674+0000] {processor.py:826} INFO - Processing file /home/vscode/.local/lib/python3.10/site-packages/airflow/example_dags/example_branch_operator.py for tasks to queue
[2026-09-17T01:09:02.674+0000] {logging_mixin.py:150} INFO - [2026-09-17T01:09:02.674+0000] {dagbag.py:541} INFO - Filling up the DagBag from /home/vscode/.local/lib/python3.10/site-packages/airflow/example_dags/example_branch_operator.py
[2026-09-17T01:09:02.682+0000] {processor.py:836} INFO - DAG(s) dict_keys(['example_branch_operator']) retrieved from /home/vscode/.local/lib/python3.10/site-packages/airflow/example_dags/example_branch_operator.py
[2026-09-17T01:09:02.702+0000] {logging_mixin.py:150} INFO - [2026-09-17T01:09:02.702+0000] {dag.py:2742} INFO - Sync 1 DAGs
[2026-09-17T01:09:02.718+0000] {logging_mixin.py:150} INFO - [2026-09-17T01:09:02.718+0000] {dag.py:3504} INFO - Setting next_dagrun for example_branch_operator to 2026-09-16T00:00:00+00:00, run_after=2026-09-17T00:00:00+00:00
[2026-09-17T01:09:02.735+0000] {processor.py:179} INFO - Processing /home/vscode/.local/lib/python3.10/site-packages/airflow/example_dags/example_branch_operator.py took 0.064 seconds
[2026-09-17T01:09:33.228+0000] {processor.py:157} INFO - Started process (PID=29882) to work on /home/vscode/.local/lib/python3.10/site-packages/airflow/example_dags/example_branch_operator.py
[2026-09-17T01:09:33.229+0000] {processor.py:826} INFO - Processing file /home/vscode/.local/lib/python3.10/site-packages/airflow/example_dags/example_branch_operator.py for tasks to queue
[2026-09-17T01:09:33.230+0000] {logging_mixin.py:150} INFO - [2026-09-17T01:09:33.230+0000] {dagbag.py:541} INFO - Filling up the DagBag from /home/vscode/.local/lib/python3.10/site-packages/airflow/example_dags/example_branch_operator.py
[2026-09-17T01:09:33.240+0000] {processor.py:836} INFO - DAG(s) dict_keys(['example_branch_operator']) retrieved from /home/vscode/.local/lib/python3.10/site-packages/airflow/example_dags/example_branch_operator.py
[2026-09-17T01:09:33.256+0000] {logging_mixin.py:150} INFO - [2026-09-17T01:09:33.256+0000] {dag.py:2742} INFO - Sync 1 DAGs
[2026-09-17T01:09:33.272+0000] {logging_mixin.py:150} INFO - [2026-09-17T01:09:33.272+0000] {dag.py:3504} INFO - Setting next_dagrun for example_branch_operator to 2026-09-16T00:00:00+00:00, run_after=2026-09-17T00:00:00+00:00
[2026-09-17T01:09:33.292+0000] {processor.py:179} INFO - Processing /home/vscode/.local/lib/python3.10/site-packages/airflow/example_dags/example_branch_operator.py took 0.068 seconds
[2026-09-17T01:09:50.805+0000] {processor.py:157} INFO - Started process (PID=30035) to work on /home/vscode/.local/lib/python3.10/site-packages/airflow/example_dags/example_branch_operator.py
[2026-09-17T01:09:50.805+0000] {processor.py:826} INFO - Processing file /home/vscode/.local/lib/python3.10/site-packages/airflow/example_dags/example_branch_operator.py for tasks to queue
[2026-09-17T01:09:50.806+0000] {logging_mixin.py:150} INFO - [2026-09-17T01:09:50.806+0000] {dagbag.py:541} INFO - Filling up the DagBag from /home/vscode/.local/lib/python3.10/site-packages/airflow/example_dags/example_branch_operator.py
[2026-09-17T01:09:50.813+0000] {processor.py:836} INFO - DAG(s) dict_keys(['example_branch_operator']) retrieved from /home/vscode/.local/lib/python3.10/site-packages/airflow/example_dags/example_branch_operator.py
[2026-09-17T01:09:50.828+0000] {logging_mixin.py:150} INFO - [2026-09-17T01:09:50.828+0000] {dag.py:2742} INFO - Sync 1 DAGs
[2026-09-17T01:09:50.845+0000] {logging_mixin.py:150} INFO - [2026-09-17T01:09:50.845+0000] {dag.py:3504} INFO - Setting next_dagrun for example_branch_operator to 2026-09-16T00:00:00+00:00, run_after=2026-09-17T00:00:00+00:00
[2026-09-17T01:09:50.863+0000] {processor.py:179} INFO - Processing /home/vscode/.local/lib/python3.10/site-packages/airflow/example_dags/example_branch_operator.py took 0.060 seconds
[2026-09-17T01:10:22.351+0000] {processor.py:157} INFO - Started process (PID=30304) to work on /home/vscode/.local/lib/python3.10/site-packages/airflow/example_dags/example_branch_operator.py
[2026-09-17T01:10:22.352+0000] {processor.py:826} INFO - Processing file /home/vscode/.local/lib/python3.10/site-packages/airflow/example_dags/example_branch_operator.py for tasks to queue
[2026-09-17T01:10:22.352+0000] {logging_mixin.py:150} INFO - [2026-09-17T01:10:22.352+0000] {dagbag.py:541} INFO - Filling up the DagBag from /home/vscode/.local/lib/python3.10/site-packages/airflow/example_dags/example_branch_operator.py
[2026-09-17T01:10:22.360+0000] {processor.py:836} INFO - DAG(s) dict_keys(['example_branch_operator']) retrieved from /home/vscode/.local/lib/python3.10/site-packages/airflow/example_dags/example_branch_operator.py
[2026-09-17T01:10:22.374+0000] {logging_mixin.py:150} INFO - [2026-09-17T01:10:22.374+0000] {dag.py:2742} INFO - Sync 1 DAGs
[2026-09-17T01:10:22.393+0000] {logging_mixin.py:150} INFO - [2026-09-17T01:10:22.393+0000] {dag.py:3504} INFO - Setting next_dagrun for example_branch_operator to 2026-09-16T00:00:00+00:00, run_after=2026-09-17T00:00:00+00:00
[2026-09-17T01:10:22.410+0000] {processor.py:179} INFO - Processing /home/vscode/.local/lib/python3.10/site-packages/airflow/example_dags/example_branch_operator.py took 0.062 seconds
[2026-09-17T01:10:37.318+0000] {processor.py:157} INFO - Started process (PID=30430) to work on /home/vscode/.local/lib/python3.10/site-packages/airflow/example_dags/example_branch_operator.py
[2026-09-17T01:10:37.318+0000] {processor.py:826} INFO - Processing file /home/vscode/.local/lib/python3.10/site-packages/airflow/example_dags/example_branch_operator.py for tasks to queue
[2026-09-17T01:10:37.319+0000] {logging_mixin.py:150} INFO - [2026-09-17T01:10:37.319+0000] {dagbag.py:541} INFO - Filling up the DagBag from /home/vscode/.local/lib/python3.10/site-packages/airflow/example_dags/example_branch_operator.py
[2026-09-17T01:10:37.326+0000] {processor.py:836} INFO - DAG(s) dict_keys(['example_branch_operator']) retrieved from /home/vscode/.local/lib/python3.10/site-packages/airflow/example_dags/example_branch_operator.py
[2026-09-17T01:10:37.341+0000] {logging_mixin.py:150} INFO - [2026-09-17T01:10:37.341+0000] {dag.py:2742} INFO - Sync 1 DAGs
[2026-09-17T01:10:37.357+0000] {logging_mixin.py:150} INFO - [2026-09-17T01:10:37.357+0000] {dag.py:3504} INFO - Setting next_dagrun for example_branch_operator to 2026-09-16T00:00:00+00:00, run_after=2026-09-17T00:00:00+00:00
[2026-09-17T01:10:37.373+0000] {processor.py:179} INFO - Processing /home/vscode/.local/lib/python3.10/site-packages/airflow/example_dags/example_branch_operator.py took 0.058 seconds
[2026-09-17T01:11:11.979+0000] {processor.py:157} INFO - Started process (PID=30766) to work on /home/vscode/.local/lib/python3.10/site-packages/airflow/example_dags/example_branch_operator.py
[2026-09-17T01:11:11.980+0000] {processor.py:826} INFO - Processing file /home/vscode/.local/lib/python3.10/site-packages/airflow/example_dags/example_branch_operator.py for tasks to queue
[2026-09-17T01:11:11.980+0000] {logging_mixin.py:150} INFO - [2026-09-17T01:11:11.980+0000] {dagbag.py:541} INFO - Filling up the DagBag from /home/vscode/.local/lib/python3.10/site-packages/airflow/example_dags/example_branch_operator.py
[2026-09-17T01:11:11.990+0000] {processor.py:836} INFO - DAG(s) dict_keys(['example_branch_operator']) retrieved from /home/vscode/.local/lib/python3.10/site-packages/airflow/example_dags/example_branch_operator.py
[2026-09-17T01:11:12.014+0000] {logging_mixin.py:150} INFO - [2026-09-17T01:11:12.014+0000] {dag.py:2742} INFO - Sync 1 DAGs
[2026-09-17T01:11:12.038+0000] {logging_mixin.py:150} INFO - [2026-09-17T01:11:12.038+0000] {dag.py:3504} INFO - Setting next_dagrun for example_branch_operator to 2026-09-16T00:00:00+00:00, run_after=2026-09-17T00:00:00+00:00
[2026-09-17T01:11:12.062+0000] {processor.py:179} INFO - Processing /home/vscode/.local/lib/python3.10/site-packages/airflow/example_dags/example_branch_operator.py took 0.086 seconds
[2026-09-17T01:11:29.799+0000] {processor.py:157} INFO - Started process (PID=30918) to work on /home/vscode/.local/lib/python3.10/site-packages/airflow/example_dags/example_branch_operator.py
[2026-09-17T01:11:29.800+0000] {processor.py:826} INFO - Processing file /home/vscode/.local/lib/python3.10/site-packages/airflow/example_dags/example_branch_operator.py for tasks to queue
[2026-09-17T01:11:29.801+0000] {logging_mixin.py:150} INFO - [2026-09-17T01:11:29.801+0000] {dagbag.py:541} INFO - Filling up the DagBag from /home/vscode/.local/lib/python3.10/site-packages/airflow/example_dags/example_branch_operator.py
[2026-09-17T01:11:29.808+0000] {processor.py:836} INFO - DAG(s) dict_keys(['example_branch_operator']) retrieved from /home/vscode/.local/lib/python3.10/site-packages/airflow/example_dags/example_branch_operator.py
[2026-09-17T01:11:29.822+0000] {logging_mixin.py:150} INFO - [2026-09-17T01:11:29.822+0000] {dag.py:2742} INFO - Sync 1 DAGs
[2026-09-17T01:11:29.839+0000] {logging_mixin.py:150} INFO - [2026-09-17T01:11:29.839+0000] {dag.py:3504} INFO - Setting next_dagrun for example_branch_operator to 2026-09-16T00:00:00+00:00, run_after=2026-09-17T00:00:00+00:00
[2026-09-17T01:11:29.855+0000] {processor.py:179} INFO - Processing /home/vscode/.local/lib/python3.10/site-packages/airflow/example_dags/example_branch_operator.py took 0.059 seconds
[2026-09-17T01:12:02.561+0000] {processor.py:157} INFO - Started process (PID=31199) to work on /home/vscode/.local/lib/python3.10/site-packages/airflow/example_dags/example_branch_operator.py
[2026-09-17T01:12:02.562+0000] {processor.py:826} INFO - Processing file /home/vscode/.local/lib/python3.10/site-packages/airflow/example_dags/example_branch_operator.py for tasks to queue
[2026-09-17T01:12:02.562+0000] {logging_mixin.py:150} INFO - [2026-09-17T01:12:02.562+0000] {dagbag.py:541} INFO - Filling up the DagBag from /home/vscode/.local/lib/python3.10/site-packages/airflow/example_dags/example_branch_operator.py
[2026-09-17T01:12:02.571+0000] {processor.py:836} INFO - DAG(s) dict_keys(['example_branch_operator']) retrieved from /home/vscode/.local/lib/python3.10/site-packages/airflow/example_dags/example_branch_operator.py
[2026-09-17T01:12:02.588+0000] {logging_mixin.py:150} INFO - [2026-09-17T01:12:02.588+0000] {dag.py:2742} INFO - Sync 1 DAGs
[2026-09-17T01:12:02.605+0000] {logging_mixin.py:150} INFO - [2026-09-17T01:12:02.605+0000] {dag.py:3504} INFO - Setting next_dagrun for example_branch_operator to 2026-09-16T00:00:00+00:00, run_after=2026-09-17T00:00:00+00:00
[2026-09-17T01:12:02.623+0000] {processor.py:179} INFO - Processing /home/vscode/.local/lib/python3.10/site-packages/airflow/example_dags/example_branch_operator.py took 0.065 seconds
[2026-09-17T01:12:17.896+0000] {processor.py:157} INFO - Started process (PID=31331) to work on /home/vscode/.local/lib/python3.10/site-packages/airflow/example_dags/example_branch_operator.py
[2026-09-17T01:12:17.897+0000] {processor.py:826} INFO - Processing file /home/vscode/.local/lib/python3.10/site-packages/airflow/example_dags/example_branch_operator.py for tasks to queue
[2026-09-17T01:12:17.898+0000] {logging_mixin.py:150} INFO - [2026-09-17T01:12:17.897+0000] {dagbag.py:541} INFO - Filling up the DagBag from /home/vscode/.local/lib/python3.10/site-packages/airflow/example_dags/example_branch_operator.py
[2026-09-17T01:12:17.906+0000] {processor.py:836} INFO - DAG(s) dict_keys(['example_branch_operator']) retrieved from /home/vscode/.local/lib/python3.10/site-packages/airflow/example_dags/example_branch_operator.py
[2026-09-17T01:12:17.923+0000] {logging_mixin.py:150} INFO - [2026-09-17T01:12:17.923+0000] {dag.py:2742} INFO - Sync 1 DAGs
[2026-09-17T01:12:17.943+0000] {logging_mixin.py:150} INFO - [2026-09-17T01:12:17.942+0000] {dag.py:3504} INFO - Setting next_dagrun for example_branch_operator to 2026-09-16T00:00:00+00:00, run_after=2026-09-17T00:00:00+00:00
[2026-09-17T01:12:17.966+0000] {processor.py:179} INFO - Processing /home/vscode/.local/lib/python3.10/site-packages/airflow/example_dags/example_branch_operator.py took 0.074 seconds
[2026-09-17T01:12:50.552+0000] {processor.py:157} INFO - Started process (PID=31616) to work on /home/vscode/.local/lib/python3.10/site-packages/airflow/example_dags/example_branch_operator.py
[2026-09-17T01:12:50.553+0000] {processor.py:826} INFO - Processing file /home/vscode/.local/lib/python3.10/site-packages/airflow/example_dags/example_branch_operator.py for tasks to queue
[2026-09-17T01:12:50.554+0000] {logging_mixin.py:150} INFO - [2026-09-17T01:12:50.553+0000] {dagbag.py:541} INFO - Filling up the DagBag from /home/vscode/.local/lib/python3.10/site-packages/airflow/example_dags/example_branch_operator.py
[2026-09-17T01:12:50.561+0000] {processor.py:836} INFO - DAG(s) dict_keys(['example_branch_operator']) retrieved from /home/vscode/.local/lib/python3.10/site-packages/airflow/example_dags/example_branch_operator.py
[2026-09-17T01:12:50.575+0000] {logging_mixin.py:150} INFO - [2026-09-17T01:12:50.575+0000] {dag.py:2742} INFO - Sync 1 DAGs
[2026-09-17T01:12:50.594+0000] {logging_mixin.py:150} INFO - [2026-09-17T01:12:50.594+0000] {dag.py:3504} INFO - Setting next_dagrun for example_branch_operator to 2026-09-16T00:00:00+00:00, run_after=2026-09-17T00:00:00+00:00
[2026-09-17T01:12:50.611+0000] {processor.py:179} INFO - Processing /home/vscode/.local/lib/python3.10/site-packages/airflow/example_dags/example_branch_operator.py took 0.061 seconds
[2026-09-17T01:13:05.272+0000] {processor.py:157} INFO - Started process (PID=31734) to work on /home/vscode/.local/lib/python3.10/site-packages/airflow/example_dags/example_branch_operator.py
[2026-09-17T01:13:05.273+0000] {processor.py:826} INFO - Processing file /home/vscode/.local/lib/python3.10/site-packages/airflow/example_dags/example_branch_operator.py for tasks to queue
[2026-09-17T01:13:05.273+0000] {logging_mixin.py:150} INFO - [2026-09-17T01:13:05.273+0000] {dagbag.py:541} INFO - Filling up the DagBag from /home/vscode/.local/lib/python3.10/site-packages/airflow/example_dags/example_branch_operator.py
[2026-09-17T01:13:05.282+0000] {processor.py:836} INFO - DAG(s) dict_keys(['example_branch_operator']) retrieved from /home/vscode/.local/lib/python3.10/site-packages/airflow/example_dags/example_branch_operator.py
[2026-09-17T01:13:05.296+0000] {logging_mixin.py:150} INFO - [2026-09-17T01:13:05.296+0000] {dag.py:2742} INFO - Sync 1 DAGs
[2026-09-17T01:13:05.311+0000] {logging_mixin.py:150} INFO - [2026-09-17T01:13:05.311+0000] {dag.py:3504} INFO - Setting next_dagrun for example_branch_operator to 2026-09-16T00:00:00+00:00, run_after=2026-09-17T00:00:00+00:00
[2026-09-17T01:13:05.334+0000] {processor.py:179} INFO - Processing /home/vscode/.local/lib/python3.10/site-packages/airflow/example_dags/example_branch_operator.py took 0.064 seconds
[2026-09-17T01:13:36.104+0000] {processor.py:157} INFO - Started process (PID=31995) to work on /home/vscode/.local/lib/python3.10/site-packages/airflow/example_dags/example_branch_operator.py
[2026-09-17T01:13:36.105+0000] {processor.py:826} INFO - Processing file /home/vscode/.local/lib/python3.10/site-packages/airflow/example_dags/example_branch_operator.py for tasks to queue
[2026-09-17T01:13:36.106+0000] {logging_mixin.py:150} INFO - [2026-09-17T01:13:36.106+0000] {dagbag.py:541} INFO - Filling up the DagBag from /home/vscode/.local/lib/python3.10/site-packages/airflow/example_dags/example_branch_operator.py
[2026-09-17T01:13:36.114+0000] {processor.py:836} INFO - DAG(s) dict_keys(['example_branch_operator']) retrieved from /home/vscode/.local/lib/python3.10/site-packages/airflow/example_dags/example_branch_operator.py
[2026-09-17T01:13:36.128+0000] {logging_mixin.py:150} INFO - [2026-09-17T01:13:36.128+0000] {dag.py:2742} INFO - Sync 1 DAGs
[2026-09-17T01:13:36.144+0000] {logging_mixin.py:150} INFO - [2026-09-17T01:13:36.144+0000] {dag.py:3504} INFO - Setting next_dagrun for example_branch_operator to 2026-09-16T00:00:00+00:00, run_after=2026-09-17T00:00:00+00:00
[2026-09-17T01:13:36.160+0000] {processor.py:179} INFO - Processing /home/vscode/.local/lib/python3.10/site-packages/airflow/example_dags/example_branch_operator.py took 0.059 seconds
[2026-09-17T01:13:57.091+0000] {processor.py:157} INFO - Started process (PID=32173) to work on /home/vscode/.local/lib/python3.10/site-packages/airflow/example_dags/example_branch_operator.py
[2026-09-17T01:13:57.092+0000] {processor.py:826} INFO - Processing file /home/vscode/.local/lib/python3.10/site-packages/airflow/example_dags/example_branch_operator.py for tasks to queue
[2026-09-17T01:13:57.093+0000] {logging_mixin.py:150} INFO - [2026-09-17T01:13:57.093+0000] {dagbag.py:541} INFO - Filling up the DagBag from /home/vscode/.local/lib/python3.10/site-packages/airflow/example_dags/example_branch_operator.py
[2026-09-17T01:13:57.116+0000] {processor.py:836} INFO - DAG(s) dict_keys(['example_branch_operator']) retrieved from /home/vscode/.local/lib/python3.10/site-packages/airflow/example_dags/example_branch_operator.py
[2026-09-17T01:13:57.147+0000] {logging_mixin.py:150} INFO - [2026-09-17T01:13:57.147+0000] {dag.py:2742} INFO - Sync 1 DAGs
[2026-09-17T01:13:57.174+0000] {logging_mixin.py:150} INFO - [2026-09-17T01:13:57.174+0000] {dag.py:3504} INFO - Setting next_dagrun for example_branch_operator to 2026-09-16T00:00:00+00:00, run_after=2026-09-17T00:00:00+00:00
[2026-09-17T01:13:57.198+0000] {processor.py:179} INFO - Processing /home/vscode/.local/lib/python3.10/site-packages/airflow/example_dags/example_branch_operator.py took 0.112 seconds
[2026-09-17T01:14:22.961+0000] {processor.py:157} INFO - Started process (PID=32390) to work on /home/vscode/.local/lib/python3.10/site-packages/airflow/example_dags/example_branch_operator.py
[2026-09-17T01:14:22.961+0000] {processor.py:826} INFO - Processing file /home/vscode/.local/lib/python3.10/site-packages/airflow/example_dags/example_branch_operator.py for tasks to queue
[2026-09-17T01:14:22.962+0000] {logging_mixin.py:150} INFO - [2026-09-17T01:14:22.962+0000] {dagbag.py:541} INFO - Filling up the DagBag from /home/vscode/.local/lib/python3.10/site-packages/airflow/example_dags/example_branch_operator.py
[2026-09-17T01:14:22.969+0000] {processor.py:836} INFO - DAG(s) dict_keys(['example_branch_operator']) retrieved from /home/vscode/.local/lib/python3.10/site-packages/airflow/example_dags/example_branch_operator.py
[2026-09-17T01:14:22.985+0000] {logging_mixin.py:150} INFO - [2026-09-17T01:14:22.985+0000] {dag.py:2742} INFO - Sync 1 DAGs
[2026-09-17T01:14:23.005+0000] {logging_mixin.py:150} INFO - [2026-09-17T01:14:23.005+0000] {dag.py:3504} INFO - Setting next_dagrun for example_branch_operator to 2026-09-16T00:00:00+00:00, run_after=2026-09-17T00:00:00+00:00
[2026-09-17T01:14:23.022+0000] {processor.py:179} INFO - Processing /home/vscode/.local/lib/python3.10/site-packages/airflow/example_dags/example_branch_operator.py took 0.064 seconds
[2026-09-17T01:14:47.324+0000] {processor.py:157} INFO - Started process (PID=32598) to work on /home/vscode/.local/lib/python3.10/site-packages/airflow/example_dags/example_branch_operator.py
[2026-09-17T01:14:47.325+0000] {processor.py:826} INFO - Processing file /home/vscode/.local/lib/python3.10/site-packages/airflow/example_dags/example_branch_operator.py for tasks to queue
[2026-09-17T01:14:47.326+0000] {logging_mixin.py:150} INFO - [2026-09-17T01:14:47.325+0000] {dagbag.py:541} INFO - Filling up the DagBag from /home/vscode/.local/lib/python3.10/site-packages/airflow/example_dags/example_branch_operator.py
[2026-09-17T01:14:47.335+0000] {processor.py:836} INFO - DAG(s) dict_keys(['example_branch_operator']) retrieved from /home/vscode/.local/lib/python3.10/site-packages/airflow/example_dags/example_branch_operator.py
[2026-09-17T01:14:47.359+0000] {logging_mixin.py:150} INFO - [2026-09-17T01:14:47.359+0000] {dag.py:2742} INFO - Sync 1 DAGs
[2026-09-17T01:14:47.382+0000] {logging_mixin.py:150} INFO - [2026-09-17T01:14:47.381+0000] {dag.py:3504} INFO - Setting next_dagrun for example_branch_operator to 2026-09-16T00:00:00+00:00, run_after=2026-09-17T00:00:00+00:00
[2026-09-17T01:14:47.419+0000] {processor.py:179} INFO - Processing /home/vscode/.local/lib/python3.10/site-packages/airflow/example_dags/example_branch_operator.py took 0.097 seconds
[2026-09-17T01:15:08.454+0000] {processor.py:157} INFO - Started process (PID=32792) to work on /home/vscode/.local/lib/python3.10/site-packages/airflow/example_dags/example_branch_operator.py
[2026-09-17T01:15:08.456+0000] {processor.py:826} INFO - Processing file /home/vscode/.local/lib/python3.10/site-packages/airflow/example_dags/example_branch_operator.py for tasks to queue
[2026-09-17T01:15:08.457+0000] {logging_mixin.py:150} INFO - [2026-09-17T01:15:08.456+0000] {dagbag.py:541} INFO - Filling up the DagBag from /home/vscode/.local/lib/python3.10/site-packages/airflow/example_dags/example_branch_operator.py
[2026-09-17T01:15:08.465+0000] {processor.py:836} INFO - DAG(s) dict_keys(['example_branch_operator']) retrieved from /home/vscode/.local/lib/python3.10/site-packages/airflow/example_dags/example_branch_operator.py
[2026-09-17T01:15:08.480+0000] {logging_mixin.py:150} INFO - [2026-09-17T01:15:08.480+0000] {dag.py:2742} INFO - Sync 1 DAGs
[2026-09-17T01:15:08.503+0000] {logging_mixin.py:150} INFO - [2026-09-17T01:15:08.503+0000] {dag.py:3504} INFO - Setting next_dagrun for example_branch_operator to 2026-09-16T00:00:00+00:00, run_after=2026-09-17T00:00:00+00:00
[2026-09-17T01:15:08.520+0000] {processor.py:179} INFO - Processing /home/vscode/.local/lib/python3.10/site-packages/airflow/example_dags/example_branch_operator.py took 0.072 seconds
[2026-09-17T01:15:40.983+0000] {processor.py:157} INFO - Started process (PID=33049) to work on /home/vscode/.local/lib/python3.10/site-packages/airflow/example_dags/example_branch_operator.py
[2026-09-17T01:15:40.984+0000] {processor.py:826} INFO - Processing file /home/vscode/.local/lib/python3.10/site-packages/airflow/example_dags/example_branch_operator.py for tasks to queue
[2026-09-17T01:15:40.987+0000] {logging_mixin.py:150} INFO - [2026-09-17T01:15:40.987+0000] {dagbag.py:541} INFO - Filling up the DagBag from /home/vscode/.local/lib/python3.10/site-packages/airflow/example_dags/example_branch_operator.py
[2026-09-17T01:15:41.012+0000] {processor.py:836} INFO - DAG(s) dict_keys(['example_branch_operator']) retrieved from /home/vscode/.local/lib/python3.10/site-packages/airflow/example_dags/example_branch_operator.py
[2026-09-17T01:15:41.049+0000] {logging_mixin.py:150} INFO - [2026-09-17T01:15:41.049+0000] {dag.py:2742} INFO - Sync 1 DAGs
[2026-09-17T01:15:41.087+0000] {logging_mixin.py:150} INFO - [2026-09-17T01:15:41.087+0000] {dag.py:3504} INFO - Setting next_dagrun for example_branch_operator to 2026-09-16T00:00:00+00:00, run_after=2026-09-17T00:00:00+00:00
[2026-09-17T01:15:41.114+0000] {processor.py:179} INFO - Processing /home/vscode/.local/lib/python3.10/site-packages/airflow/example_dags/example_branch_operator.py took 0.134 seconds
[2026-09-17T01:16:06.246+0000] {processor.py:157} INFO - Started process (PID=33296) to work on /home/vscode/.local/lib/python3.10/site-packages/airflow/example_dags/example_branch_operator.py
[2026-09-17T01:16:06.246+0000] {processor.py:826} INFO - Processing file /home/vscode/.local/lib/python3.10/site-packages/airflow/example_dags/example_branch_operator.py for tasks to queue
[2026-09-17T01:16:06.247+0000] {logging_mixin.py:150} INFO - [2026-09-17T01:16:06.247+0000] {dagbag.py:541} INFO - Filling up the DagBag from /home/vscode/.local/lib/python3.10/site-packages/airflow/example_dags/example_branch_operator.py
[2026-09-17T01:16:06.254+0000] {processor.py:836} INFO - DAG(s) dict_keys(['example_branch_operator']) retrieved from /home/vscode/.local/lib/python3.10/site-packages/airflow/example_dags/example_branch_operator.py
[2026-09-17T01:16:06.268+0000] {logging_mixin.py:150} INFO - [2026-09-17T01:16:06.268+0000] {dag.py:2742} INFO - Sync 1 DAGs
[2026-09-17T01:16:06.285+0000] {logging_mixin.py:150} INFO - [2026-09-17T01:16:06.285+0000] {dag.py:3504} INFO - Setting next_dagrun for example_branch_operator to 2026-09-16T00:00:00+00:00, run_after=2026-09-17T00:00:00+00:00
[2026-09-17T01:16:06.305+0000] {processor.py:179} INFO - Processing /home/vscode/.local/lib/python3.10/site-packages/airflow/example_dags/example_branch_operator.py took 0.062 seconds
[2026-09-17T01:16:31.804+0000] {processor.py:157} INFO - Started process (PID=33520) to work on /home/vscode/.local/lib/python3.10/site-packages/airflow/example_dags/example_branch_operator.py
[2026-09-17T01:16:31.805+0000] {processor.py:826} INFO - Processing file /home/vscode/.local/lib/python3.10/site-packages/airflow/example_dags/example_branch_operator.py for tasks to queue
[2026-09-17T01:16:31.806+0000] {logging_mixin.py:150} INFO - [2026-09-17T01:16:31.805+0000] {dagbag.py:541} INFO - Filling up the DagBag from /home/vscode/.local/lib/python3.10/site-packages/airflow/example_dags/example_branch_operator.py
[2026-09-17T01:16:31.817+0000] {processor.py:836} INFO - DAG(s) dict_keys(['example_branch_operator']) retrieved from /home/vscode/.local/lib/python3.10/site-packages/airflow/example_dags/example_branch_operator.py
[2026-09-17T01:16:31.841+0000] {logging_mixin.py:150} INFO - [2026-09-17T01:16:31.841+0000] {dag.py:2742} INFO - Sync 1 DAGs
[2026-09-17T01:16:31.860+0000] {logging_mixin.py:150} INFO - [2026-09-17T01:16:31.859+0000] {dag.py:3504} INFO - Setting next_dagrun for example_branch_operator to 2026-09-16T00:00:00+00:00, run_after=2026-09-17T00:00:00+00:00
[2026-09-17T01:16:31.891+0000] {processor.py:179} INFO - Processing /home/vscode/.local/lib/python3.10/site-packages/airflow/example_dags/example_branch_operator.py took 0.091 seconds
[2026-09-17T01:16:58.344+0000] {processor.py:157} INFO - Started process (PID=33752) to work on /home/vscode/.local/lib/python3.10/site-packages/airflow/example_dags/example_branch_operator.py
[2026-09-17T01:16:58.346+0000] {processor.py:826} INFO - Processing file /home/vscode/.local/lib/python3.10/site-packages/airflow/example_dags/example_branch_operator.py for tasks to queue
[2026-09-17T01:16:58.346+0000] {logging_mixin.py:150} INFO - [2026-09-17T01:16:58.346+0000] {dagbag.py:541} INFO - Filling up the DagBag from /home/vscode/.local/lib/python3.10/site-packages/airflow/example_dags/example_branch_operator.py
[2026-09-17T01:16:58.357+0000] {processor.py:836} INFO - DAG(s) dict_keys(['example_branch_operator']) retrieved from /home/vscode/.local/lib/python3.10/site-packages/airflow/example_dags/example_branch_operator.py
[2026-09-17T01:16:58.376+0000] {logging_mixin.py:150} INFO - [2026-09-17T01:16:58.375+0000] {dag.py:2742} INFO - Sync 1 DAGs
[2026-09-17T01:16:58.396+0000] {logging_mixin.py:150} INFO - [2026-09-17T01:16:58.396+0000] {dag.py:3504} INFO - Setting next_dagrun for example_branch_operator to 2026-09-16T00:00:00+00:00, run_after=2026-09-17T00:00:00+00:00
[2026-09-17T01:16:58.413+0000] {processor.py:179} INFO - Processing /home/vscode/.local/lib/python3.10/site-packages/airflow/example_dags/example_branch_operator.py took 0.072 seconds
[2026-09-17T01:17:21.853+0000] {processor.py:157} INFO - Started process (PID=33950) to work on /home/vscode/.local/lib/python3.10/site-packages/airflow/example_dags/example_branch_operator.py
[2026-09-17T01:17:21.853+0000] {processor.py:826} INFO - Processing file /home/vscode/.local/lib/python3.10/site-packages/airflow/example_dags/example_branch_operator.py for tasks to queue
[2026-09-17T01:17:21.854+0000] {logging_mixin.py:150} INFO - [2026-09-17T01:17:21.854+0000] {dagbag.py:541} INFO - Filling up the DagBag from /home/vscode/.local/lib/python3.10/site-packages/airflow/example_dags/example_branch_operator.py
[2026-09-17T01:17:21.861+0000] {processor.py:836} INFO - DAG(s) dict_keys(['example_branch_operator']) retrieved from /home/vscode/.local/lib/python3.10/site-packages/airflow/example_dags/example_branch_operator.py
[2026-09-17T01:17:21.876+0000] {logging_mixin.py:150} INFO - [2026-09-17T01:17:21.876+0000] {dag.py:2742} INFO - Sync 1 DAGs
[2026-09-17T01:17:21.894+0000] {logging_mixin.py:150} INFO - [2026-09-17T01:17:21.894+0000] {dag.py:3504} INFO - Setting next_dagrun for example_branch_operator to 2026-09-16T00:00:00+00:00, run_after=2026-09-17T00:00:00+00:00
[2026-09-17T01:17:21.923+0000] {processor.py:179} INFO - Processing /home/vscode/.local/lib/python3.10/site-packages/airflow/example_dags/example_branch_operator.py took 0.073 seconds
[2026-09-17T01:17:41.272+0000] {processor.py:157} INFO - Started process (PID=34119) to work on /home/vscode/.local/lib/python3.10/site-packages/airflow/example_dags/example_branch_operator.py
[2026-09-17T01:17:41.273+0000] {processor.py:826} INFO - Processing file /home/vscode/.local/lib/python3.10/site-packages/airflow/example_dags/example_branch_operator.py for tasks to queue
[2026-09-17T01:17:41.273+0000] {logging_mixin.py:150} INFO - [2026-09-17T01:17:41.273+0000] {dagbag.py:541} INFO - Filling up the DagBag from /home/vscode/.local/lib/python3.10/site-packages/airflow/example_dags/example_branch_operator.py
[2026-09-17T01:17:41.281+0000] {processor.py:836} INFO - DAG(s) dict_keys(['example_branch_operator']) retrieved from /home/vscode/.local/lib/python3.10/site-packages/airflow/example_dags/example_branch_operator.py
[2026-09-17T01:17:41.300+0000] {logging_mixin.py:150} INFO - [2026-09-17T01:17:41.300+0000] {dag.py:2742} INFO - Sync 1 DAGs
[2026-09-17T01:17:41.316+0000] {logging_mixin.py:150} INFO - [2026-09-17T01:17:41.315+0000] {dag.py:3504} INFO - Setting next_dagrun for example_branch_operator to 2026-09-16T00:00:00+00:00, run_after=2026-09-17T00:00:00+00:00
[2026-09-17T01:17:41.332+0000] {processor.py:179} INFO - Processing /home/vscode/.local/lib/python3.10/site-packages/airflow/example_dags/example_branch_operator.py took 0.062 seconds
[2026-09-17T01:18:10.277+0000] {processor.py:157} INFO - Started process (PID=34364) to work on /home/vscode/.local/lib/python3.10/site-packages/airflow/example_dags/example_branch_operator.py
[2026-09-17T01:18:10.278+0000] {processor.py:826} INFO - Processing file /home/vscode/.local/lib/python3.10/site-packages/airflow/example_dags/example_branch_operator.py for tasks to queue
[2026-09-17T01:18:10.279+0000] {logging_mixin.py:150} INFO - [2026-09-17T01:18:10.278+0000] {dagbag.py:541} INFO - Filling up the DagBag from /home/vscode/.local/lib/python3.10/site-packages/airflow/example_dags/example_branch_operator.py
[2026-09-17T01:18:10.288+0000] {processor.py:836} INFO - DAG(s) dict_keys(['example_branch_operator']) retrieved from /home/vscode/.local/lib/python3.10/site-packages/airflow/example_dags/example_branch_operator.py
[2026-09-17T01:18:10.305+0000] {logging_mixin.py:150} INFO - [2026-09-17T01:18:10.305+0000] {dag.py:2742} INFO - Sync 1 DAGs
[2026-09-17T01:18:10.321+0000] {logging_mixin.py:150} INFO - [2026-09-17T01:18:10.321+0000] {dag.py:3504} INFO - Setting next_dagrun for example_branch_operator to 2026-09-16T00:00:00+00:00, run_after=2026-09-17T00:00:00+00:00
[2026-09-17T01:18:10.338+0000] {processor.py:179} INFO - Processing /home/vscode/.local/lib/python3.10/site-packages/airflow/example_dags/example_branch_operator.py took 0.064 seconds
[2026-09-17T01:18:32.774+0000] {processor.py:157} INFO - Started process (PID=34550) to work on /home/vscode/.local/lib/python3.10/site-packages/airflow/example_dags/example_branch_operator.py
[2026-09-17T01:18:32.774+0000] {processor.py:826} INFO - Processing file /home/vscode/.local/lib/python3.10/site-packages/airflow/example_dags/example_branch_operator.py for tasks to queue
[2026-09-17T01:18:32.775+0000] {logging_mixin.py:150} INFO - [2026-09-17T01:18:32.775+0000] {dagbag.py:541} INFO - Filling up the DagBag from /home/vscode/.local/lib/python3.10/site-packages/airflow/example_dags/example_branch_operator.py
[2026-09-17T01:18:32.783+0000] {processor.py:836} INFO - DAG(s) dict_keys(['example_branch_operator']) retrieved from /home/vscode/.local/lib/python3.10/site-packages/airflow/example_dags/example_branch_operator.py
[2026-09-17T01:18:32.801+0000] {logging_mixin.py:150} INFO - [2026-09-17T01:18:32.801+0000] {dag.py:2742} INFO - Sync 1 DAGs
[2026-09-17T01:18:32.827+0000] {logging_mixin.py:150} INFO - [2026-09-17T01:18:32.827+0000] {dag.py:3504} INFO - Setting next_dagrun for example_branch_operator to 2026-09-16T00:00:00+00:00, run_after=2026-09-17T00:00:00+00:00
[2026-09-17T01:18:32.846+0000] {processor.py:179} INFO - Processing /home/vscode/.local/lib/python3.10/site-packages/airflow/example_dags/example_branch_operator.py took 0.075 seconds
[2026-09-17T01:18:54.780+0000] {processor.py:157} INFO - Started process (PID=34741) to work on /home/vscode/.local/lib/python3.10/site-packages/airflow/example_dags/example_branch_operator.py
[2026-09-17T01:18:54.781+0000] {processor.py:826} INFO - Processing file /home/vscode/.local/lib/python3.10/site-packages/airflow/example_dags/example_branch_operator.py for tasks to queue
[2026-09-17T01:18:54.782+0000] {logging_mixin.py:150} INFO - [2026-09-17T01:18:54.782+0000] {dagbag.py:541} INFO - Filling up the DagBag from /home/vscode/.local/lib/python3.10/site-packages/airflow/example_dags/example_branch_operator.py
[2026-09-17T01:18:54.792+0000] {processor.py:836} INFO - DAG(s) dict_keys(['example_branch_operator']) retrieved from /home/vscode/.local/lib/python3.10/site-packages/airflow/example_dags/example_branch_operator.py
[2026-09-17T01:18:54.807+0000] {logging_mixin.py:150} INFO - [2026-09-17T01:18:54.807+0000] {dag.py:2742} INFO - Sync 1 DAGs
[2026-09-17T01:18:54.826+0000] {logging_mixin.py:150} INFO - [2026-09-17T01:18:54.826+0000] {dag.py:3504} INFO - Setting next_dagrun for example_branch_operator to 2026-09-16T00:00:00+00:00, run_after=2026-09-17T00:00:00+00:00
[2026-09-17T01:18:54.846+0000] {processor.py:179} INFO - Processing /home/vscode/.local/lib/python3.10/site-packages/airflow/example_dags/example_branch_operator.py took 0.069 seconds
[2026-09-17T01:19:21.466+0000] {processor.py:157} INFO - Started process (PID=34956) to work on /home/vscode/.local/lib/python3.10/site-packages/airflow/example_dags/example_branch_operator.py
[2026-09-17T01:19:21.467+0000] {processor.py:826} INFO - Processing file /home/vscode/.local/lib/python3.10/site-packages/airflow/example_dags/example_branch_operator.py for tasks to queue
[2026-09-17T01:19:21.468+0000] {logging_mixin.py:150} INFO - [2026-09-17T01:19:21.468+0000] {dagbag.py:541} INFO - Filling up the DagBag from /home/vscode/.local/lib/python3.10/site-packages/airflow/example_dags/example_branch_operator.py
[2026-09-17T01:19:21.479+0000] {processor.py:836} INFO - DAG(s) dict_keys(['example_branch_operator']) retrieved from /home/vscode/.local/lib/python3.10/site-packages/airflow/example_dags/example_branch_operator.py
[2026-09-17T01:19:21.501+0000] {logging_mixin.py:150} INFO - [2026-09-17T01:19:21.500+0000] {dag.py:2742} INFO - Sync 1 DAGs
[2026-09-17T01:19:21.522+0000] {logging_mixin.py:150} INFO - [2026-09-17T01:19:21.522+0000] {dag.py:3504} INFO - Setting next_dagrun for example_branch_operator to 2026-09-16T00:00:00+00:00, run_after=2026-09-17T00:00:00+00:00
[2026-09-17T01:19:21.538+0000] {processor.py:179} INFO - Processing /home/vscode/.local/lib/python3.10/site-packages/airflow/example_dags/example_branch_operator.py took 0.074 seconds
[2026-09-17T01:19:46.298+0000] {processor.py:157} INFO - Started process (PID=35139) to work on /home/vscode/.local/lib/python3.10/site-packages/airflow/example_dags/example_branch_operator.py
[2026-09-17T01:19:46.299+0000] {processor.py:826} INFO - Processing file /home/vscode/.local/lib/python3.10/site-packages/airflow/example_dags/example_branch_operator.py for tasks to queue
[2026-09-17T01:19:46.300+0000] {logging_mixin.py:150} INFO - [2026-09-17T01:19:46.299+0000] {dagbag.py:541} INFO - Filling up the DagBag from /home/vscode/.local/lib/python3.10/site-packages/airflow/example_dags/example_branch_operator.py
[2026-09-17T01:19:46.310+0000] {processor.py:836} INFO - DAG(s) dict_keys(['example_branch_operator']) retrieved from /home/vscode/.local/lib/python3.10/site-packages/airflow/example_dags/example_branch_operator.py
[2026-09-17T01:19:46.334+0000] {logging_mixin.py:150} INFO - [2026-09-17T01:19:46.334+0000] {dag.py:2742} INFO - Sync 1 DAGs
[2026-09-17T01:19:46.353+0000] {logging_mixin.py:150} INFO - [2026-09-17T01:19:46.353+0000] {dag.py:3504} INFO - Setting next_dagrun for example_branch_operator to 2026-09-16T00:00:00+00:00, run_after=2026-09-17T00:00:00+00:00
[2026-09-17T01:19:46.369+0000] {processor.py:179} INFO - Processing /home/vscode/.local/lib/python3.10/site-packages/airflow/example_dags/example_branch_operator.py took 0.078 seconds
[2026-09-17T01:20:09.647+0000] {processor.py:157} INFO - Started process (PID=35393) to work on /home/vscode/.local/lib/python3.10/site-packages/airflow/example_dags/example_branch_operator.py
[2026-09-17T01:20:09.648+0000] {processor.py:826} INFO - Processing file /home/vscode/.local/lib/python3.10/site-packages/airflow/example_dags/example_branch_operator.py for tasks to queue
[2026-09-17T01:20:09.649+0000] {logging_mixin.py:150} INFO - [2026-09-17T01:20:09.648+0000] {dagbag.py:541} INFO - Filling up the DagBag from /home/vscode/.local/lib/python3.10/site-packages/airflow/example_dags/example_branch_operator.py
[2026-09-17T01:20:09.656+0000] {processor.py:836} INFO - DAG(s) dict_keys(['example_branch_operator']) retrieved from /home/vscode/.local/lib/python3.10/site-packages/airflow/example_dags/example_branch_operator.py
[2026-09-17T01:20:09.670+0000] {logging_mixin.py:150} INFO - [2026-09-17T01:20:09.670+0000] {dag.py:2742} INFO - Sync 1 DAGs
[2026-09-17T01:20:09.687+0000] {logging_mixin.py:150} INFO - [2026-09-17T01:20:09.687+0000] {dag.py:3504} INFO - Setting next_dagrun for example_branch_operator to 2026-09-16T00:00:00+00:00, run_after=2026-09-17T00:00:00+00:00
[2026-09-17T01:20:09.703+0000] {processor.py:179} INFO - Processing /home/vscode/.local/lib/python3.10/site-packages/airflow/example_dags/example_branch_operator.py took 0.058 seconds
[2026-09-17T01:20:32.960+0000] {processor.py:157} INFO - Started process (PID=35590) to work on /home/vscode/.local/lib/python3.10/site-packages/airflow/example_dags/example_branch_operator.py
[2026-09-17T01:20:32.961+0000] {processor.py:826} INFO - Processing file /home/vscode/.local/lib/python3.10/site-packages/airflow/example_dags/example_branch_operator.py for tasks to queue
[2026-09-17T01:20:32.962+0000] {logging_mixin.py:150} INFO - [2026-09-17T01:20:32.962+0000] {dagbag.py:541} INFO - Filling up the DagBag from /home/vscode/.local/lib/python3.10/site-packages/airflow/example_dags/example_branch_operator.py
[2026-09-17T01:20:32.972+0000] {processor.py:836} INFO - DAG(s) dict_keys(['example_branch_operator']) retrieved from /home/vscode/.local/lib/python3.10/site-packages/airflow/example_dags/example_branch_operator.py
[2026-09-17T01:20:33.001+0000] {logging_mixin.py:150} INFO - [2026-09-17T01:20:33.001+0000] {dag.py:2742} INFO - Sync 1 DAGs
[2026-09-17T01:20:33.023+0000] {logging_mixin.py:150} INFO - [2026-09-17T01:20:33.023+0000] {dag.py:3504} INFO - Setting next_dagrun for example_branch_operator to 2026-09-16T00:00:00+00:00, run_after=2026-09-17T00:00:00+00:00
[2026-09-17T01:20:33.046+0000] {processor.py:179} INFO - Processing /home/vscode/.local/lib/python3.10/site-packages/airflow/example_dags/example_branch_operator.py took 0.088 seconds
[2026-09-17T01:20:57.055+0000] {processor.py:157} INFO - Started process (PID=35857) to work on /home/vscode/.local/lib/python3.10/site-packages/airflow/example_dags/example_branch_operator.py
[2026-09-17T01:20:57.055+0000] {processor.py:826} INFO - Processing file /home/vscode/.local/lib/python3.10/site-packages/airflow/example_dags/example_branch_operator.py for tasks to queue
[2026-09-17T01:20:57.056+0000] {logging_mixin.py:150} INFO - [2026-09-17T01:20:57.056+0000] {dagbag.py:541} INFO - Filling up the DagBag from /home/vscode/.local/lib/python3.10/site-packages/airflow/example_dags/example_branch_operator.py
[2026-09-17T01:20:57.064+0000] {processor.py:836} INFO - DAG(s) dict_keys(['example_branch_operator']) retrieved from /home/vscode/.local/lib/python3.10/site-packages/airflow/example_dags/example_branch_operator.py
[2026-09-17T01:20:57.080+0000] {logging_mixin.py:150} INFO - [2026-09-17T01:20:57.080+0000] {dag.py:2742} INFO - Sync 1 DAGs
[2026-09-17T01:20:57.101+0000] {logging_mixin.py:150} INFO - [2026-09-17T01:20:57.101+0000] {dag.py:3504} INFO - Setting next_dagrun for example_branch_operator to 2026-09-16T00:00:00+00:00, run_after=2026-09-17T00:00:00+00:00
[2026-09-17T01:20:57.118+0000] {processor.py:179} INFO - Processing /home/vscode/.local/lib/python3.10/site-packages/airflow/example_dags/example_branch_operator.py took 0.066 seconds
[2026-09-17T01:21:23.465+0000] {processor.py:157} INFO - Started process (PID=36254) to work on /home/vscode/.local/lib/python3.10/site-packages/airflow/example_dags/example_branch_operator.py
[2026-09-17T01:21:23.466+0000] {processor.py:826} INFO - Processing file /home/vscode/.local/lib/python3.10/site-packages/airflow/example_dags/example_branch_operator.py for tasks to queue
[2026-09-17T01:21:23.467+0000] {logging_mixin.py:150} INFO - [2026-09-17T01:21:23.466+0000] {dagbag.py:541} INFO - Filling up the DagBag from /home/vscode/.local/lib/python3.10/site-packages/airflow/example_dags/example_branch_operator.py
[2026-09-17T01:21:23.477+0000] {processor.py:836} INFO - DAG(s) dict_keys(['example_branch_operator']) retrieved from /home/vscode/.local/lib/python3.10/site-packages/airflow/example_dags/example_branch_operator.py
[2026-09-17T01:21:23.495+0000] {logging_mixin.py:150} INFO - [2026-09-17T01:21:23.495+0000] {dag.py:2742} INFO - Sync 1 DAGs
[2026-09-17T01:21:23.510+0000] {logging_mixin.py:150} INFO - [2026-09-17T01:21:23.510+0000] {dag.py:3504} INFO - Setting next_dagrun for example_branch_operator to 2026-09-16T00:00:00+00:00, run_after=2026-09-17T00:00:00+00:00
[2026-09-17T01:21:23.527+0000] {processor.py:179} INFO - Processing /home/vscode/.local/lib/python3.10/site-packages/airflow/example_dags/example_branch_operator.py took 0.064 seconds
[2026-09-17T01:21:45.556+0000] {processor.py:157} INFO - Started process (PID=36571) to work on /home/vscode/.local/lib/python3.10/site-packages/airflow/example_dags/example_branch_operator.py
[2026-09-17T01:21:45.557+0000] {processor.py:826} INFO - Processing file /home/vscode/.local/lib/python3.10/site-packages/airflow/example_dags/example_branch_operator.py for tasks to queue
[2026-09-17T01:21:45.557+0000] {logging_mixin.py:150} INFO - [2026-09-17T01:21:45.557+0000] {dagbag.py:541} INFO - Filling up the DagBag from /home/vscode/.local/lib/python3.10/site-packages/airflow/example_dags/example_branch_operator.py
[2026-09-17T01:21:45.564+0000] {processor.py:836} INFO - DAG(s) dict_keys(['example_branch_operator']) retrieved from /home/vscode/.local/lib/python3.10/site-packages/airflow/example_dags/example_branch_operator.py
[2026-09-17T01:21:45.579+0000] {logging_mixin.py:150} INFO - [2026-09-17T01:21:45.579+0000] {dag.py:2742} INFO - Sync 1 DAGs
[2026-09-17T01:21:45.594+0000] {logging_mixin.py:150} INFO - [2026-09-17T01:21:45.594+0000] {dag.py:3504} INFO - Setting next_dagrun for example_branch_operator to 2026-09-16T00:00:00+00:00, run_after=2026-09-17T00:00:00+00:00
[2026-09-17T01:21:45.610+0000] {processor.py:179} INFO - Processing /home/vscode/.local/lib/python3.10/site-packages/airflow/example_dags/example_branch_operator.py took 0.056 seconds
[2026-09-17T01:22:11.336+0000] {processor.py:157} INFO - Started process (PID=36857) to work on /home/vscode/.local/lib/python3.10/site-packages/airflow/example_dags/example_branch_operator.py
[2026-09-17T01:22:11.337+0000] {processor.py:826} INFO - Processing file /home/vscode/.local/lib/python3.10/site-packages/airflow/example_dags/example_branch_operator.py for tasks to queue
[2026-09-17T01:22:11.338+0000] {logging_mixin.py:150} INFO - [2026-09-17T01:22:11.337+0000] {dagbag.py:541} INFO - Filling up the DagBag from /home/vscode/.local/lib/python3.10/site-packages/airflow/example_dags/example_branch_operator.py
[2026-09-17T01:22:11.346+0000] {processor.py:836} INFO - DAG(s) dict_keys(['example_branch_operator']) retrieved from /home/vscode/.local/lib/python3.10/site-packages/airflow/example_dags/example_branch_operator.py
[2026-09-17T01:22:11.362+0000] {logging_mixin.py:150} INFO - [2026-09-17T01:22:11.362+0000] {dag.py:2742} INFO - Sync 1 DAGs
[2026-09-17T01:22:11.377+0000] {logging_mixin.py:150} INFO - [2026-09-17T01:22:11.377+0000] {dag.py:3504} INFO - Setting next_dagrun for example_branch_operator to 2026-09-16T00:00:00+00:00, run_after=2026-09-17T00:00:00+00:00
[2026-09-17T01:22:11.396+0000] {processor.py:179} INFO - Processing /home/vscode/.local/lib/python3.10/site-packages/airflow/example_dags/example_branch_operator.py took 0.062 seconds
[2026-09-17T01:22:34.959+0000] {processor.py:157} INFO - Started process (PID=37198) to work on /home/vscode/.local/lib/python3.10/site-packages/airflow/example_dags/example_branch_operator.py
[2026-09-17T01:22:34.959+0000] {processor.py:826} INFO - Processing file /home/vscode/.local/lib/python3.10/site-packages/airflow/example_dags/example_branch_operator.py for tasks to queue
[2026-09-17T01:22:34.960+0000] {logging_mixin.py:150} INFO - [2026-09-17T01:22:34.960+0000] {dagbag.py:541} INFO - Filling up the DagBag from /home/vscode/.local/lib/python3.10/site-packages/airflow/example_dags/example_branch_operator.py
[2026-09-17T01:22:34.967+0000] {processor.py:836} INFO - DAG(s) dict_keys(['example_branch_operator']) retrieved from /home/vscode/.local/lib/python3.10/site-packages/airflow/example_dags/example_branch_operator.py
[2026-09-17T01:22:34.983+0000] {logging_mixin.py:150} INFO - [2026-09-17T01:22:34.982+0000] {dag.py:2742} INFO - Sync 1 DAGs
[2026-09-17T01:22:35.003+0000] {logging_mixin.py:150} INFO - [2026-09-17T01:22:35.002+0000] {dag.py:3504} INFO - Setting next_dagrun for example_branch_operator to 2026-09-16T00:00:00+00:00, run_after=2026-09-17T00:00:00+00:00
[2026-09-17T01:22:35.023+0000] {processor.py:179} INFO - Processing /home/vscode/.local/lib/python3.10/site-packages/airflow/example_dags/example_branch_operator.py took 0.066 seconds
[2026-09-17T01:23:00.755+0000] {processor.py:157} INFO - Started process (PID=37398) to work on /home/vscode/.local/lib/python3.10/site-packages/airflow/example_dags/example_branch_operator.py
[2026-09-17T01:23:00.756+0000] {processor.py:826} INFO - Processing file /home/vscode/.local/lib/python3.10/site-packages/airflow/example_dags/example_branch_operator.py for tasks to queue
[2026-09-17T01:23:00.756+0000] {logging_mixin.py:150} INFO - [2026-09-17T01:23:00.756+0000] {dagbag.py:541} INFO - Filling up the DagBag from /home/vscode/.local/lib/python3.10/site-packages/airflow/example_dags/example_branch_operator.py
[2026-09-17T01:23:00.764+0000] {processor.py:836} INFO - DAG(s) dict_keys(['example_branch_operator']) retrieved from /home/vscode/.local/lib/python3.10/site-packages/airflow/example_dags/example_branch_operator.py
[2026-09-17T01:23:00.778+0000] {logging_mixin.py:150} INFO - [2026-09-17T01:23:00.778+0000] {dag.py:2742} INFO - Sync 1 DAGs
[2026-09-17T01:23:00.797+0000] {logging_mixin.py:150} INFO - [2026-09-17T01:23:00.797+0000] {dag.py:3504} INFO - Setting next_dagrun for example_branch_operator to 2026-09-16T00:00:00+00:00, run_after=2026-09-17T00:00:00+00:00
[2026-09-17T01:23:00.813+0000] {processor.py:179} INFO - Processing /home/vscode/.local/lib/python3.10/site-packages/airflow/example_dags/example_branch_operator.py took 0.060 seconds
[2026-09-17T01:23:23.077+0000] {processor.py:157} INFO - Started process (PID=37649) to work on /home/vscode/.local/lib/python3.10/site-packages/airflow/example_dags/example_branch_operator.py
[2026-09-17T01:23:23.077+0000] {processor.py:826} INFO - Processing file /home/vscode/.local/lib/python3.10/site-packages/airflow/example_dags/example_branch_operator.py for tasks to queue
[2026-09-17T01:23:23.078+0000] {logging_mixin.py:150} INFO - [2026-09-17T01:23:23.078+0000] {dagbag.py:541} INFO - Filling up the DagBag from /home/vscode/.local/lib/python3.10/site-packages/airflow/example_dags/example_branch_operator.py
[2026-09-17T01:23:23.089+0000] {processor.py:836} INFO - DAG(s) dict_keys(['example_branch_operator']) retrieved from /home/vscode/.local/lib/python3.10/site-packages/airflow/example_dags/example_branch_operator.py
[2026-09-17T01:23:23.108+0000] {logging_mixin.py:150} INFO - [2026-09-17T01:23:23.107+0000] {dag.py:2742} INFO - Sync 1 DAGs
[2026-09-17T01:23:23.123+0000] {logging_mixin.py:150} INFO - [2026-09-17T01:23:23.123+0000] {dag.py:3504} INFO - Setting next_dagrun for example_branch_operator to 2026-09-16T00:00:00+00:00, run_after=2026-09-17T00:00:00+00:00
[2026-09-17T01:23:23.139+0000] {processor.py:179} INFO - Processing /home/vscode/.local/lib/python3.10/site-packages/airflow/example_dags/example_branch_operator.py took 0.066 seconds
[2026-09-17T01:23:50.898+0000] {processor.py:157} INFO - Started process (PID=37858) to work on /home/vscode/.local/lib/python3.10/site-packages/airflow/example_dags/example_branch_operator.py
[2026-09-17T01:23:50.899+0000] {processor.py:826} INFO - Processing file /home/vscode/.local/lib/python3.10/site-packages/airflow/example_dags/example_branch_operator.py for tasks to queue
[2026-09-17T01:23:50.900+0000] {logging_mixin.py:150} INFO - [2026-09-17T01:23:50.899+0000] {dagbag.py:541} INFO - Filling up the DagBag from /home/vscode/.local/lib/python3.10/site-packages/airflow/example_dags/example_branch_operator.py
[2026-09-17T01:23:50.908+0000] {processor.py:836} INFO - DAG(s) dict_keys(['example_branch_operator']) retrieved from /home/vscode/.local/lib/python3.10/site-packages/airflow/example_dags/example_branch_operator.py
[2026-09-17T01:23:50.923+0000] {logging_mixin.py:150} INFO - [2026-09-17T01:23:50.923+0000] {dag.py:2742} INFO - Sync 1 DAGs
[2026-09-17T01:23:50.940+0000] {logging_mixin.py:150} INFO - [2026-09-17T01:23:50.940+0000] {dag.py:3504} INFO - Setting next_dagrun for example_branch_operator to 2026-09-16T00:00:00+00:00, run_after=2026-09-17T00:00:00+00:00
[2026-09-17T01:23:50.958+0000] {processor.py:179} INFO - Processing /home/vscode/.local/lib/python3.10/site-packages/airflow/example_dags/example_branch_operator.py took 0.062 seconds
[2026-09-17T01:24:11.778+0000] {processor.py:157} INFO - Started process (PID=38103) to work on /home/vscode/.local/lib/python3.10/site-packages/airflow/example_dags/example_branch_operator.py
[2026-09-17T01:24:11.779+0000] {processor.py:826} INFO - Processing file /home/vscode/.local/lib/python3.10/site-packages/airflow/example_dags/example_branch_operator.py for tasks to queue
[2026-09-17T01:24:11.780+0000] {logging_mixin.py:150} INFO - [2026-09-17T01:24:11.779+0000] {dagbag.py:541} INFO - Filling up the DagBag from /home/vscode/.local/lib/python3.10/site-packages/airflow/example_dags/example_branch_operator.py
[2026-09-17T01:24:11.789+0000] {processor.py:836} INFO - DAG(s) dict_keys(['example_branch_operator']) retrieved from /home/vscode/.local/lib/python3.10/site-packages/airflow/example_dags/example_branch_operator.py
[2026-09-17T01:24:11.806+0000] {logging_mixin.py:150} INFO - [2026-09-17T01:24:11.806+0000] {dag.py:2742} INFO - Sync 1 DAGs
[2026-09-17T01:24:11.822+0000] {logging_mixin.py:150} INFO - [2026-09-17T01:24:11.821+0000] {dag.py:3504} INFO - Setting next_dagrun for example_branch_operator to 2026-09-16T00:00:00+00:00, run_after=2026-09-17T00:00:00+00:00
[2026-09-17T01:24:11.843+0000] {processor.py:179} INFO - Processing /home/vscode/.local/lib/python3.10/site-packages/airflow/example_dags/example_branch_operator.py took 0.067 seconds
