[2026-09-17T00:55:33.654+0000] {processor.py:157} INFO - Started process (PID=21962) to work on /home/vscode/.local/lib/python3.10/site-packages/airflow/example_dags/example_sensors.py
[2026-09-17T00:55:33.657+0000] {processor.py:826} INFO - Processing file /home/vscode/.local/lib/python3.10/site-packages/airflow/example_dags/example_sensors.py for tasks to queue
[2026-09-17T00:55:33.660+0000] {logging_mixin.py:150} INFO - [2026-09-17T00:55:33.659+0000] {dagbag.py:541} INFO - Filling up the DagBag from /home/vscode/.local/lib/python3.10/site-packages/airflow/example_dags/example_sensors.py
[2026-09-17T00:55:33.692+0000] {processor.py:836} INFO - DAG(s) dict_keys(['example_sensors']) retrieved from /home/vscode/.local/lib/python3.10/site-packages/airflow/example_dags/example_sensors.py
[2026-09-17T00:55:33.858+0000] {logging_mixin.py:150} INFO - [2026-09-17T00:55:33.857+0000] {manager.py:504} INFO - Created Permission View: can delete on DAG:example_sensors
[2026-09-17T00:55:33.877+0000] {logging_mixin.py:150} INFO - [2026-09-17T00:55:33.877+0000] {manager.py:504} INFO - Created Permission View: can edit on DAG:example_sensors
[2026-09-17T00:55:33.889+0000] {logging_mixin.py:150} INFO - [2026-09-17T00:55:33.889+0000] {manager.py:504} INFO - Created Permission View: can read on DAG:example_sensors
[2026-09-17T00:55:33.901+0000] {logging_mixin.py:150} INFO - [2026-09-17T00:55:33.901+0000] {dag.py:2742} INFO - Sync 1 DAGs
[2026-09-17T00:55:33.913+0000] {logging_mixin.py:150} INFO - [2026-09-17T00:55:33.913+0000] {dag.py:2763} INFO - Creating ORM DAG for example_sensors
[2026-09-17T00:55:33.924+0000] {logging_mixin.py:150} INFO - [2026-09-17T00:55:33.923+0000] {dag.py:3504} INFO - Setting next_dagrun for example_sensors to None, run_after=None
[2026-09-17T00:55:33.945+0000] {processor.py:179} INFO - Processing /home/vscode/.local/lib/python3.10/site-packages/airflow/example_dags/example_sensors.py took 0.298 seconds
[2026-09-17T00:56:03.750+0000] {processor.py:157} INFO - Started process (PID=22325) to work on /home/vscode/.local/lib/python3.10/site-packages/airflow/example_dags/example_sensors.py
[2026-09-17T00:56:03.752+0000] {processor.py:826} INFO - Processing file /home/vscode/.local/lib/python3.10/site-packages/airflow/example_dags/example_sensors.py for tasks to queue
[2026-09-17T00:56:03.753+0000] {logging_mixin.py:150} INFO - [2026-09-17T00:56:03.752+0000] {dagbag.py:541} INFO - Filling up the DagBag from /home/vscode/.local/lib/python3.10/site-packages/airflow/example_dags/example_sensors.py
[2026-09-17T00:56:03.765+0000] {processor.py:836} INFO - DAG(s) dict_keys(['example_sensors']) retrieved from /home/vscode/.local/lib/python3.10/site-packages/airflow/example_dags/example_sensors.py
[2026-09-17T00:56:03.815+0000] {logging_mixin.py:150} INFO - [2026-09-17T00:56:03.812+0000] {dag.py:2742} INFO - Sync 1 DAGs
[2026-09-17T00:56:03.882+0000] {logging_mixin.py:150} INFO - [2026-09-17T00:56:03.881+0000] {dag.py:3504} INFO - Setting next_dagrun for example_sensors to None, run_after=None
[2026-09-17T00:56:03.944+0000] {processor.py:179} INFO - Processing /home/vscode/.local/lib/python3.10/site-packages/airflow/example_dags/example_sensors.py took 0.198 seconds
[2026-09-17T00:56:29.603+0000] {processor.py:157} INFO - Started process (PID=22551) to work on /home/vscode/.local/lib/python3.10/site-packages/airflow/example_dags/example_sensors.py
[2026-09-17T00:56:29.604+0000] {processor.py:826} INFO - Processing file /home/vscode/.local/lib/python3.10/site-packages/airflow/example_dags/example_sensors.py for tasks to queue
[2026-09-17T00:56:29.606+0000] {logging_mixin.py:150} INFO - [2026-09-17T00:56:29.605+0000] {dagbag.py:541} INFO - Filling up the DagBag from /home/vscode/.local/lib/python3.10/site-packages/airflow/example_dags/example_sensors.py
[2026-09-17T00:56:29.635+0000] {processor.py:836} INFO - DAG(s) dict_keys(['example_sensors']) retrieved from /home/vscode/.local/lib/python3.10/site-packages/airflow/example_dags/example_sensors.py
[2026-09-17T00:56:29.674+0000] {logging_mixin.py:150} INFO - [2026-09-17T00:56:29.674+0000] {dag.py:2742} INFO - Sync 1 DAGs
[2026-09-17T00:56:29.704+0000] {logging_mixin.py:150} INFO - [2026-09-17T00:56:29.703+0000] {dag.py:3504} INFO - Setting next_dagrun for example_sensors to None, run_after=None
[2026-09-17T00:56:29.738+0000] {processor.py:179} INFO - Processing /home/vscode/.local/lib/python3.10/site-packages/airflow/example_dags/example_sensors.py took 0.141 seconds
[2026-09-17T00:56:51.666+0000] {processor.py:157} INFO - Started process (PID=22790) to work on /home/vscode/.local/lib/python3.10/site-packages/airflow/example_dags/example_sensors.py
[2026-09-17T00:56:51.667+0000] {processor.py:826} INFO - Processing file /home/vscode/.local/lib/python3.10/site-packages/airflow/example_dags/example_sensors.py for tasks to queue
[2026-09-17T00:56:51.668+0000] {logging_mixin.py:150} INFO - [2026-09-17T00:56:51.667+0000] {dagbag.py:541} INFO - Filling up the DagBag from /home/vscode/.local/lib/python3.10/site-packages/airflow/example_dags/example_sensors.py
[2026-09-17T00:56:51.675+0000] {processor.py:836} INFO - DAG(s) dict_keys(['example_sensors']) retrieved from /home/vscode/.local/lib/python3.10/site-packages/airflow/example_dags/example_sensors.py
[2026-09-17T00:56:51.691+0000] {logging_mixin.py:150} INFO - [2026-09-17T00:56:51.691+0000] {dag.py:2742} INFO - Sync 1 DAGs
[2026-09-17T00:56:51.706+0000] {logging_mixin.py:150} INFO - [2026-09-17T00:56:51.706+0000] {dag.py:3504} INFO - Setting next_dagrun for example_sensors to None, run_after=None
[2026-09-17T00:56:51.726+0000] {processor.py:179} INFO - Processing /home/vscode/.local/lib/python3.10/site-packages/airflow/example_dags/example_sensors.py took 0.062 seconds
[2026-09-17T00:57:19.165+0000] {processor.py:157} INFO - Started process (PID=22987) to work on /home/vscode/.local/lib/python3.10/site-packages/airflow/example_dags/example_sensors.py
[2026-09-17T00:57:19.166+0000] {processor.py:826} INFO - Processing file /home/vscode/.local/lib/python3.10/site-packages/airflow/example_dags/example_sensors.py for tasks to queue
[2026-09-17T00:57:19.167+0000] {logging_mixin.py:150} INFO - [2026-09-17T00:57:19.166+0000] {dagbag.py:541} INFO - Filling up the DagBag from /home/vscode/.local/lib/python3.10/site-packages/airflow/example_dags/example_sensors.py
[2026-09-17T00:57:19.174+0000] {processor.py:836} INFO - DAG(s) dict_keys(['example_sensors']) retrieved from /home/vscode/.local/lib/python3.10/site-packages/airflow/example_dags/example_sensors.py
[2026-09-17T00:57:19.195+0000] {logging_mixin.py:150} INFO - [2026-09-17T00:57:19.195+0000] {dag.py:2742} INFO - Sync 1 DAGs
[2026-09-17T00:57:19.224+0000] {logging_mixin.py:150} INFO - [2026-09-17T00:57:19.224+0000] {dag.py:3504} INFO - Setting next_dagrun for example_sensors to None, run_after=None
[2026-09-17T00:57:19.290+0000] {processor.py:179} INFO - Processing /home/vscode/.local/lib/python3.10/site-packages/airflow/example_dags/example_sensors.py took 0.127 seconds
[2026-09-17T00:57:41.524+0000] {processor.py:157} INFO - Started process (PID=23158) to work on /home/vscode/.local/lib/python3.10/site-packages/airflow/example_dags/example_sensors.py
[2026-09-17T00:57:41.525+0000] {processor.py:826} INFO - Processing file /home/vscode/.local/lib/python3.10/site-packages/airflow/example_dags/example_sensors.py for tasks to queue
[2026-09-17T00:57:41.526+0000] {logging_mixin.py:150} INFO - [2026-09-17T00:57:41.526+0000] {dagbag.py:541} INFO - Filling up the DagBag from /home/vscode/.local/lib/python3.10/site-packages/airflow/example_dags/example_sensors.py
[2026-09-17T00:57:41.534+0000] {processor.py:836} INFO - DAG(s) dict_keys(['example_sensors']) retrieved from /home/vscode/.local/lib/python3.10/site-packages/airflow/example_dags/example_sensors.py
[2026-09-17T00:57:41.554+0000] {logging_mixin.py:150} INFO - [2026-09-17T00:57:41.554+0000] {dag.py:2742} INFO - Sync 1 DAGs
[2026-09-17T00:57:41.575+0000] {logging_mixin.py:150} INFO - [2026-09-17T00:57:41.575+0000] {dag.py:3504} INFO - Setting next_dagrun for example_sensors to None, run_after=None
[2026-09-17T00:57:41.608+0000] {processor.py:179} INFO - Processing /home/vscode/.local/lib/python3.10/site-packages/airflow/example_dags/example_sensors.py took 0.086 seconds
[2026-09-17T00:58:08.957+0000] {processor.py:157} INFO - Started process (PID=23366) to work on /home/vscode/.local/lib/python3.10/site-packages/airflow/example_dags/example_sensors.py
[2026-09-17T00:58:08.958+0000] {processor.py:826} INFO - Processing file /home/vscode/.local/lib/python3.10/site-packages/airflow/example_dags/example_sensors.py for tasks to queue
[2026-09-17T00:58:08.958+0000] {logging_mixin.py:150} INFO - [2026-09-17T00:58:08.958+0000] {dagbag.py:541} INFO - Filling up the DagBag from /home/vscode/.local/lib/python3.10/site-packages/airflow/example_dags/example_sensors.py
[2026-09-17T00:58:08.966+0000] {processor.py:836} INFO - DAG(s) dict_keys(['example_sensors']) retrieved from /home/vscode/.local/lib/python3.10/site-packages/airflow/example_dags/example_sensors.py
[2026-09-17T00:58:08.981+0000] {logging_mixin.py:150} INFO - [2026-09-17T00:58:08.981+0000] {dag.py:2742} INFO - Sync 1 DAGs
[2026-09-17T00:58:09.003+0000] {logging_mixin.py:150} INFO - [2026-09-17T00:58:09.002+0000] {dag.py:3504} INFO - Setting next_dagrun for example_sensors to None, run_after=None
[2026-09-17T00:58:09.019+0000] {processor.py:179} INFO - Processing /home/vscode/.local/lib/python3.10/site-packages/airflow/example_dags/example_sensors.py took 0.064 seconds
[2026-09-17T00:58:33.080+0000] {processor.py:157} INFO - Started process (PID=23657) to work on /home/vscode/.local/lib/python3.10/site-packages/airflow/example_dags/example_sensors.py
[2026-09-17T00:58:33.080+0000] {processor.py:826} INFO - Processing file /home/vscode/.local/lib/python3.10/site-packages/airflow/example_dags/example_sensors.py for tasks to queue
[2026-09-17T00:58:33.081+0000] {logging_mixin.py:150} INFO - [2026-09-17T00:58:33.081+0000] {dagbag.py:541} INFO - Filling up the DagBag from /home/vscode/.local/lib/python3.10/site-packages/airflow/example_dags/example_sensors.py
[2026-09-17T00:58:33.092+0000] {processor.py:836} INFO - DAG(s) dict_keys(['example_sensors']) retrieved from /home/vscode/.local/lib/python3.10/site-packages/airflow/example_dags/example_sensors.py
[2026-09-17T00:58:33.110+0000] {logging_mixin.py:150} INFO - [2026-09-17T00:58:33.110+0000] {dag.py:2742} INFO - Sync 1 DAGs
[2026-09-17T00:58:33.125+0000] {logging_mixin.py:150} INFO - [2026-09-17T00:58:33.125+0000] {dag.py:3504} INFO - Setting next_dagrun for example_sensors to None, run_after=None
[2026-09-17T00:58:33.152+0000] {processor.py:179} INFO - Processing /home/vscode/.local/lib/python3.10/site-packages/airflow/example_dags/example_sensors.py took 0.075 seconds
[2026-09-17T00:58:57.497+0000] {processor.py:157} INFO - Started process (PID=23940) to work on /home/vscode/.local/lib/python3.10/site-packages/airflow/example_dags/example_sensors.py
[2026-09-17T00:58:57.498+0000] {processor.py:826} INFO - Processing file /home/vscode/.local/lib/python3.10/site-packages/airflow/example_dags/example_sensors.py for tasks to queue
[2026-09-17T00:58:57.499+0000] {logging_mixin.py:150} INFO - [2026-09-17T00:58:57.498+0000] {dagbag.py:541} INFO - Filling up the DagBag from /home/vscode/.local/lib/python3.10/site-packages/airflow/example_dags/example_sensors.py
[2026-09-17T00:58:57.511+0000] {processor.py:836} INFO - DAG(s) dict_keys(['example_sensors']) retrieved from /home/vscode/.local/lib/python3.10/site-packages/airflow/example_dags/example_sensors.py
[2026-09-17T00:58:57.533+0000] {logging_mixin.py:150} INFO - [2026-09-17T00:58:57.533+0000] {dag.py:2742} INFO - Sync 1 DAGs
[2026-09-17T00:58:57.552+0000] {logging_mixin.py:150} INFO - [2026-09-17T00:58:57.552+0000] {dag.py:3504} INFO - Setting next_dagrun for example_sensors to None, run_after=None
[2026-09-17T00:58:57.575+0000] {processor.py:179} INFO - Processing /home/vscode/.local/lib/python3.10/site-packages/airflow/example_dags/example_sensors.py took 0.081 seconds
[2026-09-17T00:59:28.638+0000] {processor.py:157} INFO - Started process (PID=24331) to work on /home/vscode/.local/lib/python3.10/site-packages/airflow/example_dags/example_sensors.py
[2026-09-17T00:59:28.639+0000] {processor.py:826} INFO - Processing file /home/vscode/.local/lib/python3.10/site-packages/airflow/example_dags/example_sensors.py for tasks to queue
[2026-09-17T00:59:28.640+0000] {logging_mixin.py:150} INFO - [2026-09-17T00:59:28.639+0000] {dagbag.py:541} INFO - Filling up the DagBag from /home/vscode/.local/lib/python3.10/site-packages/airflow/example_dags/example_sensors.py
[2026-09-17T00:59:28.647+0000] {processor.py:836} INFO - DAG(s) dict_keys(['example_sensors']) retrieved from /home/vscode/.local/lib/python3.10/site-packages/airflow/example_dags/example_sensors.py
[2026-09-17T00:59:28.663+0000] {logging_mixin.py:150} INFO - [2026-09-17T00:59:28.663+0000] {dag.py:2742} INFO - Sync 1 DAGs
[2026-09-17T00:59:28.677+0000] {logging_mixin.py:150} INFO - [2026-09-17T00:59:28.677+0000] {dag.py:3504} INFO - Setting next_dagrun for example_sensors to None, run_after=None
[2026-09-17T00:59:28.694+0000] {processor.py:179} INFO - Processing /home/vscode/.local/lib/python3.10/site-packages/airflow/example_dags/example_sensors.py took 0.058 seconds
[2026-09-17T00:59:48.108+0000] {processor.py:157} INFO - Started process (PID=24592) to work on /home/vscode/.local/lib/python3.10/site-packages/airflow/example_dags/example_sensors.py
[2026-09-17T00:59:48.109+0000] {processor.py:826} INFO - Processing file /home/vscode/.local/lib/python3.10/site-packages/airflow/example_dags/example_sensors.py for tasks to queue
[2026-09-17T00:59:48.110+0000] {logging_mixin.py:150} INFO - [2026-09-17T00:59:48.109+0000] {dagbag.py:541} INFO - Filling up the DagBag from /home/vscode/.local/lib/python3.10/site-packages/airflow/example_dags/example_sensors.py
[2026-09-17T00:59:48.124+0000] {processor.py:836} INFO - DAG(s) dict_keys(['example_sensors']) retrieved from /home/vscode/.local/lib/python3.10/site-packages/airflow/example_dags/example_sensors.py
[2026-09-17T00:59:48.163+0000] {logging_mixin.py:150} INFO - [2026-09-17T00:59:48.162+0000] {dag.py:2742} INFO - Sync 1 DAGs
[2026-09-17T00:59:48.187+0000] {logging_mixin.py:150} INFO - [2026-09-17T00:59:48.187+0000] {dag.py:3504} INFO - Setting next_dagrun for example_sensors to None, run_after=None
[2026-09-17T00:59:48.242+0000] {processor.py:179} INFO - Processing /home/vscode/.local/lib/python3.10/site-packages/airflow/example_dags/example_sensors.py took 0.137 seconds
[2026-09-17T01:00:18.939+0000] {processor.py:157} INFO - Started process (PID=25063) to work on /home/vscode/.local/lib/python3.10/site-packages/airflow/example_dags/example_sensors.py
[2026-09-17T01:00:18.939+0000] {processor.py:826} INFO - Processing file /home/vscode/.local/lib/python3.10/site-packages/airflow/example_dags/example_sensors.py for tasks to queue
[2026-09-17T01:00:18.940+0000] {logging_mixin.py:150} INFO - [2026-09-17T01:00:18.940+0000] {dagbag.py:541} INFO - Filling up the DagBag from /home/vscode/.local/lib/python3.10/site-packages/airflow/example_dags/example_sensors.py
[2026-09-17T01:00:18.948+0000] {processor.py:836} INFO - DAG(s) dict_keys(['example_sensors']) retrieved from /home/vscode/.local/lib/python3.10/site-packages/airflow/example_dags/example_sensors.py
[2026-09-17T01:00:18.970+0000] {logging_mixin.py:150} INFO - [2026-09-17T01:00:18.970+0000] {dag.py:2742} INFO - Sync 1 DAGs
[2026-09-17T01:00:18.992+0000] {logging_mixin.py:150} INFO - [2026-09-17T01:00:18.992+0000] {dag.py:3504} INFO - Setting next_dagrun for example_sensors to None, run_after=None
[2026-09-17T01:00:19.012+0000] {processor.py:179} INFO - Processing /home/vscode/.local/lib/python3.10/site-packages/airflow/example_dags/example_sensors.py took 0.076 seconds
[2026-09-17T01:00:32.186+0000] {processor.py:157} INFO - Started process (PID=25247) to work on /home/vscode/.local/lib/python3.10/site-packages/airflow/example_dags/example_sensors.py
[2026-09-17T01:00:32.187+0000] {processor.py:826} INFO - Processing file /home/vscode/.local/lib/python3.10/site-packages/airflow/example_dags/example_sensors.py for tasks to queue
[2026-09-17T01:00:32.188+0000] {logging_mixin.py:150} INFO - [2026-09-17T01:00:32.187+0000] {dagbag.py:541} INFO - Filling up the DagBag from /home/vscode/.local/lib/python3.10/site-packages/airflow/example_dags/example_sensors.py
[2026-09-17T01:00:32.198+0000] {processor.py:836} INFO - DAG(s) dict_keys(['example_sensors']) retrieved from /home/vscode/.local/lib/python3.10/site-packages/airflow/example_dags/example_sensors.py
[2026-09-17T01:00:32.216+0000] {logging_mixin.py:150} INFO - [2026-09-17T01:00:32.216+0000] {dag.py:2742} INFO - Sync 1 DAGs
[2026-09-17T01:00:32.230+0000] {logging_mixin.py:150} INFO - [2026-09-17T01:00:32.230+0000] {dag.py:3504} INFO - Setting next_dagrun for example_sensors to None, run_after=None
[2026-09-17T01:00:32.246+0000] {processor.py:179} INFO - Processing /home/vscode/.local/lib/python3.10/site-packages/airflow/example_dags/example_sensors.py took 0.063 seconds
[2026-09-17T01:01:09.304+0000] {processor.py:157} INFO - Started process (PID=25581) to work on /home/vscode/.local/lib/python3.10/site-packages/airflow/example_dags/example_sensors.py
[2026-09-17T01:01:09.304+0000] {processor.py:826} INFO - Processing file /home/vscode/.local/lib/python3.10/site-packages/airflow/example_dags/example_sensors.py for tasks to queue
[2026-09-17T01:01:09.305+0000] {logging_mixin.py:150} INFO - [2026-09-17T01:01:09.305+0000] {dagbag.py:541} INFO - Filling up the DagBag from /home/vscode/.local/lib/python3.10/site-packages/airflow/example_dags/example_sensors.py
[2026-09-17T01:01:09.313+0000] {processor.py:836} INFO - DAG(s) dict_keys(['example_sensors']) retrieved from /home/vscode/.local/lib/python3.10/site-packages/airflow/example_dags/example_sensors.py
[2026-09-17T01:01:09.328+0000] {logging_mixin.py:150} INFO - [2026-09-17T01:01:09.328+0000] {dag.py:2742} INFO - Sync 1 DAGs
[2026-09-17T01:01:09.343+0000] {logging_mixin.py:150} INFO - [2026-09-17T01:01:09.343+0000] {dag.py:3504} INFO - Setting next_dagrun for example_sensors to None, run_after=None
[2026-09-17T01:01:09.359+0000] {processor.py:179} INFO - Processing /home/vscode/.local/lib/python3.10/site-packages/airflow/example_dags/example_sensors.py took 0.058 seconds
[2026-09-17T01:01:24.879+0000] {processor.py:157} INFO - Started process (PID=25716) to work on /home/vscode/.local/lib/python3.10/site-packages/airflow/example_dags/example_sensors.py
[2026-09-17T01:01:24.880+0000] {processor.py:826} INFO - Processing file /home/vscode/.local/lib/python3.10/site-packages/airflow/example_dags/example_sensors.py for tasks to queue
[2026-09-17T01:01:24.881+0000] {logging_mixin.py:150} INFO - [2026-09-17T01:01:24.880+0000] {dagbag.py:541} INFO - Filling up the DagBag from /home/vscode/.local/lib/python3.10/site-packages/airflow/example_dags/example_sensors.py
[2026-09-17T01:01:24.889+0000] {processor.py:836} INFO - DAG(s) dict_keys(['example_sensors']) retrieved from /home/vscode/.local/lib/python3.10/site-packages/airflow/example_dags/example_sensors.py
[2026-09-17T01:01:24.911+0000] {logging_mixin.py:150} INFO - [2026-09-17T01:01:24.910+0000] {dag.py:2742} INFO - Sync 1 DAGs
[2026-09-17T01:01:24.933+0000] {logging_mixin.py:150} INFO - [2026-09-17T01:01:24.933+0000] {dag.py:3504} INFO - Setting next_dagrun for example_sensors to None, run_after=None
[2026-09-17T01:01:24.955+0000] {processor.py:179} INFO - Processing /home/vscode/.local/lib/python3.10/site-packages/airflow/example_dags/example_sensors.py took 0.078 seconds
[2026-09-17T01:01:56.544+0000] {processor.py:157} INFO - Started process (PID=25972) to work on /home/vscode/.local/lib/python3.10/site-packages/airflow/example_dags/example_sensors.py
[2026-09-17T01:01:56.545+0000] {processor.py:826} INFO - Processing file /home/vscode/.local/lib/python3.10/site-packages/airflow/example_dags/example_sensors.py for tasks to queue
[2026-09-17T01:01:56.546+0000] {logging_mixin.py:150} INFO - [2026-09-17T01:01:56.546+0000] {dagbag.py:541} INFO - Filling up the DagBag from /home/vscode/.local/lib/python3.10/site-packages/airflow/example_dags/example_sensors.py
[2026-09-17T01:01:56.554+0000] {processor.py:836} INFO - DAG(s) dict_keys(['example_sensors']) retrieved from /home/vscode/.local/lib/python3.10/site-packages/airflow/example_dags/example_sensors.py
[2026-09-17T01:01:56.569+0000] {logging_mixin.py:150} INFO - [2026-09-17T01:01:56.569+0000] {dag.py:2742} INFO - Sync 1 DAGs
[2026-09-17T01:01:56.585+0000] {logging_mixin.py:150} INFO - [2026-09-17T01:01:56.585+0000] {dag.py:3504} INFO - Setting next_dagrun for example_sensors to None, run_after=None
[2026-09-17T01:01:56.604+0000] {processor.py:179} INFO - Processing /home/vscode/.local/lib/python3.10/site-packages/airflow/example_dags/example_sensors.py took 0.062 seconds
[2026-09-17T01:02:17.010+0000] {processor.py:157} INFO - Started process (PID=26147) to work on /home/vscode/.local/lib/python3.10/site-packages/airflow/example_dags/example_sensors.py
[2026-09-17T01:02:17.011+0000] {processor.py:826} INFO - Processing file /home/vscode/.local/lib/python3.10/site-packages/airflow/example_dags/example_sensors.py for tasks to queue
[2026-09-17T01:02:17.012+0000] {logging_mixin.py:150} INFO - [2026-09-17T01:02:17.011+0000] {dagbag.py:541} INFO - Filling up the DagBag from /home/vscode/.local/lib/python3.10/site-packages/airflow/example_dags/example_sensors.py
[2026-09-17T01:02:17.021+0000] {processor.py:836} INFO - DAG(s) dict_keys(['example_sensors']) retrieved from /home/vscode/.local/lib/python3.10/site-packages/airflow/example_dags/example_sensors.py
[2026-09-17T01:02:17.039+0000] {logging_mixin.py:150} INFO - [2026-09-17T01:02:17.039+0000] {dag.py:2742} INFO - Sync 1 DAGs
[2026-09-17T01:02:17.053+0000] {logging_mixin.py:150} INFO - [2026-09-17T01:02:17.053+0000] {dag.py:3504} INFO - Setting next_dagrun for example_sensors to None, run_after=None
[2026-09-17T01:02:17.073+0000] {processor.py:179} INFO - Processing /home/vscode/.local/lib/python3.10/site-packages/airflow/example_dags/example_sensors.py took 0.066 seconds
[2026-09-17T01:02:41.143+0000] {processor.py:157} INFO - Started process (PID=26353) to work on /home/vscode/.local/lib/python3.10/site-packages/airflow/example_dags/example_sensors.py
[2026-09-17T01:02:41.143+0000] {processor.py:826} INFO - Processing file /home/vscode/.local/lib/python3.10/site-packages/airflow/example_dags/example_sensors.py for tasks to queue
[2026-09-17T01:02:41.144+0000] {logging_mixin.py:150} INFO - [2026-09-17T01:02:41.144+0000] {dagbag.py:541} INFO - Filling up the DagBag from /home/vscode/.local/lib/python3.10/site-packages/airflow/example_dags/example_sensors.py
[2026-09-17T01:02:41.152+0000] {processor.py:836} INFO - DAG(s) dict_keys(['example_sensors']) retrieved from /home/vscode/.local/lib/python3.10/site-packages/airflow/example_dags/example_sensors.py
[2026-09-17T01:02:41.174+0000] {logging_mixin.py:150} INFO - [2026-09-17T01:02:41.174+0000] {dag.py:2742} INFO - Sync 1 DAGs
[2026-09-17T01:02:41.191+0000] {logging_mixin.py:150} INFO - [2026-09-17T01:02:41.191+0000] {dag.py:3504} INFO - Setting next_dagrun for example_sensors to None, run_after=None
[2026-09-17T01:02:41.210+0000] {processor.py:179} INFO - Processing /home/vscode/.local/lib/python3.10/site-packages/airflow/example_dags/example_sensors.py took 0.070 seconds
[2026-09-17T01:03:10.857+0000] {processor.py:157} INFO - Started process (PID=26603) to work on /home/vscode/.local/lib/python3.10/site-packages/airflow/example_dags/example_sensors.py
[2026-09-17T01:03:10.857+0000] {processor.py:826} INFO - Processing file /home/vscode/.local/lib/python3.10/site-packages/airflow/example_dags/example_sensors.py for tasks to queue
[2026-09-17T01:03:10.858+0000] {logging_mixin.py:150} INFO - [2026-09-17T01:03:10.858+0000] {dagbag.py:541} INFO - Filling up the DagBag from /home/vscode/.local/lib/python3.10/site-packages/airflow/example_dags/example_sensors.py
[2026-09-17T01:03:10.869+0000] {processor.py:836} INFO - DAG(s) dict_keys(['example_sensors']) retrieved from /home/vscode/.local/lib/python3.10/site-packages/airflow/example_dags/example_sensors.py
[2026-09-17T01:03:10.897+0000] {logging_mixin.py:150} INFO - [2026-09-17T01:03:10.897+0000] {dag.py:2742} INFO - Sync 1 DAGs
[2026-09-17T01:03:10.918+0000] {logging_mixin.py:150} INFO - [2026-09-17T01:03:10.918+0000] {dag.py:3504} INFO - Setting next_dagrun for example_sensors to None, run_after=None
[2026-09-17T01:03:10.941+0000] {processor.py:179} INFO - Processing /home/vscode/.local/lib/python3.10/site-packages/airflow/example_dags/example_sensors.py took 0.087 seconds
[2026-09-17T01:03:28.903+0000] {processor.py:157} INFO - Started process (PID=26759) to work on /home/vscode/.local/lib/python3.10/site-packages/airflow/example_dags/example_sensors.py
[2026-09-17T01:03:28.904+0000] {processor.py:826} INFO - Processing file /home/vscode/.local/lib/python3.10/site-packages/airflow/example_dags/example_sensors.py for tasks to queue
[2026-09-17T01:03:28.905+0000] {logging_mixin.py:150} INFO - [2026-09-17T01:03:28.904+0000] {dagbag.py:541} INFO - Filling up the DagBag from /home/vscode/.local/lib/python3.10/site-packages/airflow/example_dags/example_sensors.py
[2026-09-17T01:03:28.915+0000] {processor.py:836} INFO - DAG(s) dict_keys(['example_sensors']) retrieved from /home/vscode/.local/lib/python3.10/site-packages/airflow/example_dags/example_sensors.py
[2026-09-17T01:03:28.936+0000] {logging_mixin.py:150} INFO - [2026-09-17T01:03:28.936+0000] {dag.py:2742} INFO - Sync 1 DAGs
[2026-09-17T01:03:28.959+0000] {logging_mixin.py:150} INFO - [2026-09-17T01:03:28.958+0000] {dag.py:3504} INFO - Setting next_dagrun for example_sensors to None, run_after=None
[2026-09-17T01:03:28.983+0000] {processor.py:179} INFO - Processing /home/vscode/.local/lib/python3.10/site-packages/airflow/example_dags/example_sensors.py took 0.082 seconds
[2026-09-17T01:04:00.027+0000] {processor.py:157} INFO - Started process (PID=27020) to work on /home/vscode/.local/lib/python3.10/site-packages/airflow/example_dags/example_sensors.py
[2026-09-17T01:04:00.028+0000] {processor.py:826} INFO - Processing file /home/vscode/.local/lib/python3.10/site-packages/airflow/example_dags/example_sensors.py for tasks to queue
[2026-09-17T01:04:00.028+0000] {logging_mixin.py:150} INFO - [2026-09-17T01:04:00.028+0000] {dagbag.py:541} INFO - Filling up the DagBag from /home/vscode/.local/lib/python3.10/site-packages/airflow/example_dags/example_sensors.py
[2026-09-17T01:04:00.036+0000] {processor.py:836} INFO - DAG(s) dict_keys(['example_sensors']) retrieved from /home/vscode/.local/lib/python3.10/site-packages/airflow/example_dags/example_sensors.py
[2026-09-17T01:04:00.051+0000] {logging_mixin.py:150} INFO - [2026-09-17T01:04:00.051+0000] {dag.py:2742} INFO - Sync 1 DAGs
[2026-09-17T01:04:00.065+0000] {logging_mixin.py:150} INFO - [2026-09-17T01:04:00.065+0000] {dag.py:3504} INFO - Setting next_dagrun for example_sensors to None, run_after=None
[2026-09-17T01:04:00.082+0000] {processor.py:179} INFO - Processing /home/vscode/.local/lib/python3.10/site-packages/airflow/example_dags/example_sensors.py took 0.058 seconds
[2026-09-17T01:04:20.735+0000] {processor.py:157} INFO - Started process (PID=27201) to work on /home/vscode/.local/lib/python3.10/site-packages/airflow/example_dags/example_sensors.py
[2026-09-17T01:04:20.736+0000] {processor.py:826} INFO - Processing file /home/vscode/.local/lib/python3.10/site-packages/airflow/example_dags/example_sensors.py for tasks to queue
[2026-09-17T01:04:20.737+0000] {logging_mixin.py:150} INFO - [2026-09-17T01:04:20.737+0000] {dagbag.py:541} INFO - Filling up the DagBag from /home/vscode/.local/lib/python3.10/site-packages/airflow/example_dags/example_sensors.py
[2026-09-17T01:04:20.755+0000] {processor.py:836} INFO - DAG(s) dict_keys(['example_sensors']) retrieved from /home/vscode/.local/lib/python3.10/site-packages/airflow/example_dags/example_sensors.py
[2026-09-17T01:04:20.772+0000] {logging_mixin.py:150} INFO - [2026-09-17T01:04:20.772+0000] {dag.py:2742} INFO - Sync 1 DAGs
[2026-09-17T01:04:20.788+0000] {logging_mixin.py:150} INFO - [2026-09-17T01:04:20.788+0000] {dag.py:3504} INFO - Setting next_dagrun for example_sensors to None, run_after=None
[2026-09-17T01:04:20.808+0000] {processor.py:179} INFO - Processing /home/vscode/.local/lib/python3.10/site-packages/airflow/example_dags/example_sensors.py took 0.076 seconds
[2026-09-17T01:04:50.075+0000] {processor.py:157} INFO - Started process (PID=27437) to work on /home/vscode/.local/lib/python3.10/site-packages/airflow/example_dags/example_sensors.py
[2026-09-17T01:04:50.076+0000] {processor.py:826} INFO - Processing file /home/vscode/.local/lib/python3.10/site-packages/airflow/example_dags/example_sensors.py for tasks to queue
[2026-09-17T01:04:50.076+0000] {logging_mixin.py:150} INFO - [2026-09-17T01:04:50.076+0000] {dagbag.py:541} INFO - Filling up the DagBag from /home/vscode/.local/lib/python3.10/site-packages/airflow/example_dags/example_sensors.py
[2026-09-17T01:04:50.085+0000] {processor.py:836} INFO - DAG(s) dict_keys(['example_sensors']) retrieved from /home/vscode/.local/lib/python3.10/site-packages/airflow/example_dags/example_sensors.py
[2026-09-17T01:04:50.110+0000] {logging_mixin.py:150} INFO - [2026-09-17T01:04:50.110+0000] {dag.py:2742} INFO - Sync 1 DAGs
[2026-09-17T01:04:50.131+0000] {logging_mixin.py:150} INFO - [2026-09-17T01:04:50.131+0000] {dag.py:3504} INFO - Setting next_dagrun for example_sensors to None, run_after=None
[2026-09-17T01:04:50.147+0000] {processor.py:179} INFO - Processing /home/vscode/.local/lib/python3.10/site-packages/airflow/example_dags/example_sensors.py took 0.075 seconds
[2026-09-17T01:05:10.606+0000] {processor.py:157} INFO - Started process (PID=27618) to work on /home/vscode/.local/lib/python3.10/site-packages/airflow/example_dags/example_sensors.py
[2026-09-17T01:05:10.606+0000] {processor.py:826} INFO - Processing file /home/vscode/.local/lib/python3.10/site-packages/airflow/example_dags/example_sensors.py for tasks to queue
[2026-09-17T01:05:10.607+0000] {logging_mixin.py:150} INFO - [2026-09-17T01:05:10.607+0000] {dagbag.py:541} INFO - Filling up the DagBag from /home/vscode/.local/lib/python3.10/site-packages/airflow/example_dags/example_sensors.py
[2026-09-17T01:05:10.615+0000] {processor.py:836} INFO - DAG(s) dict_keys(['example_sensors']) retrieved from /home/vscode/.local/lib/python3.10/site-packages/airflow/example_dags/example_sensors.py
[2026-09-17T01:05:10.631+0000] {logging_mixin.py:150} INFO - [2026-09-17T01:05:10.631+0000] {dag.py:2742} INFO - Sync 1 DAGs
[2026-09-17T01:05:10.653+0000] {logging_mixin.py:150} INFO - [2026-09-17T01:05:10.653+0000] {dag.py:3504} INFO - Setting next_dagrun for example_sensors to None, run_after=None
[2026-09-17T01:05:10.681+0000] {processor.py:179} INFO - Processing /home/vscode/.local/lib/python3.10/site-packages/airflow/example_dags/example_sensors.py took 0.078 seconds
[2026-09-17T01:05:39.516+0000] {processor.py:157} INFO - Started process (PID=27863) to work on /home/vscode/.local/lib/python3.10/site-packages/airflow/example_dags/example_sensors.py
[2026-09-17T01:05:39.516+0000] {processor.py:826} INFO - Processing file /home/vscode/.local/lib/python3.10/site-packages/airflow/example_dags/example_sensors.py for tasks to queue
[2026-09-17T01:05:39.517+0000] {logging_mixin.py:150} INFO - [2026-09-17T01:05:39.517+0000] {dagbag.py:541} INFO - Filling up the DagBag from /home/vscode/.local/lib/python3.10/site-packages/airflow/example_dags/example_sensors.py
[2026-09-17T01:05:39.525+0000] {processor.py:836} INFO - DAG(s) dict_keys(['example_sensors']) retrieved from /home/vscode/.local/lib/python3.10/site-packages/airflow/example_dags/example_sensors.py
[2026-09-17T01:05:39.549+0000] {logging_mixin.py:150} INFO - [2026-09-17T01:05:39.549+0000] {dag.py:2742} INFO - Sync 1 DAGs
[2026-09-17T01:05:39.580+0000] {logging_mixin.py:150} INFO - [2026-09-17T01:05:39.580+0000] {dag.py:3504} INFO - Setting next_dagrun for example_sensors to None, run_after=None
[2026-09-17T01:05:39.603+0000] {processor.py:179} INFO - Processing /home/vscode/.local/lib/python3.10/site-packages/airflow/example_dags/example_sensors.py took 0.089 seconds
[2026-09-17T01:06:01.322+0000] {processor.py:157} INFO - Started process (PID=28085) to work on /home/vscode/.local/lib/python3.10/site-packages/airflow/example_dags/example_sensors.py
[2026-09-17T01:06:01.323+0000] {processor.py:826} INFO - Processing file /home/vscode/.local/lib/python3.10/site-packages/airflow/example_dags/example_sensors.py for tasks to queue
[2026-09-17T01:06:01.323+0000] {logging_mixin.py:150} INFO - [2026-09-17T01:06:01.323+0000] {dagbag.py:541} INFO - Filling up the DagBag from /home/vscode/.local/lib/python3.10/site-packages/airflow/example_dags/example_sensors.py
[2026-09-17T01:06:01.331+0000] {processor.py:836} INFO - DAG(s) dict_keys(['example_sensors']) retrieved from /home/vscode/.local/lib/python3.10/site-packages/airflow/example_dags/example_sensors.py
[2026-09-17T01:06:01.354+0000] {logging_mixin.py:150} INFO - [2026-09-17T01:06:01.354+0000] {dag.py:2742} INFO - Sync 1 DAGs
[2026-09-17T01:06:01.369+0000] {logging_mixin.py:150} INFO - [2026-09-17T01:06:01.369+0000] {dag.py:3504} INFO - Setting next_dagrun for example_sensors to None, run_after=None
[2026-09-17T01:06:01.386+0000] {processor.py:179} INFO - Processing /home/vscode/.local/lib/python3.10/site-packages/airflow/example_dags/example_sensors.py took 0.067 seconds
[2026-09-17T01:06:26.417+0000] {processor.py:157} INFO - Started process (PID=28298) to work on /home/vscode/.local/lib/python3.10/site-packages/airflow/example_dags/example_sensors.py
[2026-09-17T01:06:26.417+0000] {processor.py:826} INFO - Processing file /home/vscode/.local/lib/python3.10/site-packages/airflow/example_dags/example_sensors.py for tasks to queue
[2026-09-17T01:06:26.418+0000] {logging_mixin.py:150} INFO - [2026-09-17T01:06:26.418+0000] {dagbag.py:541} INFO - Filling up the DagBag from /home/vscode/.local/lib/python3.10/site-packages/airflow/example_dags/example_sensors.py
[2026-09-17T01:06:26.426+0000] {processor.py:836} INFO - DAG(s) dict_keys(['example_sensors']) retrieved from /home/vscode/.local/lib/python3.10/site-packages/airflow/example_dags/example_sensors.py
[2026-09-17T01:06:26.446+0000] {logging_mixin.py:150} INFO - [2026-09-17T01:06:26.445+0000] {dag.py:2742} INFO - Sync 1 DAGs
[2026-09-17T01:06:26.466+0000] {logging_mixin.py:150} INFO - [2026-09-17T01:06:26.466+0000] {dag.py:3504} INFO - Setting next_dagrun for example_sensors to None, run_after=None
[2026-09-17T01:06:26.488+0000] {processor.py:179} INFO - Processing /home/vscode/.local/lib/python3.10/site-packages/airflow/example_dags/example_sensors.py took 0.074 seconds
[2026-09-17T01:06:50.384+0000] {processor.py:157} INFO - Started process (PID=28496) to work on /home/vscode/.local/lib/python3.10/site-packages/airflow/example_dags/example_sensors.py
[2026-09-17T01:06:50.385+0000] {processor.py:826} INFO - Processing file /home/vscode/.local/lib/python3.10/site-packages/airflow/example_dags/example_sensors.py for tasks to queue
[2026-09-17T01:06:50.386+0000] {logging_mixin.py:150} INFO - [2026-09-17T01:06:50.385+0000] {dagbag.py:541} INFO - Filling up the DagBag from /home/vscode/.local/lib/python3.10/site-packages/airflow/example_dags/example_sensors.py
[2026-09-17T01:06:50.396+0000] {processor.py:836} INFO - DAG(s) dict_keys(['example_sensors']) retrieved from /home/vscode/.local/lib/python3.10/site-packages/airflow/example_dags/example_sensors.py
[2026-09-17T01:06:50.414+0000] {logging_mixin.py:150} INFO - [2026-09-17T01:06:50.414+0000] {dag.py:2742} INFO - Sync 1 DAGs
[2026-09-17T01:06:50.428+0000] {logging_mixin.py:150} INFO - [2026-09-17T01:06:50.428+0000] {dag.py:3504} INFO - Setting next_dagrun for example_sensors to None, run_after=None
[2026-09-17T01:06:50.445+0000] {processor.py:179} INFO - Processing /home/vscode/.local/lib/python3.10/site-packages/airflow/example_dags/example_sensors.py took 0.064 seconds
[2026-09-17T01:07:17.613+0000] {processor.py:157} INFO - Started process (PID=28738) to work on /home/vscode/.local/lib/python3.10/site-packages/airflow/example_dags/example_sensors.py
[2026-09-17T01:07:17.614+0000] {processor.py:826} INFO - Processing file /home/vscode/.local/lib/python3.10/site-packages/airflow/example_dags/example_sensors.py for tasks to queue
[2026-09-17T01:07:17.615+0000] {logging_mixin.py:150} INFO - [2026-09-17T01:07:17.615+0000] {dagbag.py:541} INFO - Filling up the DagBag from /home/vscode/.local/lib/python3.10/site-packages/airflow/example_dags/example_sensors.py
[2026-09-17T01:07:17.623+0000] {processor.py:836} INFO - DAG(s) dict_keys(['example_sensors']) retrieved from /home/vscode/.local/lib/python3.10/site-packages/airflow/example_dags/example_sensors.py
[2026-09-17T01:07:17.639+0000] {logging_mixin.py:150} INFO - [2026-09-17T01:07:17.639+0000] {dag.py:2742} INFO - Sync 1 DAGs
[2026-09-17T01:07:17.653+0000] {logging_mixin.py:150} INFO - [2026-09-17T01:07:17.653+0000] {dag.py:3504} INFO - Setting next_dagrun for example_sensors to None, run_after=None
[2026-09-17T01:07:17.671+0000] {processor.py:179} INFO - Processing /home/vscode/.local/lib/python3.10/site-packages/airflow/example_dags/example_sensors.py took 0.060 seconds
[2026-09-17T01:07:41.474+0000] {processor.py:157} INFO - Started process (PID=28925) to work on /home/vscode/.local/lib/python3.10/site-packages/airflow/example_dags/example_sensors.py
[2026-09-17T01:07:41.475+0000] {processor.py:826} INFO - Processing file /home/vscode/.local/lib/python3.10/site-packages/airflow/example_dags/example_sensors.py for tasks to queue
[2026-09-17T01:07:41.476+0000] {logging_mixin.py:150} INFO - [2026-09-17T01:07:41.476+0000] {dagbag.py:541} INFO - Filling up the DagBag from /home/vscode/.local/lib/python3.10/site-packages/airflow/example_dags/example_sensors.py
[2026-09-17T01:07:41.487+0000] {processor.py:836} INFO - DAG(s) dict_keys(['example_sensors']) retrieved from /home/vscode/.local/lib/python3.10/site-packages/airflow/example_dags/example_sensors.py
[2026-09-17T01:07:41.515+0000] {logging_mixin.py:150} INFO - [2026-09-17T01:07:41.514+0000] {dag.py:2742} INFO - Sync 1 DAGs
[2026-09-17T01:07:41.535+0000] {logging_mixin.py:150} INFO - [2026-09-17T01:07:41.534+0000] {dag.py:3504} INFO - Setting next_dagrun for example_sensors to None, run_after=None
[2026-09-17T01:07:41.559+0000] {processor.py:179} INFO - Processing /home/vscode/.local/lib/python3.10/site-packages/airflow/example_dags/example_sensors.py took 0.088 seconds
[2026-09-17T01:08:06.323+0000] {processor.py:157} INFO - Started process (PID=29143) to work on /home/vscode/.local/lib/python3.10/site-packages/airflow/example_dags/example_sensors.py
[2026-09-17T01:08:06.324+0000] {processor.py:826} INFO - Processing file /home/vscode/.local/lib/python3.10/site-packages/airflow/example_dags/example_sensors.py for tasks to queue
[2026-09-17T01:08:06.325+0000] {logging_mixin.py:150} INFO - [2026-09-17T01:08:06.325+0000] {dagbag.py:541} INFO - Filling up the DagBag from /home/vscode/.local/lib/python3.10/site-packages/airflow/example_dags/example_sensors.py
[2026-09-17T01:08:06.334+0000] {processor.py:836} INFO - DAG(s) dict_keys(['example_sensors']) retrieved from /home/vscode/.local/lib/python3.10/site-packages/airflow/example_dags/example_sensors.py
[2026-09-17T01:08:06.350+0000] {logging_mixin.py:150} INFO - [2026-09-17T01:08:06.349+0000] {dag.py:2742} INFO - Sync 1 DAGs
[2026-09-17T01:08:06.364+0000] {logging_mixin.py:150} INFO - [2026-09-17T01:08:06.364+0000] {dag.py:3504} INFO - Setting next_dagrun for example_sensors to None, run_after=None
[2026-09-17T01:08:06.388+0000] {processor.py:179} INFO - Processing /home/vscode/.local/lib/python3.10/site-packages/airflow/example_dags/example_sensors.py took 0.067 seconds
[2026-09-17T01:08:30.862+0000] {processor.py:157} INFO - Started process (PID=29351) to work on /home/vscode/.local/lib/python3.10/site-packages/airflow/example_dags/example_sensors.py
[2026-09-17T01:08:30.863+0000] {processor.py:826} INFO - Processing file /home/vscode/.local/lib/python3.10/site-packages/airflow/example_dags/example_sensors.py for tasks to queue
[2026-09-17T01:08:30.864+0000] {logging_mixin.py:150} INFO - [2026-09-17T01:08:30.864+0000] {dagbag.py:541} INFO - Filling up the DagBag from /home/vscode/.local/lib/python3.10/site-packages/airflow/example_dags/example_sensors.py
[2026-09-17T01:08:30.871+0000] {processor.py:836} INFO - DAG(s) dict_keys(['example_sensors']) retrieved from /home/vscode/.local/lib/python3.10/site-packages/airflow/example_dags/example_sensors.py
[2026-09-17T01:08:30.890+0000] {logging_mixin.py:150} INFO - [2026-09-17T01:08:30.890+0000] {dag.py:2742} INFO - Sync 1 DAGs
[2026-09-17T01:08:30.908+0000] {logging_mixin.py:150} INFO - [2026-09-17T01:08:30.908+0000] {dag.py:3504} INFO - Setting next_dagrun for example_sensors to None, run_after=None
[2026-09-17T01:08:30.924+0000] {processor.py:179} INFO - Processing /home/vscode/.local/lib/python3.10/site-packages/airflow/example_dags/example_sensors.py took 0.065 seconds
[2026-09-17T01:08:54.944+0000] {processor.py:157} INFO - Started process (PID=29565) to work on /home/vscode/.local/lib/python3.10/site-packages/airflow/example_dags/example_sensors.py
[2026-09-17T01:08:54.945+0000] {processor.py:826} INFO - Processing file /home/vscode/.local/lib/python3.10/site-packages/airflow/example_dags/example_sensors.py for tasks to queue
[2026-09-17T01:08:54.945+0000] {logging_mixin.py:150} INFO - [2026-09-17T01:08:54.945+0000] {dagbag.py:541} INFO - Filling up the DagBag from /home/vscode/.local/lib/python3.10/site-packages/airflow/example_dags/example_sensors.py
[2026-09-17T01:08:54.953+0000] {processor.py:836} INFO - DAG(s) dict_keys(['example_sensors']) retrieved from /home/vscode/.local/lib/python3.10/site-packages/airflow/example_dags/example_sensors.py
[2026-09-17T01:08:54.970+0000] {logging_mixin.py:150} INFO - [2026-09-17T01:08:54.970+0000] {dag.py:2742} INFO - Sync 1 DAGs
[2026-09-17T01:08:54.987+0000] {logging_mixin.py:150} INFO - [2026-09-17T01:08:54.987+0000] {dag.py:3504} INFO - Setting next_dagrun for example_sensors to None, run_after=None
[2026-09-17T01:08:55.010+0000] {processor.py:179} INFO - Processing /home/vscode/.local/lib/python3.10/site-packages/airflow/example_dags/example_sensors.py took 0.068 seconds
[2026-09-17T01:09:17.191+0000] {processor.py:157} INFO - Started process (PID=29753) to work on /home/vscode/.local/lib/python3.10/site-packages/airflow/example_dags/example_sensors.py
[2026-09-17T01:09:17.193+0000] {processor.py:826} INFO - Processing file /home/vscode/.local/lib/python3.10/site-packages/airflow/example_dags/example_sensors.py for tasks to queue
[2026-09-17T01:09:17.194+0000] {logging_mixin.py:150} INFO - [2026-09-17T01:09:17.194+0000] {dagbag.py:541} INFO - Filling up the DagBag from /home/vscode/.local/lib/python3.10/site-packages/airflow/example_dags/example_sensors.py
[2026-09-17T01:09:17.205+0000] {processor.py:836} INFO - DAG(s) dict_keys(['example_sensors']) retrieved from /home/vscode/.local/lib/python3.10/site-packages/airflow/example_dags/example_sensors.py
[2026-09-17T01:09:17.228+0000] {logging_mixin.py:150} INFO - [2026-09-17T01:09:17.228+0000] {dag.py:2742} INFO - Sync 1 DAGs
[2026-09-17T01:09:17.244+0000] {logging_mixin.py:150} INFO - [2026-09-17T01:09:17.244+0000] {dag.py:3504} INFO - Setting next_dagrun for example_sensors to None, run_after=None
[2026-09-17T01:09:17.261+0000] {processor.py:179} INFO - Processing /home/vscode/.local/lib/python3.10/site-packages/airflow/example_dags/example_sensors.py took 0.073 seconds
[2026-09-17T01:09:47.176+0000] {processor.py:157} INFO - Started process (PID=30007) to work on /home/vscode/.local/lib/python3.10/site-packages/airflow/example_dags/example_sensors.py
[2026-09-17T01:09:47.177+0000] {processor.py:826} INFO - Processing file /home/vscode/.local/lib/python3.10/site-packages/airflow/example_dags/example_sensors.py for tasks to queue
[2026-09-17T01:09:47.177+0000] {logging_mixin.py:150} INFO - [2026-09-17T01:09:47.177+0000] {dagbag.py:541} INFO - Filling up the DagBag from /home/vscode/.local/lib/python3.10/site-packages/airflow/example_dags/example_sensors.py
[2026-09-17T01:09:47.187+0000] {processor.py:836} INFO - DAG(s) dict_keys(['example_sensors']) retrieved from /home/vscode/.local/lib/python3.10/site-packages/airflow/example_dags/example_sensors.py
[2026-09-17T01:09:47.205+0000] {logging_mixin.py:150} INFO - [2026-09-17T01:09:47.205+0000] {dag.py:2742} INFO - Sync 1 DAGs
[2026-09-17T01:09:47.224+0000] {logging_mixin.py:150} INFO - [2026-09-17T01:09:47.223+0000] {dag.py:3504} INFO - Setting next_dagrun for example_sensors to None, run_after=None
[2026-09-17T01:09:47.240+0000] {processor.py:179} INFO - Processing /home/vscode/.local/lib/python3.10/site-packages/airflow/example_dags/example_sensors.py took 0.067 seconds
[2026-09-17T01:10:03.670+0000] {processor.py:157} INFO - Started process (PID=30145) to work on /home/vscode/.local/lib/python3.10/site-packages/airflow/example_dags/example_sensors.py
[2026-09-17T01:10:03.671+0000] {processor.py:826} INFO - Processing file /home/vscode/.local/lib/python3.10/site-packages/airflow/example_dags/example_sensors.py for tasks to queue
[2026-09-17T01:10:03.671+0000] {logging_mixin.py:150} INFO - [2026-09-17T01:10:03.671+0000] {dagbag.py:541} INFO - Filling up the DagBag from /home/vscode/.local/lib/python3.10/site-packages/airflow/example_dags/example_sensors.py
[2026-09-17T01:10:03.679+0000] {processor.py:836} INFO - DAG(s) dict_keys(['example_sensors']) retrieved from /home/vscode/.local/lib/python3.10/site-packages/airflow/example_dags/example_sensors.py
[2026-09-17T01:10:03.697+0000] {logging_mixin.py:150} INFO - [2026-09-17T01:10:03.697+0000] {dag.py:2742} INFO - Sync 1 DAGs
[2026-09-17T01:10:03.715+0000] {logging_mixin.py:150} INFO - [2026-09-17T01:10:03.715+0000] {dag.py:3504} INFO - Setting next_dagrun for example_sensors to None, run_after=None
[2026-09-17T01:10:03.739+0000] {processor.py:179} INFO - Processing /home/vscode/.local/lib/python3.10/site-packages/airflow/example_dags/example_sensors.py took 0.072 seconds
[2026-09-17T01:10:36.321+0000] {processor.py:157} INFO - Started process (PID=30428) to work on /home/vscode/.local/lib/python3.10/site-packages/airflow/example_dags/example_sensors.py
[2026-09-17T01:10:36.322+0000] {processor.py:826} INFO - Processing file /home/vscode/.local/lib/python3.10/site-packages/airflow/example_dags/example_sensors.py for tasks to queue
[2026-09-17T01:10:36.322+0000] {logging_mixin.py:150} INFO - [2026-09-17T01:10:36.322+0000] {dagbag.py:541} INFO - Filling up the DagBag from /home/vscode/.local/lib/python3.10/site-packages/airflow/example_dags/example_sensors.py
[2026-09-17T01:10:36.331+0000] {processor.py:836} INFO - DAG(s) dict_keys(['example_sensors']) retrieved from /home/vscode/.local/lib/python3.10/site-packages/airflow/example_dags/example_sensors.py
[2026-09-17T01:10:36.347+0000] {logging_mixin.py:150} INFO - [2026-09-17T01:10:36.347+0000] {dag.py:2742} INFO - Sync 1 DAGs
[2026-09-17T01:10:36.361+0000] {logging_mixin.py:150} INFO - [2026-09-17T01:10:36.361+0000] {dag.py:3504} INFO - Setting next_dagrun for example_sensors to None, run_after=None
[2026-09-17T01:10:36.378+0000] {processor.py:179} INFO - Processing /home/vscode/.local/lib/python3.10/site-packages/airflow/example_dags/example_sensors.py took 0.061 seconds
[2026-09-17T01:10:52.437+0000] {processor.py:157} INFO - Started process (PID=30594) to work on /home/vscode/.local/lib/python3.10/site-packages/airflow/example_dags/example_sensors.py
[2026-09-17T01:10:52.438+0000] {processor.py:826} INFO - Processing file /home/vscode/.local/lib/python3.10/site-packages/airflow/example_dags/example_sensors.py for tasks to queue
[2026-09-17T01:10:52.438+0000] {logging_mixin.py:150} INFO - [2026-09-17T01:10:52.438+0000] {dagbag.py:541} INFO - Filling up the DagBag from /home/vscode/.local/lib/python3.10/site-packages/airflow/example_dags/example_sensors.py
[2026-09-17T01:10:52.451+0000] {processor.py:836} INFO - DAG(s) dict_keys(['example_sensors']) retrieved from /home/vscode/.local/lib/python3.10/site-packages/airflow/example_dags/example_sensors.py
[2026-09-17T01:10:52.478+0000] {logging_mixin.py:150} INFO - [2026-09-17T01:10:52.478+0000] {dag.py:2742} INFO - Sync 1 DAGs
[2026-09-17T01:10:52.497+0000] {logging_mixin.py:150} INFO - [2026-09-17T01:10:52.497+0000] {dag.py:3504} INFO - Setting next_dagrun for example_sensors to None, run_after=None
[2026-09-17T01:10:52.514+0000] {processor.py:179} INFO - Processing /home/vscode/.local/lib/python3.10/site-packages/airflow/example_dags/example_sensors.py took 0.081 seconds
[2026-09-17T01:11:24.688+0000] {processor.py:157} INFO - Started process (PID=30875) to work on /home/vscode/.local/lib/python3.10/site-packages/airflow/example_dags/example_sensors.py
[2026-09-17T01:11:24.689+0000] {processor.py:826} INFO - Processing file /home/vscode/.local/lib/python3.10/site-packages/airflow/example_dags/example_sensors.py for tasks to queue
[2026-09-17T01:11:24.689+0000] {logging_mixin.py:150} INFO - [2026-09-17T01:11:24.689+0000] {dagbag.py:541} INFO - Filling up the DagBag from /home/vscode/.local/lib/python3.10/site-packages/airflow/example_dags/example_sensors.py
[2026-09-17T01:11:24.700+0000] {processor.py:836} INFO - DAG(s) dict_keys(['example_sensors']) retrieved from /home/vscode/.local/lib/python3.10/site-packages/airflow/example_dags/example_sensors.py
[2026-09-17T01:11:24.716+0000] {logging_mixin.py:150} INFO - [2026-09-17T01:11:24.716+0000] {dag.py:2742} INFO - Sync 1 DAGs
[2026-09-17T01:11:24.732+0000] {logging_mixin.py:150} INFO - [2026-09-17T01:11:24.732+0000] {dag.py:3504} INFO - Setting next_dagrun for example_sensors to None, run_after=None
[2026-09-17T01:11:24.750+0000] {processor.py:179} INFO - Processing /home/vscode/.local/lib/python3.10/site-packages/airflow/example_dags/example_sensors.py took 0.065 seconds
[2026-09-17T01:11:42.870+0000] {processor.py:157} INFO - Started process (PID=31022) to work on /home/vscode/.local/lib/python3.10/site-packages/airflow/example_dags/example_sensors.py
[2026-09-17T01:11:42.871+0000] {processor.py:826} INFO - Processing file /home/vscode/.local/lib/python3.10/site-packages/airflow/example_dags/example_sensors.py for tasks to queue
[2026-09-17T01:11:42.872+0000] {logging_mixin.py:150} INFO - [2026-09-17T01:11:42.871+0000] {dagbag.py:541} INFO - Filling up the DagBag from /home/vscode/.local/lib/python3.10/site-packages/airflow/example_dags/example_sensors.py
[2026-09-17T01:11:42.883+0000] {processor.py:836} INFO - DAG(s) dict_keys(['example_sensors']) retrieved from /home/vscode/.local/lib/python3.10/site-packages/airflow/example_dags/example_sensors.py
[2026-09-17T01:11:42.905+0000] {logging_mixin.py:150} INFO - [2026-09-17T01:11:42.905+0000] {dag.py:2742} INFO - Sync 1 DAGs
[2026-09-17T01:11:42.922+0000] {logging_mixin.py:150} INFO - [2026-09-17T01:11:42.922+0000] {dag.py:3504} INFO - Setting next_dagrun for example_sensors to None, run_after=None
[2026-09-17T01:11:42.940+0000] {processor.py:179} INFO - Processing /home/vscode/.local/lib/python3.10/site-packages/airflow/example_dags/example_sensors.py took 0.072 seconds
[2026-09-17T01:12:16.653+0000] {processor.py:157} INFO - Started process (PID=31323) to work on /home/vscode/.local/lib/python3.10/site-packages/airflow/example_dags/example_sensors.py
[2026-09-17T01:12:16.654+0000] {processor.py:826} INFO - Processing file /home/vscode/.local/lib/python3.10/site-packages/airflow/example_dags/example_sensors.py for tasks to queue
[2026-09-17T01:12:16.655+0000] {logging_mixin.py:150} INFO - [2026-09-17T01:12:16.655+0000] {dagbag.py:541} INFO - Filling up the DagBag from /home/vscode/.local/lib/python3.10/site-packages/airflow/example_dags/example_sensors.py
[2026-09-17T01:12:16.666+0000] {processor.py:836} INFO - DAG(s) dict_keys(['example_sensors']) retrieved from /home/vscode/.local/lib/python3.10/site-packages/airflow/example_dags/example_sensors.py
[2026-09-17T01:12:16.689+0000] {logging_mixin.py:150} INFO - [2026-09-17T01:12:16.689+0000] {dag.py:2742} INFO - Sync 1 DAGs
[2026-09-17T01:12:16.711+0000] {logging_mixin.py:150} INFO - [2026-09-17T01:12:16.711+0000] {dag.py:3504} INFO - Setting next_dagrun for example_sensors to None, run_after=None
[2026-09-17T01:12:16.741+0000] {processor.py:179} INFO - Processing /home/vscode/.local/lib/python3.10/site-packages/airflow/example_dags/example_sensors.py took 0.091 seconds
[2026-09-17T01:12:32.190+0000] {processor.py:157} INFO - Started process (PID=31448) to work on /home/vscode/.local/lib/python3.10/site-packages/airflow/example_dags/example_sensors.py
[2026-09-17T01:12:32.191+0000] {processor.py:826} INFO - Processing file /home/vscode/.local/lib/python3.10/site-packages/airflow/example_dags/example_sensors.py for tasks to queue
[2026-09-17T01:12:32.192+0000] {logging_mixin.py:150} INFO - [2026-09-17T01:12:32.191+0000] {dagbag.py:541} INFO - Filling up the DagBag from /home/vscode/.local/lib/python3.10/site-packages/airflow/example_dags/example_sensors.py
[2026-09-17T01:12:32.201+0000] {processor.py:836} INFO - DAG(s) dict_keys(['example_sensors']) retrieved from /home/vscode/.local/lib/python3.10/site-packages/airflow/example_dags/example_sensors.py
[2026-09-17T01:12:32.217+0000] {logging_mixin.py:150} INFO - [2026-09-17T01:12:32.217+0000] {dag.py:2742} INFO - Sync 1 DAGs
[2026-09-17T01:12:32.231+0000] {logging_mixin.py:150} INFO - [2026-09-17T01:12:32.231+0000] {dag.py:3504} INFO - Setting next_dagrun for example_sensors to None, run_after=None
[2026-09-17T01:12:32.248+0000] {processor.py:179} INFO - Processing /home/vscode/.local/lib/python3.10/site-packages/airflow/example_dags/example_sensors.py took 0.061 seconds
[2026-09-17T01:13:03.474+0000] {processor.py:157} INFO - Started process (PID=31719) to work on /home/vscode/.local/lib/python3.10/site-packages/airflow/example_dags/example_sensors.py
[2026-09-17T01:13:03.475+0000] {processor.py:826} INFO - Processing file /home/vscode/.local/lib/python3.10/site-packages/airflow/example_dags/example_sensors.py for tasks to queue
[2026-09-17T01:13:03.476+0000] {logging_mixin.py:150} INFO - [2026-09-17T01:13:03.475+0000] {dagbag.py:541} INFO - Filling up the DagBag from /home/vscode/.local/lib/python3.10/site-packages/airflow/example_dags/example_sensors.py
[2026-09-17T01:13:03.487+0000] {processor.py:836} INFO - DAG(s) dict_keys(['example_sensors']) retrieved from /home/vscode/.local/lib/python3.10/site-packages/airflow/example_dags/example_sensors.py
[2026-09-17T01:13:03.508+0000] {logging_mixin.py:150} INFO - [2026-09-17T01:13:03.508+0000] {dag.py:2742} INFO - Sync 1 DAGs
[2026-09-17T01:13:03.530+0000] {logging_mixin.py:150} INFO - [2026-09-17T01:13:03.529+0000] {dag.py:3504} INFO - Setting next_dagrun for example_sensors to None, run_after=None
[2026-09-17T01:13:03.555+0000] {processor.py:179} INFO - Processing /home/vscode/.local/lib/python3.10/site-packages/airflow/example_dags/example_sensors.py took 0.085 seconds
[2026-09-17T01:13:19.879+0000] {processor.py:157} INFO - Started process (PID=31863) to work on /home/vscode/.local/lib/python3.10/site-packages/airflow/example_dags/example_sensors.py
[2026-09-17T01:13:19.880+0000] {processor.py:826} INFO - Processing file /home/vscode/.local/lib/python3.10/site-packages/airflow/example_dags/example_sensors.py for tasks to queue
[2026-09-17T01:13:19.880+0000] {logging_mixin.py:150} INFO - [2026-09-17T01:13:19.880+0000] {dagbag.py:541} INFO - Filling up the DagBag from /home/vscode/.local/lib/python3.10/site-packages/airflow/example_dags/example_sensors.py
[2026-09-17T01:13:19.890+0000] {processor.py:836} INFO - DAG(s) dict_keys(['example_sensors']) retrieved from /home/vscode/.local/lib/python3.10/site-packages/airflow/example_dags/example_sensors.py
[2026-09-17T01:13:19.914+0000] {logging_mixin.py:150} INFO - [2026-09-17T01:13:19.913+0000] {dag.py:2742} INFO - Sync 1 DAGs
[2026-09-17T01:13:19.933+0000] {logging_mixin.py:150} INFO - [2026-09-17T01:13:19.932+0000] {dag.py:3504} INFO - Setting next_dagrun for example_sensors to None, run_after=None
[2026-09-17T01:13:19.953+0000] {processor.py:179} INFO - Processing /home/vscode/.local/lib/python3.10/site-packages/airflow/example_dags/example_sensors.py took 0.077 seconds
[2026-09-17T01:13:46.845+0000] {processor.py:157} INFO - Started process (PID=32086) to work on /home/vscode/.local/lib/python3.10/site-packages/airflow/example_dags/example_sensors.py
[2026-09-17T01:13:46.846+0000] {processor.py:826} INFO - Processing file /home/vscode/.local/lib/python3.10/site-packages/airflow/example_dags/example_sensors.py for tasks to queue
[2026-09-17T01:13:46.847+0000] {logging_mixin.py:150} INFO - [2026-09-17T01:13:46.846+0000] {dagbag.py:541} INFO - Filling up the DagBag from /home/vscode/.local/lib/python3.10/site-packages/airflow/example_dags/example_sensors.py
[2026-09-17T01:13:46.855+0000] {processor.py:836} INFO - DAG(s) dict_keys(['example_sensors']) retrieved from /home/vscode/.local/lib/python3.10/site-packages/airflow/example_dags/example_sensors.py
[2026-09-17T01:13:46.876+0000] {logging_mixin.py:150} INFO - [2026-09-17T01:13:46.875+0000] {dag.py:2742} INFO - Sync 1 DAGs
[2026-09-17T01:13:46.907+0000] {logging_mixin.py:150} INFO - [2026-09-17T01:13:46.907+0000] {dag.py:3504} INFO - Setting next_dagrun for example_sensors to None, run_after=None
[2026-09-17T01:13:46.933+0000] {processor.py:179} INFO - Processing /home/vscode/.local/lib/python3.10/site-packages/airflow/example_dags/example_sensors.py took 0.090 seconds
[2026-09-17T01:14:09.606+0000] {processor.py:157} INFO - Started process (PID=32275) to work on /home/vscode/.local/lib/python3.10/site-packages/airflow/example_dags/example_sensors.py
[2026-09-17T01:14:09.607+0000] {processor.py:826} INFO - Processing file /home/vscode/.local/lib/python3.10/site-packages/airflow/example_dags/example_sensors.py for tasks to queue
[2026-09-17T01:14:09.608+0000] {logging_mixin.py:150} INFO - [2026-09-17T01:14:09.608+0000] {dagbag.py:541} INFO - Filling up the DagBag from /home/vscode/.local/lib/python3.10/site-packages/airflow/example_dags/example_sensors.py
[2026-09-17T01:14:09.615+0000] {processor.py:836} INFO - DAG(s) dict_keys(['example_sensors']) retrieved from /home/vscode/.local/lib/python3.10/site-packages/airflow/example_dags/example_sensors.py
[2026-09-17T01:14:09.640+0000] {logging_mixin.py:150} INFO - [2026-09-17T01:14:09.640+0000] {dag.py:2742} INFO - Sync 1 DAGs
[2026-09-17T01:14:09.657+0000] {logging_mixin.py:150} INFO - [2026-09-17T01:14:09.657+0000] {dag.py:3504} INFO - Setting next_dagrun for example_sensors to None, run_after=None
[2026-09-17T01:14:09.673+0000] {processor.py:179} INFO - Processing /home/vscode/.local/lib/python3.10/site-packages/airflow/example_dags/example_sensors.py took 0.069 seconds
[2026-09-17T01:14:37.380+0000] {processor.py:157} INFO - Started process (PID=32520) to work on /home/vscode/.local/lib/python3.10/site-packages/airflow/example_dags/example_sensors.py
[2026-09-17T01:14:37.382+0000] {processor.py:826} INFO - Processing file /home/vscode/.local/lib/python3.10/site-packages/airflow/example_dags/example_sensors.py for tasks to queue
[2026-09-17T01:14:37.383+0000] {logging_mixin.py:150} INFO - [2026-09-17T01:14:37.383+0000] {dagbag.py:541} INFO - Filling up the DagBag from /home/vscode/.local/lib/python3.10/site-packages/airflow/example_dags/example_sensors.py
[2026-09-17T01:14:37.393+0000] {processor.py:836} INFO - DAG(s) dict_keys(['example_sensors']) retrieved from /home/vscode/.local/lib/python3.10/site-packages/airflow/example_dags/example_sensors.py
[2026-09-17T01:14:37.410+0000] {logging_mixin.py:150} INFO - [2026-09-17T01:14:37.410+0000] {dag.py:2742} INFO - Sync 1 DAGs
[2026-09-17T01:14:37.430+0000] {logging_mixin.py:150} INFO - [2026-09-17T01:14:37.430+0000] {dag.py:3504} INFO - Setting next_dagrun for example_sensors to None, run_after=None
[2026-09-17T01:14:37.456+0000] {processor.py:179} INFO - Processing /home/vscode/.local/lib/python3.10/site-packages/airflow/example_dags/example_sensors.py took 0.079 seconds
[2026-09-17T01:15:02.668+0000] {processor.py:157} INFO - Started process (PID=32737) to work on /home/vscode/.local/lib/python3.10/site-packages/airflow/example_dags/example_sensors.py
[2026-09-17T01:15:02.668+0000] {processor.py:826} INFO - Processing file /home/vscode/.local/lib/python3.10/site-packages/airflow/example_dags/example_sensors.py for tasks to queue
[2026-09-17T01:15:02.669+0000] {logging_mixin.py:150} INFO - [2026-09-17T01:15:02.669+0000] {dagbag.py:541} INFO - Filling up the DagBag from /home/vscode/.local/lib/python3.10/site-packages/airflow/example_dags/example_sensors.py
[2026-09-17T01:15:02.676+0000] {processor.py:836} INFO - DAG(s) dict_keys(['example_sensors']) retrieved from /home/vscode/.local/lib/python3.10/site-packages/airflow/example_dags/example_sensors.py
[2026-09-17T01:15:02.694+0000] {logging_mixin.py:150} INFO - [2026-09-17T01:15:02.694+0000] {dag.py:2742} INFO - Sync 1 DAGs
[2026-09-17T01:15:02.709+0000] {logging_mixin.py:150} INFO - [2026-09-17T01:15:02.709+0000] {dag.py:3504} INFO - Setting next_dagrun for example_sensors to None, run_after=None
[2026-09-17T01:15:02.728+0000] {processor.py:179} INFO - Processing /home/vscode/.local/lib/python3.10/site-packages/airflow/example_dags/example_sensors.py took 0.063 seconds
[2026-09-17T01:15:20.568+0000] {processor.py:157} INFO - Started process (PID=32880) to work on /home/vscode/.local/lib/python3.10/site-packages/airflow/example_dags/example_sensors.py
[2026-09-17T01:15:20.569+0000] {processor.py:826} INFO - Processing file /home/vscode/.local/lib/python3.10/site-packages/airflow/example_dags/example_sensors.py for tasks to queue
[2026-09-17T01:15:20.569+0000] {logging_mixin.py:150} INFO - [2026-09-17T01:15:20.569+0000] {dagbag.py:541} INFO - Filling up the DagBag from /home/vscode/.local/lib/python3.10/site-packages/airflow/example_dags/example_sensors.py
[2026-09-17T01:15:20.577+0000] {processor.py:836} INFO - DAG(s) dict_keys(['example_sensors']) retrieved from /home/vscode/.local/lib/python3.10/site-packages/airflow/example_dags/example_sensors.py
[2026-09-17T01:15:20.596+0000] {logging_mixin.py:150} INFO - [2026-09-17T01:15:20.596+0000] {dag.py:2742} INFO - Sync 1 DAGs
[2026-09-17T01:15:20.611+0000] {logging_mixin.py:150} INFO - [2026-09-17T01:15:20.611+0000] {dag.py:3504} INFO - Setting next_dagrun for example_sensors to None, run_after=None
[2026-09-17T01:15:20.627+0000] {processor.py:179} INFO - Processing /home/vscode/.local/lib/python3.10/site-packages/airflow/example_dags/example_sensors.py took 0.062 seconds
[2026-09-17T01:15:53.987+0000] {processor.py:157} INFO - Started process (PID=33197) to work on /home/vscode/.local/lib/python3.10/site-packages/airflow/example_dags/example_sensors.py
[2026-09-17T01:15:53.988+0000] {processor.py:826} INFO - Processing file /home/vscode/.local/lib/python3.10/site-packages/airflow/example_dags/example_sensors.py for tasks to queue
[2026-09-17T01:15:53.989+0000] {logging_mixin.py:150} INFO - [2026-09-17T01:15:53.988+0000] {dagbag.py:541} INFO - Filling up the DagBag from /home/vscode/.local/lib/python3.10/site-packages/airflow/example_dags/example_sensors.py
[2026-09-17T01:15:53.999+0000] {processor.py:836} INFO - DAG(s) dict_keys(['example_sensors']) retrieved from /home/vscode/.local/lib/python3.10/site-packages/airflow/example_dags/example_sensors.py
[2026-09-17T01:15:54.016+0000] {logging_mixin.py:150} INFO - [2026-09-17T01:15:54.016+0000] {dag.py:2742} INFO - Sync 1 DAGs
[2026-09-17T01:15:54.031+0000] {logging_mixin.py:150} INFO - [2026-09-17T01:15:54.031+0000] {dag.py:3504} INFO - Setting next_dagrun for example_sensors to None, run_after=None
[2026-09-17T01:15:54.049+0000] {processor.py:179} INFO - Processing /home/vscode/.local/lib/python3.10/site-packages/airflow/example_dags/example_sensors.py took 0.066 seconds
[2026-09-17T01:16:03.991+0000] {processor.py:157} INFO - Started process (PID=33284) to work on /home/vscode/.local/lib/python3.10/site-packages/airflow/example_dags/example_sensors.py
[2026-09-17T01:16:03.992+0000] {processor.py:826} INFO - Processing file /home/vscode/.local/lib/python3.10/site-packages/airflow/example_dags/example_sensors.py for tasks to queue
[2026-09-17T01:16:03.993+0000] {logging_mixin.py:150} INFO - [2026-09-17T01:16:03.993+0000] {dagbag.py:541} INFO - Filling up the DagBag from /home/vscode/.local/lib/python3.10/site-packages/airflow/example_dags/example_sensors.py
[2026-09-17T01:16:04.003+0000] {processor.py:836} INFO - DAG(s) dict_keys(['example_sensors']) retrieved from /home/vscode/.local/lib/python3.10/site-packages/airflow/example_dags/example_sensors.py
[2026-09-17T01:16:04.019+0000] {logging_mixin.py:150} INFO - [2026-09-17T01:16:04.019+0000] {dag.py:2742} INFO - Sync 1 DAGs
[2026-09-17T01:16:04.035+0000] {logging_mixin.py:150} INFO - [2026-09-17T01:16:04.035+0000] {dag.py:3504} INFO - Setting next_dagrun for example_sensors to None, run_after=None
[2026-09-17T01:16:04.052+0000] {processor.py:179} INFO - Processing /home/vscode/.local/lib/python3.10/site-packages/airflow/example_dags/example_sensors.py took 0.064 seconds
[2026-09-17T01:16:45.631+0000] {processor.py:157} INFO - Started process (PID=33638) to work on /home/vscode/.local/lib/python3.10/site-packages/airflow/example_dags/example_sensors.py
[2026-09-17T01:16:45.631+0000] {processor.py:826} INFO - Processing file /home/vscode/.local/lib/python3.10/site-packages/airflow/example_dags/example_sensors.py for tasks to queue
[2026-09-17T01:16:45.632+0000] {logging_mixin.py:150} INFO - [2026-09-17T01:16:45.632+0000] {dagbag.py:541} INFO - Filling up the DagBag from /home/vscode/.local/lib/python3.10/site-packages/airflow/example_dags/example_sensors.py
[2026-09-17T01:16:45.640+0000] {processor.py:836} INFO - DAG(s) dict_keys(['example_sensors']) retrieved from /home/vscode/.local/lib/python3.10/site-packages/airflow/example_dags/example_sensors.py
[2026-09-17T01:16:45.656+0000] {logging_mixin.py:150} INFO - [2026-09-17T01:16:45.656+0000] {dag.py:2742} INFO - Sync 1 DAGs
[2026-09-17T01:16:45.671+0000] {logging_mixin.py:150} INFO - [2026-09-17T01:16:45.671+0000] {dag.py:3504} INFO - Setting next_dagrun for example_sensors to None, run_after=None
[2026-09-17T01:16:45.690+0000] {processor.py:179} INFO - Processing /home/vscode/.local/lib/python3.10/site-packages/airflow/example_dags/example_sensors.py took 0.062 seconds
[2026-09-17T01:16:56.042+0000] {processor.py:157} INFO - Started process (PID=33729) to work on /home/vscode/.local/lib/python3.10/site-packages/airflow/example_dags/example_sensors.py
[2026-09-17T01:16:56.042+0000] {processor.py:826} INFO - Processing file /home/vscode/.local/lib/python3.10/site-packages/airflow/example_dags/example_sensors.py for tasks to queue
[2026-09-17T01:16:56.043+0000] {logging_mixin.py:150} INFO - [2026-09-17T01:16:56.043+0000] {dagbag.py:541} INFO - Filling up the DagBag from /home/vscode/.local/lib/python3.10/site-packages/airflow/example_dags/example_sensors.py
[2026-09-17T01:16:56.051+0000] {processor.py:836} INFO - DAG(s) dict_keys(['example_sensors']) retrieved from /home/vscode/.local/lib/python3.10/site-packages/airflow/example_dags/example_sensors.py
[2026-09-17T01:16:56.072+0000] {logging_mixin.py:150} INFO - [2026-09-17T01:16:56.072+0000] {dag.py:2742} INFO - Sync 1 DAGs
[2026-09-17T01:16:56.089+0000] {logging_mixin.py:150} INFO - [2026-09-17T01:16:56.089+0000] {dag.py:3504} INFO - Setting next_dagrun for example_sensors to None, run_after=None
[2026-09-17T01:16:56.105+0000] {processor.py:179} INFO - Processing /home/vscode/.local/lib/python3.10/site-packages/airflow/example_dags/example_sensors.py took 0.066 seconds
[2026-09-17T01:17:36.271+0000] {processor.py:157} INFO - Started process (PID=34069) to work on /home/vscode/.local/lib/python3.10/site-packages/airflow/example_dags/example_sensors.py
[2026-09-17T01:17:36.272+0000] {processor.py:826} INFO - Processing file /home/vscode/.local/lib/python3.10/site-packages/airflow/example_dags/example_sensors.py for tasks to queue
[2026-09-17T01:17:36.273+0000] {logging_mixin.py:150} INFO - [2026-09-17T01:17:36.272+0000] {dagbag.py:541} INFO - Filling up the DagBag from /home/vscode/.local/lib/python3.10/site-packages/airflow/example_dags/example_sensors.py
[2026-09-17T01:17:36.280+0000] {processor.py:836} INFO - DAG(s) dict_keys(['example_sensors']) retrieved from /home/vscode/.local/lib/python3.10/site-packages/airflow/example_dags/example_sensors.py
[2026-09-17T01:17:36.298+0000] {logging_mixin.py:150} INFO - [2026-09-17T01:17:36.298+0000] {dag.py:2742} INFO - Sync 1 DAGs
[2026-09-17T01:17:36.314+0000] {logging_mixin.py:150} INFO - [2026-09-17T01:17:36.314+0000] {dag.py:3504} INFO - Setting next_dagrun for example_sensors to None, run_after=None
[2026-09-17T01:17:36.330+0000] {processor.py:179} INFO - Processing /home/vscode/.local/lib/python3.10/site-packages/airflow/example_dags/example_sensors.py took 0.062 seconds
[2026-09-17T01:17:39.454+0000] {processor.py:157} INFO - Started process (PID=34107) to work on /home/vscode/.local/lib/python3.10/site-packages/airflow/example_dags/example_sensors.py
[2026-09-17T01:17:39.455+0000] {processor.py:826} INFO - Processing file /home/vscode/.local/lib/python3.10/site-packages/airflow/example_dags/example_sensors.py for tasks to queue
[2026-09-17T01:17:39.456+0000] {logging_mixin.py:150} INFO - [2026-09-17T01:17:39.455+0000] {dagbag.py:541} INFO - Filling up the DagBag from /home/vscode/.local/lib/python3.10/site-packages/airflow/example_dags/example_sensors.py
[2026-09-17T01:17:39.463+0000] {processor.py:836} INFO - DAG(s) dict_keys(['example_sensors']) retrieved from /home/vscode/.local/lib/python3.10/site-packages/airflow/example_dags/example_sensors.py
[2026-09-17T01:17:39.481+0000] {logging_mixin.py:150} INFO - [2026-09-17T01:17:39.480+0000] {dag.py:2742} INFO - Sync 1 DAGs
[2026-09-17T01:17:39.499+0000] {logging_mixin.py:150} INFO - [2026-09-17T01:17:39.499+0000] {dag.py:3504} INFO - Setting next_dagrun for example_sensors to None, run_after=None
[2026-09-17T01:17:39.516+0000] {processor.py:179} INFO - Processing /home/vscode/.local/lib/python3.10/site-packages/airflow/example_dags/example_sensors.py took 0.064 seconds
[2026-09-17T01:18:22.340+0000] {processor.py:157} INFO - Started process (PID=34460) to work on /home/vscode/.local/lib/python3.10/site-packages/airflow/example_dags/example_sensors.py
[2026-09-17T01:18:22.341+0000] {processor.py:826} INFO - Processing file /home/vscode/.local/lib/python3.10/site-packages/airflow/example_dags/example_sensors.py for tasks to queue
[2026-09-17T01:18:22.342+0000] {logging_mixin.py:150} INFO - [2026-09-17T01:18:22.341+0000] {dagbag.py:541} INFO - Filling up the DagBag from /home/vscode/.local/lib/python3.10/site-packages/airflow/example_dags/example_sensors.py
[2026-09-17T01:18:22.353+0000] {processor.py:836} INFO - DAG(s) dict_keys(['example_sensors']) retrieved from /home/vscode/.local/lib/python3.10/site-packages/airflow/example_dags/example_sensors.py
[2026-09-17T01:18:22.373+0000] {logging_mixin.py:150} INFO - [2026-09-17T01:18:22.373+0000] {dag.py:2742} INFO - Sync 1 DAGs
[2026-09-17T01:18:22.390+0000] {logging_mixin.py:150} INFO - [2026-09-17T01:18:22.389+0000] {dag.py:3504} INFO - Setting next_dagrun for example_sensors to None, run_after=None
[2026-09-17T01:18:22.406+0000] {processor.py:179} INFO - Processing /home/vscode/.local/lib/python3.10/site-packages/airflow/example_dags/example_sensors.py took 0.071 seconds
[2026-09-17T01:18:31.252+0000] {processor.py:157} INFO - Started process (PID=34540) to work on /home/vscode/.local/lib/python3.10/site-packages/airflow/example_dags/example_sensors.py
[2026-09-17T01:18:31.253+0000] {processor.py:826} INFO - Processing file /home/vscode/.local/lib/python3.10/site-packages/airflow/example_dags/example_sensors.py for tasks to queue
[2026-09-17T01:18:31.254+0000] {logging_mixin.py:150} INFO - [2026-09-17T01:18:31.253+0000] {dagbag.py:541} INFO - Filling up the DagBag from /home/vscode/.local/lib/python3.10/site-packages/airflow/example_dags/example_sensors.py
[2026-09-17T01:18:31.266+0000] {processor.py:836} INFO - DAG(s) dict_keys(['example_sensors']) retrieved from /home/vscode/.local/lib/python3.10/site-packages/airflow/example_dags/example_sensors.py
[2026-09-17T01:18:31.294+0000] {logging_mixin.py:150} INFO - [2026-09-17T01:18:31.294+0000] {dag.py:2742} INFO - Sync 1 DAGs
[2026-09-17T01:18:31.316+0000] {logging_mixin.py:150} INFO - [2026-09-17T01:18:31.316+0000] {dag.py:3504} INFO - Setting next_dagrun for example_sensors to None, run_after=None
[2026-09-17T01:18:31.344+0000] {processor.py:179} INFO - Processing /home/vscode/.local/lib/python3.10/site-packages/airflow/example_dags/example_sensors.py took 0.096 seconds
[2026-09-17T01:19:08.503+0000] {processor.py:157} INFO - Started process (PID=34845) to work on /home/vscode/.local/lib/python3.10/site-packages/airflow/example_dags/example_sensors.py
[2026-09-17T01:19:08.504+0000] {processor.py:826} INFO - Processing file /home/vscode/.local/lib/python3.10/site-packages/airflow/example_dags/example_sensors.py for tasks to queue
[2026-09-17T01:19:08.505+0000] {logging_mixin.py:150} INFO - [2026-09-17T01:19:08.504+0000] {dagbag.py:541} INFO - Filling up the DagBag from /home/vscode/.local/lib/python3.10/site-packages/airflow/example_dags/example_sensors.py
[2026-09-17T01:19:08.515+0000] {processor.py:836} INFO - DAG(s) dict_keys(['example_sensors']) retrieved from /home/vscode/.local/lib/python3.10/site-packages/airflow/example_dags/example_sensors.py
[2026-09-17T01:19:08.531+0000] {logging_mixin.py:150} INFO - [2026-09-17T01:19:08.531+0000] {dag.py:2742} INFO - Sync 1 DAGs
[2026-09-17T01:19:08.545+0000] {logging_mixin.py:150} INFO - [2026-09-17T01:19:08.545+0000] {dag.py:3504} INFO - Setting next_dagrun for example_sensors to None, run_after=None
[2026-09-17T01:19:08.562+0000] {processor.py:179} INFO - Processing /home/vscode/.local/lib/python3.10/site-packages/airflow/example_dags/example_sensors.py took 0.062 seconds
[2026-09-17T01:19:19.189+0000] {processor.py:157} INFO - Started process (PID=34931) to work on /home/vscode/.local/lib/python3.10/site-packages/airflow/example_dags/example_sensors.py
[2026-09-17T01:19:19.189+0000] {processor.py:826} INFO - Processing file /home/vscode/.local/lib/python3.10/site-packages/airflow/example_dags/example_sensors.py for tasks to queue
[2026-09-17T01:19:19.190+0000] {logging_mixin.py:150} INFO - [2026-09-17T01:19:19.190+0000] {dagbag.py:541} INFO - Filling up the DagBag from /home/vscode/.local/lib/python3.10/site-packages/airflow/example_dags/example_sensors.py
[2026-09-17T01:19:19.198+0000] {processor.py:836} INFO - DAG(s) dict_keys(['example_sensors']) retrieved from /home/vscode/.local/lib/python3.10/site-packages/airflow/example_dags/example_sensors.py
[2026-09-17T01:19:19.213+0000] {logging_mixin.py:150} INFO - [2026-09-17T01:19:19.213+0000] {dag.py:2742} INFO - Sync 1 DAGs
[2026-09-17T01:19:19.227+0000] {logging_mixin.py:150} INFO - [2026-09-17T01:19:19.227+0000] {dag.py:3504} INFO - Setting next_dagrun for example_sensors to None, run_after=None
[2026-09-17T01:19:19.244+0000] {processor.py:179} INFO - Processing /home/vscode/.local/lib/python3.10/site-packages/airflow/example_dags/example_sensors.py took 0.058 seconds
[2026-09-17T01:19:59.093+0000] {processor.py:157} INFO - Started process (PID=35314) to work on /home/vscode/.local/lib/python3.10/site-packages/airflow/example_dags/example_sensors.py
[2026-09-17T01:19:59.093+0000] {processor.py:826} INFO - Processing file /home/vscode/.local/lib/python3.10/site-packages/airflow/example_dags/example_sensors.py for tasks to queue
[2026-09-17T01:19:59.094+0000] {logging_mixin.py:150} INFO - [2026-09-17T01:19:59.094+0000] {dagbag.py:541} INFO - Filling up the DagBag from /home/vscode/.local/lib/python3.10/site-packages/airflow/example_dags/example_sensors.py
[2026-09-17T01:19:59.102+0000] {processor.py:836} INFO - DAG(s) dict_keys(['example_sensors']) retrieved from /home/vscode/.local/lib/python3.10/site-packages/airflow/example_dags/example_sensors.py
[2026-09-17T01:19:59.121+0000] {logging_mixin.py:150} INFO - [2026-09-17T01:19:59.121+0000] {dag.py:2742} INFO - Sync 1 DAGs
[2026-09-17T01:19:59.136+0000] {logging_mixin.py:150} INFO - [2026-09-17T01:19:59.136+0000] {dag.py:3504} INFO - Setting next_dagrun for example_sensors to None, run_after=None
[2026-09-17T01:19:59.154+0000] {processor.py:179} INFO - Processing /home/vscode/.local/lib/python3.10/site-packages/airflow/example_dags/example_sensors.py took 0.063 seconds
[2026-09-17T01:20:07.853+0000] {processor.py:157} INFO - Started process (PID=35381) to work on /home/vscode/.local/lib/python3.10/site-packages/airflow/example_dags/example_sensors.py
[2026-09-17T01:20:07.854+0000] {processor.py:826} INFO - Processing file /home/vscode/.local/lib/python3.10/site-packages/airflow/example_dags/example_sensors.py for tasks to queue
[2026-09-17T01:20:07.855+0000] {logging_mixin.py:150} INFO - [2026-09-17T01:20:07.854+0000] {dagbag.py:541} INFO - Filling up the DagBag from /home/vscode/.local/lib/python3.10/site-packages/airflow/example_dags/example_sensors.py
[2026-09-17T01:20:07.865+0000] {processor.py:836} INFO - DAG(s) dict_keys(['example_sensors']) retrieved from /home/vscode/.local/lib/python3.10/site-packages/airflow/example_dags/example_sensors.py
[2026-09-17T01:20:07.880+0000] {logging_mixin.py:150} INFO - [2026-09-17T01:20:07.880+0000] {dag.py:2742} INFO - Sync 1 DAGs
[2026-09-17T01:20:07.898+0000] {logging_mixin.py:150} INFO - [2026-09-17T01:20:07.898+0000] {dag.py:3504} INFO - Setting next_dagrun for example_sensors to None, run_after=None
[2026-09-17T01:20:07.915+0000] {processor.py:179} INFO - Processing /home/vscode/.local/lib/python3.10/site-packages/airflow/example_dags/example_sensors.py took 0.066 seconds
[2026-09-17T01:20:45.282+0000] {processor.py:157} INFO - Started process (PID=35719) to work on /home/vscode/.local/lib/python3.10/site-packages/airflow/example_dags/example_sensors.py
[2026-09-17T01:20:45.284+0000] {processor.py:826} INFO - Processing file /home/vscode/.local/lib/python3.10/site-packages/airflow/example_dags/example_sensors.py for tasks to queue
[2026-09-17T01:20:45.285+0000] {logging_mixin.py:150} INFO - [2026-09-17T01:20:45.285+0000] {dagbag.py:541} INFO - Filling up the DagBag from /home/vscode/.local/lib/python3.10/site-packages/airflow/example_dags/example_sensors.py
[2026-09-17T01:20:45.294+0000] {processor.py:836} INFO - DAG(s) dict_keys(['example_sensors']) retrieved from /home/vscode/.local/lib/python3.10/site-packages/airflow/example_dags/example_sensors.py
[2026-09-17T01:20:45.310+0000] {logging_mixin.py:150} INFO - [2026-09-17T01:20:45.310+0000] {dag.py:2742} INFO - Sync 1 DAGs
[2026-09-17T01:20:45.327+0000] {logging_mixin.py:150} INFO - [2026-09-17T01:20:45.327+0000] {dag.py:3504} INFO - Setting next_dagrun for example_sensors to None, run_after=None
[2026-09-17T01:20:45.344+0000] {processor.py:179} INFO - Processing /home/vscode/.local/lib/python3.10/site-packages/airflow/example_dags/example_sensors.py took 0.065 seconds
[2026-09-17T01:20:55.035+0000] {processor.py:157} INFO - Started process (PID=35804) to work on /home/vscode/.local/lib/python3.10/site-packages/airflow/example_dags/example_sensors.py
[2026-09-17T01:20:55.036+0000] {processor.py:826} INFO - Processing file /home/vscode/.local/lib/python3.10/site-packages/airflow/example_dags/example_sensors.py for tasks to queue
[2026-09-17T01:20:55.037+0000] {logging_mixin.py:150} INFO - [2026-09-17T01:20:55.036+0000] {dagbag.py:541} INFO - Filling up the DagBag from /home/vscode/.local/lib/python3.10/site-packages/airflow/example_dags/example_sensors.py
[2026-09-17T01:20:55.044+0000] {processor.py:836} INFO - DAG(s) dict_keys(['example_sensors']) retrieved from /home/vscode/.local/lib/python3.10/site-packages/airflow/example_dags/example_sensors.py
[2026-09-17T01:20:55.060+0000] {logging_mixin.py:150} INFO - [2026-09-17T01:20:55.060+0000] {dag.py:2742} INFO - Sync 1 DAGs
[2026-09-17T01:20:55.074+0000] {logging_mixin.py:150} INFO - [2026-09-17T01:20:55.074+0000] {dag.py:3504} INFO - Setting next_dagrun for example_sensors to None, run_after=None
[2026-09-17T01:20:55.090+0000] {processor.py:179} INFO - Processing /home/vscode/.local/lib/python3.10/site-packages/airflow/example_dags/example_sensors.py took 0.057 seconds
[2026-09-17T01:21:36.546+0000] {processor.py:157} INFO - Started process (PID=36378) to work on /home/vscode/.local/lib/python3.10/site-packages/airflow/example_dags/example_sensors.py
[2026-09-17T01:21:36.550+0000] {processor.py:826} INFO - Processing file /home/vscode/.local/lib/python3.10/site-packages/airflow/example_dags/example_sensors.py for tasks to queue
[2026-09-17T01:21:36.551+0000] {logging_mixin.py:150} INFO - [2026-09-17T01:21:36.550+0000] {dagbag.py:541} INFO - Filling up the DagBag from /home/vscode/.local/lib/python3.10/site-packages/airflow/example_dags/example_sensors.py
[2026-09-17T01:21:36.573+0000] {processor.py:836} INFO - DAG(s) dict_keys(['example_sensors']) retrieved from /home/vscode/.local/lib/python3.10/site-packages/airflow/example_dags/example_sensors.py
[2026-09-17T01:21:36.597+0000] {logging_mixin.py:150} INFO - [2026-09-17T01:21:36.596+0000] {dag.py:2742} INFO - Sync 1 DAGs
[2026-09-17T01:21:36.648+0000] {logging_mixin.py:150} INFO - [2026-09-17T01:21:36.647+0000] {dag.py:3504} INFO - Setting next_dagrun for example_sensors to None, run_after=None
[2026-09-17T01:21:36.693+0000] {processor.py:179} INFO - Processing /home/vscode/.local/lib/python3.10/site-packages/airflow/example_dags/example_sensors.py took 0.151 seconds
[2026-09-17T01:21:43.581+0000] {processor.py:157} INFO - Started process (PID=36553) to work on /home/vscode/.local/lib/python3.10/site-packages/airflow/example_dags/example_sensors.py
[2026-09-17T01:21:43.582+0000] {processor.py:826} INFO - Processing file /home/vscode/.local/lib/python3.10/site-packages/airflow/example_dags/example_sensors.py for tasks to queue
[2026-09-17T01:21:43.583+0000] {logging_mixin.py:150} INFO - [2026-09-17T01:21:43.582+0000] {dagbag.py:541} INFO - Filling up the DagBag from /home/vscode/.local/lib/python3.10/site-packages/airflow/example_dags/example_sensors.py
[2026-09-17T01:21:43.602+0000] {processor.py:836} INFO - DAG(s) dict_keys(['example_sensors']) retrieved from /home/vscode/.local/lib/python3.10/site-packages/airflow/example_dags/example_sensors.py
[2026-09-17T01:21:43.634+0000] {logging_mixin.py:150} INFO - [2026-09-17T01:21:43.634+0000] {dag.py:2742} INFO - Sync 1 DAGs
[2026-09-17T01:21:43.663+0000] {logging_mixin.py:150} INFO - [2026-09-17T01:21:43.663+0000] {dag.py:3504} INFO - Setting next_dagrun for example_sensors to None, run_after=None
[2026-09-17T01:21:43.680+0000] {processor.py:179} INFO - Processing /home/vscode/.local/lib/python3.10/site-packages/airflow/example_dags/example_sensors.py took 0.106 seconds
[2026-09-17T01:22:26.478+0000] {processor.py:157} INFO - Started process (PID=37132) to work on /home/vscode/.local/lib/python3.10/site-packages/airflow/example_dags/example_sensors.py
[2026-09-17T01:22:26.479+0000] {processor.py:826} INFO - Processing file /home/vscode/.local/lib/python3.10/site-packages/airflow/example_dags/example_sensors.py for tasks to queue
[2026-09-17T01:22:26.480+0000] {logging_mixin.py:150} INFO - [2026-09-17T01:22:26.479+0000] {dagbag.py:541} INFO - Filling up the DagBag from /home/vscode/.local/lib/python3.10/site-packages/airflow/example_dags/example_sensors.py
[2026-09-17T01:22:26.489+0000] {processor.py:836} INFO - DAG(s) dict_keys(['example_sensors']) retrieved from /home/vscode/.local/lib/python3.10/site-packages/airflow/example_dags/example_sensors.py
[2026-09-17T01:22:26.507+0000] {logging_mixin.py:150} INFO - [2026-09-17T01:22:26.507+0000] {dag.py:2742} INFO - Sync 1 DAGs
[2026-09-17T01:22:26.522+0000] {logging_mixin.py:150} INFO - [2026-09-17T01:22:26.522+0000] {dag.py:3504} INFO - Setting next_dagrun for example_sensors to None, run_after=None
[2026-09-17T01:22:26.539+0000] {processor.py:179} INFO - Processing /home/vscode/.local/lib/python3.10/site-packages/airflow/example_dags/example_sensors.py took 0.063 seconds
[2026-09-17T01:22:33.544+0000] {processor.py:157} INFO - Started process (PID=37182) to work on /home/vscode/.local/lib/python3.10/site-packages/airflow/example_dags/example_sensors.py
[2026-09-17T01:22:33.545+0000] {processor.py:826} INFO - Processing file /home/vscode/.local/lib/python3.10/site-packages/airflow/example_dags/example_sensors.py for tasks to queue
[2026-09-17T01:22:33.546+0000] {logging_mixin.py:150} INFO - [2026-09-17T01:22:33.546+0000] {dagbag.py:541} INFO - Filling up the DagBag from /home/vscode/.local/lib/python3.10/site-packages/airflow/example_dags/example_sensors.py
[2026-09-17T01:22:33.554+0000] {processor.py:836} INFO - DAG(s) dict_keys(['example_sensors']) retrieved from /home/vscode/.local/lib/python3.10/site-packages/airflow/example_dags/example_sensors.py
[2026-09-17T01:22:33.569+0000] {logging_mixin.py:150} INFO - [2026-09-17T01:22:33.569+0000] {dag.py:2742} INFO - Sync 1 DAGs
[2026-09-17T01:22:33.584+0000] {logging_mixin.py:150} INFO - [2026-09-17T01:22:33.584+0000] {dag.py:3504} INFO - Setting next_dagrun for example_sensors to None, run_after=None
[2026-09-17T01:22:33.606+0000] {processor.py:179} INFO - Processing /home/vscode/.local/lib/python3.10/site-packages/airflow/example_dags/example_sensors.py took 0.065 seconds
[2026-09-17T01:23:12.710+0000] {processor.py:157} INFO - Started process (PID=37536) to work on /home/vscode/.local/lib/python3.10/site-packages/airflow/example_dags/example_sensors.py
[2026-09-17T01:23:12.711+0000] {processor.py:826} INFO - Processing file /home/vscode/.local/lib/python3.10/site-packages/airflow/example_dags/example_sensors.py for tasks to queue
[2026-09-17T01:23:12.712+0000] {logging_mixin.py:150} INFO - [2026-09-17T01:23:12.712+0000] {dagbag.py:541} INFO - Filling up the DagBag from /home/vscode/.local/lib/python3.10/site-packages/airflow/example_dags/example_sensors.py
[2026-09-17T01:23:12.729+0000] {processor.py:836} INFO - DAG(s) dict_keys(['example_sensors']) retrieved from /home/vscode/.local/lib/python3.10/site-packages/airflow/example_dags/example_sensors.py
[2026-09-17T01:23:12.775+0000] {logging_mixin.py:150} INFO - [2026-09-17T01:23:12.775+0000] {dag.py:2742} INFO - Sync 1 DAGs
[2026-09-17T01:23:12.826+0000] {logging_mixin.py:150} INFO - [2026-09-17T01:23:12.826+0000] {dag.py:3504} INFO - Setting next_dagrun for example_sensors to None, run_after=None
[2026-09-17T01:23:12.855+0000] {processor.py:179} INFO - Processing /home/vscode/.local/lib/python3.10/site-packages/airflow/example_dags/example_sensors.py took 0.149 seconds
[2026-09-17T01:23:21.438+0000] {processor.py:157} INFO - Started process (PID=37632) to work on /home/vscode/.local/lib/python3.10/site-packages/airflow/example_dags/example_sensors.py
[2026-09-17T01:23:21.438+0000] {processor.py:826} INFO - Processing file /home/vscode/.local/lib/python3.10/site-packages/airflow/example_dags/example_sensors.py for tasks to queue
[2026-09-17T01:23:21.439+0000] {logging_mixin.py:150} INFO - [2026-09-17T01:23:21.439+0000] {dagbag.py:541} INFO - Filling up the DagBag from /home/vscode/.local/lib/python3.10/site-packages/airflow/example_dags/example_sensors.py
[2026-09-17T01:23:21.448+0000] {processor.py:836} INFO - DAG(s) dict_keys(['example_sensors']) retrieved from /home/vscode/.local/lib/python3.10/site-packages/airflow/example_dags/example_sensors.py
[2026-09-17T01:23:21.463+0000] {logging_mixin.py:150} INFO - [2026-09-17T01:23:21.463+0000] {dag.py:2742} INFO - Sync 1 DAGs
[2026-09-17T01:23:21.478+0000] {logging_mixin.py:150} INFO - [2026-09-17T01:23:21.478+0000] {dag.py:3504} INFO - Setting next_dagrun for example_sensors to None, run_after=None
[2026-09-17T01:23:21.499+0000] {processor.py:179} INFO - Processing /home/vscode/.local/lib/python3.10/site-packages/airflow/example_dags/example_sensors.py took 0.063 seconds
[2026-09-17T01:24:05.178+0000] {processor.py:157} INFO - Started process (PID=37979) to work on /home/vscode/.local/lib/python3.10/site-packages/airflow/example_dags/example_sensors.py
[2026-09-17T01:24:05.179+0000] {processor.py:826} INFO - Processing file /home/vscode/.local/lib/python3.10/site-packages/airflow/example_dags/example_sensors.py for tasks to queue
[2026-09-17T01:24:05.179+0000] {logging_mixin.py:150} INFO - [2026-09-17T01:24:05.179+0000] {dagbag.py:541} INFO - Filling up the DagBag from /home/vscode/.local/lib/python3.10/site-packages/airflow/example_dags/example_sensors.py
[2026-09-17T01:24:05.191+0000] {processor.py:836} INFO - DAG(s) dict_keys(['example_sensors']) retrieved from /home/vscode/.local/lib/python3.10/site-packages/airflow/example_dags/example_sensors.py
[2026-09-17T01:24:05.216+0000] {logging_mixin.py:150} INFO - [2026-09-17T01:24:05.215+0000] {dag.py:2742} INFO - Sync 1 DAGs
[2026-09-17T01:24:05.237+0000] {logging_mixin.py:150} INFO - [2026-09-17T01:24:05.237+0000] {dag.py:3504} INFO - Setting next_dagrun for example_sensors to None, run_after=None
[2026-09-17T01:24:05.261+0000] {processor.py:179} INFO - Processing /home/vscode/.local/lib/python3.10/site-packages/airflow/example_dags/example_sensors.py took 0.085 seconds
[2026-09-17T01:24:10.511+0000] {processor.py:157} INFO - Started process (PID=38099) to work on /home/vscode/.local/lib/python3.10/site-packages/airflow/example_dags/example_sensors.py
[2026-09-17T01:24:10.511+0000] {processor.py:826} INFO - Processing file /home/vscode/.local/lib/python3.10/site-packages/airflow/example_dags/example_sensors.py for tasks to queue
[2026-09-17T01:24:10.512+0000] {logging_mixin.py:150} INFO - [2026-09-17T01:24:10.512+0000] {dagbag.py:541} INFO - Filling up the DagBag from /home/vscode/.local/lib/python3.10/site-packages/airflow/example_dags/example_sensors.py
[2026-09-17T01:24:10.521+0000] {processor.py:836} INFO - DAG(s) dict_keys(['example_sensors']) retrieved from /home/vscode/.local/lib/python3.10/site-packages/airflow/example_dags/example_sensors.py
[2026-09-17T01:24:10.537+0000] {logging_mixin.py:150} INFO - [2026-09-17T01:24:10.537+0000] {dag.py:2742} INFO - Sync 1 DAGs
[2026-09-17T01:24:10.554+0000] {logging_mixin.py:150} INFO - [2026-09-17T01:24:10.554+0000] {dag.py:3504} INFO - Setting next_dagrun for example_sensors to None, run_after=None
[2026-09-17T01:24:10.571+0000] {processor.py:179} INFO - Processing /home/vscode/.local/lib/python3.10/site-packages/airflow/example_dags/example_sensors.py took 0.063 seconds
