[2026-09-17T00:56:05.205+0000] {processor.py:157} INFO - Started process (PID=22336) to work on /home/vscode/.local/lib/python3.10/site-packages/airflow/example_dags/example_branch_labels.py
[2026-09-17T00:56:05.206+0000] {processor.py:826} INFO - Processing file /home/vscode/.local/lib/python3.10/site-packages/airflow/example_dags/example_branch_labels.py for tasks to queue
[2026-09-17T00:56:05.207+0000] {logging_mixin.py:150} INFO - [2026-09-17T00:56:05.207+0000] {dagbag.py:541} INFO - Filling up the DagBag from /home/vscode/.local/lib/python3.10/site-packages/airflow/example_dags/example_branch_labels.py
[2026-09-17T00:56:05.224+0000] {processor.py:836} INFO - DAG(s) dict_keys(['example_branch_labels']) retrieved from /home/vscode/.local/lib/python3.10/site-packages/airflow/example_dags/example_branch_labels.py
[2026-09-17T00:56:05.449+0000] {logging_mixin.py:150} INFO - [2026-09-17T00:56:05.449+0000] {manager.py:504} INFO - Created Permission View: can delete on DAG:example_branch_labels
[2026-09-17T00:56:05.480+0000] {logging_mixin.py:150} INFO - [2026-09-17T00:56:05.480+0000] {manager.py:504} INFO - Created Permission View: can edit on DAG:example_branch_labels
[2026-09-17T00:56:05.490+0000] {logging_mixin.py:150} INFO - [2026-09-17T00:56:05.490+0000] {manager.py:504} INFO - Created Permission View: can read on DAG:example_branch_labels
[2026-09-17T00:56:05.501+0000] {logging_mixin.py:150} INFO - [2026-09-17T00:56:05.500+0000] {dag.py:2742} INFO - Sync 1 DAGs
[2026-09-17T00:56:05.511+0000] {logging_mixin.py:150} INFO - [2026-09-17T00:56:05.510+0000] {dag.py:2763} INFO - Creating ORM DAG for example_branch_labels
[2026-09-17T00:56:05.523+0000] {logging_mixin.py:150} INFO - [2026-09-17T00:56:05.522+0000] {dag.py:3504} INFO - Setting next_dagrun for example_branch_labels to 2026-09-16T00:00:00+00:00, run_after=2026-09-17T00:00:00+00:00
[2026-09-17T00:56:05.547+0000] {processor.py:179} INFO - Processing /home/vscode/.local/lib/python3.10/site-packages/airflow/example_dags/example_branch_labels.py took 0.346 seconds
[2026-09-17T00:56:27.431+0000] {processor.py:157} INFO - Started process (PID=22509) to work on /home/vscode/.local/lib/python3.10/site-packages/airflow/example_dags/example_branch_labels.py
[2026-09-17T00:56:27.432+0000] {processor.py:826} INFO - Processing file /home/vscode/.local/lib/python3.10/site-packages/airflow/example_dags/example_branch_labels.py for tasks to queue
[2026-09-17T00:56:27.433+0000] {logging_mixin.py:150} INFO - [2026-09-17T00:56:27.432+0000] {dagbag.py:541} INFO - Filling up the DagBag from /home/vscode/.local/lib/python3.10/site-packages/airflow/example_dags/example_branch_labels.py
[2026-09-17T00:56:27.439+0000] {processor.py:836} INFO - DAG(s) dict_keys(['example_branch_labels']) retrieved from /home/vscode/.local/lib/python3.10/site-packages/airflow/example_dags/example_branch_labels.py
[2026-09-17T00:56:27.446+0000] {logging_mixin.py:150} INFO - [2026-09-17T00:56:27.446+0000] {dag.py:2742} INFO - Sync 1 DAGs
[2026-09-17T00:56:27.463+0000] {logging_mixin.py:150} INFO - [2026-09-17T00:56:27.463+0000] {dag.py:3504} INFO - Setting next_dagrun for example_branch_labels to 2026-09-16T00:00:00+00:00, run_after=2026-09-17T00:00:00+00:00
[2026-09-17T00:56:27.479+0000] {processor.py:179} INFO - Processing /home/vscode/.local/lib/python3.10/site-packages/airflow/example_dags/example_branch_labels.py took 0.050 seconds
[2026-09-17T00:57:09.182+0000] {processor.py:157} INFO - Started process (PID=22923) to work on /home/vscode/.local/lib/python3.10/site-packages/airflow/example_dags/example_branch_labels.py
[2026-09-17T00:57:09.183+0000] {processor.py:826} INFO - Processing file /home/vscode/.local/lib/python3.10/site-packages/airflow/example_dags/example_branch_labels.py for tasks to queue
[2026-09-17T00:57:09.184+0000] {logging_mixin.py:150} INFO - [2026-09-17T00:57:09.183+0000] {dagbag.py:541} INFO - Filling up the DagBag from /home/vscode/.local/lib/python3.10/site-packages/airflow/example_dags/example_branch_labels.py
[2026-09-17T00:57:09.193+0000] {processor.py:836} INFO - DAG(s) dict_keys(['example_branch_labels']) retrieved from /home/vscode/.local/lib/python3.10/site-packages/airflow/example_dags/example_branch_labels.py
[2026-09-17T00:57:09.210+0000] {logging_mixin.py:150} INFO - [2026-09-17T00:57:09.210+0000] {dag.py:2742} INFO - Sync 1 DAGs
[2026-09-17T00:57:09.225+0000] {logging_mixin.py:150} INFO - [2026-09-17T00:57:09.225+0000] {dag.py:3504} INFO - Setting next_dagrun for example_branch_labels to 2026-09-16T00:00:00+00:00, run_after=2026-09-17T00:00:00+00:00
[2026-09-17T00:57:09.246+0000] {processor.py:179} INFO - Processing /home/vscode/.local/lib/python3.10/site-packages/airflow/example_dags/example_branch_labels.py took 0.068 seconds
[2026-09-17T00:57:27.523+0000] {processor.py:157} INFO - Started process (PID=23049) to work on /home/vscode/.local/lib/python3.10/site-packages/airflow/example_dags/example_branch_labels.py
[2026-09-17T00:57:27.524+0000] {processor.py:826} INFO - Processing file /home/vscode/.local/lib/python3.10/site-packages/airflow/example_dags/example_branch_labels.py for tasks to queue
[2026-09-17T00:57:27.525+0000] {logging_mixin.py:150} INFO - [2026-09-17T00:57:27.524+0000] {dagbag.py:541} INFO - Filling up the DagBag from /home/vscode/.local/lib/python3.10/site-packages/airflow/example_dags/example_branch_labels.py
[2026-09-17T00:57:27.535+0000] {processor.py:836} INFO - DAG(s) dict_keys(['example_branch_labels']) retrieved from /home/vscode/.local/lib/python3.10/site-packages/airflow/example_dags/example_branch_labels.py
[2026-09-17T00:57:27.555+0000] {logging_mixin.py:150} INFO - [2026-09-17T00:57:27.554+0000] {dag.py:2742} INFO - Sync 1 DAGs
[2026-09-17T00:57:27.571+0000] {logging_mixin.py:150} INFO - [2026-09-17T00:57:27.570+0000] {dag.py:3504} INFO - Setting next_dagrun for example_branch_labels to 2026-09-16T00:00:00+00:00, run_after=2026-09-17T00:00:00+00:00
[2026-09-17T00:57:27.586+0000] {processor.py:179} INFO - Processing /home/vscode/.local/lib/python3.10/site-packages/airflow/example_dags/example_branch_labels.py took 0.066 seconds
[2026-09-17T00:58:02.280+0000] {processor.py:157} INFO - Started process (PID=23323) to work on /home/vscode/.local/lib/python3.10/site-packages/airflow/example_dags/example_branch_labels.py
[2026-09-17T00:58:02.282+0000] {processor.py:826} INFO - Processing file /home/vscode/.local/lib/python3.10/site-packages/airflow/example_dags/example_branch_labels.py for tasks to queue
[2026-09-17T00:58:02.283+0000] {logging_mixin.py:150} INFO - [2026-09-17T00:58:02.283+0000] {dagbag.py:541} INFO - Filling up the DagBag from /home/vscode/.local/lib/python3.10/site-packages/airflow/example_dags/example_branch_labels.py
[2026-09-17T00:58:02.292+0000] {processor.py:836} INFO - DAG(s) dict_keys(['example_branch_labels']) retrieved from /home/vscode/.local/lib/python3.10/site-packages/airflow/example_dags/example_branch_labels.py
[2026-09-17T00:58:02.311+0000] {logging_mixin.py:150} INFO - [2026-09-17T00:58:02.311+0000] {dag.py:2742} INFO - Sync 1 DAGs
[2026-09-17T00:58:02.332+0000] {logging_mixin.py:150} INFO - [2026-09-17T00:58:02.332+0000] {dag.py:3504} INFO - Setting next_dagrun for example_branch_labels to 2026-09-16T00:00:00+00:00, run_after=2026-09-17T00:00:00+00:00
[2026-09-17T00:58:02.351+0000] {processor.py:179} INFO - Processing /home/vscode/.local/lib/python3.10/site-packages/airflow/example_dags/example_branch_labels.py took 0.074 seconds
[2026-09-17T00:58:21.030+0000] {processor.py:157} INFO - Started process (PID=23537) to work on /home/vscode/.local/lib/python3.10/site-packages/airflow/example_dags/example_branch_labels.py
[2026-09-17T00:58:21.030+0000] {processor.py:826} INFO - Processing file /home/vscode/.local/lib/python3.10/site-packages/airflow/example_dags/example_branch_labels.py for tasks to queue
[2026-09-17T00:58:21.031+0000] {logging_mixin.py:150} INFO - [2026-09-17T00:58:21.031+0000] {dagbag.py:541} INFO - Filling up the DagBag from /home/vscode/.local/lib/python3.10/site-packages/airflow/example_dags/example_branch_labels.py
[2026-09-17T00:58:21.037+0000] {processor.py:836} INFO - DAG(s) dict_keys(['example_branch_labels']) retrieved from /home/vscode/.local/lib/python3.10/site-packages/airflow/example_dags/example_branch_labels.py
[2026-09-17T00:58:21.051+0000] {logging_mixin.py:150} INFO - [2026-09-17T00:58:21.051+0000] {dag.py:2742} INFO - Sync 1 DAGs
[2026-09-17T00:58:21.066+0000] {logging_mixin.py:150} INFO - [2026-09-17T00:58:21.066+0000] {dag.py:3504} INFO - Setting next_dagrun for example_branch_labels to 2026-09-16T00:00:00+00:00, run_after=2026-09-17T00:00:00+00:00
[2026-09-17T00:58:21.083+0000] {processor.py:179} INFO - Processing /home/vscode/.local/lib/python3.10/site-packages/airflow/example_dags/example_branch_labels.py took 0.055 seconds
[2026-09-17T00:58:51.149+0000] {processor.py:157} INFO - Started process (PID=23869) to work on /home/vscode/.local/lib/python3.10/site-packages/airflow/example_dags/example_branch_labels.py
[2026-09-17T00:58:51.150+0000] {processor.py:826} INFO - Processing file /home/vscode/.local/lib/python3.10/site-packages/airflow/example_dags/example_branch_labels.py for tasks to queue
[2026-09-17T00:58:51.151+0000] {logging_mixin.py:150} INFO - [2026-09-17T00:58:51.151+0000] {dagbag.py:541} INFO - Filling up the DagBag from /home/vscode/.local/lib/python3.10/site-packages/airflow/example_dags/example_branch_labels.py
[2026-09-17T00:58:51.158+0000] {processor.py:836} INFO - DAG(s) dict_keys(['example_branch_labels']) retrieved from /home/vscode/.local/lib/python3.10/site-packages/airflow/example_dags/example_branch_labels.py
[2026-09-17T00:58:51.176+0000] {logging_mixin.py:150} INFO - [2026-09-17T00:58:51.175+0000] {dag.py:2742} INFO - Sync 1 DAGs
[2026-09-17T00:58:51.196+0000] {logging_mixin.py:150} INFO - [2026-09-17T00:58:51.195+0000] {dag.py:3504} INFO - Setting next_dagrun for example_branch_labels to 2026-09-16T00:00:00+00:00, run_after=2026-09-17T00:00:00+00:00
[2026-09-17T00:58:51.213+0000] {processor.py:179} INFO - Processing /home/vscode/.local/lib/python3.10/site-packages/airflow/example_dags/example_branch_labels.py took 0.067 seconds
[2026-09-17T00:59:14.080+0000] {processor.py:157} INFO - Started process (PID=24135) to work on /home/vscode/.local/lib/python3.10/site-packages/airflow/example_dags/example_branch_labels.py
[2026-09-17T00:59:14.081+0000] {processor.py:826} INFO - Processing file /home/vscode/.local/lib/python3.10/site-packages/airflow/example_dags/example_branch_labels.py for tasks to queue
[2026-09-17T00:59:14.081+0000] {logging_mixin.py:150} INFO - [2026-09-17T00:59:14.081+0000] {dagbag.py:541} INFO - Filling up the DagBag from /home/vscode/.local/lib/python3.10/site-packages/airflow/example_dags/example_branch_labels.py
[2026-09-17T00:59:14.088+0000] {processor.py:836} INFO - DAG(s) dict_keys(['example_branch_labels']) retrieved from /home/vscode/.local/lib/python3.10/site-packages/airflow/example_dags/example_branch_labels.py
[2026-09-17T00:59:14.103+0000] {logging_mixin.py:150} INFO - [2026-09-17T00:59:14.103+0000] {dag.py:2742} INFO - Sync 1 DAGs
[2026-09-17T00:59:14.125+0000] {logging_mixin.py:150} INFO - [2026-09-17T00:59:14.124+0000] {dag.py:3504} INFO - Setting next_dagrun for example_branch_labels to 2026-09-16T00:00:00+00:00, run_after=2026-09-17T00:00:00+00:00
[2026-09-17T00:59:14.150+0000] {processor.py:179} INFO - Processing /home/vscode/.local/lib/python3.10/site-packages/airflow/example_dags/example_branch_labels.py took 0.072 seconds
[2026-09-17T00:59:41.507+0000] {processor.py:157} INFO - Started process (PID=24516) to work on /home/vscode/.local/lib/python3.10/site-packages/airflow/example_dags/example_branch_labels.py
[2026-09-17T00:59:41.508+0000] {processor.py:826} INFO - Processing file /home/vscode/.local/lib/python3.10/site-packages/airflow/example_dags/example_branch_labels.py for tasks to queue
[2026-09-17T00:59:41.509+0000] {logging_mixin.py:150} INFO - [2026-09-17T00:59:41.508+0000] {dagbag.py:541} INFO - Filling up the DagBag from /home/vscode/.local/lib/python3.10/site-packages/airflow/example_dags/example_branch_labels.py
[2026-09-17T00:59:41.515+0000] {processor.py:836} INFO - DAG(s) dict_keys(['example_branch_labels']) retrieved from /home/vscode/.local/lib/python3.10/site-packages/airflow/example_dags/example_branch_labels.py
[2026-09-17T00:59:41.529+0000] {logging_mixin.py:150} INFO - [2026-09-17T00:59:41.529+0000] {dag.py:2742} INFO - Sync 1 DAGs
[2026-09-17T00:59:41.545+0000] {logging_mixin.py:150} INFO - [2026-09-17T00:59:41.545+0000] {dag.py:3504} INFO - Setting next_dagrun for example_branch_labels to 2026-09-16T00:00:00+00:00, run_after=2026-09-17T00:00:00+00:00
[2026-09-17T00:59:41.562+0000] {processor.py:179} INFO - Processing /home/vscode/.local/lib/python3.10/site-packages/airflow/example_dags/example_branch_labels.py took 0.057 seconds
[2026-09-17T01:00:07.473+0000] {processor.py:157} INFO - Started process (PID=24894) to work on /home/vscode/.local/lib/python3.10/site-packages/airflow/example_dags/example_branch_labels.py
[2026-09-17T01:00:07.474+0000] {processor.py:826} INFO - Processing file /home/vscode/.local/lib/python3.10/site-packages/airflow/example_dags/example_branch_labels.py for tasks to queue
[2026-09-17T01:00:07.474+0000] {logging_mixin.py:150} INFO - [2026-09-17T01:00:07.474+0000] {dagbag.py:541} INFO - Filling up the DagBag from /home/vscode/.local/lib/python3.10/site-packages/airflow/example_dags/example_branch_labels.py
[2026-09-17T01:00:07.481+0000] {processor.py:836} INFO - DAG(s) dict_keys(['example_branch_labels']) retrieved from /home/vscode/.local/lib/python3.10/site-packages/airflow/example_dags/example_branch_labels.py
[2026-09-17T01:00:07.500+0000] {logging_mixin.py:150} INFO - [2026-09-17T01:00:07.500+0000] {dag.py:2742} INFO - Sync 1 DAGs
[2026-09-17T01:00:07.516+0000] {logging_mixin.py:150} INFO - [2026-09-17T01:00:07.516+0000] {dag.py:3504} INFO - Setting next_dagrun for example_branch_labels to 2026-09-16T00:00:00+00:00, run_after=2026-09-17T00:00:00+00:00
[2026-09-17T01:00:07.532+0000] {processor.py:179} INFO - Processing /home/vscode/.local/lib/python3.10/site-packages/airflow/example_dags/example_branch_labels.py took 0.062 seconds
[2026-09-17T01:00:35.612+0000] {processor.py:157} INFO - Started process (PID=25276) to work on /home/vscode/.local/lib/python3.10/site-packages/airflow/example_dags/example_branch_labels.py
[2026-09-17T01:00:35.612+0000] {processor.py:826} INFO - Processing file /home/vscode/.local/lib/python3.10/site-packages/airflow/example_dags/example_branch_labels.py for tasks to queue
[2026-09-17T01:00:35.613+0000] {logging_mixin.py:150} INFO - [2026-09-17T01:00:35.613+0000] {dagbag.py:541} INFO - Filling up the DagBag from /home/vscode/.local/lib/python3.10/site-packages/airflow/example_dags/example_branch_labels.py
[2026-09-17T01:00:35.619+0000] {processor.py:836} INFO - DAG(s) dict_keys(['example_branch_labels']) retrieved from /home/vscode/.local/lib/python3.10/site-packages/airflow/example_dags/example_branch_labels.py
[2026-09-17T01:00:35.633+0000] {logging_mixin.py:150} INFO - [2026-09-17T01:00:35.633+0000] {dag.py:2742} INFO - Sync 1 DAGs
[2026-09-17T01:00:35.649+0000] {logging_mixin.py:150} INFO - [2026-09-17T01:00:35.649+0000] {dag.py:3504} INFO - Setting next_dagrun for example_branch_labels to 2026-09-16T00:00:00+00:00, run_after=2026-09-17T00:00:00+00:00
[2026-09-17T01:00:35.664+0000] {processor.py:179} INFO - Processing /home/vscode/.local/lib/python3.10/site-packages/airflow/example_dags/example_branch_labels.py took 0.055 seconds
[2026-09-17T01:00:56.850+0000] {processor.py:157} INFO - Started process (PID=25481) to work on /home/vscode/.local/lib/python3.10/site-packages/airflow/example_dags/example_branch_labels.py
[2026-09-17T01:00:56.851+0000] {processor.py:826} INFO - Processing file /home/vscode/.local/lib/python3.10/site-packages/airflow/example_dags/example_branch_labels.py for tasks to queue
[2026-09-17T01:00:56.852+0000] {logging_mixin.py:150} INFO - [2026-09-17T01:00:56.852+0000] {dagbag.py:541} INFO - Filling up the DagBag from /home/vscode/.local/lib/python3.10/site-packages/airflow/example_dags/example_branch_labels.py
[2026-09-17T01:00:56.862+0000] {processor.py:836} INFO - DAG(s) dict_keys(['example_branch_labels']) retrieved from /home/vscode/.local/lib/python3.10/site-packages/airflow/example_dags/example_branch_labels.py
[2026-09-17T01:00:56.887+0000] {logging_mixin.py:150} INFO - [2026-09-17T01:00:56.886+0000] {dag.py:2742} INFO - Sync 1 DAGs
[2026-09-17T01:00:56.916+0000] {logging_mixin.py:150} INFO - [2026-09-17T01:00:56.916+0000] {dag.py:3504} INFO - Setting next_dagrun for example_branch_labels to 2026-09-16T00:00:00+00:00, run_after=2026-09-17T00:00:00+00:00
[2026-09-17T01:00:56.933+0000] {processor.py:179} INFO - Processing /home/vscode/.local/lib/python3.10/site-packages/airflow/example_dags/example_branch_labels.py took 0.086 seconds
[2026-09-17T01:01:27.499+0000] {processor.py:157} INFO - Started process (PID=25735) to work on /home/vscode/.local/lib/python3.10/site-packages/airflow/example_dags/example_branch_labels.py
[2026-09-17T01:01:27.500+0000] {processor.py:826} INFO - Processing file /home/vscode/.local/lib/python3.10/site-packages/airflow/example_dags/example_branch_labels.py for tasks to queue
[2026-09-17T01:01:27.501+0000] {logging_mixin.py:150} INFO - [2026-09-17T01:01:27.500+0000] {dagbag.py:541} INFO - Filling up the DagBag from /home/vscode/.local/lib/python3.10/site-packages/airflow/example_dags/example_branch_labels.py
[2026-09-17T01:01:27.508+0000] {processor.py:836} INFO - DAG(s) dict_keys(['example_branch_labels']) retrieved from /home/vscode/.local/lib/python3.10/site-packages/airflow/example_dags/example_branch_labels.py
[2026-09-17T01:01:27.522+0000] {logging_mixin.py:150} INFO - [2026-09-17T01:01:27.521+0000] {dag.py:2742} INFO - Sync 1 DAGs
[2026-09-17T01:01:27.537+0000] {logging_mixin.py:150} INFO - [2026-09-17T01:01:27.537+0000] {dag.py:3504} INFO - Setting next_dagrun for example_branch_labels to 2026-09-16T00:00:00+00:00, run_after=2026-09-17T00:00:00+00:00
[2026-09-17T01:01:27.555+0000] {processor.py:179} INFO - Processing /home/vscode/.local/lib/python3.10/site-packages/airflow/example_dags/example_branch_labels.py took 0.059 seconds
[2026-09-17T01:01:46.171+0000] {processor.py:157} INFO - Started process (PID=25882) to work on /home/vscode/.local/lib/python3.10/site-packages/airflow/example_dags/example_branch_labels.py
[2026-09-17T01:01:46.172+0000] {processor.py:826} INFO - Processing file /home/vscode/.local/lib/python3.10/site-packages/airflow/example_dags/example_branch_labels.py for tasks to queue
[2026-09-17T01:01:46.173+0000] {logging_mixin.py:150} INFO - [2026-09-17T01:01:46.172+0000] {dagbag.py:541} INFO - Filling up the DagBag from /home/vscode/.local/lib/python3.10/site-packages/airflow/example_dags/example_branch_labels.py
[2026-09-17T01:01:46.179+0000] {processor.py:836} INFO - DAG(s) dict_keys(['example_branch_labels']) retrieved from /home/vscode/.local/lib/python3.10/site-packages/airflow/example_dags/example_branch_labels.py
[2026-09-17T01:01:46.198+0000] {logging_mixin.py:150} INFO - [2026-09-17T01:01:46.198+0000] {dag.py:2742} INFO - Sync 1 DAGs
[2026-09-17T01:01:46.214+0000] {logging_mixin.py:150} INFO - [2026-09-17T01:01:46.214+0000] {dag.py:3504} INFO - Setting next_dagrun for example_branch_labels to 2026-09-16T00:00:00+00:00, run_after=2026-09-17T00:00:00+00:00
[2026-09-17T01:01:46.231+0000] {processor.py:179} INFO - Processing /home/vscode/.local/lib/python3.10/site-packages/airflow/example_dags/example_branch_labels.py took 0.062 seconds
[2026-09-17T01:02:20.326+0000] {processor.py:157} INFO - Started process (PID=26174) to work on /home/vscode/.local/lib/python3.10/site-packages/airflow/example_dags/example_branch_labels.py
[2026-09-17T01:02:20.326+0000] {processor.py:826} INFO - Processing file /home/vscode/.local/lib/python3.10/site-packages/airflow/example_dags/example_branch_labels.py for tasks to queue
[2026-09-17T01:02:20.327+0000] {logging_mixin.py:150} INFO - [2026-09-17T01:02:20.327+0000] {dagbag.py:541} INFO - Filling up the DagBag from /home/vscode/.local/lib/python3.10/site-packages/airflow/example_dags/example_branch_labels.py
[2026-09-17T01:02:20.333+0000] {processor.py:836} INFO - DAG(s) dict_keys(['example_branch_labels']) retrieved from /home/vscode/.local/lib/python3.10/site-packages/airflow/example_dags/example_branch_labels.py
[2026-09-17T01:02:20.346+0000] {logging_mixin.py:150} INFO - [2026-09-17T01:02:20.346+0000] {dag.py:2742} INFO - Sync 1 DAGs
[2026-09-17T01:02:20.362+0000] {logging_mixin.py:150} INFO - [2026-09-17T01:02:20.361+0000] {dag.py:3504} INFO - Setting next_dagrun for example_branch_labels to 2026-09-16T00:00:00+00:00, run_after=2026-09-17T00:00:00+00:00
[2026-09-17T01:02:20.377+0000] {processor.py:179} INFO - Processing /home/vscode/.local/lib/python3.10/site-packages/airflow/example_dags/example_branch_labels.py took 0.054 seconds
[2026-09-17T01:02:30.858+0000] {processor.py:157} INFO - Started process (PID=26265) to work on /home/vscode/.local/lib/python3.10/site-packages/airflow/example_dags/example_branch_labels.py
[2026-09-17T01:02:30.859+0000] {processor.py:826} INFO - Processing file /home/vscode/.local/lib/python3.10/site-packages/airflow/example_dags/example_branch_labels.py for tasks to queue
[2026-09-17T01:02:30.859+0000] {logging_mixin.py:150} INFO - [2026-09-17T01:02:30.859+0000] {dagbag.py:541} INFO - Filling up the DagBag from /home/vscode/.local/lib/python3.10/site-packages/airflow/example_dags/example_branch_labels.py
[2026-09-17T01:02:30.866+0000] {processor.py:836} INFO - DAG(s) dict_keys(['example_branch_labels']) retrieved from /home/vscode/.local/lib/python3.10/site-packages/airflow/example_dags/example_branch_labels.py
[2026-09-17T01:02:30.882+0000] {logging_mixin.py:150} INFO - [2026-09-17T01:02:30.882+0000] {dag.py:2742} INFO - Sync 1 DAGs
[2026-09-17T01:02:30.905+0000] {logging_mixin.py:150} INFO - [2026-09-17T01:02:30.905+0000] {dag.py:3504} INFO - Setting next_dagrun for example_branch_labels to 2026-09-16T00:00:00+00:00, run_after=2026-09-17T00:00:00+00:00
[2026-09-17T01:02:30.922+0000] {processor.py:179} INFO - Processing /home/vscode/.local/lib/python3.10/site-packages/airflow/example_dags/example_branch_labels.py took 0.068 seconds
[2026-09-17T01:03:13.468+0000] {processor.py:157} INFO - Started process (PID=26635) to work on /home/vscode/.local/lib/python3.10/site-packages/airflow/example_dags/example_branch_labels.py
[2026-09-17T01:03:13.468+0000] {processor.py:826} INFO - Processing file /home/vscode/.local/lib/python3.10/site-packages/airflow/example_dags/example_branch_labels.py for tasks to queue
[2026-09-17T01:03:13.469+0000] {logging_mixin.py:150} INFO - [2026-09-17T01:03:13.469+0000] {dagbag.py:541} INFO - Filling up the DagBag from /home/vscode/.local/lib/python3.10/site-packages/airflow/example_dags/example_branch_labels.py
[2026-09-17T01:03:13.476+0000] {processor.py:836} INFO - DAG(s) dict_keys(['example_branch_labels']) retrieved from /home/vscode/.local/lib/python3.10/site-packages/airflow/example_dags/example_branch_labels.py
[2026-09-17T01:03:13.494+0000] {logging_mixin.py:150} INFO - [2026-09-17T01:03:13.494+0000] {dag.py:2742} INFO - Sync 1 DAGs
[2026-09-17T01:03:13.511+0000] {logging_mixin.py:150} INFO - [2026-09-17T01:03:13.511+0000] {dag.py:3504} INFO - Setting next_dagrun for example_branch_labels to 2026-09-16T00:00:00+00:00, run_after=2026-09-17T00:00:00+00:00
[2026-09-17T01:03:13.527+0000] {processor.py:179} INFO - Processing /home/vscode/.local/lib/python3.10/site-packages/airflow/example_dags/example_branch_labels.py took 0.063 seconds
[2026-09-17T01:03:17.593+0000] {processor.py:157} INFO - Started process (PID=26666) to work on /home/vscode/.local/lib/python3.10/site-packages/airflow/example_dags/example_branch_labels.py
[2026-09-17T01:03:17.594+0000] {processor.py:826} INFO - Processing file /home/vscode/.local/lib/python3.10/site-packages/airflow/example_dags/example_branch_labels.py for tasks to queue
[2026-09-17T01:03:17.594+0000] {logging_mixin.py:150} INFO - [2026-09-17T01:03:17.594+0000] {dagbag.py:541} INFO - Filling up the DagBag from /home/vscode/.local/lib/python3.10/site-packages/airflow/example_dags/example_branch_labels.py
[2026-09-17T01:03:17.602+0000] {processor.py:836} INFO - DAG(s) dict_keys(['example_branch_labels']) retrieved from /home/vscode/.local/lib/python3.10/site-packages/airflow/example_dags/example_branch_labels.py
[2026-09-17T01:03:17.618+0000] {logging_mixin.py:150} INFO - [2026-09-17T01:03:17.618+0000] {dag.py:2742} INFO - Sync 1 DAGs
[2026-09-17T01:03:17.634+0000] {logging_mixin.py:150} INFO - [2026-09-17T01:03:17.634+0000] {dag.py:3504} INFO - Setting next_dagrun for example_branch_labels to 2026-09-16T00:00:00+00:00, run_after=2026-09-17T00:00:00+00:00
[2026-09-17T01:03:17.650+0000] {processor.py:179} INFO - Processing /home/vscode/.local/lib/python3.10/site-packages/airflow/example_dags/example_branch_labels.py took 0.060 seconds
[2026-09-17T01:04:03.678+0000] {processor.py:157} INFO - Started process (PID=27060) to work on /home/vscode/.local/lib/python3.10/site-packages/airflow/example_dags/example_branch_labels.py
[2026-09-17T01:04:03.680+0000] {processor.py:826} INFO - Processing file /home/vscode/.local/lib/python3.10/site-packages/airflow/example_dags/example_branch_labels.py for tasks to queue
[2026-09-17T01:04:03.681+0000] {logging_mixin.py:150} INFO - [2026-09-17T01:04:03.680+0000] {dagbag.py:541} INFO - Filling up the DagBag from /home/vscode/.local/lib/python3.10/site-packages/airflow/example_dags/example_branch_labels.py
[2026-09-17T01:04:03.691+0000] {processor.py:836} INFO - DAG(s) dict_keys(['example_branch_labels']) retrieved from /home/vscode/.local/lib/python3.10/site-packages/airflow/example_dags/example_branch_labels.py
[2026-09-17T01:04:03.712+0000] {logging_mixin.py:150} INFO - [2026-09-17T01:04:03.712+0000] {dag.py:2742} INFO - Sync 1 DAGs
[2026-09-17T01:04:03.735+0000] {logging_mixin.py:150} INFO - [2026-09-17T01:04:03.735+0000] {dag.py:3504} INFO - Setting next_dagrun for example_branch_labels to 2026-09-16T00:00:00+00:00, run_after=2026-09-17T00:00:00+00:00
[2026-09-17T01:04:03.757+0000] {processor.py:179} INFO - Processing /home/vscode/.local/lib/python3.10/site-packages/airflow/example_dags/example_branch_labels.py took 0.083 seconds
[2026-09-17T01:04:07.639+0000] {processor.py:157} INFO - Started process (PID=27094) to work on /home/vscode/.local/lib/python3.10/site-packages/airflow/example_dags/example_branch_labels.py
[2026-09-17T01:04:07.640+0000] {processor.py:826} INFO - Processing file /home/vscode/.local/lib/python3.10/site-packages/airflow/example_dags/example_branch_labels.py for tasks to queue
[2026-09-17T01:04:07.641+0000] {logging_mixin.py:150} INFO - [2026-09-17T01:04:07.640+0000] {dagbag.py:541} INFO - Filling up the DagBag from /home/vscode/.local/lib/python3.10/site-packages/airflow/example_dags/example_branch_labels.py
[2026-09-17T01:04:07.647+0000] {processor.py:836} INFO - DAG(s) dict_keys(['example_branch_labels']) retrieved from /home/vscode/.local/lib/python3.10/site-packages/airflow/example_dags/example_branch_labels.py
[2026-09-17T01:04:07.664+0000] {logging_mixin.py:150} INFO - [2026-09-17T01:04:07.664+0000] {dag.py:2742} INFO - Sync 1 DAGs
[2026-09-17T01:04:07.686+0000] {logging_mixin.py:150} INFO - [2026-09-17T01:04:07.686+0000] {dag.py:3504} INFO - Setting next_dagrun for example_branch_labels to 2026-09-16T00:00:00+00:00, run_after=2026-09-17T00:00:00+00:00
[2026-09-17T01:04:07.707+0000] {processor.py:179} INFO - Processing /home/vscode/.local/lib/python3.10/site-packages/airflow/example_dags/example_branch_labels.py took 0.070 seconds
[2026-09-17T01:04:53.510+0000] {processor.py:157} INFO - Started process (PID=27476) to work on /home/vscode/.local/lib/python3.10/site-packages/airflow/example_dags/example_branch_labels.py
[2026-09-17T01:04:53.511+0000] {processor.py:826} INFO - Processing file /home/vscode/.local/lib/python3.10/site-packages/airflow/example_dags/example_branch_labels.py for tasks to queue
[2026-09-17T01:04:53.512+0000] {logging_mixin.py:150} INFO - [2026-09-17T01:04:53.512+0000] {dagbag.py:541} INFO - Filling up the DagBag from /home/vscode/.local/lib/python3.10/site-packages/airflow/example_dags/example_branch_labels.py
[2026-09-17T01:04:53.524+0000] {processor.py:836} INFO - DAG(s) dict_keys(['example_branch_labels']) retrieved from /home/vscode/.local/lib/python3.10/site-packages/airflow/example_dags/example_branch_labels.py
[2026-09-17T01:04:53.564+0000] {logging_mixin.py:150} INFO - [2026-09-17T01:04:53.563+0000] {dag.py:2742} INFO - Sync 1 DAGs
[2026-09-17T01:04:53.602+0000] {logging_mixin.py:150} INFO - [2026-09-17T01:04:53.602+0000] {dag.py:3504} INFO - Setting next_dagrun for example_branch_labels to 2026-09-16T00:00:00+00:00, run_after=2026-09-17T00:00:00+00:00
[2026-09-17T01:04:53.626+0000] {processor.py:179} INFO - Processing /home/vscode/.local/lib/python3.10/site-packages/airflow/example_dags/example_branch_labels.py took 0.123 seconds
[2026-09-17T01:05:00.311+0000] {processor.py:157} INFO - Started process (PID=27527) to work on /home/vscode/.local/lib/python3.10/site-packages/airflow/example_dags/example_branch_labels.py
[2026-09-17T01:05:00.312+0000] {processor.py:826} INFO - Processing file /home/vscode/.local/lib/python3.10/site-packages/airflow/example_dags/example_branch_labels.py for tasks to queue
[2026-09-17T01:05:00.312+0000] {logging_mixin.py:150} INFO - [2026-09-17T01:05:00.312+0000] {dagbag.py:541} INFO - Filling up the DagBag from /home/vscode/.local/lib/python3.10/site-packages/airflow/example_dags/example_branch_labels.py
[2026-09-17T01:05:00.319+0000] {processor.py:836} INFO - DAG(s) dict_keys(['example_branch_labels']) retrieved from /home/vscode/.local/lib/python3.10/site-packages/airflow/example_dags/example_branch_labels.py
[2026-09-17T01:05:00.334+0000] {logging_mixin.py:150} INFO - [2026-09-17T01:05:00.334+0000] {dag.py:2742} INFO - Sync 1 DAGs
[2026-09-17T01:05:00.350+0000] {logging_mixin.py:150} INFO - [2026-09-17T01:05:00.350+0000] {dag.py:3504} INFO - Setting next_dagrun for example_branch_labels to 2026-09-16T00:00:00+00:00, run_after=2026-09-17T00:00:00+00:00
[2026-09-17T01:05:00.367+0000] {processor.py:179} INFO - Processing /home/vscode/.local/lib/python3.10/site-packages/airflow/example_dags/example_branch_labels.py took 0.059 seconds
[2026-09-17T01:05:41.246+0000] {processor.py:157} INFO - Started process (PID=27882) to work on /home/vscode/.local/lib/python3.10/site-packages/airflow/example_dags/example_branch_labels.py
[2026-09-17T01:05:41.247+0000] {processor.py:826} INFO - Processing file /home/vscode/.local/lib/python3.10/site-packages/airflow/example_dags/example_branch_labels.py for tasks to queue
[2026-09-17T01:05:41.248+0000] {logging_mixin.py:150} INFO - [2026-09-17T01:05:41.248+0000] {dagbag.py:541} INFO - Filling up the DagBag from /home/vscode/.local/lib/python3.10/site-packages/airflow/example_dags/example_branch_labels.py
[2026-09-17T01:05:41.257+0000] {processor.py:836} INFO - DAG(s) dict_keys(['example_branch_labels']) retrieved from /home/vscode/.local/lib/python3.10/site-packages/airflow/example_dags/example_branch_labels.py
[2026-09-17T01:05:41.277+0000] {logging_mixin.py:150} INFO - [2026-09-17T01:05:41.277+0000] {dag.py:2742} INFO - Sync 1 DAGs
[2026-09-17T01:05:41.296+0000] {logging_mixin.py:150} INFO - [2026-09-17T01:05:41.296+0000] {dag.py:3504} INFO - Setting next_dagrun for example_branch_labels to 2026-09-16T00:00:00+00:00, run_after=2026-09-17T00:00:00+00:00
[2026-09-17T01:05:41.313+0000] {processor.py:179} INFO - Processing /home/vscode/.local/lib/python3.10/site-packages/airflow/example_dags/example_branch_labels.py took 0.070 seconds
[2026-09-17T01:05:49.609+0000] {processor.py:157} INFO - Started process (PID=27987) to work on /home/vscode/.local/lib/python3.10/site-packages/airflow/example_dags/example_branch_labels.py
[2026-09-17T01:05:49.610+0000] {processor.py:826} INFO - Processing file /home/vscode/.local/lib/python3.10/site-packages/airflow/example_dags/example_branch_labels.py for tasks to queue
[2026-09-17T01:05:49.611+0000] {logging_mixin.py:150} INFO - [2026-09-17T01:05:49.610+0000] {dagbag.py:541} INFO - Filling up the DagBag from /home/vscode/.local/lib/python3.10/site-packages/airflow/example_dags/example_branch_labels.py
[2026-09-17T01:05:49.623+0000] {processor.py:836} INFO - DAG(s) dict_keys(['example_branch_labels']) retrieved from /home/vscode/.local/lib/python3.10/site-packages/airflow/example_dags/example_branch_labels.py
[2026-09-17T01:05:49.657+0000] {logging_mixin.py:150} INFO - [2026-09-17T01:05:49.657+0000] {dag.py:2742} INFO - Sync 1 DAGs
[2026-09-17T01:05:49.690+0000] {logging_mixin.py:150} INFO - [2026-09-17T01:05:49.689+0000] {dag.py:3504} INFO - Setting next_dagrun for example_branch_labels to 2026-09-16T00:00:00+00:00, run_after=2026-09-17T00:00:00+00:00
[2026-09-17T01:05:49.732+0000] {processor.py:179} INFO - Processing /home/vscode/.local/lib/python3.10/site-packages/airflow/example_dags/example_branch_labels.py took 0.127 seconds
[2026-09-17T01:06:29.980+0000] {processor.py:157} INFO - Started process (PID=28320) to work on /home/vscode/.local/lib/python3.10/site-packages/airflow/example_dags/example_branch_labels.py
[2026-09-17T01:06:29.981+0000] {processor.py:826} INFO - Processing file /home/vscode/.local/lib/python3.10/site-packages/airflow/example_dags/example_branch_labels.py for tasks to queue
[2026-09-17T01:06:29.982+0000] {logging_mixin.py:150} INFO - [2026-09-17T01:06:29.981+0000] {dagbag.py:541} INFO - Filling up the DagBag from /home/vscode/.local/lib/python3.10/site-packages/airflow/example_dags/example_branch_labels.py
[2026-09-17T01:06:29.990+0000] {processor.py:836} INFO - DAG(s) dict_keys(['example_branch_labels']) retrieved from /home/vscode/.local/lib/python3.10/site-packages/airflow/example_dags/example_branch_labels.py
[2026-09-17T01:06:30.010+0000] {logging_mixin.py:150} INFO - [2026-09-17T01:06:30.009+0000] {dag.py:2742} INFO - Sync 1 DAGs
[2026-09-17T01:06:30.033+0000] {logging_mixin.py:150} INFO - [2026-09-17T01:06:30.033+0000] {dag.py:3504} INFO - Setting next_dagrun for example_branch_labels to 2026-09-16T00:00:00+00:00, run_after=2026-09-17T00:00:00+00:00
[2026-09-17T01:06:30.067+0000] {processor.py:179} INFO - Processing /home/vscode/.local/lib/python3.10/site-packages/airflow/example_dags/example_branch_labels.py took 0.090 seconds
[2026-09-17T01:06:37.944+0000] {processor.py:157} INFO - Started process (PID=28396) to work on /home/vscode/.local/lib/python3.10/site-packages/airflow/example_dags/example_branch_labels.py
[2026-09-17T01:06:37.945+0000] {processor.py:826} INFO - Processing file /home/vscode/.local/lib/python3.10/site-packages/airflow/example_dags/example_branch_labels.py for tasks to queue
[2026-09-17T01:06:37.946+0000] {logging_mixin.py:150} INFO - [2026-09-17T01:06:37.945+0000] {dagbag.py:541} INFO - Filling up the DagBag from /home/vscode/.local/lib/python3.10/site-packages/airflow/example_dags/example_branch_labels.py
[2026-09-17T01:06:37.955+0000] {processor.py:836} INFO - DAG(s) dict_keys(['example_branch_labels']) retrieved from /home/vscode/.local/lib/python3.10/site-packages/airflow/example_dags/example_branch_labels.py
[2026-09-17T01:06:37.977+0000] {logging_mixin.py:150} INFO - [2026-09-17T01:06:37.977+0000] {dag.py:2742} INFO - Sync 1 DAGs
[2026-09-17T01:06:38.002+0000] {logging_mixin.py:150} INFO - [2026-09-17T01:06:38.001+0000] {dag.py:3504} INFO - Setting next_dagrun for example_branch_labels to 2026-09-16T00:00:00+00:00, run_after=2026-09-17T00:00:00+00:00
[2026-09-17T01:06:38.020+0000] {processor.py:179} INFO - Processing /home/vscode/.local/lib/python3.10/site-packages/airflow/example_dags/example_branch_labels.py took 0.079 seconds
[2026-09-17T01:07:21.057+0000] {processor.py:157} INFO - Started process (PID=28759) to work on /home/vscode/.local/lib/python3.10/site-packages/airflow/example_dags/example_branch_labels.py
[2026-09-17T01:07:21.057+0000] {processor.py:826} INFO - Processing file /home/vscode/.local/lib/python3.10/site-packages/airflow/example_dags/example_branch_labels.py for tasks to queue
[2026-09-17T01:07:21.058+0000] {logging_mixin.py:150} INFO - [2026-09-17T01:07:21.058+0000] {dagbag.py:541} INFO - Filling up the DagBag from /home/vscode/.local/lib/python3.10/site-packages/airflow/example_dags/example_branch_labels.py
[2026-09-17T01:07:21.067+0000] {processor.py:836} INFO - DAG(s) dict_keys(['example_branch_labels']) retrieved from /home/vscode/.local/lib/python3.10/site-packages/airflow/example_dags/example_branch_labels.py
[2026-09-17T01:07:21.087+0000] {logging_mixin.py:150} INFO - [2026-09-17T01:07:21.087+0000] {dag.py:2742} INFO - Sync 1 DAGs
[2026-09-17T01:07:21.111+0000] {logging_mixin.py:150} INFO - [2026-09-17T01:07:21.111+0000] {dag.py:3504} INFO - Setting next_dagrun for example_branch_labels to 2026-09-16T00:00:00+00:00, run_after=2026-09-17T00:00:00+00:00
[2026-09-17T01:07:21.143+0000] {processor.py:179} INFO - Processing /home/vscode/.local/lib/python3.10/site-packages/airflow/example_dags/example_branch_labels.py took 0.089 seconds
[2026-09-17T01:07:29.370+0000] {processor.py:157} INFO - Started process (PID=28824) to work on /home/vscode/.local/lib/python3.10/site-packages/airflow/example_dags/example_branch_labels.py
[2026-09-17T01:07:29.371+0000] {processor.py:826} INFO - Processing file /home/vscode/.local/lib/python3.10/site-packages/airflow/example_dags/example_branch_labels.py for tasks to queue
[2026-09-17T01:07:29.371+0000] {logging_mixin.py:150} INFO - [2026-09-17T01:07:29.371+0000] {dagbag.py:541} INFO - Filling up the DagBag from /home/vscode/.local/lib/python3.10/site-packages/airflow/example_dags/example_branch_labels.py
[2026-09-17T01:07:29.377+0000] {processor.py:836} INFO - DAG(s) dict_keys(['example_branch_labels']) retrieved from /home/vscode/.local/lib/python3.10/site-packages/airflow/example_dags/example_branch_labels.py
[2026-09-17T01:07:29.395+0000] {logging_mixin.py:150} INFO - [2026-09-17T01:07:29.395+0000] {dag.py:2742} INFO - Sync 1 DAGs
[2026-09-17T01:07:29.411+0000] {logging_mixin.py:150} INFO - [2026-09-17T01:07:29.411+0000] {dag.py:3504} INFO - Setting next_dagrun for example_branch_labels to 2026-09-16T00:00:00+00:00, run_after=2026-09-17T00:00:00+00:00
[2026-09-17T01:07:29.428+0000] {processor.py:179} INFO - Processing /home/vscode/.local/lib/python3.10/site-packages/airflow/example_dags/example_branch_labels.py took 0.060 seconds
[2026-09-17T01:08:09.195+0000] {processor.py:157} INFO - Started process (PID=29163) to work on /home/vscode/.local/lib/python3.10/site-packages/airflow/example_dags/example_branch_labels.py
[2026-09-17T01:08:09.196+0000] {processor.py:826} INFO - Processing file /home/vscode/.local/lib/python3.10/site-packages/airflow/example_dags/example_branch_labels.py for tasks to queue
[2026-09-17T01:08:09.197+0000] {logging_mixin.py:150} INFO - [2026-09-17T01:08:09.197+0000] {dagbag.py:541} INFO - Filling up the DagBag from /home/vscode/.local/lib/python3.10/site-packages/airflow/example_dags/example_branch_labels.py
[2026-09-17T01:08:09.205+0000] {processor.py:836} INFO - DAG(s) dict_keys(['example_branch_labels']) retrieved from /home/vscode/.local/lib/python3.10/site-packages/airflow/example_dags/example_branch_labels.py
[2026-09-17T01:08:09.219+0000] {logging_mixin.py:150} INFO - [2026-09-17T01:08:09.219+0000] {dag.py:2742} INFO - Sync 1 DAGs
[2026-09-17T01:08:09.242+0000] {logging_mixin.py:150} INFO - [2026-09-17T01:08:09.241+0000] {dag.py:3504} INFO - Setting next_dagrun for example_branch_labels to 2026-09-16T00:00:00+00:00, run_after=2026-09-17T00:00:00+00:00
[2026-09-17T01:08:09.268+0000] {processor.py:179} INFO - Processing /home/vscode/.local/lib/python3.10/site-packages/airflow/example_dags/example_branch_labels.py took 0.076 seconds
[2026-09-17T01:08:19.427+0000] {processor.py:157} INFO - Started process (PID=29251) to work on /home/vscode/.local/lib/python3.10/site-packages/airflow/example_dags/example_branch_labels.py
[2026-09-17T01:08:19.427+0000] {processor.py:826} INFO - Processing file /home/vscode/.local/lib/python3.10/site-packages/airflow/example_dags/example_branch_labels.py for tasks to queue
[2026-09-17T01:08:19.428+0000] {logging_mixin.py:150} INFO - [2026-09-17T01:08:19.428+0000] {dagbag.py:541} INFO - Filling up the DagBag from /home/vscode/.local/lib/python3.10/site-packages/airflow/example_dags/example_branch_labels.py
[2026-09-17T01:08:19.434+0000] {processor.py:836} INFO - DAG(s) dict_keys(['example_branch_labels']) retrieved from /home/vscode/.local/lib/python3.10/site-packages/airflow/example_dags/example_branch_labels.py
[2026-09-17T01:08:19.448+0000] {logging_mixin.py:150} INFO - [2026-09-17T01:08:19.448+0000] {dag.py:2742} INFO - Sync 1 DAGs
[2026-09-17T01:08:19.464+0000] {logging_mixin.py:150} INFO - [2026-09-17T01:08:19.464+0000] {dag.py:3504} INFO - Setting next_dagrun for example_branch_labels to 2026-09-16T00:00:00+00:00, run_after=2026-09-17T00:00:00+00:00
[2026-09-17T01:08:19.479+0000] {processor.py:179} INFO - Processing /home/vscode/.local/lib/python3.10/site-packages/airflow/example_dags/example_branch_labels.py took 0.055 seconds
[2026-09-17T01:08:57.786+0000] {processor.py:157} INFO - Started process (PID=29583) to work on /home/vscode/.local/lib/python3.10/site-packages/airflow/example_dags/example_branch_labels.py
[2026-09-17T01:08:57.787+0000] {processor.py:826} INFO - Processing file /home/vscode/.local/lib/python3.10/site-packages/airflow/example_dags/example_branch_labels.py for tasks to queue
[2026-09-17T01:08:57.789+0000] {logging_mixin.py:150} INFO - [2026-09-17T01:08:57.789+0000] {dagbag.py:541} INFO - Filling up the DagBag from /home/vscode/.local/lib/python3.10/site-packages/airflow/example_dags/example_branch_labels.py
[2026-09-17T01:08:57.806+0000] {processor.py:836} INFO - DAG(s) dict_keys(['example_branch_labels']) retrieved from /home/vscode/.local/lib/python3.10/site-packages/airflow/example_dags/example_branch_labels.py
[2026-09-17T01:08:57.832+0000] {logging_mixin.py:150} INFO - [2026-09-17T01:08:57.832+0000] {dag.py:2742} INFO - Sync 1 DAGs
[2026-09-17T01:08:57.858+0000] {logging_mixin.py:150} INFO - [2026-09-17T01:08:57.858+0000] {dag.py:3504} INFO - Setting next_dagrun for example_branch_labels to 2026-09-16T00:00:00+00:00, run_after=2026-09-17T00:00:00+00:00
[2026-09-17T01:08:57.874+0000] {processor.py:179} INFO - Processing /home/vscode/.local/lib/python3.10/site-packages/airflow/example_dags/example_branch_labels.py took 0.094 seconds
[2026-09-17T01:09:05.695+0000] {processor.py:157} INFO - Started process (PID=29654) to work on /home/vscode/.local/lib/python3.10/site-packages/airflow/example_dags/example_branch_labels.py
[2026-09-17T01:09:05.695+0000] {processor.py:826} INFO - Processing file /home/vscode/.local/lib/python3.10/site-packages/airflow/example_dags/example_branch_labels.py for tasks to queue
[2026-09-17T01:09:05.696+0000] {logging_mixin.py:150} INFO - [2026-09-17T01:09:05.696+0000] {dagbag.py:541} INFO - Filling up the DagBag from /home/vscode/.local/lib/python3.10/site-packages/airflow/example_dags/example_branch_labels.py
[2026-09-17T01:09:05.704+0000] {processor.py:836} INFO - DAG(s) dict_keys(['example_branch_labels']) retrieved from /home/vscode/.local/lib/python3.10/site-packages/airflow/example_dags/example_branch_labels.py
[2026-09-17T01:09:05.718+0000] {logging_mixin.py:150} INFO - [2026-09-17T01:09:05.718+0000] {dag.py:2742} INFO - Sync 1 DAGs
[2026-09-17T01:09:05.734+0000] {logging_mixin.py:150} INFO - [2026-09-17T01:09:05.734+0000] {dag.py:3504} INFO - Setting next_dagrun for example_branch_labels to 2026-09-16T00:00:00+00:00, run_after=2026-09-17T00:00:00+00:00
[2026-09-17T01:09:05.751+0000] {processor.py:179} INFO - Processing /home/vscode/.local/lib/python3.10/site-packages/airflow/example_dags/example_branch_labels.py took 0.059 seconds
[2026-09-17T01:09:49.777+0000] {processor.py:157} INFO - Started process (PID=30027) to work on /home/vscode/.local/lib/python3.10/site-packages/airflow/example_dags/example_branch_labels.py
[2026-09-17T01:09:49.778+0000] {processor.py:826} INFO - Processing file /home/vscode/.local/lib/python3.10/site-packages/airflow/example_dags/example_branch_labels.py for tasks to queue
[2026-09-17T01:09:49.779+0000] {logging_mixin.py:150} INFO - [2026-09-17T01:09:49.778+0000] {dagbag.py:541} INFO - Filling up the DagBag from /home/vscode/.local/lib/python3.10/site-packages/airflow/example_dags/example_branch_labels.py
[2026-09-17T01:09:49.788+0000] {processor.py:836} INFO - DAG(s) dict_keys(['example_branch_labels']) retrieved from /home/vscode/.local/lib/python3.10/site-packages/airflow/example_dags/example_branch_labels.py
[2026-09-17T01:09:49.810+0000] {logging_mixin.py:150} INFO - [2026-09-17T01:09:49.810+0000] {dag.py:2742} INFO - Sync 1 DAGs
[2026-09-17T01:09:49.833+0000] {logging_mixin.py:150} INFO - [2026-09-17T01:09:49.833+0000] {dag.py:3504} INFO - Setting next_dagrun for example_branch_labels to 2026-09-16T00:00:00+00:00, run_after=2026-09-17T00:00:00+00:00
[2026-09-17T01:09:49.854+0000] {processor.py:179} INFO - Processing /home/vscode/.local/lib/python3.10/site-packages/airflow/example_dags/example_branch_labels.py took 0.081 seconds
[2026-09-17T01:09:54.536+0000] {processor.py:157} INFO - Started process (PID=30070) to work on /home/vscode/.local/lib/python3.10/site-packages/airflow/example_dags/example_branch_labels.py
[2026-09-17T01:09:54.544+0000] {processor.py:826} INFO - Processing file /home/vscode/.local/lib/python3.10/site-packages/airflow/example_dags/example_branch_labels.py for tasks to queue
[2026-09-17T01:09:54.545+0000] {logging_mixin.py:150} INFO - [2026-09-17T01:09:54.544+0000] {dagbag.py:541} INFO - Filling up the DagBag from /home/vscode/.local/lib/python3.10/site-packages/airflow/example_dags/example_branch_labels.py
[2026-09-17T01:09:54.578+0000] {processor.py:836} INFO - DAG(s) dict_keys(['example_branch_labels']) retrieved from /home/vscode/.local/lib/python3.10/site-packages/airflow/example_dags/example_branch_labels.py
[2026-09-17T01:09:54.649+0000] {logging_mixin.py:150} INFO - [2026-09-17T01:09:54.649+0000] {dag.py:2742} INFO - Sync 1 DAGs
[2026-09-17T01:09:54.685+0000] {logging_mixin.py:150} INFO - [2026-09-17T01:09:54.685+0000] {dag.py:3504} INFO - Setting next_dagrun for example_branch_labels to 2026-09-16T00:00:00+00:00, run_after=2026-09-17T00:00:00+00:00
[2026-09-17T01:09:54.731+0000] {processor.py:179} INFO - Processing /home/vscode/.local/lib/python3.10/site-packages/airflow/example_dags/example_branch_labels.py took 0.205 seconds
[2026-09-17T01:10:39.523+0000] {processor.py:157} INFO - Started process (PID=30448) to work on /home/vscode/.local/lib/python3.10/site-packages/airflow/example_dags/example_branch_labels.py
[2026-09-17T01:10:39.524+0000] {processor.py:826} INFO - Processing file /home/vscode/.local/lib/python3.10/site-packages/airflow/example_dags/example_branch_labels.py for tasks to queue
[2026-09-17T01:10:39.524+0000] {logging_mixin.py:150} INFO - [2026-09-17T01:10:39.524+0000] {dagbag.py:541} INFO - Filling up the DagBag from /home/vscode/.local/lib/python3.10/site-packages/airflow/example_dags/example_branch_labels.py
[2026-09-17T01:10:39.531+0000] {processor.py:836} INFO - DAG(s) dict_keys(['example_branch_labels']) retrieved from /home/vscode/.local/lib/python3.10/site-packages/airflow/example_dags/example_branch_labels.py
[2026-09-17T01:10:39.545+0000] {logging_mixin.py:150} INFO - [2026-09-17T01:10:39.545+0000] {dag.py:2742} INFO - Sync 1 DAGs
[2026-09-17T01:10:39.560+0000] {logging_mixin.py:150} INFO - [2026-09-17T01:10:39.560+0000] {dag.py:3504} INFO - Setting next_dagrun for example_branch_labels to 2026-09-16T00:00:00+00:00, run_after=2026-09-17T00:00:00+00:00
[2026-09-17T01:10:39.575+0000] {processor.py:179} INFO - Processing /home/vscode/.local/lib/python3.10/site-packages/airflow/example_dags/example_branch_labels.py took 0.055 seconds
[2026-09-17T01:10:42.029+0000] {processor.py:157} INFO - Started process (PID=30466) to work on /home/vscode/.local/lib/python3.10/site-packages/airflow/example_dags/example_branch_labels.py
[2026-09-17T01:10:42.030+0000] {processor.py:826} INFO - Processing file /home/vscode/.local/lib/python3.10/site-packages/airflow/example_dags/example_branch_labels.py for tasks to queue
[2026-09-17T01:10:42.031+0000] {logging_mixin.py:150} INFO - [2026-09-17T01:10:42.030+0000] {dagbag.py:541} INFO - Filling up the DagBag from /home/vscode/.local/lib/python3.10/site-packages/airflow/example_dags/example_branch_labels.py
[2026-09-17T01:10:42.042+0000] {processor.py:836} INFO - DAG(s) dict_keys(['example_branch_labels']) retrieved from /home/vscode/.local/lib/python3.10/site-packages/airflow/example_dags/example_branch_labels.py
[2026-09-17T01:10:42.063+0000] {logging_mixin.py:150} INFO - [2026-09-17T01:10:42.062+0000] {dag.py:2742} INFO - Sync 1 DAGs
[2026-09-17T01:10:42.078+0000] {logging_mixin.py:150} INFO - [2026-09-17T01:10:42.078+0000] {dag.py:3504} INFO - Setting next_dagrun for example_branch_labels to 2026-09-16T00:00:00+00:00, run_after=2026-09-17T00:00:00+00:00
[2026-09-17T01:10:42.107+0000] {processor.py:179} INFO - Processing /home/vscode/.local/lib/python3.10/site-packages/airflow/example_dags/example_branch_labels.py took 0.084 seconds
[2026-09-17T01:11:27.640+0000] {processor.py:157} INFO - Started process (PID=30896) to work on /home/vscode/.local/lib/python3.10/site-packages/airflow/example_dags/example_branch_labels.py
[2026-09-17T01:11:27.640+0000] {processor.py:826} INFO - Processing file /home/vscode/.local/lib/python3.10/site-packages/airflow/example_dags/example_branch_labels.py for tasks to queue
[2026-09-17T01:11:27.641+0000] {logging_mixin.py:150} INFO - [2026-09-17T01:11:27.641+0000] {dagbag.py:541} INFO - Filling up the DagBag from /home/vscode/.local/lib/python3.10/site-packages/airflow/example_dags/example_branch_labels.py
[2026-09-17T01:11:27.649+0000] {processor.py:836} INFO - DAG(s) dict_keys(['example_branch_labels']) retrieved from /home/vscode/.local/lib/python3.10/site-packages/airflow/example_dags/example_branch_labels.py
[2026-09-17T01:11:27.667+0000] {logging_mixin.py:150} INFO - [2026-09-17T01:11:27.667+0000] {dag.py:2742} INFO - Sync 1 DAGs
[2026-09-17T01:11:27.688+0000] {logging_mixin.py:150} INFO - [2026-09-17T01:11:27.687+0000] {dag.py:3504} INFO - Setting next_dagrun for example_branch_labels to 2026-09-16T00:00:00+00:00, run_after=2026-09-17T00:00:00+00:00
[2026-09-17T01:11:27.707+0000] {processor.py:179} INFO - Processing /home/vscode/.local/lib/python3.10/site-packages/airflow/example_dags/example_branch_labels.py took 0.070 seconds
[2026-09-17T01:11:33.887+0000] {processor.py:157} INFO - Started process (PID=30954) to work on /home/vscode/.local/lib/python3.10/site-packages/airflow/example_dags/example_branch_labels.py
[2026-09-17T01:11:33.888+0000] {processor.py:826} INFO - Processing file /home/vscode/.local/lib/python3.10/site-packages/airflow/example_dags/example_branch_labels.py for tasks to queue
[2026-09-17T01:11:33.889+0000] {logging_mixin.py:150} INFO - [2026-09-17T01:11:33.888+0000] {dagbag.py:541} INFO - Filling up the DagBag from /home/vscode/.local/lib/python3.10/site-packages/airflow/example_dags/example_branch_labels.py
[2026-09-17T01:11:33.897+0000] {processor.py:836} INFO - DAG(s) dict_keys(['example_branch_labels']) retrieved from /home/vscode/.local/lib/python3.10/site-packages/airflow/example_dags/example_branch_labels.py
[2026-09-17T01:11:33.914+0000] {logging_mixin.py:150} INFO - [2026-09-17T01:11:33.913+0000] {dag.py:2742} INFO - Sync 1 DAGs
[2026-09-17T01:11:33.930+0000] {logging_mixin.py:150} INFO - [2026-09-17T01:11:33.930+0000] {dag.py:3504} INFO - Setting next_dagrun for example_branch_labels to 2026-09-16T00:00:00+00:00, run_after=2026-09-17T00:00:00+00:00
[2026-09-17T01:11:33.948+0000] {processor.py:179} INFO - Processing /home/vscode/.local/lib/python3.10/site-packages/airflow/example_dags/example_branch_labels.py took 0.064 seconds
[2026-09-17T01:12:19.107+0000] {processor.py:157} INFO - Started process (PID=31341) to work on /home/vscode/.local/lib/python3.10/site-packages/airflow/example_dags/example_branch_labels.py
[2026-09-17T01:12:19.108+0000] {processor.py:826} INFO - Processing file /home/vscode/.local/lib/python3.10/site-packages/airflow/example_dags/example_branch_labels.py for tasks to queue
[2026-09-17T01:12:19.109+0000] {logging_mixin.py:150} INFO - [2026-09-17T01:12:19.109+0000] {dagbag.py:541} INFO - Filling up the DagBag from /home/vscode/.local/lib/python3.10/site-packages/airflow/example_dags/example_branch_labels.py
[2026-09-17T01:12:19.117+0000] {processor.py:836} INFO - DAG(s) dict_keys(['example_branch_labels']) retrieved from /home/vscode/.local/lib/python3.10/site-packages/airflow/example_dags/example_branch_labels.py
[2026-09-17T01:12:19.147+0000] {logging_mixin.py:150} INFO - [2026-09-17T01:12:19.147+0000] {dag.py:2742} INFO - Sync 1 DAGs
[2026-09-17T01:12:19.177+0000] {logging_mixin.py:150} INFO - [2026-09-17T01:12:19.176+0000] {dag.py:3504} INFO - Setting next_dagrun for example_branch_labels to 2026-09-16T00:00:00+00:00, run_after=2026-09-17T00:00:00+00:00
[2026-09-17T01:12:19.199+0000] {processor.py:179} INFO - Processing /home/vscode/.local/lib/python3.10/site-packages/airflow/example_dags/example_branch_labels.py took 0.095 seconds
[2026-09-17T01:12:21.892+0000] {processor.py:157} INFO - Started process (PID=31360) to work on /home/vscode/.local/lib/python3.10/site-packages/airflow/example_dags/example_branch_labels.py
[2026-09-17T01:12:21.893+0000] {processor.py:826} INFO - Processing file /home/vscode/.local/lib/python3.10/site-packages/airflow/example_dags/example_branch_labels.py for tasks to queue
[2026-09-17T01:12:21.894+0000] {logging_mixin.py:150} INFO - [2026-09-17T01:12:21.894+0000] {dagbag.py:541} INFO - Filling up the DagBag from /home/vscode/.local/lib/python3.10/site-packages/airflow/example_dags/example_branch_labels.py
[2026-09-17T01:12:21.902+0000] {processor.py:836} INFO - DAG(s) dict_keys(['example_branch_labels']) retrieved from /home/vscode/.local/lib/python3.10/site-packages/airflow/example_dags/example_branch_labels.py
[2026-09-17T01:12:21.919+0000] {logging_mixin.py:150} INFO - [2026-09-17T01:12:21.919+0000] {dag.py:2742} INFO - Sync 1 DAGs
[2026-09-17T01:12:21.936+0000] {logging_mixin.py:150} INFO - [2026-09-17T01:12:21.936+0000] {dag.py:3504} INFO - Setting next_dagrun for example_branch_labels to 2026-09-16T00:00:00+00:00, run_after=2026-09-17T00:00:00+00:00
[2026-09-17T01:12:21.963+0000] {processor.py:179} INFO - Processing /home/vscode/.local/lib/python3.10/site-packages/airflow/example_dags/example_branch_labels.py took 0.074 seconds
[2026-09-17T01:13:06.243+0000] {processor.py:157} INFO - Started process (PID=31737) to work on /home/vscode/.local/lib/python3.10/site-packages/airflow/example_dags/example_branch_labels.py
[2026-09-17T01:13:06.244+0000] {processor.py:826} INFO - Processing file /home/vscode/.local/lib/python3.10/site-packages/airflow/example_dags/example_branch_labels.py for tasks to queue
[2026-09-17T01:13:06.245+0000] {logging_mixin.py:150} INFO - [2026-09-17T01:13:06.244+0000] {dagbag.py:541} INFO - Filling up the DagBag from /home/vscode/.local/lib/python3.10/site-packages/airflow/example_dags/example_branch_labels.py
[2026-09-17T01:13:06.251+0000] {processor.py:836} INFO - DAG(s) dict_keys(['example_branch_labels']) retrieved from /home/vscode/.local/lib/python3.10/site-packages/airflow/example_dags/example_branch_labels.py
[2026-09-17T01:13:06.265+0000] {logging_mixin.py:150} INFO - [2026-09-17T01:13:06.265+0000] {dag.py:2742} INFO - Sync 1 DAGs
[2026-09-17T01:13:06.282+0000] {logging_mixin.py:150} INFO - [2026-09-17T01:13:06.281+0000] {dag.py:3504} INFO - Setting next_dagrun for example_branch_labels to 2026-09-16T00:00:00+00:00, run_after=2026-09-17T00:00:00+00:00
[2026-09-17T01:13:06.303+0000] {processor.py:179} INFO - Processing /home/vscode/.local/lib/python3.10/site-packages/airflow/example_dags/example_branch_labels.py took 0.062 seconds
[2026-09-17T01:13:09.712+0000] {processor.py:157} INFO - Started process (PID=31772) to work on /home/vscode/.local/lib/python3.10/site-packages/airflow/example_dags/example_branch_labels.py
[2026-09-17T01:13:09.713+0000] {processor.py:826} INFO - Processing file /home/vscode/.local/lib/python3.10/site-packages/airflow/example_dags/example_branch_labels.py for tasks to queue
[2026-09-17T01:13:09.713+0000] {logging_mixin.py:150} INFO - [2026-09-17T01:13:09.713+0000] {dagbag.py:541} INFO - Filling up the DagBag from /home/vscode/.local/lib/python3.10/site-packages/airflow/example_dags/example_branch_labels.py
[2026-09-17T01:13:09.720+0000] {processor.py:836} INFO - DAG(s) dict_keys(['example_branch_labels']) retrieved from /home/vscode/.local/lib/python3.10/site-packages/airflow/example_dags/example_branch_labels.py
[2026-09-17T01:13:09.734+0000] {logging_mixin.py:150} INFO - [2026-09-17T01:13:09.734+0000] {dag.py:2742} INFO - Sync 1 DAGs
[2026-09-17T01:13:09.750+0000] {logging_mixin.py:150} INFO - [2026-09-17T01:13:09.750+0000] {dag.py:3504} INFO - Setting next_dagrun for example_branch_labels to 2026-09-16T00:00:00+00:00, run_after=2026-09-17T00:00:00+00:00
[2026-09-17T01:13:09.770+0000] {processor.py:179} INFO - Processing /home/vscode/.local/lib/python3.10/site-packages/airflow/example_dags/example_branch_labels.py took 0.060 seconds
[2026-09-17T01:13:49.905+0000] {processor.py:157} INFO - Started process (PID=32112) to work on /home/vscode/.local/lib/python3.10/site-packages/airflow/example_dags/example_branch_labels.py
[2026-09-17T01:13:49.906+0000] {processor.py:826} INFO - Processing file /home/vscode/.local/lib/python3.10/site-packages/airflow/example_dags/example_branch_labels.py for tasks to queue
[2026-09-17T01:13:49.907+0000] {logging_mixin.py:150} INFO - [2026-09-17T01:13:49.906+0000] {dagbag.py:541} INFO - Filling up the DagBag from /home/vscode/.local/lib/python3.10/site-packages/airflow/example_dags/example_branch_labels.py
[2026-09-17T01:13:49.913+0000] {processor.py:836} INFO - DAG(s) dict_keys(['example_branch_labels']) retrieved from /home/vscode/.local/lib/python3.10/site-packages/airflow/example_dags/example_branch_labels.py
[2026-09-17T01:13:49.927+0000] {logging_mixin.py:150} INFO - [2026-09-17T01:13:49.927+0000] {dag.py:2742} INFO - Sync 1 DAGs
[2026-09-17T01:13:49.944+0000] {logging_mixin.py:150} INFO - [2026-09-17T01:13:49.944+0000] {dag.py:3504} INFO - Setting next_dagrun for example_branch_labels to 2026-09-16T00:00:00+00:00, run_after=2026-09-17T00:00:00+00:00
[2026-09-17T01:13:49.961+0000] {processor.py:179} INFO - Processing /home/vscode/.local/lib/python3.10/site-packages/airflow/example_dags/example_branch_labels.py took 0.058 seconds
[2026-09-17T01:14:01.084+0000] {processor.py:157} INFO - Started process (PID=32201) to work on /home/vscode/.local/lib/python3.10/site-packages/airflow/example_dags/example_branch_labels.py
[2026-09-17T01:14:01.085+0000] {processor.py:826} INFO - Processing file /home/vscode/.local/lib/python3.10/site-packages/airflow/example_dags/example_branch_labels.py for tasks to queue
[2026-09-17T01:14:01.086+0000] {logging_mixin.py:150} INFO - [2026-09-17T01:14:01.086+0000] {dagbag.py:541} INFO - Filling up the DagBag from /home/vscode/.local/lib/python3.10/site-packages/airflow/example_dags/example_branch_labels.py
[2026-09-17T01:14:01.095+0000] {processor.py:836} INFO - DAG(s) dict_keys(['example_branch_labels']) retrieved from /home/vscode/.local/lib/python3.10/site-packages/airflow/example_dags/example_branch_labels.py
[2026-09-17T01:14:01.111+0000] {logging_mixin.py:150} INFO - [2026-09-17T01:14:01.111+0000] {dag.py:2742} INFO - Sync 1 DAGs
[2026-09-17T01:14:01.127+0000] {logging_mixin.py:150} INFO - [2026-09-17T01:14:01.127+0000] {dag.py:3504} INFO - Setting next_dagrun for example_branch_labels to 2026-09-16T00:00:00+00:00, run_after=2026-09-17T00:00:00+00:00
[2026-09-17T01:14:01.154+0000] {processor.py:179} INFO - Processing /home/vscode/.local/lib/python3.10/site-packages/airflow/example_dags/example_branch_labels.py took 0.075 seconds
[2026-09-17T01:14:39.995+0000] {processor.py:157} INFO - Started process (PID=32534) to work on /home/vscode/.local/lib/python3.10/site-packages/airflow/example_dags/example_branch_labels.py
[2026-09-17T01:14:39.997+0000] {processor.py:826} INFO - Processing file /home/vscode/.local/lib/python3.10/site-packages/airflow/example_dags/example_branch_labels.py for tasks to queue
[2026-09-17T01:14:39.998+0000] {logging_mixin.py:150} INFO - [2026-09-17T01:14:39.998+0000] {dagbag.py:541} INFO - Filling up the DagBag from /home/vscode/.local/lib/python3.10/site-packages/airflow/example_dags/example_branch_labels.py
[2026-09-17T01:14:40.005+0000] {processor.py:836} INFO - DAG(s) dict_keys(['example_branch_labels']) retrieved from /home/vscode/.local/lib/python3.10/site-packages/airflow/example_dags/example_branch_labels.py
[2026-09-17T01:14:40.018+0000] {logging_mixin.py:150} INFO - [2026-09-17T01:14:40.018+0000] {dag.py:2742} INFO - Sync 1 DAGs
[2026-09-17T01:14:40.034+0000] {logging_mixin.py:150} INFO - [2026-09-17T01:14:40.034+0000] {dag.py:3504} INFO - Setting next_dagrun for example_branch_labels to 2026-09-16T00:00:00+00:00, run_after=2026-09-17T00:00:00+00:00
[2026-09-17T01:14:40.049+0000] {processor.py:179} INFO - Processing /home/vscode/.local/lib/python3.10/site-packages/airflow/example_dags/example_branch_labels.py took 0.057 seconds
[2026-09-17T01:14:51.201+0000] {processor.py:157} INFO - Started process (PID=32628) to work on /home/vscode/.local/lib/python3.10/site-packages/airflow/example_dags/example_branch_labels.py
[2026-09-17T01:14:51.202+0000] {processor.py:826} INFO - Processing file /home/vscode/.local/lib/python3.10/site-packages/airflow/example_dags/example_branch_labels.py for tasks to queue
[2026-09-17T01:14:51.203+0000] {logging_mixin.py:150} INFO - [2026-09-17T01:14:51.202+0000] {dagbag.py:541} INFO - Filling up the DagBag from /home/vscode/.local/lib/python3.10/site-packages/airflow/example_dags/example_branch_labels.py
[2026-09-17T01:14:51.209+0000] {processor.py:836} INFO - DAG(s) dict_keys(['example_branch_labels']) retrieved from /home/vscode/.local/lib/python3.10/site-packages/airflow/example_dags/example_branch_labels.py
[2026-09-17T01:14:51.224+0000] {logging_mixin.py:150} INFO - [2026-09-17T01:14:51.224+0000] {dag.py:2742} INFO - Sync 1 DAGs
[2026-09-17T01:14:51.240+0000] {logging_mixin.py:150} INFO - [2026-09-17T01:14:51.240+0000] {dag.py:3504} INFO - Setting next_dagrun for example_branch_labels to 2026-09-16T00:00:00+00:00, run_after=2026-09-17T00:00:00+00:00
[2026-09-17T01:14:51.257+0000] {processor.py:179} INFO - Processing /home/vscode/.local/lib/python3.10/site-packages/airflow/example_dags/example_branch_labels.py took 0.059 seconds
[2026-09-17T01:15:22.654+0000] {processor.py:157} INFO - Started process (PID=32895) to work on /home/vscode/.local/lib/python3.10/site-packages/airflow/example_dags/example_branch_labels.py
[2026-09-17T01:15:22.654+0000] {processor.py:826} INFO - Processing file /home/vscode/.local/lib/python3.10/site-packages/airflow/example_dags/example_branch_labels.py for tasks to queue
[2026-09-17T01:15:22.655+0000] {logging_mixin.py:150} INFO - [2026-09-17T01:15:22.655+0000] {dagbag.py:541} INFO - Filling up the DagBag from /home/vscode/.local/lib/python3.10/site-packages/airflow/example_dags/example_branch_labels.py
[2026-09-17T01:15:22.661+0000] {processor.py:836} INFO - DAG(s) dict_keys(['example_branch_labels']) retrieved from /home/vscode/.local/lib/python3.10/site-packages/airflow/example_dags/example_branch_labels.py
[2026-09-17T01:15:22.675+0000] {logging_mixin.py:150} INFO - [2026-09-17T01:15:22.674+0000] {dag.py:2742} INFO - Sync 1 DAGs
[2026-09-17T01:15:22.693+0000] {logging_mixin.py:150} INFO - [2026-09-17T01:15:22.693+0000] {dag.py:3504} INFO - Setting next_dagrun for example_branch_labels to 2026-09-16T00:00:00+00:00, run_after=2026-09-17T00:00:00+00:00
[2026-09-17T01:15:22.711+0000] {processor.py:179} INFO - Processing /home/vscode/.local/lib/python3.10/site-packages/airflow/example_dags/example_branch_labels.py took 0.060 seconds
[2026-09-17T01:15:44.584+0000] {processor.py:157} INFO - Started process (PID=33116) to work on /home/vscode/.local/lib/python3.10/site-packages/airflow/example_dags/example_branch_labels.py
[2026-09-17T01:15:44.585+0000] {processor.py:826} INFO - Processing file /home/vscode/.local/lib/python3.10/site-packages/airflow/example_dags/example_branch_labels.py for tasks to queue
[2026-09-17T01:15:44.586+0000] {logging_mixin.py:150} INFO - [2026-09-17T01:15:44.585+0000] {dagbag.py:541} INFO - Filling up the DagBag from /home/vscode/.local/lib/python3.10/site-packages/airflow/example_dags/example_branch_labels.py
[2026-09-17T01:15:44.592+0000] {processor.py:836} INFO - DAG(s) dict_keys(['example_branch_labels']) retrieved from /home/vscode/.local/lib/python3.10/site-packages/airflow/example_dags/example_branch_labels.py
[2026-09-17T01:15:44.606+0000] {logging_mixin.py:150} INFO - [2026-09-17T01:15:44.605+0000] {dag.py:2742} INFO - Sync 1 DAGs
[2026-09-17T01:15:44.621+0000] {logging_mixin.py:150} INFO - [2026-09-17T01:15:44.621+0000] {dag.py:3504} INFO - Setting next_dagrun for example_branch_labels to 2026-09-16T00:00:00+00:00, run_after=2026-09-17T00:00:00+00:00
[2026-09-17T01:15:44.642+0000] {processor.py:179} INFO - Processing /home/vscode/.local/lib/python3.10/site-packages/airflow/example_dags/example_branch_labels.py took 0.060 seconds
[2026-09-17T01:16:10.250+0000] {processor.py:157} INFO - Started process (PID=33339) to work on /home/vscode/.local/lib/python3.10/site-packages/airflow/example_dags/example_branch_labels.py
[2026-09-17T01:16:10.251+0000] {processor.py:826} INFO - Processing file /home/vscode/.local/lib/python3.10/site-packages/airflow/example_dags/example_branch_labels.py for tasks to queue
[2026-09-17T01:16:10.252+0000] {logging_mixin.py:150} INFO - [2026-09-17T01:16:10.252+0000] {dagbag.py:541} INFO - Filling up the DagBag from /home/vscode/.local/lib/python3.10/site-packages/airflow/example_dags/example_branch_labels.py
[2026-09-17T01:16:10.261+0000] {processor.py:836} INFO - DAG(s) dict_keys(['example_branch_labels']) retrieved from /home/vscode/.local/lib/python3.10/site-packages/airflow/example_dags/example_branch_labels.py
[2026-09-17T01:16:10.281+0000] {logging_mixin.py:150} INFO - [2026-09-17T01:16:10.280+0000] {dag.py:2742} INFO - Sync 1 DAGs
[2026-09-17T01:16:10.307+0000] {logging_mixin.py:150} INFO - [2026-09-17T01:16:10.307+0000] {dag.py:3504} INFO - Setting next_dagrun for example_branch_labels to 2026-09-16T00:00:00+00:00, run_after=2026-09-17T00:00:00+00:00
[2026-09-17T01:16:10.339+0000] {processor.py:179} INFO - Processing /home/vscode/.local/lib/python3.10/site-packages/airflow/example_dags/example_branch_labels.py took 0.092 seconds
[2026-09-17T01:16:36.482+0000] {processor.py:157} INFO - Started process (PID=33562) to work on /home/vscode/.local/lib/python3.10/site-packages/airflow/example_dags/example_branch_labels.py
[2026-09-17T01:16:36.483+0000] {processor.py:826} INFO - Processing file /home/vscode/.local/lib/python3.10/site-packages/airflow/example_dags/example_branch_labels.py for tasks to queue
[2026-09-17T01:16:36.484+0000] {logging_mixin.py:150} INFO - [2026-09-17T01:16:36.483+0000] {dagbag.py:541} INFO - Filling up the DagBag from /home/vscode/.local/lib/python3.10/site-packages/airflow/example_dags/example_branch_labels.py
[2026-09-17T01:16:36.492+0000] {processor.py:836} INFO - DAG(s) dict_keys(['example_branch_labels']) retrieved from /home/vscode/.local/lib/python3.10/site-packages/airflow/example_dags/example_branch_labels.py
[2026-09-17T01:16:36.508+0000] {logging_mixin.py:150} INFO - [2026-09-17T01:16:36.508+0000] {dag.py:2742} INFO - Sync 1 DAGs
[2026-09-17T01:16:36.523+0000] {logging_mixin.py:150} INFO - [2026-09-17T01:16:36.523+0000] {dag.py:3504} INFO - Setting next_dagrun for example_branch_labels to 2026-09-16T00:00:00+00:00, run_after=2026-09-17T00:00:00+00:00
[2026-09-17T01:16:36.539+0000] {processor.py:179} INFO - Processing /home/vscode/.local/lib/python3.10/site-packages/airflow/example_dags/example_branch_labels.py took 0.061 seconds
[2026-09-17T01:17:01.202+0000] {processor.py:157} INFO - Started process (PID=33780) to work on /home/vscode/.local/lib/python3.10/site-packages/airflow/example_dags/example_branch_labels.py
[2026-09-17T01:17:01.203+0000] {processor.py:826} INFO - Processing file /home/vscode/.local/lib/python3.10/site-packages/airflow/example_dags/example_branch_labels.py for tasks to queue
[2026-09-17T01:17:01.204+0000] {logging_mixin.py:150} INFO - [2026-09-17T01:17:01.204+0000] {dagbag.py:541} INFO - Filling up the DagBag from /home/vscode/.local/lib/python3.10/site-packages/airflow/example_dags/example_branch_labels.py
[2026-09-17T01:17:01.218+0000] {processor.py:836} INFO - DAG(s) dict_keys(['example_branch_labels']) retrieved from /home/vscode/.local/lib/python3.10/site-packages/airflow/example_dags/example_branch_labels.py
[2026-09-17T01:17:01.250+0000] {logging_mixin.py:150} INFO - [2026-09-17T01:17:01.249+0000] {dag.py:2742} INFO - Sync 1 DAGs
[2026-09-17T01:17:01.277+0000] {logging_mixin.py:150} INFO - [2026-09-17T01:17:01.276+0000] {dag.py:3504} INFO - Setting next_dagrun for example_branch_labels to 2026-09-16T00:00:00+00:00, run_after=2026-09-17T00:00:00+00:00
[2026-09-17T01:17:01.296+0000] {processor.py:179} INFO - Processing /home/vscode/.local/lib/python3.10/site-packages/airflow/example_dags/example_branch_labels.py took 0.097 seconds
[2026-09-17T01:17:25.866+0000] {processor.py:157} INFO - Started process (PID=33986) to work on /home/vscode/.local/lib/python3.10/site-packages/airflow/example_dags/example_branch_labels.py
[2026-09-17T01:17:25.867+0000] {processor.py:826} INFO - Processing file /home/vscode/.local/lib/python3.10/site-packages/airflow/example_dags/example_branch_labels.py for tasks to queue
[2026-09-17T01:17:25.868+0000] {logging_mixin.py:150} INFO - [2026-09-17T01:17:25.868+0000] {dagbag.py:541} INFO - Filling up the DagBag from /home/vscode/.local/lib/python3.10/site-packages/airflow/example_dags/example_branch_labels.py
[2026-09-17T01:17:25.877+0000] {processor.py:836} INFO - DAG(s) dict_keys(['example_branch_labels']) retrieved from /home/vscode/.local/lib/python3.10/site-packages/airflow/example_dags/example_branch_labels.py
[2026-09-17T01:17:25.922+0000] {logging_mixin.py:150} INFO - [2026-09-17T01:17:25.922+0000] {dag.py:2742} INFO - Sync 1 DAGs
[2026-09-17T01:17:25.950+0000] {logging_mixin.py:150} INFO - [2026-09-17T01:17:25.950+0000] {dag.py:3504} INFO - Setting next_dagrun for example_branch_labels to 2026-09-16T00:00:00+00:00, run_after=2026-09-17T00:00:00+00:00
[2026-09-17T01:17:25.976+0000] {processor.py:179} INFO - Processing /home/vscode/.local/lib/python3.10/site-packages/airflow/example_dags/example_branch_labels.py took 0.113 seconds
[2026-09-17T01:18:01.853+0000] {processor.py:157} INFO - Started process (PID=34288) to work on /home/vscode/.local/lib/python3.10/site-packages/airflow/example_dags/example_branch_labels.py
[2026-09-17T01:18:01.855+0000] {processor.py:826} INFO - Processing file /home/vscode/.local/lib/python3.10/site-packages/airflow/example_dags/example_branch_labels.py for tasks to queue
[2026-09-17T01:18:01.856+0000] {logging_mixin.py:150} INFO - [2026-09-17T01:18:01.856+0000] {dagbag.py:541} INFO - Filling up the DagBag from /home/vscode/.local/lib/python3.10/site-packages/airflow/example_dags/example_branch_labels.py
[2026-09-17T01:18:01.864+0000] {processor.py:836} INFO - DAG(s) dict_keys(['example_branch_labels']) retrieved from /home/vscode/.local/lib/python3.10/site-packages/airflow/example_dags/example_branch_labels.py
[2026-09-17T01:18:01.883+0000] {logging_mixin.py:150} INFO - [2026-09-17T01:18:01.883+0000] {dag.py:2742} INFO - Sync 1 DAGs
[2026-09-17T01:18:01.934+0000] {logging_mixin.py:150} INFO - [2026-09-17T01:18:01.934+0000] {dag.py:3504} INFO - Setting next_dagrun for example_branch_labels to 2026-09-16T00:00:00+00:00, run_after=2026-09-17T00:00:00+00:00
[2026-09-17T01:18:01.967+0000] {processor.py:179} INFO - Processing /home/vscode/.local/lib/python3.10/site-packages/airflow/example_dags/example_branch_labels.py took 0.117 seconds
[2026-09-17T01:18:13.529+0000] {processor.py:157} INFO - Started process (PID=34386) to work on /home/vscode/.local/lib/python3.10/site-packages/airflow/example_dags/example_branch_labels.py
[2026-09-17T01:18:13.530+0000] {processor.py:826} INFO - Processing file /home/vscode/.local/lib/python3.10/site-packages/airflow/example_dags/example_branch_labels.py for tasks to queue
[2026-09-17T01:18:13.530+0000] {logging_mixin.py:150} INFO - [2026-09-17T01:18:13.530+0000] {dagbag.py:541} INFO - Filling up the DagBag from /home/vscode/.local/lib/python3.10/site-packages/airflow/example_dags/example_branch_labels.py
[2026-09-17T01:18:13.536+0000] {processor.py:836} INFO - DAG(s) dict_keys(['example_branch_labels']) retrieved from /home/vscode/.local/lib/python3.10/site-packages/airflow/example_dags/example_branch_labels.py
[2026-09-17T01:18:13.553+0000] {logging_mixin.py:150} INFO - [2026-09-17T01:18:13.553+0000] {dag.py:2742} INFO - Sync 1 DAGs
[2026-09-17T01:18:13.569+0000] {logging_mixin.py:150} INFO - [2026-09-17T01:18:13.568+0000] {dag.py:3504} INFO - Setting next_dagrun for example_branch_labels to 2026-09-16T00:00:00+00:00, run_after=2026-09-17T00:00:00+00:00
[2026-09-17T01:18:13.586+0000] {processor.py:179} INFO - Processing /home/vscode/.local/lib/python3.10/site-packages/airflow/example_dags/example_branch_labels.py took 0.059 seconds
[2026-09-17T01:18:50.615+0000] {processor.py:157} INFO - Started process (PID=34703) to work on /home/vscode/.local/lib/python3.10/site-packages/airflow/example_dags/example_branch_labels.py
[2026-09-17T01:18:50.616+0000] {processor.py:826} INFO - Processing file /home/vscode/.local/lib/python3.10/site-packages/airflow/example_dags/example_branch_labels.py for tasks to queue
[2026-09-17T01:18:50.616+0000] {logging_mixin.py:150} INFO - [2026-09-17T01:18:50.616+0000] {dagbag.py:541} INFO - Filling up the DagBag from /home/vscode/.local/lib/python3.10/site-packages/airflow/example_dags/example_branch_labels.py
[2026-09-17T01:18:50.622+0000] {processor.py:836} INFO - DAG(s) dict_keys(['example_branch_labels']) retrieved from /home/vscode/.local/lib/python3.10/site-packages/airflow/example_dags/example_branch_labels.py
[2026-09-17T01:18:50.640+0000] {logging_mixin.py:150} INFO - [2026-09-17T01:18:50.640+0000] {dag.py:2742} INFO - Sync 1 DAGs
[2026-09-17T01:18:50.657+0000] {logging_mixin.py:150} INFO - [2026-09-17T01:18:50.656+0000] {dag.py:3504} INFO - Setting next_dagrun for example_branch_labels to 2026-09-16T00:00:00+00:00, run_after=2026-09-17T00:00:00+00:00
[2026-09-17T01:18:50.673+0000] {processor.py:179} INFO - Processing /home/vscode/.local/lib/python3.10/site-packages/airflow/example_dags/example_branch_labels.py took 0.061 seconds
[2026-09-17T01:18:58.780+0000] {processor.py:157} INFO - Started process (PID=34765) to work on /home/vscode/.local/lib/python3.10/site-packages/airflow/example_dags/example_branch_labels.py
[2026-09-17T01:18:58.781+0000] {processor.py:826} INFO - Processing file /home/vscode/.local/lib/python3.10/site-packages/airflow/example_dags/example_branch_labels.py for tasks to queue
[2026-09-17T01:18:58.781+0000] {logging_mixin.py:150} INFO - [2026-09-17T01:18:58.781+0000] {dagbag.py:541} INFO - Filling up the DagBag from /home/vscode/.local/lib/python3.10/site-packages/airflow/example_dags/example_branch_labels.py
[2026-09-17T01:18:58.788+0000] {processor.py:836} INFO - DAG(s) dict_keys(['example_branch_labels']) retrieved from /home/vscode/.local/lib/python3.10/site-packages/airflow/example_dags/example_branch_labels.py
[2026-09-17T01:18:58.805+0000] {logging_mixin.py:150} INFO - [2026-09-17T01:18:58.805+0000] {dag.py:2742} INFO - Sync 1 DAGs
[2026-09-17T01:18:58.825+0000] {logging_mixin.py:150} INFO - [2026-09-17T01:18:58.825+0000] {dag.py:3504} INFO - Setting next_dagrun for example_branch_labels to 2026-09-16T00:00:00+00:00, run_after=2026-09-17T00:00:00+00:00
[2026-09-17T01:18:58.842+0000] {processor.py:179} INFO - Processing /home/vscode/.local/lib/python3.10/site-packages/airflow/example_dags/example_branch_labels.py took 0.065 seconds
[2026-09-17T01:19:38.201+0000] {processor.py:157} INFO - Started process (PID=35079) to work on /home/vscode/.local/lib/python3.10/site-packages/airflow/example_dags/example_branch_labels.py
[2026-09-17T01:19:38.202+0000] {processor.py:826} INFO - Processing file /home/vscode/.local/lib/python3.10/site-packages/airflow/example_dags/example_branch_labels.py for tasks to queue
[2026-09-17T01:19:38.203+0000] {logging_mixin.py:150} INFO - [2026-09-17T01:19:38.202+0000] {dagbag.py:541} INFO - Filling up the DagBag from /home/vscode/.local/lib/python3.10/site-packages/airflow/example_dags/example_branch_labels.py
[2026-09-17T01:19:38.211+0000] {processor.py:836} INFO - DAG(s) dict_keys(['example_branch_labels']) retrieved from /home/vscode/.local/lib/python3.10/site-packages/airflow/example_dags/example_branch_labels.py
[2026-09-17T01:19:38.225+0000] {logging_mixin.py:150} INFO - [2026-09-17T01:19:38.225+0000] {dag.py:2742} INFO - Sync 1 DAGs
[2026-09-17T01:19:38.241+0000] {logging_mixin.py:150} INFO - [2026-09-17T01:19:38.241+0000] {dag.py:3504} INFO - Setting next_dagrun for example_branch_labels to 2026-09-16T00:00:00+00:00, run_after=2026-09-17T00:00:00+00:00
[2026-09-17T01:19:38.257+0000] {processor.py:179} INFO - Processing /home/vscode/.local/lib/python3.10/site-packages/airflow/example_dags/example_branch_labels.py took 0.060 seconds
[2026-09-17T01:19:50.300+0000] {processor.py:157} INFO - Started process (PID=35173) to work on /home/vscode/.local/lib/python3.10/site-packages/airflow/example_dags/example_branch_labels.py
[2026-09-17T01:19:50.301+0000] {processor.py:826} INFO - Processing file /home/vscode/.local/lib/python3.10/site-packages/airflow/example_dags/example_branch_labels.py for tasks to queue
[2026-09-17T01:19:50.302+0000] {logging_mixin.py:150} INFO - [2026-09-17T01:19:50.302+0000] {dagbag.py:541} INFO - Filling up the DagBag from /home/vscode/.local/lib/python3.10/site-packages/airflow/example_dags/example_branch_labels.py
[2026-09-17T01:19:50.315+0000] {processor.py:836} INFO - DAG(s) dict_keys(['example_branch_labels']) retrieved from /home/vscode/.local/lib/python3.10/site-packages/airflow/example_dags/example_branch_labels.py
[2026-09-17T01:19:50.394+0000] {logging_mixin.py:150} INFO - [2026-09-17T01:19:50.394+0000] {dag.py:2742} INFO - Sync 1 DAGs
[2026-09-17T01:19:50.523+0000] {logging_mixin.py:150} INFO - [2026-09-17T01:19:50.523+0000] {dag.py:3504} INFO - Setting next_dagrun for example_branch_labels to 2026-09-16T00:00:00+00:00, run_after=2026-09-17T00:00:00+00:00
[2026-09-17T01:19:50.568+0000] {processor.py:179} INFO - Processing /home/vscode/.local/lib/python3.10/site-packages/airflow/example_dags/example_branch_labels.py took 0.275 seconds
[2026-09-17T01:20:27.299+0000] {processor.py:157} INFO - Started process (PID=35543) to work on /home/vscode/.local/lib/python3.10/site-packages/airflow/example_dags/example_branch_labels.py
[2026-09-17T01:20:27.300+0000] {processor.py:826} INFO - Processing file /home/vscode/.local/lib/python3.10/site-packages/airflow/example_dags/example_branch_labels.py for tasks to queue
[2026-09-17T01:20:27.301+0000] {logging_mixin.py:150} INFO - [2026-09-17T01:20:27.300+0000] {dagbag.py:541} INFO - Filling up the DagBag from /home/vscode/.local/lib/python3.10/site-packages/airflow/example_dags/example_branch_labels.py
[2026-09-17T01:20:27.307+0000] {processor.py:836} INFO - DAG(s) dict_keys(['example_branch_labels']) retrieved from /home/vscode/.local/lib/python3.10/site-packages/airflow/example_dags/example_branch_labels.py
[2026-09-17T01:20:27.320+0000] {logging_mixin.py:150} INFO - [2026-09-17T01:20:27.320+0000] {dag.py:2742} INFO - Sync 1 DAGs
[2026-09-17T01:20:27.336+0000] {logging_mixin.py:150} INFO - [2026-09-17T01:20:27.336+0000] {dag.py:3504} INFO - Setting next_dagrun for example_branch_labels to 2026-09-16T00:00:00+00:00, run_after=2026-09-17T00:00:00+00:00
[2026-09-17T01:20:27.352+0000] {processor.py:179} INFO - Processing /home/vscode/.local/lib/python3.10/site-packages/airflow/example_dags/example_branch_labels.py took 0.057 seconds
[2026-09-17T01:20:36.960+0000] {processor.py:157} INFO - Started process (PID=35614) to work on /home/vscode/.local/lib/python3.10/site-packages/airflow/example_dags/example_branch_labels.py
[2026-09-17T01:20:36.961+0000] {processor.py:826} INFO - Processing file /home/vscode/.local/lib/python3.10/site-packages/airflow/example_dags/example_branch_labels.py for tasks to queue
[2026-09-17T01:20:36.962+0000] {logging_mixin.py:150} INFO - [2026-09-17T01:20:36.961+0000] {dagbag.py:541} INFO - Filling up the DagBag from /home/vscode/.local/lib/python3.10/site-packages/airflow/example_dags/example_branch_labels.py
[2026-09-17T01:20:36.968+0000] {processor.py:836} INFO - DAG(s) dict_keys(['example_branch_labels']) retrieved from /home/vscode/.local/lib/python3.10/site-packages/airflow/example_dags/example_branch_labels.py
[2026-09-17T01:20:36.982+0000] {logging_mixin.py:150} INFO - [2026-09-17T01:20:36.981+0000] {dag.py:2742} INFO - Sync 1 DAGs
[2026-09-17T01:20:36.999+0000] {logging_mixin.py:150} INFO - [2026-09-17T01:20:36.999+0000] {dag.py:3504} INFO - Setting next_dagrun for example_branch_labels to 2026-09-16T00:00:00+00:00, run_after=2026-09-17T00:00:00+00:00
[2026-09-17T01:20:37.016+0000] {processor.py:179} INFO - Processing /home/vscode/.local/lib/python3.10/site-packages/airflow/example_dags/example_branch_labels.py took 0.058 seconds
[2026-09-17T01:21:16.216+0000] {processor.py:157} INFO - Started process (PID=36191) to work on /home/vscode/.local/lib/python3.10/site-packages/airflow/example_dags/example_branch_labels.py
[2026-09-17T01:21:16.217+0000] {processor.py:826} INFO - Processing file /home/vscode/.local/lib/python3.10/site-packages/airflow/example_dags/example_branch_labels.py for tasks to queue
[2026-09-17T01:21:16.217+0000] {logging_mixin.py:150} INFO - [2026-09-17T01:21:16.217+0000] {dagbag.py:541} INFO - Filling up the DagBag from /home/vscode/.local/lib/python3.10/site-packages/airflow/example_dags/example_branch_labels.py
[2026-09-17T01:21:16.223+0000] {processor.py:836} INFO - DAG(s) dict_keys(['example_branch_labels']) retrieved from /home/vscode/.local/lib/python3.10/site-packages/airflow/example_dags/example_branch_labels.py
[2026-09-17T01:21:16.240+0000] {logging_mixin.py:150} INFO - [2026-09-17T01:21:16.239+0000] {dag.py:2742} INFO - Sync 1 DAGs
[2026-09-17T01:21:16.259+0000] {logging_mixin.py:150} INFO - [2026-09-17T01:21:16.259+0000] {dag.py:3504} INFO - Setting next_dagrun for example_branch_labels to 2026-09-16T00:00:00+00:00, run_after=2026-09-17T00:00:00+00:00
[2026-09-17T01:21:16.276+0000] {processor.py:179} INFO - Processing /home/vscode/.local/lib/python3.10/site-packages/airflow/example_dags/example_branch_labels.py took 0.063 seconds
[2026-09-17T01:21:26.952+0000] {processor.py:157} INFO - Started process (PID=36272) to work on /home/vscode/.local/lib/python3.10/site-packages/airflow/example_dags/example_branch_labels.py
[2026-09-17T01:21:26.953+0000] {processor.py:826} INFO - Processing file /home/vscode/.local/lib/python3.10/site-packages/airflow/example_dags/example_branch_labels.py for tasks to queue
[2026-09-17T01:21:26.954+0000] {logging_mixin.py:150} INFO - [2026-09-17T01:21:26.953+0000] {dagbag.py:541} INFO - Filling up the DagBag from /home/vscode/.local/lib/python3.10/site-packages/airflow/example_dags/example_branch_labels.py
[2026-09-17T01:21:26.961+0000] {processor.py:836} INFO - DAG(s) dict_keys(['example_branch_labels']) retrieved from /home/vscode/.local/lib/python3.10/site-packages/airflow/example_dags/example_branch_labels.py
[2026-09-17T01:21:26.984+0000] {logging_mixin.py:150} INFO - [2026-09-17T01:21:26.984+0000] {dag.py:2742} INFO - Sync 1 DAGs
[2026-09-17T01:21:27.009+0000] {logging_mixin.py:150} INFO - [2026-09-17T01:21:27.009+0000] {dag.py:3504} INFO - Setting next_dagrun for example_branch_labels to 2026-09-16T00:00:00+00:00, run_after=2026-09-17T00:00:00+00:00
[2026-09-17T01:21:27.043+0000] {processor.py:179} INFO - Processing /home/vscode/.local/lib/python3.10/site-packages/airflow/example_dags/example_branch_labels.py took 0.094 seconds
[2026-09-17T01:22:04.607+0000] {processor.py:157} INFO - Started process (PID=36757) to work on /home/vscode/.local/lib/python3.10/site-packages/airflow/example_dags/example_branch_labels.py
[2026-09-17T01:22:04.608+0000] {processor.py:826} INFO - Processing file /home/vscode/.local/lib/python3.10/site-packages/airflow/example_dags/example_branch_labels.py for tasks to queue
[2026-09-17T01:22:04.609+0000] {logging_mixin.py:150} INFO - [2026-09-17T01:22:04.609+0000] {dagbag.py:541} INFO - Filling up the DagBag from /home/vscode/.local/lib/python3.10/site-packages/airflow/example_dags/example_branch_labels.py
[2026-09-17T01:22:04.618+0000] {processor.py:836} INFO - DAG(s) dict_keys(['example_branch_labels']) retrieved from /home/vscode/.local/lib/python3.10/site-packages/airflow/example_dags/example_branch_labels.py
[2026-09-17T01:22:04.641+0000] {logging_mixin.py:150} INFO - [2026-09-17T01:22:04.641+0000] {dag.py:2742} INFO - Sync 1 DAGs
[2026-09-17T01:22:04.665+0000] {logging_mixin.py:150} INFO - [2026-09-17T01:22:04.665+0000] {dag.py:3504} INFO - Setting next_dagrun for example_branch_labels to 2026-09-16T00:00:00+00:00, run_after=2026-09-17T00:00:00+00:00
[2026-09-17T01:22:04.694+0000] {processor.py:179} INFO - Processing /home/vscode/.local/lib/python3.10/site-packages/airflow/example_dags/example_branch_labels.py took 0.091 seconds
[2026-09-17T01:22:15.872+0000] {processor.py:157} INFO - Started process (PID=36947) to work on /home/vscode/.local/lib/python3.10/site-packages/airflow/example_dags/example_branch_labels.py
[2026-09-17T01:22:15.873+0000] {processor.py:826} INFO - Processing file /home/vscode/.local/lib/python3.10/site-packages/airflow/example_dags/example_branch_labels.py for tasks to queue
[2026-09-17T01:22:15.874+0000] {logging_mixin.py:150} INFO - [2026-09-17T01:22:15.874+0000] {dagbag.py:541} INFO - Filling up the DagBag from /home/vscode/.local/lib/python3.10/site-packages/airflow/example_dags/example_branch_labels.py
[2026-09-17T01:22:15.885+0000] {processor.py:836} INFO - DAG(s) dict_keys(['example_branch_labels']) retrieved from /home/vscode/.local/lib/python3.10/site-packages/airflow/example_dags/example_branch_labels.py
[2026-09-17T01:22:15.910+0000] {logging_mixin.py:150} INFO - [2026-09-17T01:22:15.910+0000] {dag.py:2742} INFO - Sync 1 DAGs
[2026-09-17T01:22:15.936+0000] {logging_mixin.py:150} INFO - [2026-09-17T01:22:15.936+0000] {dag.py:3504} INFO - Setting next_dagrun for example_branch_labels to 2026-09-16T00:00:00+00:00, run_after=2026-09-17T00:00:00+00:00
[2026-09-17T01:22:15.957+0000] {processor.py:179} INFO - Processing /home/vscode/.local/lib/python3.10/site-packages/airflow/example_dags/example_branch_labels.py took 0.088 seconds
[2026-09-17T01:22:51.904+0000] {processor.py:157} INFO - Started process (PID=37335) to work on /home/vscode/.local/lib/python3.10/site-packages/airflow/example_dags/example_branch_labels.py
[2026-09-17T01:22:51.905+0000] {processor.py:826} INFO - Processing file /home/vscode/.local/lib/python3.10/site-packages/airflow/example_dags/example_branch_labels.py for tasks to queue
[2026-09-17T01:22:51.905+0000] {logging_mixin.py:150} INFO - [2026-09-17T01:22:51.905+0000] {dagbag.py:541} INFO - Filling up the DagBag from /home/vscode/.local/lib/python3.10/site-packages/airflow/example_dags/example_branch_labels.py
[2026-09-17T01:22:51.912+0000] {processor.py:836} INFO - DAG(s) dict_keys(['example_branch_labels']) retrieved from /home/vscode/.local/lib/python3.10/site-packages/airflow/example_dags/example_branch_labels.py
[2026-09-17T01:22:51.927+0000] {logging_mixin.py:150} INFO - [2026-09-17T01:22:51.926+0000] {dag.py:2742} INFO - Sync 1 DAGs
[2026-09-17T01:22:51.946+0000] {logging_mixin.py:150} INFO - [2026-09-17T01:22:51.946+0000] {dag.py:3504} INFO - Setting next_dagrun for example_branch_labels to 2026-09-16T00:00:00+00:00, run_after=2026-09-17T00:00:00+00:00
[2026-09-17T01:22:51.962+0000] {processor.py:179} INFO - Processing /home/vscode/.local/lib/python3.10/site-packages/airflow/example_dags/example_branch_labels.py took 0.060 seconds
[2026-09-17T01:23:05.320+0000] {processor.py:157} INFO - Started process (PID=37435) to work on /home/vscode/.local/lib/python3.10/site-packages/airflow/example_dags/example_branch_labels.py
[2026-09-17T01:23:05.321+0000] {processor.py:826} INFO - Processing file /home/vscode/.local/lib/python3.10/site-packages/airflow/example_dags/example_branch_labels.py for tasks to queue
[2026-09-17T01:23:05.322+0000] {logging_mixin.py:150} INFO - [2026-09-17T01:23:05.321+0000] {dagbag.py:541} INFO - Filling up the DagBag from /home/vscode/.local/lib/python3.10/site-packages/airflow/example_dags/example_branch_labels.py
[2026-09-17T01:23:05.331+0000] {processor.py:836} INFO - DAG(s) dict_keys(['example_branch_labels']) retrieved from /home/vscode/.local/lib/python3.10/site-packages/airflow/example_dags/example_branch_labels.py
[2026-09-17T01:23:05.353+0000] {logging_mixin.py:150} INFO - [2026-09-17T01:23:05.353+0000] {dag.py:2742} INFO - Sync 1 DAGs
[2026-09-17T01:23:05.371+0000] {logging_mixin.py:150} INFO - [2026-09-17T01:23:05.371+0000] {dag.py:3504} INFO - Setting next_dagrun for example_branch_labels to 2026-09-16T00:00:00+00:00, run_after=2026-09-17T00:00:00+00:00
[2026-09-17T01:23:05.388+0000] {processor.py:179} INFO - Processing /home/vscode/.local/lib/python3.10/site-packages/airflow/example_dags/example_branch_labels.py took 0.072 seconds
[2026-09-17T01:23:41.600+0000] {processor.py:157} INFO - Started process (PID=37794) to work on /home/vscode/.local/lib/python3.10/site-packages/airflow/example_dags/example_branch_labels.py
[2026-09-17T01:23:41.601+0000] {processor.py:826} INFO - Processing file /home/vscode/.local/lib/python3.10/site-packages/airflow/example_dags/example_branch_labels.py for tasks to queue
[2026-09-17T01:23:41.601+0000] {logging_mixin.py:150} INFO - [2026-09-17T01:23:41.601+0000] {dagbag.py:541} INFO - Filling up the DagBag from /home/vscode/.local/lib/python3.10/site-packages/airflow/example_dags/example_branch_labels.py
[2026-09-17T01:23:41.607+0000] {processor.py:836} INFO - DAG(s) dict_keys(['example_branch_labels']) retrieved from /home/vscode/.local/lib/python3.10/site-packages/airflow/example_dags/example_branch_labels.py
[2026-09-17T01:23:41.621+0000] {logging_mixin.py:150} INFO - [2026-09-17T01:23:41.621+0000] {dag.py:2742} INFO - Sync 1 DAGs
[2026-09-17T01:23:41.637+0000] {logging_mixin.py:150} INFO - [2026-09-17T01:23:41.637+0000] {dag.py:3504} INFO - Setting next_dagrun for example_branch_labels to 2026-09-16T00:00:00+00:00, run_after=2026-09-17T00:00:00+00:00
[2026-09-17T01:23:41.657+0000] {processor.py:179} INFO - Processing /home/vscode/.local/lib/python3.10/site-packages/airflow/example_dags/example_branch_labels.py took 0.060 seconds
[2026-09-17T01:23:54.898+0000] {processor.py:157} INFO - Started process (PID=37894) to work on /home/vscode/.local/lib/python3.10/site-packages/airflow/example_dags/example_branch_labels.py
[2026-09-17T01:23:54.899+0000] {processor.py:826} INFO - Processing file /home/vscode/.local/lib/python3.10/site-packages/airflow/example_dags/example_branch_labels.py for tasks to queue
[2026-09-17T01:23:54.901+0000] {logging_mixin.py:150} INFO - [2026-09-17T01:23:54.900+0000] {dagbag.py:541} INFO - Filling up the DagBag from /home/vscode/.local/lib/python3.10/site-packages/airflow/example_dags/example_branch_labels.py
[2026-09-17T01:23:54.912+0000] {processor.py:836} INFO - DAG(s) dict_keys(['example_branch_labels']) retrieved from /home/vscode/.local/lib/python3.10/site-packages/airflow/example_dags/example_branch_labels.py
[2026-09-17T01:23:54.934+0000] {logging_mixin.py:150} INFO - [2026-09-17T01:23:54.934+0000] {dag.py:2742} INFO - Sync 1 DAGs
[2026-09-17T01:23:54.958+0000] {logging_mixin.py:150} INFO - [2026-09-17T01:23:54.957+0000] {dag.py:3504} INFO - Setting next_dagrun for example_branch_labels to 2026-09-16T00:00:00+00:00, run_after=2026-09-17T00:00:00+00:00
[2026-09-17T01:23:54.973+0000] {processor.py:179} INFO - Processing /home/vscode/.local/lib/python3.10/site-packages/airflow/example_dags/example_branch_labels.py took 0.079 seconds
[2026-09-17T01:24:29.989+0000] {processor.py:157} INFO - Started process (PID=38478) to work on /home/vscode/.local/lib/python3.10/site-packages/airflow/example_dags/example_branch_labels.py
[2026-09-17T01:24:29.990+0000] {processor.py:826} INFO - Processing file /home/vscode/.local/lib/python3.10/site-packages/airflow/example_dags/example_branch_labels.py for tasks to queue
[2026-09-17T01:24:29.991+0000] {logging_mixin.py:150} INFO - [2026-09-17T01:24:29.991+0000] {dagbag.py:541} INFO - Filling up the DagBag from /home/vscode/.local/lib/python3.10/site-packages/airflow/example_dags/example_branch_labels.py
[2026-09-17T01:24:29.999+0000] {processor.py:836} INFO - DAG(s) dict_keys(['example_branch_labels']) retrieved from /home/vscode/.local/lib/python3.10/site-packages/airflow/example_dags/example_branch_labels.py
[2026-09-17T01:24:30.015+0000] {logging_mixin.py:150} INFO - [2026-09-17T01:24:30.014+0000] {dag.py:2742} INFO - Sync 1 DAGs
[2026-09-17T01:24:30.034+0000] {logging_mixin.py:150} INFO - [2026-09-17T01:24:30.033+0000] {dag.py:3504} INFO - Setting next_dagrun for example_branch_labels to 2026-09-16T00:00:00+00:00, run_after=2026-09-17T00:00:00+00:00
[2026-09-17T01:24:30.049+0000] {processor.py:179} INFO - Processing /home/vscode/.local/lib/python3.10/site-packages/airflow/example_dags/example_branch_labels.py took 0.064 seconds
