[2026-09-17T00:55:25.615+0000] {processor.py:157} INFO - Started process (PID=21906) to work on /home/vscode/.local/lib/python3.10/site-packages/airflow/example_dags/example_sla_dag.py
[2026-09-17T00:55:25.616+0000] {processor.py:826} INFO - Processing file /home/vscode/.local/lib/python3.10/site-packages/airflow/example_dags/example_sla_dag.py for tasks to queue
[2026-09-17T00:55:25.617+0000] {logging_mixin.py:150} INFO - [2026-09-17T00:55:25.617+0000] {dagbag.py:541} INFO - Filling up the DagBag from /home/vscode/.local/lib/python3.10/site-packages/airflow/example_dags/example_sla_dag.py
[2026-09-17T00:55:25.634+0000] {processor.py:836} INFO - DAG(s) dict_keys(['example_sla_dag']) retrieved from /home/vscode/.local/lib/python3.10/site-packages/airflow/example_dags/example_sla_dag.py
[2026-09-17T00:55:25.772+0000] {logging_mixin.py:150} INFO - [2026-09-17T00:55:25.772+0000] {manager.py:504} INFO - Created Permission View: can delete on DAG:example_sla_dag
[2026-09-17T00:55:25.787+0000] {logging_mixin.py:150} INFO - [2026-09-17T00:55:25.786+0000] {manager.py:504} INFO - Created Permission View: can edit on DAG:example_sla_dag
[2026-09-17T00:55:25.795+0000] {logging_mixin.py:150} INFO - [2026-09-17T00:55:25.794+0000] {manager.py:504} INFO - Created Permission View: can read on DAG:example_sla_dag
[2026-09-17T00:55:25.808+0000] {logging_mixin.py:150} INFO - [2026-09-17T00:55:25.807+0000] {dag.py:2742} INFO - Sync 1 DAGs
[2026-09-17T00:55:25.820+0000] {logging_mixin.py:150} INFO - [2026-09-17T00:55:25.820+0000] {dag.py:2763} INFO - Creating ORM DAG for example_sla_dag
[2026-09-17T00:55:25.837+0000] {logging_mixin.py:150} INFO - [2026-09-17T00:55:25.837+0000] {dag.py:3504} INFO - Setting next_dagrun for example_sla_dag to 2026-09-17T00:52:00+00:00, run_after=2026-09-17T00:54:00+00:00
[2026-09-17T00:55:25.862+0000] {processor.py:179} INFO - Processing /home/vscode/.local/lib/python3.10/site-packages/airflow/example_dags/example_sla_dag.py took 0.250 seconds
[2026-09-17T00:55:55.979+0000] {processor.py:157} INFO - Started process (PID=22259) to work on /home/vscode/.local/lib/python3.10/site-packages/airflow/example_dags/example_sla_dag.py
[2026-09-17T00:55:55.980+0000] {processor.py:826} INFO - Processing file /home/vscode/.local/lib/python3.10/site-packages/airflow/example_dags/example_sla_dag.py for tasks to queue
[2026-09-17T00:55:55.980+0000] {logging_mixin.py:150} INFO - [2026-09-17T00:55:55.980+0000] {dagbag.py:541} INFO - Filling up the DagBag from /home/vscode/.local/lib/python3.10/site-packages/airflow/example_dags/example_sla_dag.py
[2026-09-17T00:55:55.991+0000] {processor.py:836} INFO - DAG(s) dict_keys(['example_sla_dag']) retrieved from /home/vscode/.local/lib/python3.10/site-packages/airflow/example_dags/example_sla_dag.py
[2026-09-17T00:55:56.005+0000] {logging_mixin.py:150} INFO - [2026-09-17T00:55:56.005+0000] {dag.py:2742} INFO - Sync 1 DAGs
[2026-09-17T00:55:56.022+0000] {logging_mixin.py:150} INFO - [2026-09-17T00:55:56.022+0000] {dag.py:3504} INFO - Setting next_dagrun for example_sla_dag to 2026-09-17T00:52:00+00:00, run_after=2026-09-17T00:54:00+00:00
[2026-09-17T00:55:56.041+0000] {processor.py:179} INFO - Processing /home/vscode/.local/lib/python3.10/site-packages/airflow/example_dags/example_sla_dag.py took 0.064 seconds
[2026-09-17T00:56:22.117+0000] {processor.py:157} INFO - Started process (PID=22470) to work on /home/vscode/.local/lib/python3.10/site-packages/airflow/example_dags/example_sla_dag.py
[2026-09-17T00:56:22.117+0000] {processor.py:826} INFO - Processing file /home/vscode/.local/lib/python3.10/site-packages/airflow/example_dags/example_sla_dag.py for tasks to queue
[2026-09-17T00:56:22.118+0000] {logging_mixin.py:150} INFO - [2026-09-17T00:56:22.118+0000] {dagbag.py:541} INFO - Filling up the DagBag from /home/vscode/.local/lib/python3.10/site-packages/airflow/example_dags/example_sla_dag.py
[2026-09-17T00:56:22.125+0000] {processor.py:836} INFO - DAG(s) dict_keys(['example_sla_dag']) retrieved from /home/vscode/.local/lib/python3.10/site-packages/airflow/example_dags/example_sla_dag.py
[2026-09-17T00:56:22.138+0000] {logging_mixin.py:150} INFO - [2026-09-17T00:56:22.138+0000] {dag.py:2742} INFO - Sync 1 DAGs
[2026-09-17T00:56:22.165+0000] {logging_mixin.py:150} INFO - [2026-09-17T00:56:22.164+0000] {dag.py:3504} INFO - Setting next_dagrun for example_sla_dag to 2026-09-17T00:54:00+00:00, run_after=2026-09-17T00:56:00+00:00
[2026-09-17T00:56:22.209+0000] {processor.py:179} INFO - Processing /home/vscode/.local/lib/python3.10/site-packages/airflow/example_dags/example_sla_dag.py took 0.096 seconds
[2026-09-17T00:56:44.102+0000] {processor.py:157} INFO - Started process (PID=22726) to work on /home/vscode/.local/lib/python3.10/site-packages/airflow/example_dags/example_sla_dag.py
[2026-09-17T00:56:44.106+0000] {processor.py:826} INFO - Processing file /home/vscode/.local/lib/python3.10/site-packages/airflow/example_dags/example_sla_dag.py for tasks to queue
[2026-09-17T00:56:44.107+0000] {logging_mixin.py:150} INFO - [2026-09-17T00:56:44.106+0000] {dagbag.py:541} INFO - Filling up the DagBag from /home/vscode/.local/lib/python3.10/site-packages/airflow/example_dags/example_sla_dag.py
[2026-09-17T00:56:44.125+0000] {processor.py:836} INFO - DAG(s) dict_keys(['example_sla_dag']) retrieved from /home/vscode/.local/lib/python3.10/site-packages/airflow/example_dags/example_sla_dag.py
[2026-09-17T00:56:44.172+0000] {logging_mixin.py:150} INFO - [2026-09-17T00:56:44.171+0000] {dag.py:2742} INFO - Sync 1 DAGs
[2026-09-17T00:56:44.197+0000] {logging_mixin.py:150} INFO - [2026-09-17T00:56:44.197+0000] {dag.py:3504} INFO - Setting next_dagrun for example_sla_dag to 2026-09-17T00:54:00+00:00, run_after=2026-09-17T00:56:00+00:00
[2026-09-17T00:56:44.217+0000] {processor.py:179} INFO - Processing /home/vscode/.local/lib/python3.10/site-packages/airflow/example_dags/example_sla_dag.py took 0.119 seconds
[2026-09-17T00:57:11.155+0000] {processor.py:157} INFO - Started process (PID=22935) to work on /home/vscode/.local/lib/python3.10/site-packages/airflow/example_dags/example_sla_dag.py
[2026-09-17T00:57:11.156+0000] {processor.py:826} INFO - Processing file /home/vscode/.local/lib/python3.10/site-packages/airflow/example_dags/example_sla_dag.py for tasks to queue
[2026-09-17T00:57:11.157+0000] {logging_mixin.py:150} INFO - [2026-09-17T00:57:11.156+0000] {dagbag.py:541} INFO - Filling up the DagBag from /home/vscode/.local/lib/python3.10/site-packages/airflow/example_dags/example_sla_dag.py
[2026-09-17T00:57:11.167+0000] {processor.py:836} INFO - DAG(s) dict_keys(['example_sla_dag']) retrieved from /home/vscode/.local/lib/python3.10/site-packages/airflow/example_dags/example_sla_dag.py
[2026-09-17T00:57:11.184+0000] {logging_mixin.py:150} INFO - [2026-09-17T00:57:11.184+0000] {dag.py:2742} INFO - Sync 1 DAGs
[2026-09-17T00:57:11.205+0000] {logging_mixin.py:150} INFO - [2026-09-17T00:57:11.205+0000] {dag.py:3504} INFO - Setting next_dagrun for example_sla_dag to 2026-09-17T00:54:00+00:00, run_after=2026-09-17T00:56:00+00:00
[2026-09-17T00:57:11.222+0000] {processor.py:179} INFO - Processing /home/vscode/.local/lib/python3.10/site-packages/airflow/example_dags/example_sla_dag.py took 0.070 seconds
[2026-09-17T00:57:36.270+0000] {processor.py:157} INFO - Started process (PID=23116) to work on /home/vscode/.local/lib/python3.10/site-packages/airflow/example_dags/example_sla_dag.py
[2026-09-17T00:57:36.271+0000] {processor.py:826} INFO - Processing file /home/vscode/.local/lib/python3.10/site-packages/airflow/example_dags/example_sla_dag.py for tasks to queue
[2026-09-17T00:57:36.272+0000] {logging_mixin.py:150} INFO - [2026-09-17T00:57:36.271+0000] {dagbag.py:541} INFO - Filling up the DagBag from /home/vscode/.local/lib/python3.10/site-packages/airflow/example_dags/example_sla_dag.py
[2026-09-17T00:57:36.279+0000] {processor.py:836} INFO - DAG(s) dict_keys(['example_sla_dag']) retrieved from /home/vscode/.local/lib/python3.10/site-packages/airflow/example_dags/example_sla_dag.py
[2026-09-17T00:57:36.291+0000] {logging_mixin.py:150} INFO - [2026-09-17T00:57:36.291+0000] {dag.py:2742} INFO - Sync 1 DAGs
[2026-09-17T00:57:36.308+0000] {logging_mixin.py:150} INFO - [2026-09-17T00:57:36.308+0000] {dag.py:3504} INFO - Setting next_dagrun for example_sla_dag to 2026-09-17T00:54:00+00:00, run_after=2026-09-17T00:56:00+00:00
[2026-09-17T00:57:36.329+0000] {processor.py:179} INFO - Processing /home/vscode/.local/lib/python3.10/site-packages/airflow/example_dags/example_sla_dag.py took 0.061 seconds
[2026-09-17T00:57:54.910+0000] {processor.py:157} INFO - Started process (PID=23264) to work on /home/vscode/.local/lib/python3.10/site-packages/airflow/example_dags/example_sla_dag.py
[2026-09-17T00:57:54.911+0000] {processor.py:826} INFO - Processing file /home/vscode/.local/lib/python3.10/site-packages/airflow/example_dags/example_sla_dag.py for tasks to queue
[2026-09-17T00:57:54.912+0000] {logging_mixin.py:150} INFO - [2026-09-17T00:57:54.911+0000] {dagbag.py:541} INFO - Filling up the DagBag from /home/vscode/.local/lib/python3.10/site-packages/airflow/example_dags/example_sla_dag.py
[2026-09-17T00:57:54.921+0000] {processor.py:836} INFO - DAG(s) dict_keys(['example_sla_dag']) retrieved from /home/vscode/.local/lib/python3.10/site-packages/airflow/example_dags/example_sla_dag.py
[2026-09-17T00:57:54.938+0000] {logging_mixin.py:150} INFO - [2026-09-17T00:57:54.938+0000] {dag.py:2742} INFO - Sync 1 DAGs
[2026-09-17T00:57:54.964+0000] {logging_mixin.py:150} INFO - [2026-09-17T00:57:54.964+0000] {dag.py:3504} INFO - Setting next_dagrun for example_sla_dag to 2026-09-17T00:54:00+00:00, run_after=2026-09-17T00:56:00+00:00
[2026-09-17T00:57:55.007+0000] {processor.py:179} INFO - Processing /home/vscode/.local/lib/python3.10/site-packages/airflow/example_dags/example_sla_dag.py took 0.100 seconds
[2026-09-17T00:58:26.767+0000] {processor.py:157} INFO - Started process (PID=23607) to work on /home/vscode/.local/lib/python3.10/site-packages/airflow/example_dags/example_sla_dag.py
[2026-09-17T00:58:26.767+0000] {processor.py:826} INFO - Processing file /home/vscode/.local/lib/python3.10/site-packages/airflow/example_dags/example_sla_dag.py for tasks to queue
[2026-09-17T00:58:26.768+0000] {logging_mixin.py:150} INFO - [2026-09-17T00:58:26.768+0000] {dagbag.py:541} INFO - Filling up the DagBag from /home/vscode/.local/lib/python3.10/site-packages/airflow/example_dags/example_sla_dag.py
[2026-09-17T00:58:26.775+0000] {processor.py:836} INFO - DAG(s) dict_keys(['example_sla_dag']) retrieved from /home/vscode/.local/lib/python3.10/site-packages/airflow/example_dags/example_sla_dag.py
[2026-09-17T00:58:26.791+0000] {logging_mixin.py:150} INFO - [2026-09-17T00:58:26.790+0000] {dag.py:2742} INFO - Sync 1 DAGs
[2026-09-17T00:58:26.810+0000] {logging_mixin.py:150} INFO - [2026-09-17T00:58:26.810+0000] {dag.py:3504} INFO - Setting next_dagrun for example_sla_dag to 2026-09-17T00:56:00+00:00, run_after=2026-09-17T00:58:00+00:00
[2026-09-17T00:58:26.831+0000] {processor.py:179} INFO - Processing /home/vscode/.local/lib/python3.10/site-packages/airflow/example_dags/example_sla_dag.py took 0.067 seconds
[2026-09-17T00:58:42.236+0000] {processor.py:157} INFO - Started process (PID=23728) to work on /home/vscode/.local/lib/python3.10/site-packages/airflow/example_dags/example_sla_dag.py
[2026-09-17T00:58:42.237+0000] {processor.py:826} INFO - Processing file /home/vscode/.local/lib/python3.10/site-packages/airflow/example_dags/example_sla_dag.py for tasks to queue
[2026-09-17T00:58:42.238+0000] {logging_mixin.py:150} INFO - [2026-09-17T00:58:42.238+0000] {dagbag.py:541} INFO - Filling up the DagBag from /home/vscode/.local/lib/python3.10/site-packages/airflow/example_dags/example_sla_dag.py
[2026-09-17T00:58:42.250+0000] {processor.py:836} INFO - DAG(s) dict_keys(['example_sla_dag']) retrieved from /home/vscode/.local/lib/python3.10/site-packages/airflow/example_dags/example_sla_dag.py
[2026-09-17T00:58:42.268+0000] {logging_mixin.py:150} INFO - [2026-09-17T00:58:42.268+0000] {dag.py:2742} INFO - Sync 1 DAGs
[2026-09-17T00:58:42.292+0000] {logging_mixin.py:150} INFO - [2026-09-17T00:58:42.292+0000] {dag.py:3504} INFO - Setting next_dagrun for example_sla_dag to 2026-09-17T00:56:00+00:00, run_after=2026-09-17T00:58:00+00:00
[2026-09-17T00:58:42.321+0000] {processor.py:179} INFO - Processing /home/vscode/.local/lib/python3.10/site-packages/airflow/example_dags/example_sla_dag.py took 0.088 seconds
[2026-09-17T00:59:03.930+0000] {processor.py:157} INFO - Started process (PID=24056) to work on /home/vscode/.local/lib/python3.10/site-packages/airflow/example_dags/example_sla_dag.py
[2026-09-17T00:59:03.931+0000] {processor.py:826} INFO - Processing file /home/vscode/.local/lib/python3.10/site-packages/airflow/example_dags/example_sla_dag.py for tasks to queue
[2026-09-17T00:59:03.931+0000] {logging_mixin.py:150} INFO - [2026-09-17T00:59:03.931+0000] {dagbag.py:541} INFO - Filling up the DagBag from /home/vscode/.local/lib/python3.10/site-packages/airflow/example_dags/example_sla_dag.py
[2026-09-17T00:59:03.939+0000] {processor.py:836} INFO - DAG(s) dict_keys(['example_sla_dag']) retrieved from /home/vscode/.local/lib/python3.10/site-packages/airflow/example_dags/example_sla_dag.py
[2026-09-17T00:59:03.951+0000] {logging_mixin.py:150} INFO - [2026-09-17T00:59:03.951+0000] {dag.py:2742} INFO - Sync 1 DAGs
[2026-09-17T00:59:03.974+0000] {logging_mixin.py:150} INFO - [2026-09-17T00:59:03.974+0000] {dag.py:3504} INFO - Setting next_dagrun for example_sla_dag to 2026-09-17T00:56:00+00:00, run_after=2026-09-17T00:58:00+00:00
[2026-09-17T00:59:04.017+0000] {processor.py:179} INFO - Processing /home/vscode/.local/lib/python3.10/site-packages/airflow/example_dags/example_sla_dag.py took 0.090 seconds
[2026-09-17T00:59:33.514+0000] {processor.py:157} INFO - Started process (PID=24375) to work on /home/vscode/.local/lib/python3.10/site-packages/airflow/example_dags/example_sla_dag.py
[2026-09-17T00:59:33.514+0000] {processor.py:826} INFO - Processing file /home/vscode/.local/lib/python3.10/site-packages/airflow/example_dags/example_sla_dag.py for tasks to queue
[2026-09-17T00:59:33.515+0000] {logging_mixin.py:150} INFO - [2026-09-17T00:59:33.515+0000] {dagbag.py:541} INFO - Filling up the DagBag from /home/vscode/.local/lib/python3.10/site-packages/airflow/example_dags/example_sla_dag.py
[2026-09-17T00:59:33.527+0000] {processor.py:836} INFO - DAG(s) dict_keys(['example_sla_dag']) retrieved from /home/vscode/.local/lib/python3.10/site-packages/airflow/example_dags/example_sla_dag.py
[2026-09-17T00:59:33.541+0000] {logging_mixin.py:150} INFO - [2026-09-17T00:59:33.541+0000] {dag.py:2742} INFO - Sync 1 DAGs
[2026-09-17T00:59:33.558+0000] {logging_mixin.py:150} INFO - [2026-09-17T00:59:33.558+0000] {dag.py:3504} INFO - Setting next_dagrun for example_sla_dag to 2026-09-17T00:56:00+00:00, run_after=2026-09-17T00:58:00+00:00
[2026-09-17T00:59:33.574+0000] {processor.py:179} INFO - Processing /home/vscode/.local/lib/python3.10/site-packages/airflow/example_dags/example_sla_dag.py took 0.063 seconds
[2026-09-17T00:59:42.708+0000] {processor.py:157} INFO - Started process (PID=24526) to work on /home/vscode/.local/lib/python3.10/site-packages/airflow/example_dags/example_sla_dag.py
[2026-09-17T00:59:42.709+0000] {processor.py:826} INFO - Processing file /home/vscode/.local/lib/python3.10/site-packages/airflow/example_dags/example_sla_dag.py for tasks to queue
[2026-09-17T00:59:42.709+0000] {logging_mixin.py:150} INFO - [2026-09-17T00:59:42.709+0000] {dagbag.py:541} INFO - Filling up the DagBag from /home/vscode/.local/lib/python3.10/site-packages/airflow/example_dags/example_sla_dag.py
[2026-09-17T00:59:42.716+0000] {processor.py:836} INFO - DAG(s) dict_keys(['example_sla_dag']) retrieved from /home/vscode/.local/lib/python3.10/site-packages/airflow/example_dags/example_sla_dag.py
[2026-09-17T00:59:42.729+0000] {logging_mixin.py:150} INFO - [2026-09-17T00:59:42.729+0000] {dag.py:2742} INFO - Sync 1 DAGs
[2026-09-17T00:59:42.746+0000] {logging_mixin.py:150} INFO - [2026-09-17T00:59:42.746+0000] {dag.py:3504} INFO - Setting next_dagrun for example_sla_dag to 2026-09-17T00:56:00+00:00, run_after=2026-09-17T00:58:00+00:00
[2026-09-17T00:59:42.762+0000] {processor.py:179} INFO - Processing /home/vscode/.local/lib/python3.10/site-packages/airflow/example_dags/example_sla_dag.py took 0.057 seconds
[2026-09-17T01:00:25.549+0000] {processor.py:157} INFO - Started process (PID=25170) to work on /home/vscode/.local/lib/python3.10/site-packages/airflow/example_dags/example_sla_dag.py
[2026-09-17T01:00:25.550+0000] {processor.py:826} INFO - Processing file /home/vscode/.local/lib/python3.10/site-packages/airflow/example_dags/example_sla_dag.py for tasks to queue
[2026-09-17T01:00:25.551+0000] {logging_mixin.py:150} INFO - [2026-09-17T01:00:25.551+0000] {dagbag.py:541} INFO - Filling up the DagBag from /home/vscode/.local/lib/python3.10/site-packages/airflow/example_dags/example_sla_dag.py
[2026-09-17T01:00:25.558+0000] {processor.py:836} INFO - DAG(s) dict_keys(['example_sla_dag']) retrieved from /home/vscode/.local/lib/python3.10/site-packages/airflow/example_dags/example_sla_dag.py
[2026-09-17T01:00:25.571+0000] {logging_mixin.py:150} INFO - [2026-09-17T01:00:25.571+0000] {dag.py:2742} INFO - Sync 1 DAGs
[2026-09-17T01:00:25.594+0000] {logging_mixin.py:150} INFO - [2026-09-17T01:00:25.594+0000] {dag.py:3504} INFO - Setting next_dagrun for example_sla_dag to 2026-09-17T00:58:00+00:00, run_after=2026-09-17T01:00:00+00:00
[2026-09-17T01:00:25.612+0000] {processor.py:179} INFO - Processing /home/vscode/.local/lib/python3.10/site-packages/airflow/example_dags/example_sla_dag.py took 0.065 seconds
[2026-09-17T01:00:33.492+0000] {processor.py:157} INFO - Started process (PID=25263) to work on /home/vscode/.local/lib/python3.10/site-packages/airflow/example_dags/example_sla_dag.py
[2026-09-17T01:00:33.492+0000] {processor.py:826} INFO - Processing file /home/vscode/.local/lib/python3.10/site-packages/airflow/example_dags/example_sla_dag.py for tasks to queue
[2026-09-17T01:00:33.493+0000] {logging_mixin.py:150} INFO - [2026-09-17T01:00:33.493+0000] {dagbag.py:541} INFO - Filling up the DagBag from /home/vscode/.local/lib/python3.10/site-packages/airflow/example_dags/example_sla_dag.py
[2026-09-17T01:00:33.502+0000] {processor.py:836} INFO - DAG(s) dict_keys(['example_sla_dag']) retrieved from /home/vscode/.local/lib/python3.10/site-packages/airflow/example_dags/example_sla_dag.py
[2026-09-17T01:00:33.516+0000] {logging_mixin.py:150} INFO - [2026-09-17T01:00:33.516+0000] {dag.py:2742} INFO - Sync 1 DAGs
[2026-09-17T01:00:33.533+0000] {logging_mixin.py:150} INFO - [2026-09-17T01:00:33.533+0000] {dag.py:3504} INFO - Setting next_dagrun for example_sla_dag to 2026-09-17T00:58:00+00:00, run_after=2026-09-17T01:00:00+00:00
[2026-09-17T01:00:33.549+0000] {processor.py:179} INFO - Processing /home/vscode/.local/lib/python3.10/site-packages/airflow/example_dags/example_sla_dag.py took 0.060 seconds
[2026-09-17T01:01:17.384+0000] {processor.py:157} INFO - Started process (PID=25659) to work on /home/vscode/.local/lib/python3.10/site-packages/airflow/example_dags/example_sla_dag.py
[2026-09-17T01:01:17.385+0000] {processor.py:826} INFO - Processing file /home/vscode/.local/lib/python3.10/site-packages/airflow/example_dags/example_sla_dag.py for tasks to queue
[2026-09-17T01:01:17.386+0000] {logging_mixin.py:150} INFO - [2026-09-17T01:01:17.385+0000] {dagbag.py:541} INFO - Filling up the DagBag from /home/vscode/.local/lib/python3.10/site-packages/airflow/example_dags/example_sla_dag.py
[2026-09-17T01:01:17.394+0000] {processor.py:836} INFO - DAG(s) dict_keys(['example_sla_dag']) retrieved from /home/vscode/.local/lib/python3.10/site-packages/airflow/example_dags/example_sla_dag.py
[2026-09-17T01:01:17.408+0000] {logging_mixin.py:150} INFO - [2026-09-17T01:01:17.408+0000] {dag.py:2742} INFO - Sync 1 DAGs
[2026-09-17T01:01:17.425+0000] {logging_mixin.py:150} INFO - [2026-09-17T01:01:17.425+0000] {dag.py:3504} INFO - Setting next_dagrun for example_sla_dag to 2026-09-17T00:58:00+00:00, run_after=2026-09-17T01:00:00+00:00
[2026-09-17T01:01:17.448+0000] {processor.py:179} INFO - Processing /home/vscode/.local/lib/python3.10/site-packages/airflow/example_dags/example_sla_dag.py took 0.068 seconds
[2026-09-17T01:01:23.659+0000] {processor.py:157} INFO - Started process (PID=25711) to work on /home/vscode/.local/lib/python3.10/site-packages/airflow/example_dags/example_sla_dag.py
[2026-09-17T01:01:23.660+0000] {processor.py:826} INFO - Processing file /home/vscode/.local/lib/python3.10/site-packages/airflow/example_dags/example_sla_dag.py for tasks to queue
[2026-09-17T01:01:23.660+0000] {logging_mixin.py:150} INFO - [2026-09-17T01:01:23.660+0000] {dagbag.py:541} INFO - Filling up the DagBag from /home/vscode/.local/lib/python3.10/site-packages/airflow/example_dags/example_sla_dag.py
[2026-09-17T01:01:23.670+0000] {processor.py:836} INFO - DAG(s) dict_keys(['example_sla_dag']) retrieved from /home/vscode/.local/lib/python3.10/site-packages/airflow/example_dags/example_sla_dag.py
[2026-09-17T01:01:23.686+0000] {logging_mixin.py:150} INFO - [2026-09-17T01:01:23.685+0000] {dag.py:2742} INFO - Sync 1 DAGs
[2026-09-17T01:01:23.702+0000] {logging_mixin.py:150} INFO - [2026-09-17T01:01:23.702+0000] {dag.py:3504} INFO - Setting next_dagrun for example_sla_dag to 2026-09-17T00:58:00+00:00, run_after=2026-09-17T01:00:00+00:00
[2026-09-17T01:01:23.729+0000] {processor.py:179} INFO - Processing /home/vscode/.local/lib/python3.10/site-packages/airflow/example_dags/example_sla_dag.py took 0.072 seconds
[2026-09-17T01:02:08.968+0000] {processor.py:157} INFO - Started process (PID=26076) to work on /home/vscode/.local/lib/python3.10/site-packages/airflow/example_dags/example_sla_dag.py
[2026-09-17T01:02:08.969+0000] {processor.py:826} INFO - Processing file /home/vscode/.local/lib/python3.10/site-packages/airflow/example_dags/example_sla_dag.py for tasks to queue
[2026-09-17T01:02:08.970+0000] {logging_mixin.py:150} INFO - [2026-09-17T01:02:08.969+0000] {dagbag.py:541} INFO - Filling up the DagBag from /home/vscode/.local/lib/python3.10/site-packages/airflow/example_dags/example_sla_dag.py
[2026-09-17T01:02:08.979+0000] {processor.py:836} INFO - DAG(s) dict_keys(['example_sla_dag']) retrieved from /home/vscode/.local/lib/python3.10/site-packages/airflow/example_dags/example_sla_dag.py
[2026-09-17T01:02:08.993+0000] {logging_mixin.py:150} INFO - [2026-09-17T01:02:08.992+0000] {dag.py:2742} INFO - Sync 1 DAGs
[2026-09-17T01:02:09.012+0000] {logging_mixin.py:150} INFO - [2026-09-17T01:02:09.012+0000] {dag.py:3504} INFO - Setting next_dagrun for example_sla_dag to 2026-09-17T01:00:00+00:00, run_after=2026-09-17T01:02:00+00:00
[2026-09-17T01:02:09.039+0000] {processor.py:179} INFO - Processing /home/vscode/.local/lib/python3.10/site-packages/airflow/example_dags/example_sla_dag.py took 0.075 seconds
[2026-09-17T01:02:10.071+0000] {processor.py:157} INFO - Started process (PID=26085) to work on /home/vscode/.local/lib/python3.10/site-packages/airflow/example_dags/example_sla_dag.py
[2026-09-17T01:02:10.072+0000] {processor.py:826} INFO - Processing file /home/vscode/.local/lib/python3.10/site-packages/airflow/example_dags/example_sla_dag.py for tasks to queue
[2026-09-17T01:02:10.073+0000] {logging_mixin.py:150} INFO - [2026-09-17T01:02:10.072+0000] {dagbag.py:541} INFO - Filling up the DagBag from /home/vscode/.local/lib/python3.10/site-packages/airflow/example_dags/example_sla_dag.py
[2026-09-17T01:02:10.079+0000] {processor.py:836} INFO - DAG(s) dict_keys(['example_sla_dag']) retrieved from /home/vscode/.local/lib/python3.10/site-packages/airflow/example_dags/example_sla_dag.py
[2026-09-17T01:02:10.091+0000] {logging_mixin.py:150} INFO - [2026-09-17T01:02:10.091+0000] {dag.py:2742} INFO - Sync 1 DAGs
[2026-09-17T01:02:10.107+0000] {logging_mixin.py:150} INFO - [2026-09-17T01:02:10.107+0000] {dag.py:3504} INFO - Setting next_dagrun for example_sla_dag to 2026-09-17T01:00:00+00:00, run_after=2026-09-17T01:02:00+00:00
[2026-09-17T01:02:10.123+0000] {processor.py:179} INFO - Processing /home/vscode/.local/lib/python3.10/site-packages/airflow/example_dags/example_sla_dag.py took 0.054 seconds
[2026-09-17T01:02:53.712+0000] {processor.py:157} INFO - Started process (PID=26465) to work on /home/vscode/.local/lib/python3.10/site-packages/airflow/example_dags/example_sla_dag.py
[2026-09-17T01:02:53.713+0000] {processor.py:826} INFO - Processing file /home/vscode/.local/lib/python3.10/site-packages/airflow/example_dags/example_sla_dag.py for tasks to queue
[2026-09-17T01:02:53.714+0000] {logging_mixin.py:150} INFO - [2026-09-17T01:02:53.713+0000] {dagbag.py:541} INFO - Filling up the DagBag from /home/vscode/.local/lib/python3.10/site-packages/airflow/example_dags/example_sla_dag.py
[2026-09-17T01:02:53.721+0000] {processor.py:836} INFO - DAG(s) dict_keys(['example_sla_dag']) retrieved from /home/vscode/.local/lib/python3.10/site-packages/airflow/example_dags/example_sla_dag.py
[2026-09-17T01:02:53.734+0000] {logging_mixin.py:150} INFO - [2026-09-17T01:02:53.733+0000] {dag.py:2742} INFO - Sync 1 DAGs
[2026-09-17T01:02:53.751+0000] {logging_mixin.py:150} INFO - [2026-09-17T01:02:53.750+0000] {dag.py:3504} INFO - Setting next_dagrun for example_sla_dag to 2026-09-17T01:00:00+00:00, run_after=2026-09-17T01:02:00+00:00
[2026-09-17T01:02:53.767+0000] {processor.py:179} INFO - Processing /home/vscode/.local/lib/python3.10/site-packages/airflow/example_dags/example_sla_dag.py took 0.057 seconds
[2026-09-17T01:03:04.144+0000] {processor.py:157} INFO - Started process (PID=26554) to work on /home/vscode/.local/lib/python3.10/site-packages/airflow/example_dags/example_sla_dag.py
[2026-09-17T01:03:04.144+0000] {processor.py:826} INFO - Processing file /home/vscode/.local/lib/python3.10/site-packages/airflow/example_dags/example_sla_dag.py for tasks to queue
[2026-09-17T01:03:04.145+0000] {logging_mixin.py:150} INFO - [2026-09-17T01:03:04.145+0000] {dagbag.py:541} INFO - Filling up the DagBag from /home/vscode/.local/lib/python3.10/site-packages/airflow/example_dags/example_sla_dag.py
[2026-09-17T01:03:04.152+0000] {processor.py:836} INFO - DAG(s) dict_keys(['example_sla_dag']) retrieved from /home/vscode/.local/lib/python3.10/site-packages/airflow/example_dags/example_sla_dag.py
[2026-09-17T01:03:04.164+0000] {logging_mixin.py:150} INFO - [2026-09-17T01:03:04.164+0000] {dag.py:2742} INFO - Sync 1 DAGs
[2026-09-17T01:03:04.183+0000] {logging_mixin.py:150} INFO - [2026-09-17T01:03:04.182+0000] {dag.py:3504} INFO - Setting next_dagrun for example_sla_dag to 2026-09-17T01:00:00+00:00, run_after=2026-09-17T01:02:00+00:00
[2026-09-17T01:03:04.206+0000] {processor.py:179} INFO - Processing /home/vscode/.local/lib/python3.10/site-packages/airflow/example_dags/example_sla_dag.py took 0.065 seconds
[2026-09-17T01:03:41.726+0000] {processor.py:157} INFO - Started process (PID=26874) to work on /home/vscode/.local/lib/python3.10/site-packages/airflow/example_dags/example_sla_dag.py
[2026-09-17T01:03:41.727+0000] {processor.py:826} INFO - Processing file /home/vscode/.local/lib/python3.10/site-packages/airflow/example_dags/example_sla_dag.py for tasks to queue
[2026-09-17T01:03:41.728+0000] {logging_mixin.py:150} INFO - [2026-09-17T01:03:41.727+0000] {dagbag.py:541} INFO - Filling up the DagBag from /home/vscode/.local/lib/python3.10/site-packages/airflow/example_dags/example_sla_dag.py
[2026-09-17T01:03:41.737+0000] {processor.py:836} INFO - DAG(s) dict_keys(['example_sla_dag']) retrieved from /home/vscode/.local/lib/python3.10/site-packages/airflow/example_dags/example_sla_dag.py
[2026-09-17T01:03:41.755+0000] {logging_mixin.py:150} INFO - [2026-09-17T01:03:41.755+0000] {dag.py:2742} INFO - Sync 1 DAGs
[2026-09-17T01:03:41.782+0000] {logging_mixin.py:150} INFO - [2026-09-17T01:03:41.782+0000] {dag.py:3504} INFO - Setting next_dagrun for example_sla_dag to 2026-09-17T01:00:00+00:00, run_after=2026-09-17T01:02:00+00:00
[2026-09-17T01:03:41.804+0000] {processor.py:179} INFO - Processing /home/vscode/.local/lib/python3.10/site-packages/airflow/example_dags/example_sla_dag.py took 0.081 seconds
[2026-09-17T01:03:53.301+0000] {processor.py:157} INFO - Started process (PID=26972) to work on /home/vscode/.local/lib/python3.10/site-packages/airflow/example_dags/example_sla_dag.py
[2026-09-17T01:03:53.301+0000] {processor.py:826} INFO - Processing file /home/vscode/.local/lib/python3.10/site-packages/airflow/example_dags/example_sla_dag.py for tasks to queue
[2026-09-17T01:03:53.302+0000] {logging_mixin.py:150} INFO - [2026-09-17T01:03:53.302+0000] {dagbag.py:541} INFO - Filling up the DagBag from /home/vscode/.local/lib/python3.10/site-packages/airflow/example_dags/example_sla_dag.py
[2026-09-17T01:03:53.309+0000] {processor.py:836} INFO - DAG(s) dict_keys(['example_sla_dag']) retrieved from /home/vscode/.local/lib/python3.10/site-packages/airflow/example_dags/example_sla_dag.py
[2026-09-17T01:03:53.322+0000] {logging_mixin.py:150} INFO - [2026-09-17T01:03:53.322+0000] {dag.py:2742} INFO - Sync 1 DAGs
[2026-09-17T01:03:53.339+0000] {logging_mixin.py:150} INFO - [2026-09-17T01:03:53.338+0000] {dag.py:3504} INFO - Setting next_dagrun for example_sla_dag to 2026-09-17T01:00:00+00:00, run_after=2026-09-17T01:02:00+00:00
[2026-09-17T01:03:53.356+0000] {processor.py:179} INFO - Processing /home/vscode/.local/lib/python3.10/site-packages/airflow/example_dags/example_sla_dag.py took 0.059 seconds
[2026-09-17T01:04:35.947+0000] {processor.py:157} INFO - Started process (PID=27327) to work on /home/vscode/.local/lib/python3.10/site-packages/airflow/example_dags/example_sla_dag.py
[2026-09-17T01:04:35.948+0000] {processor.py:826} INFO - Processing file /home/vscode/.local/lib/python3.10/site-packages/airflow/example_dags/example_sla_dag.py for tasks to queue
[2026-09-17T01:04:35.949+0000] {logging_mixin.py:150} INFO - [2026-09-17T01:04:35.949+0000] {dagbag.py:541} INFO - Filling up the DagBag from /home/vscode/.local/lib/python3.10/site-packages/airflow/example_dags/example_sla_dag.py
[2026-09-17T01:04:35.959+0000] {processor.py:836} INFO - DAG(s) dict_keys(['example_sla_dag']) retrieved from /home/vscode/.local/lib/python3.10/site-packages/airflow/example_dags/example_sla_dag.py
[2026-09-17T01:04:35.976+0000] {logging_mixin.py:150} INFO - [2026-09-17T01:04:35.976+0000] {dag.py:2742} INFO - Sync 1 DAGs
[2026-09-17T01:04:36.000+0000] {logging_mixin.py:150} INFO - [2026-09-17T01:04:36.000+0000] {dag.py:3504} INFO - Setting next_dagrun for example_sla_dag to 2026-09-17T01:02:00+00:00, run_after=2026-09-17T01:04:00+00:00
[2026-09-17T01:04:36.017+0000] {processor.py:179} INFO - Processing /home/vscode/.local/lib/python3.10/site-packages/airflow/example_dags/example_sla_dag.py took 0.073 seconds
[2026-09-17T01:04:43.403+0000] {processor.py:157} INFO - Started process (PID=27388) to work on /home/vscode/.local/lib/python3.10/site-packages/airflow/example_dags/example_sla_dag.py
[2026-09-17T01:04:43.404+0000] {processor.py:826} INFO - Processing file /home/vscode/.local/lib/python3.10/site-packages/airflow/example_dags/example_sla_dag.py for tasks to queue
[2026-09-17T01:04:43.405+0000] {logging_mixin.py:150} INFO - [2026-09-17T01:04:43.405+0000] {dagbag.py:541} INFO - Filling up the DagBag from /home/vscode/.local/lib/python3.10/site-packages/airflow/example_dags/example_sla_dag.py
[2026-09-17T01:04:43.417+0000] {processor.py:836} INFO - DAG(s) dict_keys(['example_sla_dag']) retrieved from /home/vscode/.local/lib/python3.10/site-packages/airflow/example_dags/example_sla_dag.py
[2026-09-17T01:04:43.438+0000] {logging_mixin.py:150} INFO - [2026-09-17T01:04:43.438+0000] {dag.py:2742} INFO - Sync 1 DAGs
[2026-09-17T01:04:43.458+0000] {logging_mixin.py:150} INFO - [2026-09-17T01:04:43.458+0000] {dag.py:3504} INFO - Setting next_dagrun for example_sla_dag to 2026-09-17T01:02:00+00:00, run_after=2026-09-17T01:04:00+00:00
[2026-09-17T01:04:43.475+0000] {processor.py:179} INFO - Processing /home/vscode/.local/lib/python3.10/site-packages/airflow/example_dags/example_sla_dag.py took 0.076 seconds
[2026-09-17T01:05:24.308+0000] {processor.py:157} INFO - Started process (PID=27731) to work on /home/vscode/.local/lib/python3.10/site-packages/airflow/example_dags/example_sla_dag.py
[2026-09-17T01:05:24.308+0000] {processor.py:826} INFO - Processing file /home/vscode/.local/lib/python3.10/site-packages/airflow/example_dags/example_sla_dag.py for tasks to queue
[2026-09-17T01:05:24.309+0000] {logging_mixin.py:150} INFO - [2026-09-17T01:05:24.309+0000] {dagbag.py:541} INFO - Filling up the DagBag from /home/vscode/.local/lib/python3.10/site-packages/airflow/example_dags/example_sla_dag.py
[2026-09-17T01:05:24.316+0000] {processor.py:836} INFO - DAG(s) dict_keys(['example_sla_dag']) retrieved from /home/vscode/.local/lib/python3.10/site-packages/airflow/example_dags/example_sla_dag.py
[2026-09-17T01:05:24.329+0000] {logging_mixin.py:150} INFO - [2026-09-17T01:05:24.329+0000] {dag.py:2742} INFO - Sync 1 DAGs
[2026-09-17T01:05:24.353+0000] {logging_mixin.py:150} INFO - [2026-09-17T01:05:24.353+0000] {dag.py:3504} INFO - Setting next_dagrun for example_sla_dag to 2026-09-17T01:02:00+00:00, run_after=2026-09-17T01:04:00+00:00
[2026-09-17T01:05:24.373+0000] {processor.py:179} INFO - Processing /home/vscode/.local/lib/python3.10/site-packages/airflow/example_dags/example_sla_dag.py took 0.068 seconds
[2026-09-17T01:05:32.108+0000] {processor.py:157} INFO - Started process (PID=27800) to work on /home/vscode/.local/lib/python3.10/site-packages/airflow/example_dags/example_sla_dag.py
[2026-09-17T01:05:32.109+0000] {processor.py:826} INFO - Processing file /home/vscode/.local/lib/python3.10/site-packages/airflow/example_dags/example_sla_dag.py for tasks to queue
[2026-09-17T01:05:32.110+0000] {logging_mixin.py:150} INFO - [2026-09-17T01:05:32.109+0000] {dagbag.py:541} INFO - Filling up the DagBag from /home/vscode/.local/lib/python3.10/site-packages/airflow/example_dags/example_sla_dag.py
[2026-09-17T01:05:32.116+0000] {processor.py:836} INFO - DAG(s) dict_keys(['example_sla_dag']) retrieved from /home/vscode/.local/lib/python3.10/site-packages/airflow/example_dags/example_sla_dag.py
[2026-09-17T01:05:32.128+0000] {logging_mixin.py:150} INFO - [2026-09-17T01:05:32.128+0000] {dag.py:2742} INFO - Sync 1 DAGs
[2026-09-17T01:05:32.145+0000] {logging_mixin.py:150} INFO - [2026-09-17T01:05:32.145+0000] {dag.py:3504} INFO - Setting next_dagrun for example_sla_dag to 2026-09-17T01:02:00+00:00, run_after=2026-09-17T01:04:00+00:00
[2026-09-17T01:05:32.161+0000] {processor.py:179} INFO - Processing /home/vscode/.local/lib/python3.10/site-packages/airflow/example_dags/example_sla_dag.py took 0.055 seconds
[2026-09-17T01:06:14.591+0000] {processor.py:157} INFO - Started process (PID=28198) to work on /home/vscode/.local/lib/python3.10/site-packages/airflow/example_dags/example_sla_dag.py
[2026-09-17T01:06:14.592+0000] {processor.py:826} INFO - Processing file /home/vscode/.local/lib/python3.10/site-packages/airflow/example_dags/example_sla_dag.py for tasks to queue
[2026-09-17T01:06:14.593+0000] {logging_mixin.py:150} INFO - [2026-09-17T01:06:14.593+0000] {dagbag.py:541} INFO - Filling up the DagBag from /home/vscode/.local/lib/python3.10/site-packages/airflow/example_dags/example_sla_dag.py
[2026-09-17T01:06:14.602+0000] {processor.py:836} INFO - DAG(s) dict_keys(['example_sla_dag']) retrieved from /home/vscode/.local/lib/python3.10/site-packages/airflow/example_dags/example_sla_dag.py
[2026-09-17T01:06:14.626+0000] {logging_mixin.py:150} INFO - [2026-09-17T01:06:14.626+0000] {dag.py:2742} INFO - Sync 1 DAGs
[2026-09-17T01:06:14.648+0000] {logging_mixin.py:150} INFO - [2026-09-17T01:06:14.648+0000] {dag.py:3504} INFO - Setting next_dagrun for example_sla_dag to 2026-09-17T01:04:00+00:00, run_after=2026-09-17T01:06:00+00:00
[2026-09-17T01:06:14.666+0000] {processor.py:179} INFO - Processing /home/vscode/.local/lib/python3.10/site-packages/airflow/example_dags/example_sla_dag.py took 0.079 seconds
[2026-09-17T01:06:19.532+0000] {processor.py:157} INFO - Started process (PID=28239) to work on /home/vscode/.local/lib/python3.10/site-packages/airflow/example_dags/example_sla_dag.py
[2026-09-17T01:06:19.532+0000] {processor.py:826} INFO - Processing file /home/vscode/.local/lib/python3.10/site-packages/airflow/example_dags/example_sla_dag.py for tasks to queue
[2026-09-17T01:06:19.533+0000] {logging_mixin.py:150} INFO - [2026-09-17T01:06:19.533+0000] {dagbag.py:541} INFO - Filling up the DagBag from /home/vscode/.local/lib/python3.10/site-packages/airflow/example_dags/example_sla_dag.py
[2026-09-17T01:06:19.541+0000] {processor.py:836} INFO - DAG(s) dict_keys(['example_sla_dag']) retrieved from /home/vscode/.local/lib/python3.10/site-packages/airflow/example_dags/example_sla_dag.py
[2026-09-17T01:06:19.554+0000] {logging_mixin.py:150} INFO - [2026-09-17T01:06:19.554+0000] {dag.py:2742} INFO - Sync 1 DAGs
[2026-09-17T01:06:19.574+0000] {logging_mixin.py:150} INFO - [2026-09-17T01:06:19.574+0000] {dag.py:3504} INFO - Setting next_dagrun for example_sla_dag to 2026-09-17T01:04:00+00:00, run_after=2026-09-17T01:06:00+00:00
[2026-09-17T01:06:19.595+0000] {processor.py:179} INFO - Processing /home/vscode/.local/lib/python3.10/site-packages/airflow/example_dags/example_sla_dag.py took 0.066 seconds
[2026-09-17T01:06:58.178+0000] {processor.py:157} INFO - Started process (PID=28566) to work on /home/vscode/.local/lib/python3.10/site-packages/airflow/example_dags/example_sla_dag.py
[2026-09-17T01:06:58.179+0000] {processor.py:826} INFO - Processing file /home/vscode/.local/lib/python3.10/site-packages/airflow/example_dags/example_sla_dag.py for tasks to queue
[2026-09-17T01:06:58.180+0000] {logging_mixin.py:150} INFO - [2026-09-17T01:06:58.180+0000] {dagbag.py:541} INFO - Filling up the DagBag from /home/vscode/.local/lib/python3.10/site-packages/airflow/example_dags/example_sla_dag.py
[2026-09-17T01:06:58.189+0000] {processor.py:836} INFO - DAG(s) dict_keys(['example_sla_dag']) retrieved from /home/vscode/.local/lib/python3.10/site-packages/airflow/example_dags/example_sla_dag.py
[2026-09-17T01:06:58.216+0000] {logging_mixin.py:150} INFO - [2026-09-17T01:06:58.216+0000] {dag.py:2742} INFO - Sync 1 DAGs
[2026-09-17T01:06:58.242+0000] {logging_mixin.py:150} INFO - [2026-09-17T01:06:58.242+0000] {dag.py:3504} INFO - Setting next_dagrun for example_sla_dag to 2026-09-17T01:04:00+00:00, run_after=2026-09-17T01:06:00+00:00
[2026-09-17T01:06:58.258+0000] {processor.py:179} INFO - Processing /home/vscode/.local/lib/python3.10/site-packages/airflow/example_dags/example_sla_dag.py took 0.082 seconds
[2026-09-17T01:07:03.651+0000] {processor.py:157} INFO - Started process (PID=28613) to work on /home/vscode/.local/lib/python3.10/site-packages/airflow/example_dags/example_sla_dag.py
[2026-09-17T01:07:03.652+0000] {processor.py:826} INFO - Processing file /home/vscode/.local/lib/python3.10/site-packages/airflow/example_dags/example_sla_dag.py for tasks to queue
[2026-09-17T01:07:03.653+0000] {logging_mixin.py:150} INFO - [2026-09-17T01:07:03.652+0000] {dagbag.py:541} INFO - Filling up the DagBag from /home/vscode/.local/lib/python3.10/site-packages/airflow/example_dags/example_sla_dag.py
[2026-09-17T01:07:03.660+0000] {processor.py:836} INFO - DAG(s) dict_keys(['example_sla_dag']) retrieved from /home/vscode/.local/lib/python3.10/site-packages/airflow/example_dags/example_sla_dag.py
[2026-09-17T01:07:03.672+0000] {logging_mixin.py:150} INFO - [2026-09-17T01:07:03.672+0000] {dag.py:2742} INFO - Sync 1 DAGs
[2026-09-17T01:07:03.693+0000] {logging_mixin.py:150} INFO - [2026-09-17T01:07:03.692+0000] {dag.py:3504} INFO - Setting next_dagrun for example_sla_dag to 2026-09-17T01:04:00+00:00, run_after=2026-09-17T01:06:00+00:00
[2026-09-17T01:07:03.725+0000] {processor.py:179} INFO - Processing /home/vscode/.local/lib/python3.10/site-packages/airflow/example_dags/example_sla_dag.py took 0.076 seconds
[2026-09-17T01:07:43.457+0000] {processor.py:157} INFO - Started process (PID=28948) to work on /home/vscode/.local/lib/python3.10/site-packages/airflow/example_dags/example_sla_dag.py
[2026-09-17T01:07:43.458+0000] {processor.py:826} INFO - Processing file /home/vscode/.local/lib/python3.10/site-packages/airflow/example_dags/example_sla_dag.py for tasks to queue
[2026-09-17T01:07:43.458+0000] {logging_mixin.py:150} INFO - [2026-09-17T01:07:43.458+0000] {dagbag.py:541} INFO - Filling up the DagBag from /home/vscode/.local/lib/python3.10/site-packages/airflow/example_dags/example_sla_dag.py
[2026-09-17T01:07:43.470+0000] {processor.py:836} INFO - DAG(s) dict_keys(['example_sla_dag']) retrieved from /home/vscode/.local/lib/python3.10/site-packages/airflow/example_dags/example_sla_dag.py
[2026-09-17T01:07:43.490+0000] {logging_mixin.py:150} INFO - [2026-09-17T01:07:43.490+0000] {dag.py:2742} INFO - Sync 1 DAGs
[2026-09-17T01:07:43.517+0000] {logging_mixin.py:150} INFO - [2026-09-17T01:07:43.516+0000] {dag.py:3504} INFO - Setting next_dagrun for example_sla_dag to 2026-09-17T01:04:00+00:00, run_after=2026-09-17T01:06:00+00:00
[2026-09-17T01:07:43.535+0000] {processor.py:179} INFO - Processing /home/vscode/.local/lib/python3.10/site-packages/airflow/example_dags/example_sla_dag.py took 0.082 seconds
[2026-09-17T01:07:55.960+0000] {processor.py:157} INFO - Started process (PID=29054) to work on /home/vscode/.local/lib/python3.10/site-packages/airflow/example_dags/example_sla_dag.py
[2026-09-17T01:07:55.960+0000] {processor.py:826} INFO - Processing file /home/vscode/.local/lib/python3.10/site-packages/airflow/example_dags/example_sla_dag.py for tasks to queue
[2026-09-17T01:07:55.961+0000] {logging_mixin.py:150} INFO - [2026-09-17T01:07:55.961+0000] {dagbag.py:541} INFO - Filling up the DagBag from /home/vscode/.local/lib/python3.10/site-packages/airflow/example_dags/example_sla_dag.py
[2026-09-17T01:07:55.968+0000] {processor.py:836} INFO - DAG(s) dict_keys(['example_sla_dag']) retrieved from /home/vscode/.local/lib/python3.10/site-packages/airflow/example_dags/example_sla_dag.py
[2026-09-17T01:07:55.980+0000] {logging_mixin.py:150} INFO - [2026-09-17T01:07:55.980+0000] {dag.py:2742} INFO - Sync 1 DAGs
[2026-09-17T01:07:56.002+0000] {logging_mixin.py:150} INFO - [2026-09-17T01:07:56.002+0000] {dag.py:3504} INFO - Setting next_dagrun for example_sla_dag to 2026-09-17T01:04:00+00:00, run_after=2026-09-17T01:06:00+00:00
[2026-09-17T01:07:56.023+0000] {processor.py:179} INFO - Processing /home/vscode/.local/lib/python3.10/site-packages/airflow/example_dags/example_sla_dag.py took 0.066 seconds
[2026-09-17T01:08:33.521+0000] {processor.py:157} INFO - Started process (PID=29372) to work on /home/vscode/.local/lib/python3.10/site-packages/airflow/example_dags/example_sla_dag.py
[2026-09-17T01:08:33.522+0000] {processor.py:826} INFO - Processing file /home/vscode/.local/lib/python3.10/site-packages/airflow/example_dags/example_sla_dag.py for tasks to queue
[2026-09-17T01:08:33.522+0000] {logging_mixin.py:150} INFO - [2026-09-17T01:08:33.522+0000] {dagbag.py:541} INFO - Filling up the DagBag from /home/vscode/.local/lib/python3.10/site-packages/airflow/example_dags/example_sla_dag.py
[2026-09-17T01:08:33.532+0000] {processor.py:836} INFO - DAG(s) dict_keys(['example_sla_dag']) retrieved from /home/vscode/.local/lib/python3.10/site-packages/airflow/example_dags/example_sla_dag.py
[2026-09-17T01:08:33.548+0000] {logging_mixin.py:150} INFO - [2026-09-17T01:08:33.547+0000] {dag.py:2742} INFO - Sync 1 DAGs
[2026-09-17T01:08:33.571+0000] {logging_mixin.py:150} INFO - [2026-09-17T01:08:33.571+0000] {dag.py:3504} INFO - Setting next_dagrun for example_sla_dag to 2026-09-17T01:06:00+00:00, run_after=2026-09-17T01:08:00+00:00
[2026-09-17T01:08:33.594+0000] {processor.py:179} INFO - Processing /home/vscode/.local/lib/python3.10/site-packages/airflow/example_dags/example_sla_dag.py took 0.076 seconds
[2026-09-17T01:08:42.447+0000] {processor.py:157} INFO - Started process (PID=29445) to work on /home/vscode/.local/lib/python3.10/site-packages/airflow/example_dags/example_sla_dag.py
[2026-09-17T01:08:42.448+0000] {processor.py:826} INFO - Processing file /home/vscode/.local/lib/python3.10/site-packages/airflow/example_dags/example_sla_dag.py for tasks to queue
[2026-09-17T01:08:42.451+0000] {logging_mixin.py:150} INFO - [2026-09-17T01:08:42.451+0000] {dagbag.py:541} INFO - Filling up the DagBag from /home/vscode/.local/lib/python3.10/site-packages/airflow/example_dags/example_sla_dag.py
[2026-09-17T01:08:42.465+0000] {processor.py:836} INFO - DAG(s) dict_keys(['example_sla_dag']) retrieved from /home/vscode/.local/lib/python3.10/site-packages/airflow/example_dags/example_sla_dag.py
[2026-09-17T01:08:42.485+0000] {logging_mixin.py:150} INFO - [2026-09-17T01:08:42.485+0000] {dag.py:2742} INFO - Sync 1 DAGs
[2026-09-17T01:08:42.510+0000] {logging_mixin.py:150} INFO - [2026-09-17T01:08:42.510+0000] {dag.py:3504} INFO - Setting next_dagrun for example_sla_dag to 2026-09-17T01:06:00+00:00, run_after=2026-09-17T01:08:00+00:00
[2026-09-17T01:08:42.537+0000] {processor.py:179} INFO - Processing /home/vscode/.local/lib/python3.10/site-packages/airflow/example_dags/example_sla_dag.py took 0.095 seconds
[2026-09-17T01:09:25.361+0000] {processor.py:157} INFO - Started process (PID=29823) to work on /home/vscode/.local/lib/python3.10/site-packages/airflow/example_dags/example_sla_dag.py
[2026-09-17T01:09:25.364+0000] {processor.py:826} INFO - Processing file /home/vscode/.local/lib/python3.10/site-packages/airflow/example_dags/example_sla_dag.py for tasks to queue
[2026-09-17T01:09:25.364+0000] {logging_mixin.py:150} INFO - [2026-09-17T01:09:25.364+0000] {dagbag.py:541} INFO - Filling up the DagBag from /home/vscode/.local/lib/python3.10/site-packages/airflow/example_dags/example_sla_dag.py
[2026-09-17T01:09:25.374+0000] {processor.py:836} INFO - DAG(s) dict_keys(['example_sla_dag']) retrieved from /home/vscode/.local/lib/python3.10/site-packages/airflow/example_dags/example_sla_dag.py
[2026-09-17T01:09:25.389+0000] {logging_mixin.py:150} INFO - [2026-09-17T01:09:25.389+0000] {dag.py:2742} INFO - Sync 1 DAGs
[2026-09-17T01:09:25.411+0000] {logging_mixin.py:150} INFO - [2026-09-17T01:09:25.411+0000] {dag.py:3504} INFO - Setting next_dagrun for example_sla_dag to 2026-09-17T01:06:00+00:00, run_after=2026-09-17T01:08:00+00:00
[2026-09-17T01:09:25.427+0000] {processor.py:179} INFO - Processing /home/vscode/.local/lib/python3.10/site-packages/airflow/example_dags/example_sla_dag.py took 0.070 seconds
[2026-09-17T01:09:31.485+0000] {processor.py:157} INFO - Started process (PID=29869) to work on /home/vscode/.local/lib/python3.10/site-packages/airflow/example_dags/example_sla_dag.py
[2026-09-17T01:09:31.485+0000] {processor.py:826} INFO - Processing file /home/vscode/.local/lib/python3.10/site-packages/airflow/example_dags/example_sla_dag.py for tasks to queue
[2026-09-17T01:09:31.486+0000] {logging_mixin.py:150} INFO - [2026-09-17T01:09:31.486+0000] {dagbag.py:541} INFO - Filling up the DagBag from /home/vscode/.local/lib/python3.10/site-packages/airflow/example_dags/example_sla_dag.py
[2026-09-17T01:09:31.493+0000] {processor.py:836} INFO - DAG(s) dict_keys(['example_sla_dag']) retrieved from /home/vscode/.local/lib/python3.10/site-packages/airflow/example_dags/example_sla_dag.py
[2026-09-17T01:09:31.505+0000] {logging_mixin.py:150} INFO - [2026-09-17T01:09:31.505+0000] {dag.py:2742} INFO - Sync 1 DAGs
[2026-09-17T01:09:31.523+0000] {logging_mixin.py:150} INFO - [2026-09-17T01:09:31.522+0000] {dag.py:3504} INFO - Setting next_dagrun for example_sla_dag to 2026-09-17T01:06:00+00:00, run_after=2026-09-17T01:08:00+00:00
[2026-09-17T01:09:31.539+0000] {processor.py:179} INFO - Processing /home/vscode/.local/lib/python3.10/site-packages/airflow/example_dags/example_sla_dag.py took 0.057 seconds
[2026-09-17T01:10:13.751+0000] {processor.py:157} INFO - Started process (PID=30233) to work on /home/vscode/.local/lib/python3.10/site-packages/airflow/example_dags/example_sla_dag.py
[2026-09-17T01:10:13.752+0000] {processor.py:826} INFO - Processing file /home/vscode/.local/lib/python3.10/site-packages/airflow/example_dags/example_sla_dag.py for tasks to queue
[2026-09-17T01:10:13.753+0000] {logging_mixin.py:150} INFO - [2026-09-17T01:10:13.752+0000] {dagbag.py:541} INFO - Filling up the DagBag from /home/vscode/.local/lib/python3.10/site-packages/airflow/example_dags/example_sla_dag.py
[2026-09-17T01:10:13.759+0000] {processor.py:836} INFO - DAG(s) dict_keys(['example_sla_dag']) retrieved from /home/vscode/.local/lib/python3.10/site-packages/airflow/example_dags/example_sla_dag.py
[2026-09-17T01:10:13.772+0000] {logging_mixin.py:150} INFO - [2026-09-17T01:10:13.771+0000] {dag.py:2742} INFO - Sync 1 DAGs
[2026-09-17T01:10:13.788+0000] {logging_mixin.py:150} INFO - [2026-09-17T01:10:13.788+0000] {dag.py:3504} INFO - Setting next_dagrun for example_sla_dag to 2026-09-17T01:08:00+00:00, run_after=2026-09-17T01:10:00+00:00
[2026-09-17T01:10:13.807+0000] {processor.py:179} INFO - Processing /home/vscode/.local/lib/python3.10/site-packages/airflow/example_dags/example_sla_dag.py took 0.058 seconds
[2026-09-17T01:10:14.745+0000] {processor.py:157} INFO - Started process (PID=30235) to work on /home/vscode/.local/lib/python3.10/site-packages/airflow/example_dags/example_sla_dag.py
[2026-09-17T01:10:14.746+0000] {processor.py:826} INFO - Processing file /home/vscode/.local/lib/python3.10/site-packages/airflow/example_dags/example_sla_dag.py for tasks to queue
[2026-09-17T01:10:14.747+0000] {logging_mixin.py:150} INFO - [2026-09-17T01:10:14.746+0000] {dagbag.py:541} INFO - Filling up the DagBag from /home/vscode/.local/lib/python3.10/site-packages/airflow/example_dags/example_sla_dag.py
[2026-09-17T01:10:14.754+0000] {processor.py:836} INFO - DAG(s) dict_keys(['example_sla_dag']) retrieved from /home/vscode/.local/lib/python3.10/site-packages/airflow/example_dags/example_sla_dag.py
[2026-09-17T01:10:14.766+0000] {logging_mixin.py:150} INFO - [2026-09-17T01:10:14.765+0000] {dag.py:2742} INFO - Sync 1 DAGs
[2026-09-17T01:10:14.783+0000] {logging_mixin.py:150} INFO - [2026-09-17T01:10:14.783+0000] {dag.py:3504} INFO - Setting next_dagrun for example_sla_dag to 2026-09-17T01:08:00+00:00, run_after=2026-09-17T01:10:00+00:00
[2026-09-17T01:10:14.803+0000] {processor.py:179} INFO - Processing /home/vscode/.local/lib/python3.10/site-packages/airflow/example_dags/example_sla_dag.py took 0.060 seconds
[2026-09-17T01:11:03.423+0000] {processor.py:157} INFO - Started process (PID=30693) to work on /home/vscode/.local/lib/python3.10/site-packages/airflow/example_dags/example_sla_dag.py
[2026-09-17T01:11:03.423+0000] {processor.py:826} INFO - Processing file /home/vscode/.local/lib/python3.10/site-packages/airflow/example_dags/example_sla_dag.py for tasks to queue
[2026-09-17T01:11:03.424+0000] {logging_mixin.py:150} INFO - [2026-09-17T01:11:03.424+0000] {dagbag.py:541} INFO - Filling up the DagBag from /home/vscode/.local/lib/python3.10/site-packages/airflow/example_dags/example_sla_dag.py
[2026-09-17T01:11:03.433+0000] {processor.py:836} INFO - DAG(s) dict_keys(['example_sla_dag']) retrieved from /home/vscode/.local/lib/python3.10/site-packages/airflow/example_dags/example_sla_dag.py
[2026-09-17T01:11:03.445+0000] {logging_mixin.py:150} INFO - [2026-09-17T01:11:03.445+0000] {dag.py:2742} INFO - Sync 1 DAGs
[2026-09-17T01:11:03.463+0000] {logging_mixin.py:150} INFO - [2026-09-17T01:11:03.463+0000] {dag.py:3504} INFO - Setting next_dagrun for example_sla_dag to 2026-09-17T01:08:00+00:00, run_after=2026-09-17T01:10:00+00:00
[2026-09-17T01:11:03.479+0000] {processor.py:179} INFO - Processing /home/vscode/.local/lib/python3.10/site-packages/airflow/example_dags/example_sla_dag.py took 0.059 seconds
[2026-09-17T01:11:06.970+0000] {processor.py:157} INFO - Started process (PID=30723) to work on /home/vscode/.local/lib/python3.10/site-packages/airflow/example_dags/example_sla_dag.py
[2026-09-17T01:11:06.971+0000] {processor.py:826} INFO - Processing file /home/vscode/.local/lib/python3.10/site-packages/airflow/example_dags/example_sla_dag.py for tasks to queue
[2026-09-17T01:11:06.971+0000] {logging_mixin.py:150} INFO - [2026-09-17T01:11:06.971+0000] {dagbag.py:541} INFO - Filling up the DagBag from /home/vscode/.local/lib/python3.10/site-packages/airflow/example_dags/example_sla_dag.py
[2026-09-17T01:11:06.978+0000] {processor.py:836} INFO - DAG(s) dict_keys(['example_sla_dag']) retrieved from /home/vscode/.local/lib/python3.10/site-packages/airflow/example_dags/example_sla_dag.py
[2026-09-17T01:11:06.995+0000] {logging_mixin.py:150} INFO - [2026-09-17T01:11:06.995+0000] {dag.py:2742} INFO - Sync 1 DAGs
[2026-09-17T01:11:07.020+0000] {logging_mixin.py:150} INFO - [2026-09-17T01:11:07.020+0000] {dag.py:3504} INFO - Setting next_dagrun for example_sla_dag to 2026-09-17T01:08:00+00:00, run_after=2026-09-17T01:10:00+00:00
[2026-09-17T01:11:07.038+0000] {processor.py:179} INFO - Processing /home/vscode/.local/lib/python3.10/site-packages/airflow/example_dags/example_sla_dag.py took 0.071 seconds
[2026-09-17T01:11:54.538+0000] {processor.py:157} INFO - Started process (PID=31128) to work on /home/vscode/.local/lib/python3.10/site-packages/airflow/example_dags/example_sla_dag.py
[2026-09-17T01:11:54.539+0000] {processor.py:826} INFO - Processing file /home/vscode/.local/lib/python3.10/site-packages/airflow/example_dags/example_sla_dag.py for tasks to queue
[2026-09-17T01:11:54.540+0000] {logging_mixin.py:150} INFO - [2026-09-17T01:11:54.539+0000] {dagbag.py:541} INFO - Filling up the DagBag from /home/vscode/.local/lib/python3.10/site-packages/airflow/example_dags/example_sla_dag.py
[2026-09-17T01:11:54.548+0000] {processor.py:836} INFO - DAG(s) dict_keys(['example_sla_dag']) retrieved from /home/vscode/.local/lib/python3.10/site-packages/airflow/example_dags/example_sla_dag.py
[2026-09-17T01:11:54.560+0000] {logging_mixin.py:150} INFO - [2026-09-17T01:11:54.560+0000] {dag.py:2742} INFO - Sync 1 DAGs
[2026-09-17T01:11:54.577+0000] {logging_mixin.py:150} INFO - [2026-09-17T01:11:54.577+0000] {dag.py:3504} INFO - Setting next_dagrun for example_sla_dag to 2026-09-17T01:08:00+00:00, run_after=2026-09-17T01:10:00+00:00
[2026-09-17T01:11:54.595+0000] {processor.py:179} INFO - Processing /home/vscode/.local/lib/python3.10/site-packages/airflow/example_dags/example_sla_dag.py took 0.059 seconds
[2026-09-17T01:11:56.137+0000] {processor.py:157} INFO - Started process (PID=31150) to work on /home/vscode/.local/lib/python3.10/site-packages/airflow/example_dags/example_sla_dag.py
[2026-09-17T01:11:56.138+0000] {processor.py:826} INFO - Processing file /home/vscode/.local/lib/python3.10/site-packages/airflow/example_dags/example_sla_dag.py for tasks to queue
[2026-09-17T01:11:56.139+0000] {logging_mixin.py:150} INFO - [2026-09-17T01:11:56.138+0000] {dagbag.py:541} INFO - Filling up the DagBag from /home/vscode/.local/lib/python3.10/site-packages/airflow/example_dags/example_sla_dag.py
[2026-09-17T01:11:56.149+0000] {processor.py:836} INFO - DAG(s) dict_keys(['example_sla_dag']) retrieved from /home/vscode/.local/lib/python3.10/site-packages/airflow/example_dags/example_sla_dag.py
[2026-09-17T01:11:56.162+0000] {logging_mixin.py:150} INFO - [2026-09-17T01:11:56.162+0000] {dag.py:2742} INFO - Sync 1 DAGs
[2026-09-17T01:11:56.180+0000] {logging_mixin.py:150} INFO - [2026-09-17T01:11:56.180+0000] {dag.py:3504} INFO - Setting next_dagrun for example_sla_dag to 2026-09-17T01:08:00+00:00, run_after=2026-09-17T01:10:00+00:00
[2026-09-17T01:11:56.202+0000] {processor.py:179} INFO - Processing /home/vscode/.local/lib/python3.10/site-packages/airflow/example_dags/example_sla_dag.py took 0.069 seconds
[2026-09-17T01:12:42.654+0000] {processor.py:157} INFO - Started process (PID=31540) to work on /home/vscode/.local/lib/python3.10/site-packages/airflow/example_dags/example_sla_dag.py
[2026-09-17T01:12:42.654+0000] {processor.py:826} INFO - Processing file /home/vscode/.local/lib/python3.10/site-packages/airflow/example_dags/example_sla_dag.py for tasks to queue
[2026-09-17T01:12:42.655+0000] {logging_mixin.py:150} INFO - [2026-09-17T01:12:42.655+0000] {dagbag.py:541} INFO - Filling up the DagBag from /home/vscode/.local/lib/python3.10/site-packages/airflow/example_dags/example_sla_dag.py
[2026-09-17T01:12:42.662+0000] {processor.py:836} INFO - DAG(s) dict_keys(['example_sla_dag']) retrieved from /home/vscode/.local/lib/python3.10/site-packages/airflow/example_dags/example_sla_dag.py
[2026-09-17T01:12:42.674+0000] {logging_mixin.py:150} INFO - [2026-09-17T01:12:42.674+0000] {dag.py:2742} INFO - Sync 1 DAGs
[2026-09-17T01:12:42.698+0000] {logging_mixin.py:150} INFO - [2026-09-17T01:12:42.698+0000] {dag.py:3504} INFO - Setting next_dagrun for example_sla_dag to 2026-09-17T01:10:00+00:00, run_after=2026-09-17T01:12:00+00:00
[2026-09-17T01:12:42.727+0000] {processor.py:179} INFO - Processing /home/vscode/.local/lib/python3.10/site-packages/airflow/example_dags/example_sla_dag.py took 0.076 seconds
[2026-09-17T01:12:45.292+0000] {processor.py:157} INFO - Started process (PID=31565) to work on /home/vscode/.local/lib/python3.10/site-packages/airflow/example_dags/example_sla_dag.py
[2026-09-17T01:12:45.293+0000] {processor.py:826} INFO - Processing file /home/vscode/.local/lib/python3.10/site-packages/airflow/example_dags/example_sla_dag.py for tasks to queue
[2026-09-17T01:12:45.294+0000] {logging_mixin.py:150} INFO - [2026-09-17T01:12:45.294+0000] {dagbag.py:541} INFO - Filling up the DagBag from /home/vscode/.local/lib/python3.10/site-packages/airflow/example_dags/example_sla_dag.py
[2026-09-17T01:12:45.302+0000] {processor.py:836} INFO - DAG(s) dict_keys(['example_sla_dag']) retrieved from /home/vscode/.local/lib/python3.10/site-packages/airflow/example_dags/example_sla_dag.py
[2026-09-17T01:12:45.315+0000] {logging_mixin.py:150} INFO - [2026-09-17T01:12:45.314+0000] {dag.py:2742} INFO - Sync 1 DAGs
[2026-09-17T01:12:45.332+0000] {logging_mixin.py:150} INFO - [2026-09-17T01:12:45.332+0000] {dag.py:3504} INFO - Setting next_dagrun for example_sla_dag to 2026-09-17T01:10:00+00:00, run_after=2026-09-17T01:12:00+00:00
[2026-09-17T01:12:45.349+0000] {processor.py:179} INFO - Processing /home/vscode/.local/lib/python3.10/site-packages/airflow/example_dags/example_sla_dag.py took 0.060 seconds
[2026-09-17T01:13:28.824+0000] {processor.py:157} INFO - Started process (PID=31933) to work on /home/vscode/.local/lib/python3.10/site-packages/airflow/example_dags/example_sla_dag.py
[2026-09-17T01:13:28.825+0000] {processor.py:826} INFO - Processing file /home/vscode/.local/lib/python3.10/site-packages/airflow/example_dags/example_sla_dag.py for tasks to queue
[2026-09-17T01:13:28.825+0000] {logging_mixin.py:150} INFO - [2026-09-17T01:13:28.825+0000] {dagbag.py:541} INFO - Filling up the DagBag from /home/vscode/.local/lib/python3.10/site-packages/airflow/example_dags/example_sla_dag.py
[2026-09-17T01:13:28.832+0000] {processor.py:836} INFO - DAG(s) dict_keys(['example_sla_dag']) retrieved from /home/vscode/.local/lib/python3.10/site-packages/airflow/example_dags/example_sla_dag.py
[2026-09-17T01:13:28.845+0000] {logging_mixin.py:150} INFO - [2026-09-17T01:13:28.845+0000] {dag.py:2742} INFO - Sync 1 DAGs
[2026-09-17T01:13:28.861+0000] {logging_mixin.py:150} INFO - [2026-09-17T01:13:28.861+0000] {dag.py:3504} INFO - Setting next_dagrun for example_sla_dag to 2026-09-17T01:10:00+00:00, run_after=2026-09-17T01:12:00+00:00
[2026-09-17T01:13:28.878+0000] {processor.py:179} INFO - Processing /home/vscode/.local/lib/python3.10/site-packages/airflow/example_dags/example_sla_dag.py took 0.056 seconds
[2026-09-17T01:13:35.612+0000] {processor.py:157} INFO - Started process (PID=31988) to work on /home/vscode/.local/lib/python3.10/site-packages/airflow/example_dags/example_sla_dag.py
[2026-09-17T01:13:35.613+0000] {processor.py:826} INFO - Processing file /home/vscode/.local/lib/python3.10/site-packages/airflow/example_dags/example_sla_dag.py for tasks to queue
[2026-09-17T01:13:35.613+0000] {logging_mixin.py:150} INFO - [2026-09-17T01:13:35.613+0000] {dagbag.py:541} INFO - Filling up the DagBag from /home/vscode/.local/lib/python3.10/site-packages/airflow/example_dags/example_sla_dag.py
[2026-09-17T01:13:35.621+0000] {processor.py:836} INFO - DAG(s) dict_keys(['example_sla_dag']) retrieved from /home/vscode/.local/lib/python3.10/site-packages/airflow/example_dags/example_sla_dag.py
[2026-09-17T01:13:35.634+0000] {logging_mixin.py:150} INFO - [2026-09-17T01:13:35.634+0000] {dag.py:2742} INFO - Sync 1 DAGs
[2026-09-17T01:13:35.651+0000] {logging_mixin.py:150} INFO - [2026-09-17T01:13:35.651+0000] {dag.py:3504} INFO - Setting next_dagrun for example_sla_dag to 2026-09-17T01:10:00+00:00, run_after=2026-09-17T01:12:00+00:00
[2026-09-17T01:13:35.667+0000] {processor.py:179} INFO - Processing /home/vscode/.local/lib/python3.10/site-packages/airflow/example_dags/example_sla_dag.py took 0.057 seconds
[2026-09-17T01:14:14.966+0000] {processor.py:157} INFO - Started process (PID=32324) to work on /home/vscode/.local/lib/python3.10/site-packages/airflow/example_dags/example_sla_dag.py
[2026-09-17T01:14:14.967+0000] {processor.py:826} INFO - Processing file /home/vscode/.local/lib/python3.10/site-packages/airflow/example_dags/example_sla_dag.py for tasks to queue
[2026-09-17T01:14:14.968+0000] {logging_mixin.py:150} INFO - [2026-09-17T01:14:14.967+0000] {dagbag.py:541} INFO - Filling up the DagBag from /home/vscode/.local/lib/python3.10/site-packages/airflow/example_dags/example_sla_dag.py
[2026-09-17T01:14:14.975+0000] {processor.py:836} INFO - DAG(s) dict_keys(['example_sla_dag']) retrieved from /home/vscode/.local/lib/python3.10/site-packages/airflow/example_dags/example_sla_dag.py
[2026-09-17T01:14:14.991+0000] {logging_mixin.py:150} INFO - [2026-09-17T01:14:14.991+0000] {dag.py:2742} INFO - Sync 1 DAGs
[2026-09-17T01:14:15.008+0000] {logging_mixin.py:150} INFO - [2026-09-17T01:14:15.008+0000] {dag.py:3504} INFO - Setting next_dagrun for example_sla_dag to 2026-09-17T01:12:00+00:00, run_after=2026-09-17T01:14:00+00:00
[2026-09-17T01:14:15.024+0000] {processor.py:179} INFO - Processing /home/vscode/.local/lib/python3.10/site-packages/airflow/example_dags/example_sla_dag.py took 0.061 seconds
[2026-09-17T01:14:24.329+0000] {processor.py:157} INFO - Started process (PID=32403) to work on /home/vscode/.local/lib/python3.10/site-packages/airflow/example_dags/example_sla_dag.py
[2026-09-17T01:14:24.330+0000] {processor.py:826} INFO - Processing file /home/vscode/.local/lib/python3.10/site-packages/airflow/example_dags/example_sla_dag.py for tasks to queue
[2026-09-17T01:14:24.331+0000] {logging_mixin.py:150} INFO - [2026-09-17T01:14:24.331+0000] {dagbag.py:541} INFO - Filling up the DagBag from /home/vscode/.local/lib/python3.10/site-packages/airflow/example_dags/example_sla_dag.py
[2026-09-17T01:14:24.341+0000] {processor.py:836} INFO - DAG(s) dict_keys(['example_sla_dag']) retrieved from /home/vscode/.local/lib/python3.10/site-packages/airflow/example_dags/example_sla_dag.py
[2026-09-17T01:14:24.361+0000] {logging_mixin.py:150} INFO - [2026-09-17T01:14:24.361+0000] {dag.py:2742} INFO - Sync 1 DAGs
[2026-09-17T01:14:24.383+0000] {logging_mixin.py:150} INFO - [2026-09-17T01:14:24.383+0000] {dag.py:3504} INFO - Setting next_dagrun for example_sla_dag to 2026-09-17T01:12:00+00:00, run_after=2026-09-17T01:14:00+00:00
[2026-09-17T01:14:24.446+0000] {processor.py:179} INFO - Processing /home/vscode/.local/lib/python3.10/site-packages/airflow/example_dags/example_sla_dag.py took 0.120 seconds
[2026-09-17T01:15:01.968+0000] {processor.py:157} INFO - Started process (PID=32723) to work on /home/vscode/.local/lib/python3.10/site-packages/airflow/example_dags/example_sla_dag.py
[2026-09-17T01:15:01.970+0000] {processor.py:826} INFO - Processing file /home/vscode/.local/lib/python3.10/site-packages/airflow/example_dags/example_sla_dag.py for tasks to queue
[2026-09-17T01:15:01.971+0000] {logging_mixin.py:150} INFO - [2026-09-17T01:15:01.970+0000] {dagbag.py:541} INFO - Filling up the DagBag from /home/vscode/.local/lib/python3.10/site-packages/airflow/example_dags/example_sla_dag.py
[2026-09-17T01:15:01.980+0000] {processor.py:836} INFO - DAG(s) dict_keys(['example_sla_dag']) retrieved from /home/vscode/.local/lib/python3.10/site-packages/airflow/example_dags/example_sla_dag.py
[2026-09-17T01:15:02.009+0000] {logging_mixin.py:150} INFO - [2026-09-17T01:15:02.009+0000] {dag.py:2742} INFO - Sync 1 DAGs
[2026-09-17T01:15:02.042+0000] {logging_mixin.py:150} INFO - [2026-09-17T01:15:02.042+0000] {dag.py:3504} INFO - Setting next_dagrun for example_sla_dag to 2026-09-17T01:12:00+00:00, run_after=2026-09-17T01:14:00+00:00
[2026-09-17T01:15:02.062+0000] {processor.py:179} INFO - Processing /home/vscode/.local/lib/python3.10/site-packages/airflow/example_dags/example_sla_dag.py took 0.098 seconds
[2026-09-17T01:15:18.489+0000] {processor.py:157} INFO - Started process (PID=32863) to work on /home/vscode/.local/lib/python3.10/site-packages/airflow/example_dags/example_sla_dag.py
[2026-09-17T01:15:18.489+0000] {processor.py:826} INFO - Processing file /home/vscode/.local/lib/python3.10/site-packages/airflow/example_dags/example_sla_dag.py for tasks to queue
[2026-09-17T01:15:18.490+0000] {logging_mixin.py:150} INFO - [2026-09-17T01:15:18.490+0000] {dagbag.py:541} INFO - Filling up the DagBag from /home/vscode/.local/lib/python3.10/site-packages/airflow/example_dags/example_sla_dag.py
[2026-09-17T01:15:18.500+0000] {processor.py:836} INFO - DAG(s) dict_keys(['example_sla_dag']) retrieved from /home/vscode/.local/lib/python3.10/site-packages/airflow/example_dags/example_sla_dag.py
[2026-09-17T01:15:18.512+0000] {logging_mixin.py:150} INFO - [2026-09-17T01:15:18.512+0000] {dag.py:2742} INFO - Sync 1 DAGs
[2026-09-17T01:15:18.529+0000] {logging_mixin.py:150} INFO - [2026-09-17T01:15:18.529+0000] {dag.py:3504} INFO - Setting next_dagrun for example_sla_dag to 2026-09-17T01:12:00+00:00, run_after=2026-09-17T01:14:00+00:00
[2026-09-17T01:15:18.545+0000] {processor.py:179} INFO - Processing /home/vscode/.local/lib/python3.10/site-packages/airflow/example_dags/example_sla_dag.py took 0.059 seconds
[2026-09-17T01:15:43.141+0000] {processor.py:157} INFO - Started process (PID=33085) to work on /home/vscode/.local/lib/python3.10/site-packages/airflow/example_dags/example_sla_dag.py
[2026-09-17T01:15:43.142+0000] {processor.py:826} INFO - Processing file /home/vscode/.local/lib/python3.10/site-packages/airflow/example_dags/example_sla_dag.py for tasks to queue
[2026-09-17T01:15:43.142+0000] {logging_mixin.py:150} INFO - [2026-09-17T01:15:43.142+0000] {dagbag.py:541} INFO - Filling up the DagBag from /home/vscode/.local/lib/python3.10/site-packages/airflow/example_dags/example_sla_dag.py
[2026-09-17T01:15:43.149+0000] {processor.py:836} INFO - DAG(s) dict_keys(['example_sla_dag']) retrieved from /home/vscode/.local/lib/python3.10/site-packages/airflow/example_dags/example_sla_dag.py
[2026-09-17T01:15:43.162+0000] {logging_mixin.py:150} INFO - [2026-09-17T01:15:43.162+0000] {dag.py:2742} INFO - Sync 1 DAGs
[2026-09-17T01:15:43.188+0000] {logging_mixin.py:150} INFO - [2026-09-17T01:15:43.187+0000] {dag.py:3504} INFO - Setting next_dagrun for example_sla_dag to 2026-09-17T01:12:00+00:00, run_after=2026-09-17T01:14:00+00:00
[2026-09-17T01:15:43.210+0000] {processor.py:179} INFO - Processing /home/vscode/.local/lib/python3.10/site-packages/airflow/example_dags/example_sla_dag.py took 0.072 seconds
[2026-09-17T01:16:10.251+0000] {processor.py:157} INFO - Started process (PID=33338) to work on /home/vscode/.local/lib/python3.10/site-packages/airflow/example_dags/example_sla_dag.py
[2026-09-17T01:16:10.252+0000] {processor.py:826} INFO - Processing file /home/vscode/.local/lib/python3.10/site-packages/airflow/example_dags/example_sla_dag.py for tasks to queue
[2026-09-17T01:16:10.253+0000] {logging_mixin.py:150} INFO - [2026-09-17T01:16:10.252+0000] {dagbag.py:541} INFO - Filling up the DagBag from /home/vscode/.local/lib/python3.10/site-packages/airflow/example_dags/example_sla_dag.py
[2026-09-17T01:16:10.262+0000] {processor.py:836} INFO - DAG(s) dict_keys(['example_sla_dag']) retrieved from /home/vscode/.local/lib/python3.10/site-packages/airflow/example_dags/example_sla_dag.py
[2026-09-17T01:16:10.280+0000] {logging_mixin.py:150} INFO - [2026-09-17T01:16:10.280+0000] {dag.py:2742} INFO - Sync 1 DAGs
[2026-09-17T01:16:10.307+0000] {logging_mixin.py:150} INFO - [2026-09-17T01:16:10.307+0000] {dag.py:3504} INFO - Setting next_dagrun for example_sla_dag to 2026-09-17T01:14:00+00:00, run_after=2026-09-17T01:16:00+00:00
[2026-09-17T01:16:10.338+0000] {processor.py:179} INFO - Processing /home/vscode/.local/lib/python3.10/site-packages/airflow/example_dags/example_sla_dag.py took 0.091 seconds
[2026-09-17T01:16:34.025+0000] {processor.py:157} INFO - Started process (PID=33540) to work on /home/vscode/.local/lib/python3.10/site-packages/airflow/example_dags/example_sla_dag.py
[2026-09-17T01:16:34.026+0000] {processor.py:826} INFO - Processing file /home/vscode/.local/lib/python3.10/site-packages/airflow/example_dags/example_sla_dag.py for tasks to queue
[2026-09-17T01:16:34.027+0000] {logging_mixin.py:150} INFO - [2026-09-17T01:16:34.026+0000] {dagbag.py:541} INFO - Filling up the DagBag from /home/vscode/.local/lib/python3.10/site-packages/airflow/example_dags/example_sla_dag.py
[2026-09-17T01:16:34.038+0000] {processor.py:836} INFO - DAG(s) dict_keys(['example_sla_dag']) retrieved from /home/vscode/.local/lib/python3.10/site-packages/airflow/example_dags/example_sla_dag.py
[2026-09-17T01:16:34.055+0000] {logging_mixin.py:150} INFO - [2026-09-17T01:16:34.055+0000] {dag.py:2742} INFO - Sync 1 DAGs
[2026-09-17T01:16:34.077+0000] {logging_mixin.py:150} INFO - [2026-09-17T01:16:34.077+0000] {dag.py:3504} INFO - Setting next_dagrun for example_sla_dag to 2026-09-17T01:14:00+00:00, run_after=2026-09-17T01:16:00+00:00
[2026-09-17T01:16:34.112+0000] {processor.py:179} INFO - Processing /home/vscode/.local/lib/python3.10/site-packages/airflow/example_dags/example_sla_dag.py took 0.090 seconds
[2026-09-17T01:16:59.963+0000] {processor.py:157} INFO - Started process (PID=33770) to work on /home/vscode/.local/lib/python3.10/site-packages/airflow/example_dags/example_sla_dag.py
[2026-09-17T01:16:59.964+0000] {processor.py:826} INFO - Processing file /home/vscode/.local/lib/python3.10/site-packages/airflow/example_dags/example_sla_dag.py for tasks to queue
[2026-09-17T01:16:59.964+0000] {logging_mixin.py:150} INFO - [2026-09-17T01:16:59.964+0000] {dagbag.py:541} INFO - Filling up the DagBag from /home/vscode/.local/lib/python3.10/site-packages/airflow/example_dags/example_sla_dag.py
[2026-09-17T01:16:59.972+0000] {processor.py:836} INFO - DAG(s) dict_keys(['example_sla_dag']) retrieved from /home/vscode/.local/lib/python3.10/site-packages/airflow/example_dags/example_sla_dag.py
[2026-09-17T01:16:59.990+0000] {logging_mixin.py:150} INFO - [2026-09-17T01:16:59.989+0000] {dag.py:2742} INFO - Sync 1 DAGs
[2026-09-17T01:17:00.014+0000] {logging_mixin.py:150} INFO - [2026-09-17T01:17:00.014+0000] {dag.py:3504} INFO - Setting next_dagrun for example_sla_dag to 2026-09-17T01:14:00+00:00, run_after=2026-09-17T01:16:00+00:00
[2026-09-17T01:17:00.037+0000] {processor.py:179} INFO - Processing /home/vscode/.local/lib/python3.10/site-packages/airflow/example_dags/example_sla_dag.py took 0.076 seconds
[2026-09-17T01:17:20.117+0000] {processor.py:157} INFO - Started process (PID=33938) to work on /home/vscode/.local/lib/python3.10/site-packages/airflow/example_dags/example_sla_dag.py
[2026-09-17T01:17:20.119+0000] {processor.py:826} INFO - Processing file /home/vscode/.local/lib/python3.10/site-packages/airflow/example_dags/example_sla_dag.py for tasks to queue
[2026-09-17T01:17:20.121+0000] {logging_mixin.py:150} INFO - [2026-09-17T01:17:20.121+0000] {dagbag.py:541} INFO - Filling up the DagBag from /home/vscode/.local/lib/python3.10/site-packages/airflow/example_dags/example_sla_dag.py
[2026-09-17T01:17:20.145+0000] {processor.py:836} INFO - DAG(s) dict_keys(['example_sla_dag']) retrieved from /home/vscode/.local/lib/python3.10/site-packages/airflow/example_dags/example_sla_dag.py
[2026-09-17T01:17:20.178+0000] {logging_mixin.py:150} INFO - [2026-09-17T01:17:20.178+0000] {dag.py:2742} INFO - Sync 1 DAGs
[2026-09-17T01:17:20.204+0000] {logging_mixin.py:150} INFO - [2026-09-17T01:17:20.204+0000] {dag.py:3504} INFO - Setting next_dagrun for example_sla_dag to 2026-09-17T01:14:00+00:00, run_after=2026-09-17T01:16:00+00:00
[2026-09-17T01:17:20.225+0000] {processor.py:179} INFO - Processing /home/vscode/.local/lib/python3.10/site-packages/airflow/example_dags/example_sla_dag.py took 0.119 seconds
[2026-09-17T01:17:50.009+0000] {processor.py:157} INFO - Started process (PID=34193) to work on /home/vscode/.local/lib/python3.10/site-packages/airflow/example_dags/example_sla_dag.py
[2026-09-17T01:17:50.010+0000] {processor.py:826} INFO - Processing file /home/vscode/.local/lib/python3.10/site-packages/airflow/example_dags/example_sla_dag.py for tasks to queue
[2026-09-17T01:17:50.011+0000] {logging_mixin.py:150} INFO - [2026-09-17T01:17:50.010+0000] {dagbag.py:541} INFO - Filling up the DagBag from /home/vscode/.local/lib/python3.10/site-packages/airflow/example_dags/example_sla_dag.py
[2026-09-17T01:17:50.017+0000] {processor.py:836} INFO - DAG(s) dict_keys(['example_sla_dag']) retrieved from /home/vscode/.local/lib/python3.10/site-packages/airflow/example_dags/example_sla_dag.py
[2026-09-17T01:17:50.030+0000] {logging_mixin.py:150} INFO - [2026-09-17T01:17:50.030+0000] {dag.py:2742} INFO - Sync 1 DAGs
[2026-09-17T01:17:50.047+0000] {logging_mixin.py:150} INFO - [2026-09-17T01:17:50.047+0000] {dag.py:3504} INFO - Setting next_dagrun for example_sla_dag to 2026-09-17T01:14:00+00:00, run_after=2026-09-17T01:16:00+00:00
[2026-09-17T01:17:50.064+0000] {processor.py:179} INFO - Processing /home/vscode/.local/lib/python3.10/site-packages/airflow/example_dags/example_sla_dag.py took 0.057 seconds
[2026-09-17T01:18:09.736+0000] {processor.py:157} INFO - Started process (PID=34356) to work on /home/vscode/.local/lib/python3.10/site-packages/airflow/example_dags/example_sla_dag.py
[2026-09-17T01:18:09.737+0000] {processor.py:826} INFO - Processing file /home/vscode/.local/lib/python3.10/site-packages/airflow/example_dags/example_sla_dag.py for tasks to queue
[2026-09-17T01:18:09.738+0000] {logging_mixin.py:150} INFO - [2026-09-17T01:18:09.737+0000] {dagbag.py:541} INFO - Filling up the DagBag from /home/vscode/.local/lib/python3.10/site-packages/airflow/example_dags/example_sla_dag.py
[2026-09-17T01:18:09.745+0000] {processor.py:836} INFO - DAG(s) dict_keys(['example_sla_dag']) retrieved from /home/vscode/.local/lib/python3.10/site-packages/airflow/example_dags/example_sla_dag.py
[2026-09-17T01:18:09.757+0000] {logging_mixin.py:150} INFO - [2026-09-17T01:18:09.757+0000] {dag.py:2742} INFO - Sync 1 DAGs
[2026-09-17T01:18:09.773+0000] {logging_mixin.py:150} INFO - [2026-09-17T01:18:09.773+0000] {dag.py:3504} INFO - Setting next_dagrun for example_sla_dag to 2026-09-17T01:16:00+00:00, run_after=2026-09-17T01:18:00+00:00
[2026-09-17T01:18:09.792+0000] {processor.py:179} INFO - Processing /home/vscode/.local/lib/python3.10/site-packages/airflow/example_dags/example_sla_dag.py took 0.059 seconds
[2026-09-17T01:18:35.237+0000] {processor.py:157} INFO - Started process (PID=34564) to work on /home/vscode/.local/lib/python3.10/site-packages/airflow/example_dags/example_sla_dag.py
[2026-09-17T01:18:35.237+0000] {processor.py:826} INFO - Processing file /home/vscode/.local/lib/python3.10/site-packages/airflow/example_dags/example_sla_dag.py for tasks to queue
[2026-09-17T01:18:35.238+0000] {logging_mixin.py:150} INFO - [2026-09-17T01:18:35.238+0000] {dagbag.py:541} INFO - Filling up the DagBag from /home/vscode/.local/lib/python3.10/site-packages/airflow/example_dags/example_sla_dag.py
[2026-09-17T01:18:35.247+0000] {processor.py:836} INFO - DAG(s) dict_keys(['example_sla_dag']) retrieved from /home/vscode/.local/lib/python3.10/site-packages/airflow/example_dags/example_sla_dag.py
[2026-09-17T01:18:35.265+0000] {logging_mixin.py:150} INFO - [2026-09-17T01:18:35.265+0000] {dag.py:2742} INFO - Sync 1 DAGs
[2026-09-17T01:18:35.292+0000] {logging_mixin.py:150} INFO - [2026-09-17T01:18:35.292+0000] {dag.py:3504} INFO - Setting next_dagrun for example_sla_dag to 2026-09-17T01:16:00+00:00, run_after=2026-09-17T01:18:00+00:00
[2026-09-17T01:18:35.315+0000] {processor.py:179} INFO - Processing /home/vscode/.local/lib/python3.10/site-packages/airflow/example_dags/example_sla_dag.py took 0.081 seconds
[2026-09-17T01:18:56.901+0000] {processor.py:157} INFO - Started process (PID=34752) to work on /home/vscode/.local/lib/python3.10/site-packages/airflow/example_dags/example_sla_dag.py
[2026-09-17T01:18:56.902+0000] {processor.py:826} INFO - Processing file /home/vscode/.local/lib/python3.10/site-packages/airflow/example_dags/example_sla_dag.py for tasks to queue
[2026-09-17T01:18:56.902+0000] {logging_mixin.py:150} INFO - [2026-09-17T01:18:56.902+0000] {dagbag.py:541} INFO - Filling up the DagBag from /home/vscode/.local/lib/python3.10/site-packages/airflow/example_dags/example_sla_dag.py
[2026-09-17T01:18:56.911+0000] {processor.py:836} INFO - DAG(s) dict_keys(['example_sla_dag']) retrieved from /home/vscode/.local/lib/python3.10/site-packages/airflow/example_dags/example_sla_dag.py
[2026-09-17T01:18:56.923+0000] {logging_mixin.py:150} INFO - [2026-09-17T01:18:56.923+0000] {dag.py:2742} INFO - Sync 1 DAGs
[2026-09-17T01:18:56.940+0000] {logging_mixin.py:150} INFO - [2026-09-17T01:18:56.940+0000] {dag.py:3504} INFO - Setting next_dagrun for example_sla_dag to 2026-09-17T01:16:00+00:00, run_after=2026-09-17T01:18:00+00:00
[2026-09-17T01:18:56.956+0000] {processor.py:179} INFO - Processing /home/vscode/.local/lib/python3.10/site-packages/airflow/example_dags/example_sla_dag.py took 0.058 seconds
[2026-09-17T01:19:23.638+0000] {processor.py:157} INFO - Started process (PID=34970) to work on /home/vscode/.local/lib/python3.10/site-packages/airflow/example_dags/example_sla_dag.py
[2026-09-17T01:19:23.638+0000] {processor.py:826} INFO - Processing file /home/vscode/.local/lib/python3.10/site-packages/airflow/example_dags/example_sla_dag.py for tasks to queue
[2026-09-17T01:19:23.639+0000] {logging_mixin.py:150} INFO - [2026-09-17T01:19:23.639+0000] {dagbag.py:541} INFO - Filling up the DagBag from /home/vscode/.local/lib/python3.10/site-packages/airflow/example_dags/example_sla_dag.py
[2026-09-17T01:19:23.646+0000] {processor.py:836} INFO - DAG(s) dict_keys(['example_sla_dag']) retrieved from /home/vscode/.local/lib/python3.10/site-packages/airflow/example_dags/example_sla_dag.py
[2026-09-17T01:19:23.658+0000] {logging_mixin.py:150} INFO - [2026-09-17T01:19:23.658+0000] {dag.py:2742} INFO - Sync 1 DAGs
[2026-09-17T01:19:23.674+0000] {logging_mixin.py:150} INFO - [2026-09-17T01:19:23.674+0000] {dag.py:3504} INFO - Setting next_dagrun for example_sla_dag to 2026-09-17T01:16:00+00:00, run_after=2026-09-17T01:18:00+00:00
[2026-09-17T01:19:23.691+0000] {processor.py:179} INFO - Processing /home/vscode/.local/lib/python3.10/site-packages/airflow/example_dags/example_sla_dag.py took 0.055 seconds
[2026-09-17T01:19:44.492+0000] {processor.py:157} INFO - Started process (PID=35130) to work on /home/vscode/.local/lib/python3.10/site-packages/airflow/example_dags/example_sla_dag.py
[2026-09-17T01:19:44.493+0000] {processor.py:826} INFO - Processing file /home/vscode/.local/lib/python3.10/site-packages/airflow/example_dags/example_sla_dag.py for tasks to queue
[2026-09-17T01:19:44.494+0000] {logging_mixin.py:150} INFO - [2026-09-17T01:19:44.494+0000] {dagbag.py:541} INFO - Filling up the DagBag from /home/vscode/.local/lib/python3.10/site-packages/airflow/example_dags/example_sla_dag.py
[2026-09-17T01:19:44.501+0000] {processor.py:836} INFO - DAG(s) dict_keys(['example_sla_dag']) retrieved from /home/vscode/.local/lib/python3.10/site-packages/airflow/example_dags/example_sla_dag.py
[2026-09-17T01:19:44.519+0000] {logging_mixin.py:150} INFO - [2026-09-17T01:19:44.518+0000] {dag.py:2742} INFO - Sync 1 DAGs
[2026-09-17T01:19:44.540+0000] {logging_mixin.py:150} INFO - [2026-09-17T01:19:44.539+0000] {dag.py:3504} INFO - Setting next_dagrun for example_sla_dag to 2026-09-17T01:16:00+00:00, run_after=2026-09-17T01:18:00+00:00
[2026-09-17T01:19:44.556+0000] {processor.py:179} INFO - Processing /home/vscode/.local/lib/python3.10/site-packages/airflow/example_dags/example_sla_dag.py took 0.067 seconds
[2026-09-17T01:20:12.699+0000] {processor.py:157} INFO - Started process (PID=35426) to work on /home/vscode/.local/lib/python3.10/site-packages/airflow/example_dags/example_sla_dag.py
[2026-09-17T01:20:12.700+0000] {processor.py:826} INFO - Processing file /home/vscode/.local/lib/python3.10/site-packages/airflow/example_dags/example_sla_dag.py for tasks to queue
[2026-09-17T01:20:12.700+0000] {logging_mixin.py:150} INFO - [2026-09-17T01:20:12.700+0000] {dagbag.py:541} INFO - Filling up the DagBag from /home/vscode/.local/lib/python3.10/site-packages/airflow/example_dags/example_sla_dag.py
[2026-09-17T01:20:12.709+0000] {processor.py:836} INFO - DAG(s) dict_keys(['example_sla_dag']) retrieved from /home/vscode/.local/lib/python3.10/site-packages/airflow/example_dags/example_sla_dag.py
[2026-09-17T01:20:12.723+0000] {logging_mixin.py:150} INFO - [2026-09-17T01:20:12.723+0000] {dag.py:2742} INFO - Sync 1 DAGs
[2026-09-17T01:20:12.749+0000] {logging_mixin.py:150} INFO - [2026-09-17T01:20:12.749+0000] {dag.py:3504} INFO - Setting next_dagrun for example_sla_dag to 2026-09-17T01:18:00+00:00, run_after=2026-09-17T01:20:00+00:00
[2026-09-17T01:20:12.768+0000] {processor.py:179} INFO - Processing /home/vscode/.local/lib/python3.10/site-packages/airflow/example_dags/example_sla_dag.py took 0.071 seconds
[2026-09-17T01:20:33.026+0000] {processor.py:157} INFO - Started process (PID=35591) to work on /home/vscode/.local/lib/python3.10/site-packages/airflow/example_dags/example_sla_dag.py
[2026-09-17T01:20:33.027+0000] {processor.py:826} INFO - Processing file /home/vscode/.local/lib/python3.10/site-packages/airflow/example_dags/example_sla_dag.py for tasks to queue
[2026-09-17T01:20:33.028+0000] {logging_mixin.py:150} INFO - [2026-09-17T01:20:33.027+0000] {dagbag.py:541} INFO - Filling up the DagBag from /home/vscode/.local/lib/python3.10/site-packages/airflow/example_dags/example_sla_dag.py
[2026-09-17T01:20:33.038+0000] {processor.py:836} INFO - DAG(s) dict_keys(['example_sla_dag']) retrieved from /home/vscode/.local/lib/python3.10/site-packages/airflow/example_dags/example_sla_dag.py
[2026-09-17T01:20:33.055+0000] {logging_mixin.py:150} INFO - [2026-09-17T01:20:33.055+0000] {dag.py:2742} INFO - Sync 1 DAGs
[2026-09-17T01:20:33.088+0000] {logging_mixin.py:150} INFO - [2026-09-17T01:20:33.088+0000] {dag.py:3504} INFO - Setting next_dagrun for example_sla_dag to 2026-09-17T01:18:00+00:00, run_after=2026-09-17T01:20:00+00:00
[2026-09-17T01:20:33.111+0000] {processor.py:179} INFO - Processing /home/vscode/.local/lib/python3.10/site-packages/airflow/example_dags/example_sla_dag.py took 0.089 seconds
[2026-09-17T01:21:00.975+0000] {processor.py:157} INFO - Started process (PID=35931) to work on /home/vscode/.local/lib/python3.10/site-packages/airflow/example_dags/example_sla_dag.py
[2026-09-17T01:21:00.975+0000] {processor.py:826} INFO - Processing file /home/vscode/.local/lib/python3.10/site-packages/airflow/example_dags/example_sla_dag.py for tasks to queue
[2026-09-17T01:21:00.976+0000] {logging_mixin.py:150} INFO - [2026-09-17T01:21:00.976+0000] {dagbag.py:541} INFO - Filling up the DagBag from /home/vscode/.local/lib/python3.10/site-packages/airflow/example_dags/example_sla_dag.py
[2026-09-17T01:21:00.983+0000] {processor.py:836} INFO - DAG(s) dict_keys(['example_sla_dag']) retrieved from /home/vscode/.local/lib/python3.10/site-packages/airflow/example_dags/example_sla_dag.py
[2026-09-17T01:21:00.995+0000] {logging_mixin.py:150} INFO - [2026-09-17T01:21:00.995+0000] {dag.py:2742} INFO - Sync 1 DAGs
[2026-09-17T01:21:01.013+0000] {logging_mixin.py:150} INFO - [2026-09-17T01:21:01.013+0000] {dag.py:3504} INFO - Setting next_dagrun for example_sla_dag to 2026-09-17T01:18:00+00:00, run_after=2026-09-17T01:20:00+00:00
[2026-09-17T01:21:01.032+0000] {processor.py:179} INFO - Processing /home/vscode/.local/lib/python3.10/site-packages/airflow/example_dags/example_sla_dag.py took 0.059 seconds
[2026-09-17T01:21:22.159+0000] {processor.py:157} INFO - Started process (PID=36238) to work on /home/vscode/.local/lib/python3.10/site-packages/airflow/example_dags/example_sla_dag.py
[2026-09-17T01:21:22.160+0000] {processor.py:826} INFO - Processing file /home/vscode/.local/lib/python3.10/site-packages/airflow/example_dags/example_sla_dag.py for tasks to queue
[2026-09-17T01:21:22.161+0000] {logging_mixin.py:150} INFO - [2026-09-17T01:21:22.161+0000] {dagbag.py:541} INFO - Filling up the DagBag from /home/vscode/.local/lib/python3.10/site-packages/airflow/example_dags/example_sla_dag.py
[2026-09-17T01:21:22.168+0000] {processor.py:836} INFO - DAG(s) dict_keys(['example_sla_dag']) retrieved from /home/vscode/.local/lib/python3.10/site-packages/airflow/example_dags/example_sla_dag.py
[2026-09-17T01:21:22.180+0000] {logging_mixin.py:150} INFO - [2026-09-17T01:21:22.180+0000] {dag.py:2742} INFO - Sync 1 DAGs
[2026-09-17T01:21:22.201+0000] {logging_mixin.py:150} INFO - [2026-09-17T01:21:22.201+0000] {dag.py:3504} INFO - Setting next_dagrun for example_sla_dag to 2026-09-17T01:18:00+00:00, run_after=2026-09-17T01:20:00+00:00
[2026-09-17T01:21:22.217+0000] {processor.py:179} INFO - Processing /home/vscode/.local/lib/python3.10/site-packages/airflow/example_dags/example_sla_dag.py took 0.060 seconds
[2026-09-17T01:21:50.377+0000] {processor.py:157} INFO - Started process (PID=36613) to work on /home/vscode/.local/lib/python3.10/site-packages/airflow/example_dags/example_sla_dag.py
[2026-09-17T01:21:50.378+0000] {processor.py:826} INFO - Processing file /home/vscode/.local/lib/python3.10/site-packages/airflow/example_dags/example_sla_dag.py for tasks to queue
[2026-09-17T01:21:50.379+0000] {logging_mixin.py:150} INFO - [2026-09-17T01:21:50.378+0000] {dagbag.py:541} INFO - Filling up the DagBag from /home/vscode/.local/lib/python3.10/site-packages/airflow/example_dags/example_sla_dag.py
[2026-09-17T01:21:50.390+0000] {processor.py:836} INFO - DAG(s) dict_keys(['example_sla_dag']) retrieved from /home/vscode/.local/lib/python3.10/site-packages/airflow/example_dags/example_sla_dag.py
[2026-09-17T01:21:50.408+0000] {logging_mixin.py:150} INFO - [2026-09-17T01:21:50.408+0000] {dag.py:2742} INFO - Sync 1 DAGs
[2026-09-17T01:21:50.432+0000] {logging_mixin.py:150} INFO - [2026-09-17T01:21:50.432+0000] {dag.py:3504} INFO - Setting next_dagrun for example_sla_dag to 2026-09-17T01:18:00+00:00, run_after=2026-09-17T01:20:00+00:00
[2026-09-17T01:21:50.450+0000] {processor.py:179} INFO - Processing /home/vscode/.local/lib/python3.10/site-packages/airflow/example_dags/example_sla_dag.py took 0.076 seconds
[2026-09-17T01:22:11.488+0000] {processor.py:157} INFO - Started process (PID=36858) to work on /home/vscode/.local/lib/python3.10/site-packages/airflow/example_dags/example_sla_dag.py
[2026-09-17T01:22:11.489+0000] {processor.py:826} INFO - Processing file /home/vscode/.local/lib/python3.10/site-packages/airflow/example_dags/example_sla_dag.py for tasks to queue
[2026-09-17T01:22:11.490+0000] {logging_mixin.py:150} INFO - [2026-09-17T01:22:11.490+0000] {dagbag.py:541} INFO - Filling up the DagBag from /home/vscode/.local/lib/python3.10/site-packages/airflow/example_dags/example_sla_dag.py
[2026-09-17T01:22:11.499+0000] {processor.py:836} INFO - DAG(s) dict_keys(['example_sla_dag']) retrieved from /home/vscode/.local/lib/python3.10/site-packages/airflow/example_dags/example_sla_dag.py
[2026-09-17T01:22:11.511+0000] {logging_mixin.py:150} INFO - [2026-09-17T01:22:11.511+0000] {dag.py:2742} INFO - Sync 1 DAGs
[2026-09-17T01:22:11.528+0000] {logging_mixin.py:150} INFO - [2026-09-17T01:22:11.528+0000] {dag.py:3504} INFO - Setting next_dagrun for example_sla_dag to 2026-09-17T01:20:00+00:00, run_after=2026-09-17T01:22:00+00:00
[2026-09-17T01:22:11.544+0000] {processor.py:179} INFO - Processing /home/vscode/.local/lib/python3.10/site-packages/airflow/example_dags/example_sla_dag.py took 0.059 seconds
[2026-09-17T01:22:42.918+0000] {processor.py:157} INFO - Started process (PID=37259) to work on /home/vscode/.local/lib/python3.10/site-packages/airflow/example_dags/example_sla_dag.py
[2026-09-17T01:22:42.919+0000] {processor.py:826} INFO - Processing file /home/vscode/.local/lib/python3.10/site-packages/airflow/example_dags/example_sla_dag.py for tasks to queue
[2026-09-17T01:22:42.920+0000] {logging_mixin.py:150} INFO - [2026-09-17T01:22:42.919+0000] {dagbag.py:541} INFO - Filling up the DagBag from /home/vscode/.local/lib/python3.10/site-packages/airflow/example_dags/example_sla_dag.py
[2026-09-17T01:22:42.927+0000] {processor.py:836} INFO - DAG(s) dict_keys(['example_sla_dag']) retrieved from /home/vscode/.local/lib/python3.10/site-packages/airflow/example_dags/example_sla_dag.py
[2026-09-17T01:22:42.939+0000] {logging_mixin.py:150} INFO - [2026-09-17T01:22:42.939+0000] {dag.py:2742} INFO - Sync 1 DAGs
[2026-09-17T01:22:42.956+0000] {logging_mixin.py:150} INFO - [2026-09-17T01:22:42.956+0000] {dag.py:3504} INFO - Setting next_dagrun for example_sla_dag to 2026-09-17T01:20:00+00:00, run_after=2026-09-17T01:22:00+00:00
[2026-09-17T01:22:42.972+0000] {processor.py:179} INFO - Processing /home/vscode/.local/lib/python3.10/site-packages/airflow/example_dags/example_sla_dag.py took 0.057 seconds
[2026-09-17T01:22:57.062+0000] {processor.py:157} INFO - Started process (PID=37378) to work on /home/vscode/.local/lib/python3.10/site-packages/airflow/example_dags/example_sla_dag.py
[2026-09-17T01:22:57.063+0000] {processor.py:826} INFO - Processing file /home/vscode/.local/lib/python3.10/site-packages/airflow/example_dags/example_sla_dag.py for tasks to queue
[2026-09-17T01:22:57.064+0000] {logging_mixin.py:150} INFO - [2026-09-17T01:22:57.063+0000] {dagbag.py:541} INFO - Filling up the DagBag from /home/vscode/.local/lib/python3.10/site-packages/airflow/example_dags/example_sla_dag.py
[2026-09-17T01:22:57.076+0000] {processor.py:836} INFO - DAG(s) dict_keys(['example_sla_dag']) retrieved from /home/vscode/.local/lib/python3.10/site-packages/airflow/example_dags/example_sla_dag.py
[2026-09-17T01:22:57.093+0000] {logging_mixin.py:150} INFO - [2026-09-17T01:22:57.093+0000] {dag.py:2742} INFO - Sync 1 DAGs
[2026-09-17T01:22:57.117+0000] {logging_mixin.py:150} INFO - [2026-09-17T01:22:57.117+0000] {dag.py:3504} INFO - Setting next_dagrun for example_sla_dag to 2026-09-17T01:20:00+00:00, run_after=2026-09-17T01:22:00+00:00
[2026-09-17T01:22:57.136+0000] {processor.py:179} INFO - Processing /home/vscode/.local/lib/python3.10/site-packages/airflow/example_dags/example_sla_dag.py took 0.078 seconds
[2026-09-17T01:23:26.971+0000] {processor.py:157} INFO - Started process (PID=37686) to work on /home/vscode/.local/lib/python3.10/site-packages/airflow/example_dags/example_sla_dag.py
[2026-09-17T01:23:26.972+0000] {processor.py:826} INFO - Processing file /home/vscode/.local/lib/python3.10/site-packages/airflow/example_dags/example_sla_dag.py for tasks to queue
[2026-09-17T01:23:26.972+0000] {logging_mixin.py:150} INFO - [2026-09-17T01:23:26.972+0000] {dagbag.py:541} INFO - Filling up the DagBag from /home/vscode/.local/lib/python3.10/site-packages/airflow/example_dags/example_sla_dag.py
[2026-09-17T01:23:26.979+0000] {processor.py:836} INFO - DAG(s) dict_keys(['example_sla_dag']) retrieved from /home/vscode/.local/lib/python3.10/site-packages/airflow/example_dags/example_sla_dag.py
[2026-09-17T01:23:26.995+0000] {logging_mixin.py:150} INFO - [2026-09-17T01:23:26.995+0000] {dag.py:2742} INFO - Sync 1 DAGs
[2026-09-17T01:23:27.013+0000] {logging_mixin.py:150} INFO - [2026-09-17T01:23:27.013+0000] {dag.py:3504} INFO - Setting next_dagrun for example_sla_dag to 2026-09-17T01:20:00+00:00, run_after=2026-09-17T01:22:00+00:00
[2026-09-17T01:23:27.032+0000] {processor.py:179} INFO - Processing /home/vscode/.local/lib/python3.10/site-packages/airflow/example_dags/example_sla_dag.py took 0.064 seconds
[2026-09-17T01:23:47.647+0000] {processor.py:157} INFO - Started process (PID=37843) to work on /home/vscode/.local/lib/python3.10/site-packages/airflow/example_dags/example_sla_dag.py
[2026-09-17T01:23:47.647+0000] {processor.py:826} INFO - Processing file /home/vscode/.local/lib/python3.10/site-packages/airflow/example_dags/example_sla_dag.py for tasks to queue
[2026-09-17T01:23:47.648+0000] {logging_mixin.py:150} INFO - [2026-09-17T01:23:47.648+0000] {dagbag.py:541} INFO - Filling up the DagBag from /home/vscode/.local/lib/python3.10/site-packages/airflow/example_dags/example_sla_dag.py
[2026-09-17T01:23:47.655+0000] {processor.py:836} INFO - DAG(s) dict_keys(['example_sla_dag']) retrieved from /home/vscode/.local/lib/python3.10/site-packages/airflow/example_dags/example_sla_dag.py
[2026-09-17T01:23:47.669+0000] {logging_mixin.py:150} INFO - [2026-09-17T01:23:47.669+0000] {dag.py:2742} INFO - Sync 1 DAGs
[2026-09-17T01:23:47.687+0000] {logging_mixin.py:150} INFO - [2026-09-17T01:23:47.687+0000] {dag.py:3504} INFO - Setting next_dagrun for example_sla_dag to 2026-09-17T01:20:00+00:00, run_after=2026-09-17T01:22:00+00:00
[2026-09-17T01:23:47.705+0000] {processor.py:179} INFO - Processing /home/vscode/.local/lib/python3.10/site-packages/airflow/example_dags/example_sla_dag.py took 0.061 seconds
[2026-09-17T01:24:19.431+0000] {processor.py:157} INFO - Started process (PID=38266) to work on /home/vscode/.local/lib/python3.10/site-packages/airflow/example_dags/example_sla_dag.py
[2026-09-17T01:24:19.432+0000] {processor.py:826} INFO - Processing file /home/vscode/.local/lib/python3.10/site-packages/airflow/example_dags/example_sla_dag.py for tasks to queue
[2026-09-17T01:24:19.432+0000] {logging_mixin.py:150} INFO - [2026-09-17T01:24:19.432+0000] {dagbag.py:541} INFO - Filling up the DagBag from /home/vscode/.local/lib/python3.10/site-packages/airflow/example_dags/example_sla_dag.py
[2026-09-17T01:24:19.439+0000] {processor.py:836} INFO - DAG(s) dict_keys(['example_sla_dag']) retrieved from /home/vscode/.local/lib/python3.10/site-packages/airflow/example_dags/example_sla_dag.py
[2026-09-17T01:24:19.452+0000] {logging_mixin.py:150} INFO - [2026-09-17T01:24:19.451+0000] {dag.py:2742} INFO - Sync 1 DAGs
[2026-09-17T01:24:19.474+0000] {logging_mixin.py:150} INFO - [2026-09-17T01:24:19.474+0000] {dag.py:3504} INFO - Setting next_dagrun for example_sla_dag to 2026-09-17T01:22:00+00:00, run_after=2026-09-17T01:24:00+00:00
[2026-09-17T01:24:19.494+0000] {processor.py:179} INFO - Processing /home/vscode/.local/lib/python3.10/site-packages/airflow/example_dags/example_sla_dag.py took 0.066 seconds
[2026-09-17T01:24:36.962+0000] {processor.py:157} INFO - Started process (PID=38545) to work on /home/vscode/.local/lib/python3.10/site-packages/airflow/example_dags/example_sla_dag.py
[2026-09-17T01:24:36.963+0000] {processor.py:826} INFO - Processing file /home/vscode/.local/lib/python3.10/site-packages/airflow/example_dags/example_sla_dag.py for tasks to queue
[2026-09-17T01:24:36.963+0000] {logging_mixin.py:150} INFO - [2026-09-17T01:24:36.963+0000] {dagbag.py:541} INFO - Filling up the DagBag from /home/vscode/.local/lib/python3.10/site-packages/airflow/example_dags/example_sla_dag.py
[2026-09-17T01:24:36.970+0000] {processor.py:836} INFO - DAG(s) dict_keys(['example_sla_dag']) retrieved from /home/vscode/.local/lib/python3.10/site-packages/airflow/example_dags/example_sla_dag.py
[2026-09-17T01:24:36.983+0000] {logging_mixin.py:150} INFO - [2026-09-17T01:24:36.983+0000] {dag.py:2742} INFO - Sync 1 DAGs
[2026-09-17T01:24:37.004+0000] {logging_mixin.py:150} INFO - [2026-09-17T01:24:37.004+0000] {dag.py:3504} INFO - Setting next_dagrun for example_sla_dag to 2026-09-17T01:22:00+00:00, run_after=2026-09-17T01:24:00+00:00
[2026-09-17T01:24:37.020+0000] {processor.py:179} INFO - Processing /home/vscode/.local/lib/python3.10/site-packages/airflow/example_dags/example_sla_dag.py took 0.061 seconds
