[2026-09-17T00:55:45.058+0000] {processor.py:157} INFO - Started process (PID=22130) to work on /home/vscode/.local/lib/python3.10/site-packages/airflow/example_dags/example_latest_only.py
[2026-09-17T00:55:45.059+0000] {processor.py:826} INFO - Processing file /home/vscode/.local/lib/python3.10/site-packages/airflow/example_dags/example_latest_only.py for tasks to queue
[2026-09-17T00:55:45.060+0000] {logging_mixin.py:150} INFO - [2026-09-17T00:55:45.060+0000] {dagbag.py:541} INFO - Filling up the DagBag from /home/vscode/.local/lib/python3.10/site-packages/airflow/example_dags/example_latest_only.py
[2026-09-17T00:55:45.066+0000] {processor.py:836} INFO - DAG(s) dict_keys(['latest_only']) retrieved from /home/vscode/.local/lib/python3.10/site-packages/airflow/example_dags/example_latest_only.py
[2026-09-17T00:55:45.233+0000] {logging_mixin.py:150} INFO - [2026-09-17T00:55:45.233+0000] {manager.py:504} INFO - Created Permission View: can delete on DAG:latest_only
[2026-09-17T00:55:45.247+0000] {logging_mixin.py:150} INFO - [2026-09-17T00:55:45.247+0000] {manager.py:504} INFO - Created Permission View: can edit on DAG:latest_only
[2026-09-17T00:55:45.258+0000] {logging_mixin.py:150} INFO - [2026-09-17T00:55:45.258+0000] {manager.py:504} INFO - Created Permission View: can read on DAG:latest_only
[2026-09-17T00:55:45.275+0000] {logging_mixin.py:150} INFO - [2026-09-17T00:55:45.275+0000] {dag.py:2742} INFO - Sync 1 DAGs
[2026-09-17T00:55:45.289+0000] {logging_mixin.py:150} INFO - [2026-09-17T00:55:45.289+0000] {dag.py:2763} INFO - Creating ORM DAG for latest_only
[2026-09-17T00:55:45.300+0000] {logging_mixin.py:150} INFO - [2026-09-17T00:55:45.300+0000] {dag.py:3504} INFO - Setting next_dagrun for latest_only to 2026-09-16T20:55:45.300471+00:00, run_after=2026-09-17T00:55:45.300471+00:00
[2026-09-17T00:55:45.327+0000] {processor.py:179} INFO - Processing /home/vscode/.local/lib/python3.10/site-packages/airflow/example_dags/example_latest_only.py took 0.273 seconds
[2026-09-17T00:56:11.728+0000] {processor.py:157} INFO - Started process (PID=22386) to work on /home/vscode/.local/lib/python3.10/site-packages/airflow/example_dags/example_latest_only.py
[2026-09-17T00:56:11.729+0000] {processor.py:826} INFO - Processing file /home/vscode/.local/lib/python3.10/site-packages/airflow/example_dags/example_latest_only.py for tasks to queue
[2026-09-17T00:56:11.730+0000] {logging_mixin.py:150} INFO - [2026-09-17T00:56:11.729+0000] {dagbag.py:541} INFO - Filling up the DagBag from /home/vscode/.local/lib/python3.10/site-packages/airflow/example_dags/example_latest_only.py
[2026-09-17T00:56:11.736+0000] {processor.py:836} INFO - DAG(s) dict_keys(['latest_only']) retrieved from /home/vscode/.local/lib/python3.10/site-packages/airflow/example_dags/example_latest_only.py
[2026-09-17T00:56:11.746+0000] {logging_mixin.py:150} INFO - [2026-09-17T00:56:11.746+0000] {dag.py:2742} INFO - Sync 1 DAGs
[2026-09-17T00:56:11.769+0000] {logging_mixin.py:150} INFO - [2026-09-17T00:56:11.769+0000] {dag.py:3504} INFO - Setting next_dagrun for latest_only to 2026-09-16T20:56:11.768992+00:00, run_after=2026-09-17T00:56:11.768992+00:00
[2026-09-17T00:56:11.806+0000] {processor.py:179} INFO - Processing /home/vscode/.local/lib/python3.10/site-packages/airflow/example_dags/example_latest_only.py took 0.082 seconds
[2026-09-17T00:56:37.729+0000] {processor.py:157} INFO - Started process (PID=22676) to work on /home/vscode/.local/lib/python3.10/site-packages/airflow/example_dags/example_latest_only.py
[2026-09-17T00:56:37.730+0000] {processor.py:826} INFO - Processing file /home/vscode/.local/lib/python3.10/site-packages/airflow/example_dags/example_latest_only.py for tasks to queue
[2026-09-17T00:56:37.731+0000] {logging_mixin.py:150} INFO - [2026-09-17T00:56:37.731+0000] {dagbag.py:541} INFO - Filling up the DagBag from /home/vscode/.local/lib/python3.10/site-packages/airflow/example_dags/example_latest_only.py
[2026-09-17T00:56:37.740+0000] {processor.py:836} INFO - DAG(s) dict_keys(['latest_only']) retrieved from /home/vscode/.local/lib/python3.10/site-packages/airflow/example_dags/example_latest_only.py
[2026-09-17T00:56:37.766+0000] {logging_mixin.py:150} INFO - [2026-09-17T00:56:37.766+0000] {dag.py:2742} INFO - Sync 1 DAGs
[2026-09-17T00:56:37.788+0000] {logging_mixin.py:150} INFO - [2026-09-17T00:56:37.787+0000] {dag.py:3504} INFO - Setting next_dagrun for latest_only to 2026-09-16T20:56:37.787552+00:00, run_after=2026-09-17T00:56:37.787552+00:00
[2026-09-17T00:56:37.814+0000] {processor.py:179} INFO - Processing /home/vscode/.local/lib/python3.10/site-packages/airflow/example_dags/example_latest_only.py took 0.093 seconds
[2026-09-17T00:57:01.370+0000] {processor.py:157} INFO - Started process (PID=22859) to work on /home/vscode/.local/lib/python3.10/site-packages/airflow/example_dags/example_latest_only.py
[2026-09-17T00:57:01.371+0000] {processor.py:826} INFO - Processing file /home/vscode/.local/lib/python3.10/site-packages/airflow/example_dags/example_latest_only.py for tasks to queue
[2026-09-17T00:57:01.373+0000] {logging_mixin.py:150} INFO - [2026-09-17T00:57:01.373+0000] {dagbag.py:541} INFO - Filling up the DagBag from /home/vscode/.local/lib/python3.10/site-packages/airflow/example_dags/example_latest_only.py
[2026-09-17T00:57:01.386+0000] {processor.py:836} INFO - DAG(s) dict_keys(['latest_only']) retrieved from /home/vscode/.local/lib/python3.10/site-packages/airflow/example_dags/example_latest_only.py
[2026-09-17T00:57:01.730+0000] {logging_mixin.py:150} INFO - [2026-09-17T00:57:01.730+0000] {dag.py:2742} INFO - Sync 1 DAGs
[2026-09-17T00:57:01.753+0000] {logging_mixin.py:150} INFO - [2026-09-17T00:57:01.752+0000] {dag.py:3504} INFO - Setting next_dagrun for latest_only to 2026-09-16T20:57:01.752399+00:00, run_after=2026-09-17T00:57:01.752399+00:00
[2026-09-17T00:57:01.798+0000] {processor.py:179} INFO - Processing /home/vscode/.local/lib/python3.10/site-packages/airflow/example_dags/example_latest_only.py took 0.439 seconds
[2026-09-17T00:57:26.290+0000] {processor.py:157} INFO - Started process (PID=23045) to work on /home/vscode/.local/lib/python3.10/site-packages/airflow/example_dags/example_latest_only.py
[2026-09-17T00:57:26.291+0000] {processor.py:826} INFO - Processing file /home/vscode/.local/lib/python3.10/site-packages/airflow/example_dags/example_latest_only.py for tasks to queue
[2026-09-17T00:57:26.292+0000] {logging_mixin.py:150} INFO - [2026-09-17T00:57:26.291+0000] {dagbag.py:541} INFO - Filling up the DagBag from /home/vscode/.local/lib/python3.10/site-packages/airflow/example_dags/example_latest_only.py
[2026-09-17T00:57:26.296+0000] {processor.py:836} INFO - DAG(s) dict_keys(['latest_only']) retrieved from /home/vscode/.local/lib/python3.10/site-packages/airflow/example_dags/example_latest_only.py
[2026-09-17T00:57:26.308+0000] {logging_mixin.py:150} INFO - [2026-09-17T00:57:26.308+0000] {dag.py:2742} INFO - Sync 1 DAGs
[2026-09-17T00:57:26.322+0000] {logging_mixin.py:150} INFO - [2026-09-17T00:57:26.322+0000] {dag.py:3504} INFO - Setting next_dagrun for latest_only to 2026-09-16T20:57:26.322325+00:00, run_after=2026-09-17T00:57:26.322325+00:00
[2026-09-17T00:57:26.338+0000] {processor.py:179} INFO - Processing /home/vscode/.local/lib/python3.10/site-packages/airflow/example_dags/example_latest_only.py took 0.051 seconds
[2026-09-17T00:57:58.943+0000] {processor.py:157} INFO - Started process (PID=23294) to work on /home/vscode/.local/lib/python3.10/site-packages/airflow/example_dags/example_latest_only.py
[2026-09-17T00:57:58.943+0000] {processor.py:826} INFO - Processing file /home/vscode/.local/lib/python3.10/site-packages/airflow/example_dags/example_latest_only.py for tasks to queue
[2026-09-17T00:57:58.944+0000] {logging_mixin.py:150} INFO - [2026-09-17T00:57:58.944+0000] {dagbag.py:541} INFO - Filling up the DagBag from /home/vscode/.local/lib/python3.10/site-packages/airflow/example_dags/example_latest_only.py
[2026-09-17T00:57:58.949+0000] {processor.py:836} INFO - DAG(s) dict_keys(['latest_only']) retrieved from /home/vscode/.local/lib/python3.10/site-packages/airflow/example_dags/example_latest_only.py
[2026-09-17T00:57:58.961+0000] {logging_mixin.py:150} INFO - [2026-09-17T00:57:58.961+0000] {dag.py:2742} INFO - Sync 1 DAGs
[2026-09-17T00:57:58.976+0000] {logging_mixin.py:150} INFO - [2026-09-17T00:57:58.975+0000] {dag.py:3504} INFO - Setting next_dagrun for latest_only to 2026-09-16T20:57:58.975786+00:00, run_after=2026-09-17T00:57:58.975786+00:00
[2026-09-17T00:57:58.998+0000] {processor.py:179} INFO - Processing /home/vscode/.local/lib/python3.10/site-packages/airflow/example_dags/example_latest_only.py took 0.057 seconds
[2026-09-17T00:58:16.540+0000] {processor.py:157} INFO - Started process (PID=23443) to work on /home/vscode/.local/lib/python3.10/site-packages/airflow/example_dags/example_latest_only.py
[2026-09-17T00:58:16.541+0000] {processor.py:826} INFO - Processing file /home/vscode/.local/lib/python3.10/site-packages/airflow/example_dags/example_latest_only.py for tasks to queue
[2026-09-17T00:58:16.541+0000] {logging_mixin.py:150} INFO - [2026-09-17T00:58:16.541+0000] {dagbag.py:541} INFO - Filling up the DagBag from /home/vscode/.local/lib/python3.10/site-packages/airflow/example_dags/example_latest_only.py
[2026-09-17T00:58:16.547+0000] {processor.py:836} INFO - DAG(s) dict_keys(['latest_only']) retrieved from /home/vscode/.local/lib/python3.10/site-packages/airflow/example_dags/example_latest_only.py
[2026-09-17T00:58:16.572+0000] {logging_mixin.py:150} INFO - [2026-09-17T00:58:16.572+0000] {dag.py:2742} INFO - Sync 1 DAGs
[2026-09-17T00:58:16.603+0000] {logging_mixin.py:150} INFO - [2026-09-17T00:58:16.603+0000] {dag.py:3504} INFO - Setting next_dagrun for latest_only to 2026-09-16T20:58:16.602975+00:00, run_after=2026-09-17T00:58:16.602975+00:00
[2026-09-17T00:58:16.620+0000] {processor.py:179} INFO - Processing /home/vscode/.local/lib/python3.10/site-packages/airflow/example_dags/example_latest_only.py took 0.082 seconds
[2026-09-17T00:58:49.497+0000] {processor.py:157} INFO - Started process (PID=23846) to work on /home/vscode/.local/lib/python3.10/site-packages/airflow/example_dags/example_latest_only.py
[2026-09-17T00:58:49.498+0000] {processor.py:826} INFO - Processing file /home/vscode/.local/lib/python3.10/site-packages/airflow/example_dags/example_latest_only.py for tasks to queue
[2026-09-17T00:58:49.499+0000] {logging_mixin.py:150} INFO - [2026-09-17T00:58:49.498+0000] {dagbag.py:541} INFO - Filling up the DagBag from /home/vscode/.local/lib/python3.10/site-packages/airflow/example_dags/example_latest_only.py
[2026-09-17T00:58:49.507+0000] {processor.py:836} INFO - DAG(s) dict_keys(['latest_only']) retrieved from /home/vscode/.local/lib/python3.10/site-packages/airflow/example_dags/example_latest_only.py
[2026-09-17T00:58:49.526+0000] {logging_mixin.py:150} INFO - [2026-09-17T00:58:49.526+0000] {dag.py:2742} INFO - Sync 1 DAGs
[2026-09-17T00:58:49.548+0000] {logging_mixin.py:150} INFO - [2026-09-17T00:58:49.548+0000] {dag.py:3504} INFO - Setting next_dagrun for latest_only to 2026-09-16T20:58:49.547878+00:00, run_after=2026-09-17T00:58:49.547878+00:00
[2026-09-17T00:58:49.595+0000] {processor.py:179} INFO - Processing /home/vscode/.local/lib/python3.10/site-packages/airflow/example_dags/example_latest_only.py took 0.105 seconds
[2026-09-17T00:59:05.123+0000] {processor.py:157} INFO - Started process (PID=24072) to work on /home/vscode/.local/lib/python3.10/site-packages/airflow/example_dags/example_latest_only.py
[2026-09-17T00:59:05.125+0000] {processor.py:826} INFO - Processing file /home/vscode/.local/lib/python3.10/site-packages/airflow/example_dags/example_latest_only.py for tasks to queue
[2026-09-17T00:59:05.126+0000] {logging_mixin.py:150} INFO - [2026-09-17T00:59:05.125+0000] {dagbag.py:541} INFO - Filling up the DagBag from /home/vscode/.local/lib/python3.10/site-packages/airflow/example_dags/example_latest_only.py
[2026-09-17T00:59:05.133+0000] {processor.py:836} INFO - DAG(s) dict_keys(['latest_only']) retrieved from /home/vscode/.local/lib/python3.10/site-packages/airflow/example_dags/example_latest_only.py
[2026-09-17T00:59:05.151+0000] {logging_mixin.py:150} INFO - [2026-09-17T00:59:05.151+0000] {dag.py:2742} INFO - Sync 1 DAGs
[2026-09-17T00:59:05.174+0000] {logging_mixin.py:150} INFO - [2026-09-17T00:59:05.174+0000] {dag.py:3504} INFO - Setting next_dagrun for latest_only to 2026-09-16T20:59:05.173875+00:00, run_after=2026-09-17T00:59:05.173875+00:00
[2026-09-17T00:59:05.201+0000] {processor.py:179} INFO - Processing /home/vscode/.local/lib/python3.10/site-packages/airflow/example_dags/example_latest_only.py took 0.082 seconds
[2026-09-17T00:59:44.653+0000] {processor.py:157} INFO - Started process (PID=24552) to work on /home/vscode/.local/lib/python3.10/site-packages/airflow/example_dags/example_latest_only.py
[2026-09-17T00:59:44.655+0000] {processor.py:826} INFO - Processing file /home/vscode/.local/lib/python3.10/site-packages/airflow/example_dags/example_latest_only.py for tasks to queue
[2026-09-17T00:59:44.656+0000] {logging_mixin.py:150} INFO - [2026-09-17T00:59:44.655+0000] {dagbag.py:541} INFO - Filling up the DagBag from /home/vscode/.local/lib/python3.10/site-packages/airflow/example_dags/example_latest_only.py
[2026-09-17T00:59:44.671+0000] {processor.py:836} INFO - DAG(s) dict_keys(['latest_only']) retrieved from /home/vscode/.local/lib/python3.10/site-packages/airflow/example_dags/example_latest_only.py
[2026-09-17T00:59:44.699+0000] {logging_mixin.py:150} INFO - [2026-09-17T00:59:44.699+0000] {dag.py:2742} INFO - Sync 1 DAGs
[2026-09-17T00:59:44.717+0000] {logging_mixin.py:150} INFO - [2026-09-17T00:59:44.717+0000] {dag.py:3504} INFO - Setting next_dagrun for latest_only to 2026-09-16T20:59:44.717460+00:00, run_after=2026-09-17T00:59:44.717460+00:00
[2026-09-17T00:59:44.734+0000] {processor.py:179} INFO - Processing /home/vscode/.local/lib/python3.10/site-packages/airflow/example_dags/example_latest_only.py took 0.086 seconds
[2026-09-17T00:59:56.825+0000] {processor.py:157} INFO - Started process (PID=24732) to work on /home/vscode/.local/lib/python3.10/site-packages/airflow/example_dags/example_latest_only.py
[2026-09-17T00:59:56.826+0000] {processor.py:826} INFO - Processing file /home/vscode/.local/lib/python3.10/site-packages/airflow/example_dags/example_latest_only.py for tasks to queue
[2026-09-17T00:59:56.826+0000] {logging_mixin.py:150} INFO - [2026-09-17T00:59:56.826+0000] {dagbag.py:541} INFO - Filling up the DagBag from /home/vscode/.local/lib/python3.10/site-packages/airflow/example_dags/example_latest_only.py
[2026-09-17T00:59:56.831+0000] {processor.py:836} INFO - DAG(s) dict_keys(['latest_only']) retrieved from /home/vscode/.local/lib/python3.10/site-packages/airflow/example_dags/example_latest_only.py
[2026-09-17T00:59:56.843+0000] {logging_mixin.py:150} INFO - [2026-09-17T00:59:56.843+0000] {dag.py:2742} INFO - Sync 1 DAGs
[2026-09-17T00:59:56.858+0000] {logging_mixin.py:150} INFO - [2026-09-17T00:59:56.858+0000] {dag.py:3504} INFO - Setting next_dagrun for latest_only to 2026-09-16T20:59:56.857918+00:00, run_after=2026-09-17T00:59:56.857918+00:00
[2026-09-17T00:59:56.874+0000] {processor.py:179} INFO - Processing /home/vscode/.local/lib/python3.10/site-packages/airflow/example_dags/example_latest_only.py took 0.051 seconds
[2026-09-17T01:00:36.343+0000] {processor.py:157} INFO - Started process (PID=25278) to work on /home/vscode/.local/lib/python3.10/site-packages/airflow/example_dags/example_latest_only.py
[2026-09-17T01:00:36.344+0000] {processor.py:826} INFO - Processing file /home/vscode/.local/lib/python3.10/site-packages/airflow/example_dags/example_latest_only.py for tasks to queue
[2026-09-17T01:00:36.344+0000] {logging_mixin.py:150} INFO - [2026-09-17T01:00:36.344+0000] {dagbag.py:541} INFO - Filling up the DagBag from /home/vscode/.local/lib/python3.10/site-packages/airflow/example_dags/example_latest_only.py
[2026-09-17T01:00:36.349+0000] {processor.py:836} INFO - DAG(s) dict_keys(['latest_only']) retrieved from /home/vscode/.local/lib/python3.10/site-packages/airflow/example_dags/example_latest_only.py
[2026-09-17T01:00:36.361+0000] {logging_mixin.py:150} INFO - [2026-09-17T01:00:36.361+0000] {dag.py:2742} INFO - Sync 1 DAGs
[2026-09-17T01:00:36.375+0000] {logging_mixin.py:150} INFO - [2026-09-17T01:00:36.375+0000] {dag.py:3504} INFO - Setting next_dagrun for latest_only to 2026-09-16T21:00:36.375732+00:00, run_after=2026-09-17T01:00:36.375732+00:00
[2026-09-17T01:00:36.394+0000] {processor.py:179} INFO - Processing /home/vscode/.local/lib/python3.10/site-packages/airflow/example_dags/example_latest_only.py took 0.053 seconds
[2026-09-17T01:00:51.028+0000] {processor.py:157} INFO - Started process (PID=25432) to work on /home/vscode/.local/lib/python3.10/site-packages/airflow/example_dags/example_latest_only.py
[2026-09-17T01:00:51.029+0000] {processor.py:826} INFO - Processing file /home/vscode/.local/lib/python3.10/site-packages/airflow/example_dags/example_latest_only.py for tasks to queue
[2026-09-17T01:00:51.030+0000] {logging_mixin.py:150} INFO - [2026-09-17T01:00:51.029+0000] {dagbag.py:541} INFO - Filling up the DagBag from /home/vscode/.local/lib/python3.10/site-packages/airflow/example_dags/example_latest_only.py
[2026-09-17T01:00:51.034+0000] {processor.py:836} INFO - DAG(s) dict_keys(['latest_only']) retrieved from /home/vscode/.local/lib/python3.10/site-packages/airflow/example_dags/example_latest_only.py
[2026-09-17T01:00:51.048+0000] {logging_mixin.py:150} INFO - [2026-09-17T01:00:51.048+0000] {dag.py:2742} INFO - Sync 1 DAGs
[2026-09-17T01:00:51.073+0000] {logging_mixin.py:150} INFO - [2026-09-17T01:00:51.073+0000] {dag.py:3504} INFO - Setting next_dagrun for latest_only to 2026-09-16T21:00:51.073419+00:00, run_after=2026-09-17T01:00:51.073419+00:00
[2026-09-17T01:00:51.111+0000] {processor.py:179} INFO - Processing /home/vscode/.local/lib/python3.10/site-packages/airflow/example_dags/example_latest_only.py took 0.085 seconds
[2026-09-17T01:01:26.130+0000] {processor.py:157} INFO - Started process (PID=25731) to work on /home/vscode/.local/lib/python3.10/site-packages/airflow/example_dags/example_latest_only.py
[2026-09-17T01:01:26.131+0000] {processor.py:826} INFO - Processing file /home/vscode/.local/lib/python3.10/site-packages/airflow/example_dags/example_latest_only.py for tasks to queue
[2026-09-17T01:01:26.132+0000] {logging_mixin.py:150} INFO - [2026-09-17T01:01:26.132+0000] {dagbag.py:541} INFO - Filling up the DagBag from /home/vscode/.local/lib/python3.10/site-packages/airflow/example_dags/example_latest_only.py
[2026-09-17T01:01:26.138+0000] {processor.py:836} INFO - DAG(s) dict_keys(['latest_only']) retrieved from /home/vscode/.local/lib/python3.10/site-packages/airflow/example_dags/example_latest_only.py
[2026-09-17T01:01:26.151+0000] {logging_mixin.py:150} INFO - [2026-09-17T01:01:26.151+0000] {dag.py:2742} INFO - Sync 1 DAGs
[2026-09-17T01:01:26.166+0000] {logging_mixin.py:150} INFO - [2026-09-17T01:01:26.166+0000] {dag.py:3504} INFO - Setting next_dagrun for latest_only to 2026-09-16T21:01:26.166010+00:00, run_after=2026-09-17T01:01:26.166010+00:00
[2026-09-17T01:01:26.183+0000] {processor.py:179} INFO - Processing /home/vscode/.local/lib/python3.10/site-packages/airflow/example_dags/example_latest_only.py took 0.056 seconds
[2026-09-17T01:01:42.617+0000] {processor.py:157} INFO - Started process (PID=25859) to work on /home/vscode/.local/lib/python3.10/site-packages/airflow/example_dags/example_latest_only.py
[2026-09-17T01:01:42.618+0000] {processor.py:826} INFO - Processing file /home/vscode/.local/lib/python3.10/site-packages/airflow/example_dags/example_latest_only.py for tasks to queue
[2026-09-17T01:01:42.619+0000] {logging_mixin.py:150} INFO - [2026-09-17T01:01:42.619+0000] {dagbag.py:541} INFO - Filling up the DagBag from /home/vscode/.local/lib/python3.10/site-packages/airflow/example_dags/example_latest_only.py
[2026-09-17T01:01:42.626+0000] {processor.py:836} INFO - DAG(s) dict_keys(['latest_only']) retrieved from /home/vscode/.local/lib/python3.10/site-packages/airflow/example_dags/example_latest_only.py
[2026-09-17T01:01:42.644+0000] {logging_mixin.py:150} INFO - [2026-09-17T01:01:42.644+0000] {dag.py:2742} INFO - Sync 1 DAGs
[2026-09-17T01:01:42.667+0000] {logging_mixin.py:150} INFO - [2026-09-17T01:01:42.667+0000] {dag.py:3504} INFO - Setting next_dagrun for latest_only to 2026-09-16T21:01:42.667514+00:00, run_after=2026-09-17T01:01:42.667514+00:00
[2026-09-17T01:01:42.693+0000] {processor.py:179} INFO - Processing /home/vscode/.local/lib/python3.10/site-packages/airflow/example_dags/example_latest_only.py took 0.079 seconds
[2026-09-17T01:02:11.500+0000] {processor.py:157} INFO - Started process (PID=26100) to work on /home/vscode/.local/lib/python3.10/site-packages/airflow/example_dags/example_latest_only.py
[2026-09-17T01:02:11.505+0000] {processor.py:826} INFO - Processing file /home/vscode/.local/lib/python3.10/site-packages/airflow/example_dags/example_latest_only.py for tasks to queue
[2026-09-17T01:02:11.506+0000] {logging_mixin.py:150} INFO - [2026-09-17T01:02:11.506+0000] {dagbag.py:541} INFO - Filling up the DagBag from /home/vscode/.local/lib/python3.10/site-packages/airflow/example_dags/example_latest_only.py
[2026-09-17T01:02:11.516+0000] {processor.py:836} INFO - DAG(s) dict_keys(['latest_only']) retrieved from /home/vscode/.local/lib/python3.10/site-packages/airflow/example_dags/example_latest_only.py
[2026-09-17T01:02:11.532+0000] {logging_mixin.py:150} INFO - [2026-09-17T01:02:11.532+0000] {dag.py:2742} INFO - Sync 1 DAGs
[2026-09-17T01:02:11.547+0000] {logging_mixin.py:150} INFO - [2026-09-17T01:02:11.547+0000] {dag.py:3504} INFO - Setting next_dagrun for latest_only to 2026-09-16T21:02:11.547283+00:00, run_after=2026-09-17T01:02:11.547283+00:00
[2026-09-17T01:02:11.564+0000] {processor.py:179} INFO - Processing /home/vscode/.local/lib/python3.10/site-packages/airflow/example_dags/example_latest_only.py took 0.073 seconds
[2026-09-17T01:02:34.747+0000] {processor.py:157} INFO - Started process (PID=26304) to work on /home/vscode/.local/lib/python3.10/site-packages/airflow/example_dags/example_latest_only.py
[2026-09-17T01:02:34.748+0000] {processor.py:826} INFO - Processing file /home/vscode/.local/lib/python3.10/site-packages/airflow/example_dags/example_latest_only.py for tasks to queue
[2026-09-17T01:02:34.748+0000] {logging_mixin.py:150} INFO - [2026-09-17T01:02:34.748+0000] {dagbag.py:541} INFO - Filling up the DagBag from /home/vscode/.local/lib/python3.10/site-packages/airflow/example_dags/example_latest_only.py
[2026-09-17T01:02:34.753+0000] {processor.py:836} INFO - DAG(s) dict_keys(['latest_only']) retrieved from /home/vscode/.local/lib/python3.10/site-packages/airflow/example_dags/example_latest_only.py
[2026-09-17T01:02:34.764+0000] {logging_mixin.py:150} INFO - [2026-09-17T01:02:34.764+0000] {dag.py:2742} INFO - Sync 1 DAGs
[2026-09-17T01:02:34.779+0000] {logging_mixin.py:150} INFO - [2026-09-17T01:02:34.779+0000] {dag.py:3504} INFO - Setting next_dagrun for latest_only to 2026-09-16T21:02:34.779007+00:00, run_after=2026-09-17T01:02:34.779007+00:00
[2026-09-17T01:02:34.803+0000] {processor.py:179} INFO - Processing /home/vscode/.local/lib/python3.10/site-packages/airflow/example_dags/example_latest_only.py took 0.058 seconds
[2026-09-17T01:02:56.604+0000] {processor.py:157} INFO - Started process (PID=26487) to work on /home/vscode/.local/lib/python3.10/site-packages/airflow/example_dags/example_latest_only.py
[2026-09-17T01:02:56.605+0000] {processor.py:826} INFO - Processing file /home/vscode/.local/lib/python3.10/site-packages/airflow/example_dags/example_latest_only.py for tasks to queue
[2026-09-17T01:02:56.606+0000] {logging_mixin.py:150} INFO - [2026-09-17T01:02:56.605+0000] {dagbag.py:541} INFO - Filling up the DagBag from /home/vscode/.local/lib/python3.10/site-packages/airflow/example_dags/example_latest_only.py
[2026-09-17T01:02:56.614+0000] {processor.py:836} INFO - DAG(s) dict_keys(['latest_only']) retrieved from /home/vscode/.local/lib/python3.10/site-packages/airflow/example_dags/example_latest_only.py
[2026-09-17T01:02:56.630+0000] {logging_mixin.py:150} INFO - [2026-09-17T01:02:56.630+0000] {dag.py:2742} INFO - Sync 1 DAGs
[2026-09-17T01:02:56.650+0000] {logging_mixin.py:150} INFO - [2026-09-17T01:02:56.650+0000] {dag.py:3504} INFO - Setting next_dagrun for latest_only to 2026-09-16T21:02:56.650477+00:00, run_after=2026-09-17T01:02:56.650477+00:00
[2026-09-17T01:02:56.672+0000] {processor.py:179} INFO - Processing /home/vscode/.local/lib/python3.10/site-packages/airflow/example_dags/example_latest_only.py took 0.072 seconds
[2026-09-17T01:03:28.608+0000] {processor.py:157} INFO - Started process (PID=26758) to work on /home/vscode/.local/lib/python3.10/site-packages/airflow/example_dags/example_latest_only.py
[2026-09-17T01:03:28.609+0000] {processor.py:826} INFO - Processing file /home/vscode/.local/lib/python3.10/site-packages/airflow/example_dags/example_latest_only.py for tasks to queue
[2026-09-17T01:03:28.609+0000] {logging_mixin.py:150} INFO - [2026-09-17T01:03:28.609+0000] {dagbag.py:541} INFO - Filling up the DagBag from /home/vscode/.local/lib/python3.10/site-packages/airflow/example_dags/example_latest_only.py
[2026-09-17T01:03:28.614+0000] {processor.py:836} INFO - DAG(s) dict_keys(['latest_only']) retrieved from /home/vscode/.local/lib/python3.10/site-packages/airflow/example_dags/example_latest_only.py
[2026-09-17T01:03:28.627+0000] {logging_mixin.py:150} INFO - [2026-09-17T01:03:28.627+0000] {dag.py:2742} INFO - Sync 1 DAGs
[2026-09-17T01:03:28.642+0000] {logging_mixin.py:150} INFO - [2026-09-17T01:03:28.642+0000] {dag.py:3504} INFO - Setting next_dagrun for latest_only to 2026-09-16T21:03:28.642021+00:00, run_after=2026-09-17T01:03:28.642021+00:00
[2026-09-17T01:03:28.658+0000] {processor.py:179} INFO - Processing /home/vscode/.local/lib/python3.10/site-packages/airflow/example_dags/example_latest_only.py took 0.053 seconds
[2026-09-17T01:03:45.004+0000] {processor.py:157} INFO - Started process (PID=26896) to work on /home/vscode/.local/lib/python3.10/site-packages/airflow/example_dags/example_latest_only.py
[2026-09-17T01:03:45.005+0000] {processor.py:826} INFO - Processing file /home/vscode/.local/lib/python3.10/site-packages/airflow/example_dags/example_latest_only.py for tasks to queue
[2026-09-17T01:03:45.006+0000] {logging_mixin.py:150} INFO - [2026-09-17T01:03:45.006+0000] {dagbag.py:541} INFO - Filling up the DagBag from /home/vscode/.local/lib/python3.10/site-packages/airflow/example_dags/example_latest_only.py
[2026-09-17T01:03:45.011+0000] {processor.py:836} INFO - DAG(s) dict_keys(['latest_only']) retrieved from /home/vscode/.local/lib/python3.10/site-packages/airflow/example_dags/example_latest_only.py
[2026-09-17T01:03:45.024+0000] {logging_mixin.py:150} INFO - [2026-09-17T01:03:45.024+0000] {dag.py:2742} INFO - Sync 1 DAGs
[2026-09-17T01:03:45.040+0000] {logging_mixin.py:150} INFO - [2026-09-17T01:03:45.040+0000] {dag.py:3504} INFO - Setting next_dagrun for latest_only to 2026-09-16T21:03:45.039873+00:00, run_after=2026-09-17T01:03:45.039873+00:00
[2026-09-17T01:03:45.058+0000] {processor.py:179} INFO - Processing /home/vscode/.local/lib/python3.10/site-packages/airflow/example_dags/example_latest_only.py took 0.056 seconds
[2026-09-17T01:04:18.096+0000] {processor.py:157} INFO - Started process (PID=27177) to work on /home/vscode/.local/lib/python3.10/site-packages/airflow/example_dags/example_latest_only.py
[2026-09-17T01:04:18.098+0000] {processor.py:826} INFO - Processing file /home/vscode/.local/lib/python3.10/site-packages/airflow/example_dags/example_latest_only.py for tasks to queue
[2026-09-17T01:04:18.099+0000] {logging_mixin.py:150} INFO - [2026-09-17T01:04:18.099+0000] {dagbag.py:541} INFO - Filling up the DagBag from /home/vscode/.local/lib/python3.10/site-packages/airflow/example_dags/example_latest_only.py
[2026-09-17T01:04:18.110+0000] {processor.py:836} INFO - DAG(s) dict_keys(['latest_only']) retrieved from /home/vscode/.local/lib/python3.10/site-packages/airflow/example_dags/example_latest_only.py
[2026-09-17T01:04:18.129+0000] {logging_mixin.py:150} INFO - [2026-09-17T01:04:18.127+0000] {dag.py:2742} INFO - Sync 1 DAGs
[2026-09-17T01:04:18.148+0000] {logging_mixin.py:150} INFO - [2026-09-17T01:04:18.148+0000] {dag.py:3504} INFO - Setting next_dagrun for latest_only to 2026-09-16T21:04:18.148501+00:00, run_after=2026-09-17T01:04:18.148501+00:00
[2026-09-17T01:04:18.186+0000] {processor.py:179} INFO - Processing /home/vscode/.local/lib/python3.10/site-packages/airflow/example_dags/example_latest_only.py took 0.097 seconds
[2026-09-17T01:04:38.668+0000] {processor.py:157} INFO - Started process (PID=27345) to work on /home/vscode/.local/lib/python3.10/site-packages/airflow/example_dags/example_latest_only.py
[2026-09-17T01:04:38.669+0000] {processor.py:826} INFO - Processing file /home/vscode/.local/lib/python3.10/site-packages/airflow/example_dags/example_latest_only.py for tasks to queue
[2026-09-17T01:04:38.669+0000] {logging_mixin.py:150} INFO - [2026-09-17T01:04:38.669+0000] {dagbag.py:541} INFO - Filling up the DagBag from /home/vscode/.local/lib/python3.10/site-packages/airflow/example_dags/example_latest_only.py
[2026-09-17T01:04:38.674+0000] {processor.py:836} INFO - DAG(s) dict_keys(['latest_only']) retrieved from /home/vscode/.local/lib/python3.10/site-packages/airflow/example_dags/example_latest_only.py
[2026-09-17T01:04:38.688+0000] {logging_mixin.py:150} INFO - [2026-09-17T01:04:38.688+0000] {dag.py:2742} INFO - Sync 1 DAGs
[2026-09-17T01:04:38.708+0000] {logging_mixin.py:150} INFO - [2026-09-17T01:04:38.708+0000] {dag.py:3504} INFO - Setting next_dagrun for latest_only to 2026-09-16T21:04:38.708146+00:00, run_after=2026-09-17T01:04:38.708146+00:00
[2026-09-17T01:04:38.729+0000] {processor.py:179} INFO - Processing /home/vscode/.local/lib/python3.10/site-packages/airflow/example_dags/example_latest_only.py took 0.064 seconds
[2026-09-17T01:05:07.445+0000] {processor.py:157} INFO - Started process (PID=27588) to work on /home/vscode/.local/lib/python3.10/site-packages/airflow/example_dags/example_latest_only.py
[2026-09-17T01:05:07.446+0000] {processor.py:826} INFO - Processing file /home/vscode/.local/lib/python3.10/site-packages/airflow/example_dags/example_latest_only.py for tasks to queue
[2026-09-17T01:05:07.446+0000] {logging_mixin.py:150} INFO - [2026-09-17T01:05:07.446+0000] {dagbag.py:541} INFO - Filling up the DagBag from /home/vscode/.local/lib/python3.10/site-packages/airflow/example_dags/example_latest_only.py
[2026-09-17T01:05:07.451+0000] {processor.py:836} INFO - DAG(s) dict_keys(['latest_only']) retrieved from /home/vscode/.local/lib/python3.10/site-packages/airflow/example_dags/example_latest_only.py
[2026-09-17T01:05:07.464+0000] {logging_mixin.py:150} INFO - [2026-09-17T01:05:07.464+0000] {dag.py:2742} INFO - Sync 1 DAGs
[2026-09-17T01:05:07.479+0000] {logging_mixin.py:150} INFO - [2026-09-17T01:05:07.479+0000] {dag.py:3504} INFO - Setting next_dagrun for latest_only to 2026-09-16T21:05:07.478911+00:00, run_after=2026-09-17T01:05:07.478911+00:00
[2026-09-17T01:05:07.502+0000] {processor.py:179} INFO - Processing /home/vscode/.local/lib/python3.10/site-packages/airflow/example_dags/example_latest_only.py took 0.060 seconds
[2026-09-17T01:05:27.282+0000] {processor.py:157} INFO - Started process (PID=27762) to work on /home/vscode/.local/lib/python3.10/site-packages/airflow/example_dags/example_latest_only.py
[2026-09-17T01:05:27.285+0000] {processor.py:826} INFO - Processing file /home/vscode/.local/lib/python3.10/site-packages/airflow/example_dags/example_latest_only.py for tasks to queue
[2026-09-17T01:05:27.285+0000] {logging_mixin.py:150} INFO - [2026-09-17T01:05:27.285+0000] {dagbag.py:541} INFO - Filling up the DagBag from /home/vscode/.local/lib/python3.10/site-packages/airflow/example_dags/example_latest_only.py
[2026-09-17T01:05:27.291+0000] {processor.py:836} INFO - DAG(s) dict_keys(['latest_only']) retrieved from /home/vscode/.local/lib/python3.10/site-packages/airflow/example_dags/example_latest_only.py
[2026-09-17T01:05:27.306+0000] {logging_mixin.py:150} INFO - [2026-09-17T01:05:27.306+0000] {dag.py:2742} INFO - Sync 1 DAGs
[2026-09-17T01:05:27.321+0000] {logging_mixin.py:150} INFO - [2026-09-17T01:05:27.321+0000] {dag.py:3504} INFO - Setting next_dagrun for latest_only to 2026-09-16T21:05:27.320934+00:00, run_after=2026-09-17T01:05:27.320934+00:00
[2026-09-17T01:05:27.337+0000] {processor.py:179} INFO - Processing /home/vscode/.local/lib/python3.10/site-packages/airflow/example_dags/example_latest_only.py took 0.059 seconds
[2026-09-17T01:05:54.949+0000] {processor.py:157} INFO - Started process (PID=28036) to work on /home/vscode/.local/lib/python3.10/site-packages/airflow/example_dags/example_latest_only.py
[2026-09-17T01:05:54.949+0000] {processor.py:826} INFO - Processing file /home/vscode/.local/lib/python3.10/site-packages/airflow/example_dags/example_latest_only.py for tasks to queue
[2026-09-17T01:05:54.950+0000] {logging_mixin.py:150} INFO - [2026-09-17T01:05:54.950+0000] {dagbag.py:541} INFO - Filling up the DagBag from /home/vscode/.local/lib/python3.10/site-packages/airflow/example_dags/example_latest_only.py
[2026-09-17T01:05:54.955+0000] {processor.py:836} INFO - DAG(s) dict_keys(['latest_only']) retrieved from /home/vscode/.local/lib/python3.10/site-packages/airflow/example_dags/example_latest_only.py
[2026-09-17T01:05:54.969+0000] {logging_mixin.py:150} INFO - [2026-09-17T01:05:54.969+0000] {dag.py:2742} INFO - Sync 1 DAGs
[2026-09-17T01:05:54.992+0000] {logging_mixin.py:150} INFO - [2026-09-17T01:05:54.992+0000] {dag.py:3504} INFO - Setting next_dagrun for latest_only to 2026-09-16T21:05:54.992349+00:00, run_after=2026-09-17T01:05:54.992349+00:00
[2026-09-17T01:05:55.019+0000] {processor.py:179} INFO - Processing /home/vscode/.local/lib/python3.10/site-packages/airflow/example_dags/example_latest_only.py took 0.073 seconds
[2026-09-17T01:06:16.457+0000] {processor.py:157} INFO - Started process (PID=28213) to work on /home/vscode/.local/lib/python3.10/site-packages/airflow/example_dags/example_latest_only.py
[2026-09-17T01:06:16.457+0000] {processor.py:826} INFO - Processing file /home/vscode/.local/lib/python3.10/site-packages/airflow/example_dags/example_latest_only.py for tasks to queue
[2026-09-17T01:06:16.458+0000] {logging_mixin.py:150} INFO - [2026-09-17T01:06:16.458+0000] {dagbag.py:541} INFO - Filling up the DagBag from /home/vscode/.local/lib/python3.10/site-packages/airflow/example_dags/example_latest_only.py
[2026-09-17T01:06:16.463+0000] {processor.py:836} INFO - DAG(s) dict_keys(['latest_only']) retrieved from /home/vscode/.local/lib/python3.10/site-packages/airflow/example_dags/example_latest_only.py
[2026-09-17T01:06:16.475+0000] {logging_mixin.py:150} INFO - [2026-09-17T01:06:16.475+0000] {dag.py:2742} INFO - Sync 1 DAGs
[2026-09-17T01:06:16.492+0000] {logging_mixin.py:150} INFO - [2026-09-17T01:06:16.492+0000] {dag.py:3504} INFO - Setting next_dagrun for latest_only to 2026-09-16T21:06:16.492164+00:00, run_after=2026-09-17T01:06:16.492164+00:00
[2026-09-17T01:06:16.514+0000] {processor.py:179} INFO - Processing /home/vscode/.local/lib/python3.10/site-packages/airflow/example_dags/example_latest_only.py took 0.060 seconds
[2026-09-17T01:06:45.546+0000] {processor.py:157} INFO - Started process (PID=28458) to work on /home/vscode/.local/lib/python3.10/site-packages/airflow/example_dags/example_latest_only.py
[2026-09-17T01:06:45.547+0000] {processor.py:826} INFO - Processing file /home/vscode/.local/lib/python3.10/site-packages/airflow/example_dags/example_latest_only.py for tasks to queue
[2026-09-17T01:06:45.548+0000] {logging_mixin.py:150} INFO - [2026-09-17T01:06:45.547+0000] {dagbag.py:541} INFO - Filling up the DagBag from /home/vscode/.local/lib/python3.10/site-packages/airflow/example_dags/example_latest_only.py
[2026-09-17T01:06:45.560+0000] {processor.py:836} INFO - DAG(s) dict_keys(['latest_only']) retrieved from /home/vscode/.local/lib/python3.10/site-packages/airflow/example_dags/example_latest_only.py
[2026-09-17T01:06:45.576+0000] {logging_mixin.py:150} INFO - [2026-09-17T01:06:45.576+0000] {dag.py:2742} INFO - Sync 1 DAGs
[2026-09-17T01:06:45.595+0000] {logging_mixin.py:150} INFO - [2026-09-17T01:06:45.595+0000] {dag.py:3504} INFO - Setting next_dagrun for latest_only to 2026-09-16T21:06:45.595408+00:00, run_after=2026-09-17T01:06:45.595408+00:00
[2026-09-17T01:06:45.615+0000] {processor.py:179} INFO - Processing /home/vscode/.local/lib/python3.10/site-packages/airflow/example_dags/example_latest_only.py took 0.072 seconds
[2026-09-17T01:07:07.080+0000] {processor.py:157} INFO - Started process (PID=28646) to work on /home/vscode/.local/lib/python3.10/site-packages/airflow/example_dags/example_latest_only.py
[2026-09-17T01:07:07.081+0000] {processor.py:826} INFO - Processing file /home/vscode/.local/lib/python3.10/site-packages/airflow/example_dags/example_latest_only.py for tasks to queue
[2026-09-17T01:07:07.082+0000] {logging_mixin.py:150} INFO - [2026-09-17T01:07:07.082+0000] {dagbag.py:541} INFO - Filling up the DagBag from /home/vscode/.local/lib/python3.10/site-packages/airflow/example_dags/example_latest_only.py
[2026-09-17T01:07:07.090+0000] {processor.py:836} INFO - DAG(s) dict_keys(['latest_only']) retrieved from /home/vscode/.local/lib/python3.10/site-packages/airflow/example_dags/example_latest_only.py
[2026-09-17T01:07:07.105+0000] {logging_mixin.py:150} INFO - [2026-09-17T01:07:07.105+0000] {dag.py:2742} INFO - Sync 1 DAGs
[2026-09-17T01:07:07.121+0000] {logging_mixin.py:150} INFO - [2026-09-17T01:07:07.121+0000] {dag.py:3504} INFO - Setting next_dagrun for latest_only to 2026-09-16T21:07:07.121452+00:00, run_after=2026-09-17T01:07:07.121452+00:00
[2026-09-17T01:07:07.141+0000] {processor.py:179} INFO - Processing /home/vscode/.local/lib/python3.10/site-packages/airflow/example_dags/example_latest_only.py took 0.065 seconds
[2026-09-17T01:07:33.148+0000] {processor.py:157} INFO - Started process (PID=28859) to work on /home/vscode/.local/lib/python3.10/site-packages/airflow/example_dags/example_latest_only.py
[2026-09-17T01:07:33.149+0000] {processor.py:826} INFO - Processing file /home/vscode/.local/lib/python3.10/site-packages/airflow/example_dags/example_latest_only.py for tasks to queue
[2026-09-17T01:07:33.149+0000] {logging_mixin.py:150} INFO - [2026-09-17T01:07:33.149+0000] {dagbag.py:541} INFO - Filling up the DagBag from /home/vscode/.local/lib/python3.10/site-packages/airflow/example_dags/example_latest_only.py
[2026-09-17T01:07:33.154+0000] {processor.py:836} INFO - DAG(s) dict_keys(['latest_only']) retrieved from /home/vscode/.local/lib/python3.10/site-packages/airflow/example_dags/example_latest_only.py
[2026-09-17T01:07:33.165+0000] {logging_mixin.py:150} INFO - [2026-09-17T01:07:33.165+0000] {dag.py:2742} INFO - Sync 1 DAGs
[2026-09-17T01:07:33.179+0000] {logging_mixin.py:150} INFO - [2026-09-17T01:07:33.179+0000] {dag.py:3504} INFO - Setting next_dagrun for latest_only to 2026-09-16T21:07:33.179481+00:00, run_after=2026-09-17T01:07:33.179481+00:00
[2026-09-17T01:07:33.203+0000] {processor.py:179} INFO - Processing /home/vscode/.local/lib/python3.10/site-packages/airflow/example_dags/example_latest_only.py took 0.057 seconds
[2026-09-17T01:07:58.815+0000] {processor.py:157} INFO - Started process (PID=29079) to work on /home/vscode/.local/lib/python3.10/site-packages/airflow/example_dags/example_latest_only.py
[2026-09-17T01:07:58.816+0000] {processor.py:826} INFO - Processing file /home/vscode/.local/lib/python3.10/site-packages/airflow/example_dags/example_latest_only.py for tasks to queue
[2026-09-17T01:07:58.816+0000] {logging_mixin.py:150} INFO - [2026-09-17T01:07:58.816+0000] {dagbag.py:541} INFO - Filling up the DagBag from /home/vscode/.local/lib/python3.10/site-packages/airflow/example_dags/example_latest_only.py
[2026-09-17T01:07:58.823+0000] {processor.py:836} INFO - DAG(s) dict_keys(['latest_only']) retrieved from /home/vscode/.local/lib/python3.10/site-packages/airflow/example_dags/example_latest_only.py
[2026-09-17T01:07:58.848+0000] {logging_mixin.py:150} INFO - [2026-09-17T01:07:58.847+0000] {dag.py:2742} INFO - Sync 1 DAGs
[2026-09-17T01:07:58.871+0000] {logging_mixin.py:150} INFO - [2026-09-17T01:07:58.871+0000] {dag.py:3504} INFO - Setting next_dagrun for latest_only to 2026-09-16T21:07:58.871066+00:00, run_after=2026-09-17T01:07:58.871066+00:00
[2026-09-17T01:07:58.902+0000] {processor.py:179} INFO - Processing /home/vscode/.local/lib/python3.10/site-packages/airflow/example_dags/example_latest_only.py took 0.089 seconds
[2026-09-17T01:08:24.434+0000] {processor.py:157} INFO - Started process (PID=29295) to work on /home/vscode/.local/lib/python3.10/site-packages/airflow/example_dags/example_latest_only.py
[2026-09-17T01:08:24.435+0000] {processor.py:826} INFO - Processing file /home/vscode/.local/lib/python3.10/site-packages/airflow/example_dags/example_latest_only.py for tasks to queue
[2026-09-17T01:08:24.435+0000] {logging_mixin.py:150} INFO - [2026-09-17T01:08:24.435+0000] {dagbag.py:541} INFO - Filling up the DagBag from /home/vscode/.local/lib/python3.10/site-packages/airflow/example_dags/example_latest_only.py
[2026-09-17T01:08:24.440+0000] {processor.py:836} INFO - DAG(s) dict_keys(['latest_only']) retrieved from /home/vscode/.local/lib/python3.10/site-packages/airflow/example_dags/example_latest_only.py
[2026-09-17T01:08:24.453+0000] {logging_mixin.py:150} INFO - [2026-09-17T01:08:24.452+0000] {dag.py:2742} INFO - Sync 1 DAGs
[2026-09-17T01:08:24.475+0000] {logging_mixin.py:150} INFO - [2026-09-17T01:08:24.474+0000] {dag.py:3504} INFO - Setting next_dagrun for latest_only to 2026-09-16T21:08:24.474597+00:00, run_after=2026-09-17T01:08:24.474597+00:00
[2026-09-17T01:08:24.498+0000] {processor.py:179} INFO - Processing /home/vscode/.local/lib/python3.10/site-packages/airflow/example_dags/example_latest_only.py took 0.068 seconds
[2026-09-17T01:08:45.149+0000] {processor.py:157} INFO - Started process (PID=29478) to work on /home/vscode/.local/lib/python3.10/site-packages/airflow/example_dags/example_latest_only.py
[2026-09-17T01:08:45.149+0000] {processor.py:826} INFO - Processing file /home/vscode/.local/lib/python3.10/site-packages/airflow/example_dags/example_latest_only.py for tasks to queue
[2026-09-17T01:08:45.150+0000] {logging_mixin.py:150} INFO - [2026-09-17T01:08:45.150+0000] {dagbag.py:541} INFO - Filling up the DagBag from /home/vscode/.local/lib/python3.10/site-packages/airflow/example_dags/example_latest_only.py
[2026-09-17T01:08:45.155+0000] {processor.py:836} INFO - DAG(s) dict_keys(['latest_only']) retrieved from /home/vscode/.local/lib/python3.10/site-packages/airflow/example_dags/example_latest_only.py
[2026-09-17T01:08:45.169+0000] {logging_mixin.py:150} INFO - [2026-09-17T01:08:45.169+0000] {dag.py:2742} INFO - Sync 1 DAGs
[2026-09-17T01:08:45.188+0000] {logging_mixin.py:150} INFO - [2026-09-17T01:08:45.188+0000] {dag.py:3504} INFO - Setting next_dagrun for latest_only to 2026-09-16T21:08:45.188486+00:00, run_after=2026-09-17T01:08:45.188486+00:00
[2026-09-17T01:08:45.214+0000] {processor.py:179} INFO - Processing /home/vscode/.local/lib/python3.10/site-packages/airflow/example_dags/example_latest_only.py took 0.067 seconds
[2026-09-17T01:09:12.942+0000] {processor.py:157} INFO - Started process (PID=29712) to work on /home/vscode/.local/lib/python3.10/site-packages/airflow/example_dags/example_latest_only.py
[2026-09-17T01:09:12.943+0000] {processor.py:826} INFO - Processing file /home/vscode/.local/lib/python3.10/site-packages/airflow/example_dags/example_latest_only.py for tasks to queue
[2026-09-17T01:09:12.943+0000] {logging_mixin.py:150} INFO - [2026-09-17T01:09:12.943+0000] {dagbag.py:541} INFO - Filling up the DagBag from /home/vscode/.local/lib/python3.10/site-packages/airflow/example_dags/example_latest_only.py
[2026-09-17T01:09:12.950+0000] {processor.py:836} INFO - DAG(s) dict_keys(['latest_only']) retrieved from /home/vscode/.local/lib/python3.10/site-packages/airflow/example_dags/example_latest_only.py
[2026-09-17T01:09:12.962+0000] {logging_mixin.py:150} INFO - [2026-09-17T01:09:12.962+0000] {dag.py:2742} INFO - Sync 1 DAGs
[2026-09-17T01:09:12.976+0000] {logging_mixin.py:150} INFO - [2026-09-17T01:09:12.976+0000] {dag.py:3504} INFO - Setting next_dagrun for latest_only to 2026-09-16T21:09:12.976238+00:00, run_after=2026-09-17T01:09:12.976238+00:00
[2026-09-17T01:09:12.992+0000] {processor.py:179} INFO - Processing /home/vscode/.local/lib/python3.10/site-packages/airflow/example_dags/example_latest_only.py took 0.053 seconds
[2026-09-17T01:09:33.370+0000] {processor.py:157} INFO - Started process (PID=29886) to work on /home/vscode/.local/lib/python3.10/site-packages/airflow/example_dags/example_latest_only.py
[2026-09-17T01:09:33.371+0000] {processor.py:826} INFO - Processing file /home/vscode/.local/lib/python3.10/site-packages/airflow/example_dags/example_latest_only.py for tasks to queue
[2026-09-17T01:09:33.371+0000] {logging_mixin.py:150} INFO - [2026-09-17T01:09:33.371+0000] {dagbag.py:541} INFO - Filling up the DagBag from /home/vscode/.local/lib/python3.10/site-packages/airflow/example_dags/example_latest_only.py
[2026-09-17T01:09:33.377+0000] {processor.py:836} INFO - DAG(s) dict_keys(['latest_only']) retrieved from /home/vscode/.local/lib/python3.10/site-packages/airflow/example_dags/example_latest_only.py
[2026-09-17T01:09:33.398+0000] {logging_mixin.py:150} INFO - [2026-09-17T01:09:33.398+0000] {dag.py:2742} INFO - Sync 1 DAGs
[2026-09-17T01:09:33.413+0000] {logging_mixin.py:150} INFO - [2026-09-17T01:09:33.413+0000] {dag.py:3504} INFO - Setting next_dagrun for latest_only to 2026-09-16T21:09:33.413297+00:00, run_after=2026-09-17T01:09:33.413297+00:00
[2026-09-17T01:09:33.430+0000] {processor.py:179} INFO - Processing /home/vscode/.local/lib/python3.10/site-packages/airflow/example_dags/example_latest_only.py took 0.063 seconds
[2026-09-17T01:10:03.608+0000] {processor.py:157} INFO - Started process (PID=30144) to work on /home/vscode/.local/lib/python3.10/site-packages/airflow/example_dags/example_latest_only.py
[2026-09-17T01:10:03.608+0000] {processor.py:826} INFO - Processing file /home/vscode/.local/lib/python3.10/site-packages/airflow/example_dags/example_latest_only.py for tasks to queue
[2026-09-17T01:10:03.609+0000] {logging_mixin.py:150} INFO - [2026-09-17T01:10:03.609+0000] {dagbag.py:541} INFO - Filling up the DagBag from /home/vscode/.local/lib/python3.10/site-packages/airflow/example_dags/example_latest_only.py
[2026-09-17T01:10:03.614+0000] {processor.py:836} INFO - DAG(s) dict_keys(['latest_only']) retrieved from /home/vscode/.local/lib/python3.10/site-packages/airflow/example_dags/example_latest_only.py
[2026-09-17T01:10:03.626+0000] {logging_mixin.py:150} INFO - [2026-09-17T01:10:03.626+0000] {dag.py:2742} INFO - Sync 1 DAGs
[2026-09-17T01:10:03.641+0000] {logging_mixin.py:150} INFO - [2026-09-17T01:10:03.641+0000] {dag.py:3504} INFO - Setting next_dagrun for latest_only to 2026-09-16T21:10:03.641492+00:00, run_after=2026-09-17T01:10:03.641492+00:00
[2026-09-17T01:10:03.661+0000] {processor.py:179} INFO - Processing /home/vscode/.local/lib/python3.10/site-packages/airflow/example_dags/example_latest_only.py took 0.056 seconds
[2026-09-17T01:10:18.023+0000] {processor.py:157} INFO - Started process (PID=30274) to work on /home/vscode/.local/lib/python3.10/site-packages/airflow/example_dags/example_latest_only.py
[2026-09-17T01:10:18.024+0000] {processor.py:826} INFO - Processing file /home/vscode/.local/lib/python3.10/site-packages/airflow/example_dags/example_latest_only.py for tasks to queue
[2026-09-17T01:10:18.025+0000] {logging_mixin.py:150} INFO - [2026-09-17T01:10:18.025+0000] {dagbag.py:541} INFO - Filling up the DagBag from /home/vscode/.local/lib/python3.10/site-packages/airflow/example_dags/example_latest_only.py
[2026-09-17T01:10:18.030+0000] {processor.py:836} INFO - DAG(s) dict_keys(['latest_only']) retrieved from /home/vscode/.local/lib/python3.10/site-packages/airflow/example_dags/example_latest_only.py
[2026-09-17T01:10:18.043+0000] {logging_mixin.py:150} INFO - [2026-09-17T01:10:18.043+0000] {dag.py:2742} INFO - Sync 1 DAGs
[2026-09-17T01:10:18.057+0000] {logging_mixin.py:150} INFO - [2026-09-17T01:10:18.057+0000] {dag.py:3504} INFO - Setting next_dagrun for latest_only to 2026-09-16T21:10:18.057630+00:00, run_after=2026-09-17T01:10:18.057630+00:00
[2026-09-17T01:10:18.076+0000] {processor.py:179} INFO - Processing /home/vscode/.local/lib/python3.10/site-packages/airflow/example_dags/example_latest_only.py took 0.056 seconds
[2026-09-17T01:10:53.970+0000] {processor.py:157} INFO - Started process (PID=30606) to work on /home/vscode/.local/lib/python3.10/site-packages/airflow/example_dags/example_latest_only.py
[2026-09-17T01:10:53.970+0000] {processor.py:826} INFO - Processing file /home/vscode/.local/lib/python3.10/site-packages/airflow/example_dags/example_latest_only.py for tasks to queue
[2026-09-17T01:10:53.971+0000] {logging_mixin.py:150} INFO - [2026-09-17T01:10:53.971+0000] {dagbag.py:541} INFO - Filling up the DagBag from /home/vscode/.local/lib/python3.10/site-packages/airflow/example_dags/example_latest_only.py
[2026-09-17T01:10:53.976+0000] {processor.py:836} INFO - DAG(s) dict_keys(['latest_only']) retrieved from /home/vscode/.local/lib/python3.10/site-packages/airflow/example_dags/example_latest_only.py
[2026-09-17T01:10:53.993+0000] {logging_mixin.py:150} INFO - [2026-09-17T01:10:53.993+0000] {dag.py:2742} INFO - Sync 1 DAGs
[2026-09-17T01:10:54.026+0000] {logging_mixin.py:150} INFO - [2026-09-17T01:10:54.026+0000] {dag.py:3504} INFO - Setting next_dagrun for latest_only to 2026-09-16T21:10:54.025778+00:00, run_after=2026-09-17T01:10:54.025778+00:00
[2026-09-17T01:10:54.051+0000] {processor.py:179} INFO - Processing /home/vscode/.local/lib/python3.10/site-packages/airflow/example_dags/example_latest_only.py took 0.084 seconds
[2026-09-17T01:11:09.713+0000] {processor.py:157} INFO - Started process (PID=30749) to work on /home/vscode/.local/lib/python3.10/site-packages/airflow/example_dags/example_latest_only.py
[2026-09-17T01:11:09.714+0000] {processor.py:826} INFO - Processing file /home/vscode/.local/lib/python3.10/site-packages/airflow/example_dags/example_latest_only.py for tasks to queue
[2026-09-17T01:11:09.714+0000] {logging_mixin.py:150} INFO - [2026-09-17T01:11:09.714+0000] {dagbag.py:541} INFO - Filling up the DagBag from /home/vscode/.local/lib/python3.10/site-packages/airflow/example_dags/example_latest_only.py
[2026-09-17T01:11:09.719+0000] {processor.py:836} INFO - DAG(s) dict_keys(['latest_only']) retrieved from /home/vscode/.local/lib/python3.10/site-packages/airflow/example_dags/example_latest_only.py
[2026-09-17T01:11:09.732+0000] {logging_mixin.py:150} INFO - [2026-09-17T01:11:09.732+0000] {dag.py:2742} INFO - Sync 1 DAGs
[2026-09-17T01:11:09.747+0000] {logging_mixin.py:150} INFO - [2026-09-17T01:11:09.747+0000] {dag.py:3504} INFO - Setting next_dagrun for latest_only to 2026-09-16T21:11:09.747070+00:00, run_after=2026-09-17T01:11:09.747070+00:00
[2026-09-17T01:11:09.764+0000] {processor.py:179} INFO - Processing /home/vscode/.local/lib/python3.10/site-packages/airflow/example_dags/example_latest_only.py took 0.054 seconds
[2026-09-17T01:11:43.072+0000] {processor.py:157} INFO - Started process (PID=31023) to work on /home/vscode/.local/lib/python3.10/site-packages/airflow/example_dags/example_latest_only.py
[2026-09-17T01:11:43.073+0000] {processor.py:826} INFO - Processing file /home/vscode/.local/lib/python3.10/site-packages/airflow/example_dags/example_latest_only.py for tasks to queue
[2026-09-17T01:11:43.074+0000] {logging_mixin.py:150} INFO - [2026-09-17T01:11:43.073+0000] {dagbag.py:541} INFO - Filling up the DagBag from /home/vscode/.local/lib/python3.10/site-packages/airflow/example_dags/example_latest_only.py
[2026-09-17T01:11:43.079+0000] {processor.py:836} INFO - DAG(s) dict_keys(['latest_only']) retrieved from /home/vscode/.local/lib/python3.10/site-packages/airflow/example_dags/example_latest_only.py
[2026-09-17T01:11:43.096+0000] {logging_mixin.py:150} INFO - [2026-09-17T01:11:43.096+0000] {dag.py:2742} INFO - Sync 1 DAGs
[2026-09-17T01:11:43.112+0000] {logging_mixin.py:150} INFO - [2026-09-17T01:11:43.111+0000] {dag.py:3504} INFO - Setting next_dagrun for latest_only to 2026-09-16T21:11:43.111782+00:00, run_after=2026-09-17T01:11:43.111782+00:00
[2026-09-17T01:11:43.129+0000] {processor.py:179} INFO - Processing /home/vscode/.local/lib/python3.10/site-packages/airflow/example_dags/example_latest_only.py took 0.059 seconds
[2026-09-17T01:11:59.572+0000] {processor.py:157} INFO - Started process (PID=31171) to work on /home/vscode/.local/lib/python3.10/site-packages/airflow/example_dags/example_latest_only.py
[2026-09-17T01:11:59.572+0000] {processor.py:826} INFO - Processing file /home/vscode/.local/lib/python3.10/site-packages/airflow/example_dags/example_latest_only.py for tasks to queue
[2026-09-17T01:11:59.573+0000] {logging_mixin.py:150} INFO - [2026-09-17T01:11:59.573+0000] {dagbag.py:541} INFO - Filling up the DagBag from /home/vscode/.local/lib/python3.10/site-packages/airflow/example_dags/example_latest_only.py
[2026-09-17T01:11:59.578+0000] {processor.py:836} INFO - DAG(s) dict_keys(['latest_only']) retrieved from /home/vscode/.local/lib/python3.10/site-packages/airflow/example_dags/example_latest_only.py
[2026-09-17T01:11:59.593+0000] {logging_mixin.py:150} INFO - [2026-09-17T01:11:59.593+0000] {dag.py:2742} INFO - Sync 1 DAGs
[2026-09-17T01:11:59.610+0000] {logging_mixin.py:150} INFO - [2026-09-17T01:11:59.610+0000] {dag.py:3504} INFO - Setting next_dagrun for latest_only to 2026-09-16T21:11:59.610542+00:00, run_after=2026-09-17T01:11:59.610542+00:00
[2026-09-17T01:11:59.629+0000] {processor.py:179} INFO - Processing /home/vscode/.local/lib/python3.10/site-packages/airflow/example_dags/example_latest_only.py took 0.059 seconds
[2026-09-17T01:12:33.509+0000] {processor.py:157} INFO - Started process (PID=31459) to work on /home/vscode/.local/lib/python3.10/site-packages/airflow/example_dags/example_latest_only.py
[2026-09-17T01:12:33.509+0000] {processor.py:826} INFO - Processing file /home/vscode/.local/lib/python3.10/site-packages/airflow/example_dags/example_latest_only.py for tasks to queue
[2026-09-17T01:12:33.510+0000] {logging_mixin.py:150} INFO - [2026-09-17T01:12:33.510+0000] {dagbag.py:541} INFO - Filling up the DagBag from /home/vscode/.local/lib/python3.10/site-packages/airflow/example_dags/example_latest_only.py
[2026-09-17T01:12:33.515+0000] {processor.py:836} INFO - DAG(s) dict_keys(['latest_only']) retrieved from /home/vscode/.local/lib/python3.10/site-packages/airflow/example_dags/example_latest_only.py
[2026-09-17T01:12:33.527+0000] {logging_mixin.py:150} INFO - [2026-09-17T01:12:33.527+0000] {dag.py:2742} INFO - Sync 1 DAGs
[2026-09-17T01:12:33.541+0000] {logging_mixin.py:150} INFO - [2026-09-17T01:12:33.541+0000] {dag.py:3504} INFO - Setting next_dagrun for latest_only to 2026-09-16T21:12:33.541410+00:00, run_after=2026-09-17T01:12:33.541410+00:00
[2026-09-17T01:12:33.558+0000] {processor.py:179} INFO - Processing /home/vscode/.local/lib/python3.10/site-packages/airflow/example_dags/example_latest_only.py took 0.052 seconds
[2026-09-17T01:12:47.780+0000] {processor.py:157} INFO - Started process (PID=31587) to work on /home/vscode/.local/lib/python3.10/site-packages/airflow/example_dags/example_latest_only.py
[2026-09-17T01:12:47.782+0000] {processor.py:826} INFO - Processing file /home/vscode/.local/lib/python3.10/site-packages/airflow/example_dags/example_latest_only.py for tasks to queue
[2026-09-17T01:12:47.783+0000] {logging_mixin.py:150} INFO - [2026-09-17T01:12:47.782+0000] {dagbag.py:541} INFO - Filling up the DagBag from /home/vscode/.local/lib/python3.10/site-packages/airflow/example_dags/example_latest_only.py
[2026-09-17T01:12:47.793+0000] {processor.py:836} INFO - DAG(s) dict_keys(['latest_only']) retrieved from /home/vscode/.local/lib/python3.10/site-packages/airflow/example_dags/example_latest_only.py
[2026-09-17T01:12:47.822+0000] {logging_mixin.py:150} INFO - [2026-09-17T01:12:47.822+0000] {dag.py:2742} INFO - Sync 1 DAGs
[2026-09-17T01:12:47.851+0000] {logging_mixin.py:150} INFO - [2026-09-17T01:12:47.851+0000] {dag.py:3504} INFO - Setting next_dagrun for latest_only to 2026-09-16T21:12:47.850828+00:00, run_after=2026-09-17T01:12:47.850828+00:00
[2026-09-17T01:12:47.879+0000] {processor.py:179} INFO - Processing /home/vscode/.local/lib/python3.10/site-packages/airflow/example_dags/example_latest_only.py took 0.104 seconds
[2026-09-17T01:13:18.926+0000] {processor.py:157} INFO - Started process (PID=31854) to work on /home/vscode/.local/lib/python3.10/site-packages/airflow/example_dags/example_latest_only.py
[2026-09-17T01:13:18.926+0000] {processor.py:826} INFO - Processing file /home/vscode/.local/lib/python3.10/site-packages/airflow/example_dags/example_latest_only.py for tasks to queue
[2026-09-17T01:13:18.927+0000] {logging_mixin.py:150} INFO - [2026-09-17T01:13:18.927+0000] {dagbag.py:541} INFO - Filling up the DagBag from /home/vscode/.local/lib/python3.10/site-packages/airflow/example_dags/example_latest_only.py
[2026-09-17T01:13:18.932+0000] {processor.py:836} INFO - DAG(s) dict_keys(['latest_only']) retrieved from /home/vscode/.local/lib/python3.10/site-packages/airflow/example_dags/example_latest_only.py
[2026-09-17T01:13:18.944+0000] {logging_mixin.py:150} INFO - [2026-09-17T01:13:18.944+0000] {dag.py:2742} INFO - Sync 1 DAGs
[2026-09-17T01:13:18.959+0000] {logging_mixin.py:150} INFO - [2026-09-17T01:13:18.959+0000] {dag.py:3504} INFO - Setting next_dagrun for latest_only to 2026-09-16T21:13:18.959201+00:00, run_after=2026-09-17T01:13:18.959201+00:00
[2026-09-17T01:13:18.976+0000] {processor.py:179} INFO - Processing /home/vscode/.local/lib/python3.10/site-packages/airflow/example_dags/example_latest_only.py took 0.053 seconds
[2026-09-17T01:13:39.147+0000] {processor.py:157} INFO - Started process (PID=32017) to work on /home/vscode/.local/lib/python3.10/site-packages/airflow/example_dags/example_latest_only.py
[2026-09-17T01:13:39.148+0000] {processor.py:826} INFO - Processing file /home/vscode/.local/lib/python3.10/site-packages/airflow/example_dags/example_latest_only.py for tasks to queue
[2026-09-17T01:13:39.149+0000] {logging_mixin.py:150} INFO - [2026-09-17T01:13:39.148+0000] {dagbag.py:541} INFO - Filling up the DagBag from /home/vscode/.local/lib/python3.10/site-packages/airflow/example_dags/example_latest_only.py
[2026-09-17T01:13:39.157+0000] {processor.py:836} INFO - DAG(s) dict_keys(['latest_only']) retrieved from /home/vscode/.local/lib/python3.10/site-packages/airflow/example_dags/example_latest_only.py
[2026-09-17T01:13:39.174+0000] {logging_mixin.py:150} INFO - [2026-09-17T01:13:39.174+0000] {dag.py:2742} INFO - Sync 1 DAGs
[2026-09-17T01:13:39.196+0000] {logging_mixin.py:150} INFO - [2026-09-17T01:13:39.196+0000] {dag.py:3504} INFO - Setting next_dagrun for latest_only to 2026-09-16T21:13:39.195938+00:00, run_after=2026-09-17T01:13:39.195938+00:00
[2026-09-17T01:13:39.228+0000] {processor.py:179} INFO - Processing /home/vscode/.local/lib/python3.10/site-packages/airflow/example_dags/example_latest_only.py took 0.084 seconds
[2026-09-17T01:14:05.232+0000] {processor.py:157} INFO - Started process (PID=32237) to work on /home/vscode/.local/lib/python3.10/site-packages/airflow/example_dags/example_latest_only.py
[2026-09-17T01:14:05.232+0000] {processor.py:826} INFO - Processing file /home/vscode/.local/lib/python3.10/site-packages/airflow/example_dags/example_latest_only.py for tasks to queue
[2026-09-17T01:14:05.233+0000] {logging_mixin.py:150} INFO - [2026-09-17T01:14:05.233+0000] {dagbag.py:541} INFO - Filling up the DagBag from /home/vscode/.local/lib/python3.10/site-packages/airflow/example_dags/example_latest_only.py
[2026-09-17T01:14:05.238+0000] {processor.py:836} INFO - DAG(s) dict_keys(['latest_only']) retrieved from /home/vscode/.local/lib/python3.10/site-packages/airflow/example_dags/example_latest_only.py
[2026-09-17T01:14:05.250+0000] {logging_mixin.py:150} INFO - [2026-09-17T01:14:05.250+0000] {dag.py:2742} INFO - Sync 1 DAGs
[2026-09-17T01:14:05.264+0000] {logging_mixin.py:150} INFO - [2026-09-17T01:14:05.264+0000] {dag.py:3504} INFO - Setting next_dagrun for latest_only to 2026-09-16T21:14:05.264105+00:00, run_after=2026-09-17T01:14:05.264105+00:00
[2026-09-17T01:14:05.280+0000] {processor.py:179} INFO - Processing /home/vscode/.local/lib/python3.10/site-packages/airflow/example_dags/example_latest_only.py took 0.050 seconds
[2026-09-17T01:14:27.611+0000] {processor.py:157} INFO - Started process (PID=32434) to work on /home/vscode/.local/lib/python3.10/site-packages/airflow/example_dags/example_latest_only.py
[2026-09-17T01:14:27.612+0000] {processor.py:826} INFO - Processing file /home/vscode/.local/lib/python3.10/site-packages/airflow/example_dags/example_latest_only.py for tasks to queue
[2026-09-17T01:14:27.612+0000] {logging_mixin.py:150} INFO - [2026-09-17T01:14:27.612+0000] {dagbag.py:541} INFO - Filling up the DagBag from /home/vscode/.local/lib/python3.10/site-packages/airflow/example_dags/example_latest_only.py
[2026-09-17T01:14:27.617+0000] {processor.py:836} INFO - DAG(s) dict_keys(['latest_only']) retrieved from /home/vscode/.local/lib/python3.10/site-packages/airflow/example_dags/example_latest_only.py
[2026-09-17T01:14:27.633+0000] {logging_mixin.py:150} INFO - [2026-09-17T01:14:27.632+0000] {dag.py:2742} INFO - Sync 1 DAGs
[2026-09-17T01:14:27.655+0000] {logging_mixin.py:150} INFO - [2026-09-17T01:14:27.655+0000] {dag.py:3504} INFO - Setting next_dagrun for latest_only to 2026-09-16T21:14:27.655023+00:00, run_after=2026-09-17T01:14:27.655023+00:00
[2026-09-17T01:14:27.674+0000] {processor.py:179} INFO - Processing /home/vscode/.local/lib/python3.10/site-packages/airflow/example_dags/example_latest_only.py took 0.065 seconds
[2026-09-17T01:14:53.956+0000] {processor.py:157} INFO - Started process (PID=32659) to work on /home/vscode/.local/lib/python3.10/site-packages/airflow/example_dags/example_latest_only.py
[2026-09-17T01:14:53.957+0000] {processor.py:826} INFO - Processing file /home/vscode/.local/lib/python3.10/site-packages/airflow/example_dags/example_latest_only.py for tasks to queue
[2026-09-17T01:14:53.958+0000] {logging_mixin.py:150} INFO - [2026-09-17T01:14:53.957+0000] {dagbag.py:541} INFO - Filling up the DagBag from /home/vscode/.local/lib/python3.10/site-packages/airflow/example_dags/example_latest_only.py
[2026-09-17T01:14:53.962+0000] {processor.py:836} INFO - DAG(s) dict_keys(['latest_only']) retrieved from /home/vscode/.local/lib/python3.10/site-packages/airflow/example_dags/example_latest_only.py
[2026-09-17T01:14:53.974+0000] {logging_mixin.py:150} INFO - [2026-09-17T01:14:53.974+0000] {dag.py:2742} INFO - Sync 1 DAGs
[2026-09-17T01:14:53.992+0000] {logging_mixin.py:150} INFO - [2026-09-17T01:14:53.991+0000] {dag.py:3504} INFO - Setting next_dagrun for latest_only to 2026-09-16T21:14:53.991691+00:00, run_after=2026-09-17T01:14:53.991691+00:00
[2026-09-17T01:14:54.011+0000] {processor.py:179} INFO - Processing /home/vscode/.local/lib/python3.10/site-packages/airflow/example_dags/example_latest_only.py took 0.057 seconds
[2026-09-17T01:15:21.422+0000] {processor.py:157} INFO - Started process (PID=32890) to work on /home/vscode/.local/lib/python3.10/site-packages/airflow/example_dags/example_latest_only.py
[2026-09-17T01:15:21.423+0000] {processor.py:826} INFO - Processing file /home/vscode/.local/lib/python3.10/site-packages/airflow/example_dags/example_latest_only.py for tasks to queue
[2026-09-17T01:15:21.424+0000] {logging_mixin.py:150} INFO - [2026-09-17T01:15:21.424+0000] {dagbag.py:541} INFO - Filling up the DagBag from /home/vscode/.local/lib/python3.10/site-packages/airflow/example_dags/example_latest_only.py
[2026-09-17T01:15:21.429+0000] {processor.py:836} INFO - DAG(s) dict_keys(['latest_only']) retrieved from /home/vscode/.local/lib/python3.10/site-packages/airflow/example_dags/example_latest_only.py
[2026-09-17T01:15:21.441+0000] {logging_mixin.py:150} INFO - [2026-09-17T01:15:21.441+0000] {dag.py:2742} INFO - Sync 1 DAGs
[2026-09-17T01:15:21.455+0000] {logging_mixin.py:150} INFO - [2026-09-17T01:15:21.455+0000] {dag.py:3504} INFO - Setting next_dagrun for latest_only to 2026-09-16T21:15:21.455654+00:00, run_after=2026-09-17T01:15:21.455654+00:00
[2026-09-17T01:15:21.472+0000] {processor.py:179} INFO - Processing /home/vscode/.local/lib/python3.10/site-packages/airflow/example_dags/example_latest_only.py took 0.052 seconds
[2026-09-17T01:15:44.292+0000] {processor.py:157} INFO - Started process (PID=33115) to work on /home/vscode/.local/lib/python3.10/site-packages/airflow/example_dags/example_latest_only.py
[2026-09-17T01:15:44.293+0000] {processor.py:826} INFO - Processing file /home/vscode/.local/lib/python3.10/site-packages/airflow/example_dags/example_latest_only.py for tasks to queue
[2026-09-17T01:15:44.294+0000] {logging_mixin.py:150} INFO - [2026-09-17T01:15:44.293+0000] {dagbag.py:541} INFO - Filling up the DagBag from /home/vscode/.local/lib/python3.10/site-packages/airflow/example_dags/example_latest_only.py
[2026-09-17T01:15:44.300+0000] {processor.py:836} INFO - DAG(s) dict_keys(['latest_only']) retrieved from /home/vscode/.local/lib/python3.10/site-packages/airflow/example_dags/example_latest_only.py
[2026-09-17T01:15:44.312+0000] {logging_mixin.py:150} INFO - [2026-09-17T01:15:44.312+0000] {dag.py:2742} INFO - Sync 1 DAGs
[2026-09-17T01:15:44.327+0000] {logging_mixin.py:150} INFO - [2026-09-17T01:15:44.327+0000] {dag.py:3504} INFO - Setting next_dagrun for latest_only to 2026-09-16T21:15:44.327581+00:00, run_after=2026-09-17T01:15:44.327581+00:00
[2026-09-17T01:15:44.344+0000] {processor.py:179} INFO - Processing /home/vscode/.local/lib/python3.10/site-packages/airflow/example_dags/example_latest_only.py took 0.055 seconds
[2026-09-17T01:16:13.465+0000] {processor.py:157} INFO - Started process (PID=33365) to work on /home/vscode/.local/lib/python3.10/site-packages/airflow/example_dags/example_latest_only.py
[2026-09-17T01:16:13.465+0000] {processor.py:826} INFO - Processing file /home/vscode/.local/lib/python3.10/site-packages/airflow/example_dags/example_latest_only.py for tasks to queue
[2026-09-17T01:16:13.466+0000] {logging_mixin.py:150} INFO - [2026-09-17T01:16:13.466+0000] {dagbag.py:541} INFO - Filling up the DagBag from /home/vscode/.local/lib/python3.10/site-packages/airflow/example_dags/example_latest_only.py
[2026-09-17T01:16:13.471+0000] {processor.py:836} INFO - DAG(s) dict_keys(['latest_only']) retrieved from /home/vscode/.local/lib/python3.10/site-packages/airflow/example_dags/example_latest_only.py
[2026-09-17T01:16:13.484+0000] {logging_mixin.py:150} INFO - [2026-09-17T01:16:13.484+0000] {dag.py:2742} INFO - Sync 1 DAGs
[2026-09-17T01:16:13.503+0000] {logging_mixin.py:150} INFO - [2026-09-17T01:16:13.503+0000] {dag.py:3504} INFO - Setting next_dagrun for latest_only to 2026-09-16T21:16:13.503025+00:00, run_after=2026-09-17T01:16:13.503025+00:00
[2026-09-17T01:16:13.520+0000] {processor.py:179} INFO - Processing /home/vscode/.local/lib/python3.10/site-packages/airflow/example_dags/example_latest_only.py took 0.058 seconds
[2026-09-17T01:16:34.569+0000] {processor.py:157} INFO - Started process (PID=33545) to work on /home/vscode/.local/lib/python3.10/site-packages/airflow/example_dags/example_latest_only.py
[2026-09-17T01:16:34.570+0000] {processor.py:826} INFO - Processing file /home/vscode/.local/lib/python3.10/site-packages/airflow/example_dags/example_latest_only.py for tasks to queue
[2026-09-17T01:16:34.571+0000] {logging_mixin.py:150} INFO - [2026-09-17T01:16:34.570+0000] {dagbag.py:541} INFO - Filling up the DagBag from /home/vscode/.local/lib/python3.10/site-packages/airflow/example_dags/example_latest_only.py
[2026-09-17T01:16:34.577+0000] {processor.py:836} INFO - DAG(s) dict_keys(['latest_only']) retrieved from /home/vscode/.local/lib/python3.10/site-packages/airflow/example_dags/example_latest_only.py
[2026-09-17T01:16:34.593+0000] {logging_mixin.py:150} INFO - [2026-09-17T01:16:34.593+0000] {dag.py:2742} INFO - Sync 1 DAGs
[2026-09-17T01:16:34.609+0000] {logging_mixin.py:150} INFO - [2026-09-17T01:16:34.609+0000] {dag.py:3504} INFO - Setting next_dagrun for latest_only to 2026-09-16T21:16:34.609294+00:00, run_after=2026-09-17T01:16:34.609294+00:00
[2026-09-17T01:16:34.625+0000] {processor.py:179} INFO - Processing /home/vscode/.local/lib/python3.10/site-packages/airflow/example_dags/example_latest_only.py took 0.059 seconds
[2026-09-17T01:17:03.534+0000] {processor.py:157} INFO - Started process (PID=33796) to work on /home/vscode/.local/lib/python3.10/site-packages/airflow/example_dags/example_latest_only.py
[2026-09-17T01:17:03.535+0000] {processor.py:826} INFO - Processing file /home/vscode/.local/lib/python3.10/site-packages/airflow/example_dags/example_latest_only.py for tasks to queue
[2026-09-17T01:17:03.535+0000] {logging_mixin.py:150} INFO - [2026-09-17T01:17:03.535+0000] {dagbag.py:541} INFO - Filling up the DagBag from /home/vscode/.local/lib/python3.10/site-packages/airflow/example_dags/example_latest_only.py
[2026-09-17T01:17:03.542+0000] {processor.py:836} INFO - DAG(s) dict_keys(['latest_only']) retrieved from /home/vscode/.local/lib/python3.10/site-packages/airflow/example_dags/example_latest_only.py
[2026-09-17T01:17:03.563+0000] {logging_mixin.py:150} INFO - [2026-09-17T01:17:03.563+0000] {dag.py:2742} INFO - Sync 1 DAGs
[2026-09-17T01:17:03.605+0000] {logging_mixin.py:150} INFO - [2026-09-17T01:17:03.604+0000] {dag.py:3504} INFO - Setting next_dagrun for latest_only to 2026-09-16T21:17:03.604363+00:00, run_after=2026-09-17T01:17:03.604363+00:00
[2026-09-17T01:17:03.638+0000] {processor.py:179} INFO - Processing /home/vscode/.local/lib/python3.10/site-packages/airflow/example_dags/example_latest_only.py took 0.108 seconds
[2026-09-17T01:17:20.643+0000] {processor.py:157} INFO - Started process (PID=33947) to work on /home/vscode/.local/lib/python3.10/site-packages/airflow/example_dags/example_latest_only.py
[2026-09-17T01:17:20.644+0000] {processor.py:826} INFO - Processing file /home/vscode/.local/lib/python3.10/site-packages/airflow/example_dags/example_latest_only.py for tasks to queue
[2026-09-17T01:17:20.644+0000] {logging_mixin.py:150} INFO - [2026-09-17T01:17:20.644+0000] {dagbag.py:541} INFO - Filling up the DagBag from /home/vscode/.local/lib/python3.10/site-packages/airflow/example_dags/example_latest_only.py
[2026-09-17T01:17:20.651+0000] {processor.py:836} INFO - DAG(s) dict_keys(['latest_only']) retrieved from /home/vscode/.local/lib/python3.10/site-packages/airflow/example_dags/example_latest_only.py
[2026-09-17T01:17:20.669+0000] {logging_mixin.py:150} INFO - [2026-09-17T01:17:20.669+0000] {dag.py:2742} INFO - Sync 1 DAGs
[2026-09-17T01:17:20.691+0000] {logging_mixin.py:150} INFO - [2026-09-17T01:17:20.691+0000] {dag.py:3504} INFO - Setting next_dagrun for latest_only to 2026-09-16T21:17:20.691394+00:00, run_after=2026-09-17T01:17:20.691394+00:00
[2026-09-17T01:17:20.730+0000] {processor.py:179} INFO - Processing /home/vscode/.local/lib/python3.10/site-packages/airflow/example_dags/example_latest_only.py took 0.091 seconds
[2026-09-17T01:17:52.849+0000] {processor.py:157} INFO - Started process (PID=34207) to work on /home/vscode/.local/lib/python3.10/site-packages/airflow/example_dags/example_latest_only.py
[2026-09-17T01:17:52.849+0000] {processor.py:826} INFO - Processing file /home/vscode/.local/lib/python3.10/site-packages/airflow/example_dags/example_latest_only.py for tasks to queue
[2026-09-17T01:17:52.850+0000] {logging_mixin.py:150} INFO - [2026-09-17T01:17:52.850+0000] {dagbag.py:541} INFO - Filling up the DagBag from /home/vscode/.local/lib/python3.10/site-packages/airflow/example_dags/example_latest_only.py
[2026-09-17T01:17:52.859+0000] {processor.py:836} INFO - DAG(s) dict_keys(['latest_only']) retrieved from /home/vscode/.local/lib/python3.10/site-packages/airflow/example_dags/example_latest_only.py
[2026-09-17T01:17:52.876+0000] {logging_mixin.py:150} INFO - [2026-09-17T01:17:52.876+0000] {dag.py:2742} INFO - Sync 1 DAGs
[2026-09-17T01:17:52.894+0000] {logging_mixin.py:150} INFO - [2026-09-17T01:17:52.894+0000] {dag.py:3504} INFO - Setting next_dagrun for latest_only to 2026-09-16T21:17:52.893864+00:00, run_after=2026-09-17T01:17:52.893864+00:00
[2026-09-17T01:17:52.925+0000] {processor.py:179} INFO - Processing /home/vscode/.local/lib/python3.10/site-packages/airflow/example_dags/example_latest_only.py took 0.079 seconds
[2026-09-17T01:18:10.964+0000] {processor.py:157} INFO - Started process (PID=34367) to work on /home/vscode/.local/lib/python3.10/site-packages/airflow/example_dags/example_latest_only.py
[2026-09-17T01:18:10.965+0000] {processor.py:826} INFO - Processing file /home/vscode/.local/lib/python3.10/site-packages/airflow/example_dags/example_latest_only.py for tasks to queue
[2026-09-17T01:18:10.966+0000] {logging_mixin.py:150} INFO - [2026-09-17T01:18:10.966+0000] {dagbag.py:541} INFO - Filling up the DagBag from /home/vscode/.local/lib/python3.10/site-packages/airflow/example_dags/example_latest_only.py
[2026-09-17T01:18:10.974+0000] {processor.py:836} INFO - DAG(s) dict_keys(['latest_only']) retrieved from /home/vscode/.local/lib/python3.10/site-packages/airflow/example_dags/example_latest_only.py
[2026-09-17T01:18:11.012+0000] {logging_mixin.py:150} INFO - [2026-09-17T01:18:11.011+0000] {dag.py:2742} INFO - Sync 1 DAGs
[2026-09-17T01:18:11.028+0000] {logging_mixin.py:150} INFO - [2026-09-17T01:18:11.027+0000] {dag.py:3504} INFO - Setting next_dagrun for latest_only to 2026-09-16T21:18:11.027605+00:00, run_after=2026-09-17T01:18:11.027605+00:00
[2026-09-17T01:18:11.044+0000] {processor.py:179} INFO - Processing /home/vscode/.local/lib/python3.10/site-packages/airflow/example_dags/example_latest_only.py took 0.083 seconds
[2026-09-17T01:18:38.096+0000] {processor.py:157} INFO - Started process (PID=34596) to work on /home/vscode/.local/lib/python3.10/site-packages/airflow/example_dags/example_latest_only.py
[2026-09-17T01:18:38.097+0000] {processor.py:826} INFO - Processing file /home/vscode/.local/lib/python3.10/site-packages/airflow/example_dags/example_latest_only.py for tasks to queue
[2026-09-17T01:18:38.097+0000] {logging_mixin.py:150} INFO - [2026-09-17T01:18:38.097+0000] {dagbag.py:541} INFO - Filling up the DagBag from /home/vscode/.local/lib/python3.10/site-packages/airflow/example_dags/example_latest_only.py
[2026-09-17T01:18:38.102+0000] {processor.py:836} INFO - DAG(s) dict_keys(['latest_only']) retrieved from /home/vscode/.local/lib/python3.10/site-packages/airflow/example_dags/example_latest_only.py
[2026-09-17T01:18:38.115+0000] {logging_mixin.py:150} INFO - [2026-09-17T01:18:38.115+0000] {dag.py:2742} INFO - Sync 1 DAGs
[2026-09-17T01:18:38.134+0000] {logging_mixin.py:150} INFO - [2026-09-17T01:18:38.134+0000] {dag.py:3504} INFO - Setting next_dagrun for latest_only to 2026-09-16T21:18:38.134268+00:00, run_after=2026-09-17T01:18:38.134268+00:00
[2026-09-17T01:18:38.150+0000] {processor.py:179} INFO - Processing /home/vscode/.local/lib/python3.10/site-packages/airflow/example_dags/example_latest_only.py took 0.057 seconds
[2026-09-17T01:18:58.627+0000] {processor.py:157} INFO - Started process (PID=34764) to work on /home/vscode/.local/lib/python3.10/site-packages/airflow/example_dags/example_latest_only.py
[2026-09-17T01:18:58.628+0000] {processor.py:826} INFO - Processing file /home/vscode/.local/lib/python3.10/site-packages/airflow/example_dags/example_latest_only.py for tasks to queue
[2026-09-17T01:18:58.629+0000] {logging_mixin.py:150} INFO - [2026-09-17T01:18:58.628+0000] {dagbag.py:541} INFO - Filling up the DagBag from /home/vscode/.local/lib/python3.10/site-packages/airflow/example_dags/example_latest_only.py
[2026-09-17T01:18:58.634+0000] {processor.py:836} INFO - DAG(s) dict_keys(['latest_only']) retrieved from /home/vscode/.local/lib/python3.10/site-packages/airflow/example_dags/example_latest_only.py
[2026-09-17T01:18:58.645+0000] {logging_mixin.py:150} INFO - [2026-09-17T01:18:58.645+0000] {dag.py:2742} INFO - Sync 1 DAGs
[2026-09-17T01:18:58.660+0000] {logging_mixin.py:150} INFO - [2026-09-17T01:18:58.660+0000] {dag.py:3504} INFO - Setting next_dagrun for latest_only to 2026-09-16T21:18:58.659987+00:00, run_after=2026-09-17T01:18:58.659987+00:00
[2026-09-17T01:18:58.677+0000] {processor.py:179} INFO - Processing /home/vscode/.local/lib/python3.10/site-packages/airflow/example_dags/example_latest_only.py took 0.053 seconds
[2026-09-17T01:19:26.920+0000] {processor.py:157} INFO - Started process (PID=34992) to work on /home/vscode/.local/lib/python3.10/site-packages/airflow/example_dags/example_latest_only.py
[2026-09-17T01:19:26.921+0000] {processor.py:826} INFO - Processing file /home/vscode/.local/lib/python3.10/site-packages/airflow/example_dags/example_latest_only.py for tasks to queue
[2026-09-17T01:19:26.922+0000] {logging_mixin.py:150} INFO - [2026-09-17T01:19:26.921+0000] {dagbag.py:541} INFO - Filling up the DagBag from /home/vscode/.local/lib/python3.10/site-packages/airflow/example_dags/example_latest_only.py
[2026-09-17T01:19:26.926+0000] {processor.py:836} INFO - DAG(s) dict_keys(['latest_only']) retrieved from /home/vscode/.local/lib/python3.10/site-packages/airflow/example_dags/example_latest_only.py
[2026-09-17T01:19:26.939+0000] {logging_mixin.py:150} INFO - [2026-09-17T01:19:26.938+0000] {dag.py:2742} INFO - Sync 1 DAGs
[2026-09-17T01:19:26.953+0000] {logging_mixin.py:150} INFO - [2026-09-17T01:19:26.953+0000] {dag.py:3504} INFO - Setting next_dagrun for latest_only to 2026-09-16T21:19:26.953341+00:00, run_after=2026-09-17T01:19:26.953341+00:00
[2026-09-17T01:19:26.987+0000] {processor.py:179} INFO - Processing /home/vscode/.local/lib/python3.10/site-packages/airflow/example_dags/example_latest_only.py took 0.069 seconds
[2026-09-17T01:19:46.075+0000] {processor.py:157} INFO - Started process (PID=35134) to work on /home/vscode/.local/lib/python3.10/site-packages/airflow/example_dags/example_latest_only.py
[2026-09-17T01:19:46.076+0000] {processor.py:826} INFO - Processing file /home/vscode/.local/lib/python3.10/site-packages/airflow/example_dags/example_latest_only.py for tasks to queue
[2026-09-17T01:19:46.077+0000] {logging_mixin.py:150} INFO - [2026-09-17T01:19:46.077+0000] {dagbag.py:541} INFO - Filling up the DagBag from /home/vscode/.local/lib/python3.10/site-packages/airflow/example_dags/example_latest_only.py
[2026-09-17T01:19:46.082+0000] {processor.py:836} INFO - DAG(s) dict_keys(['latest_only']) retrieved from /home/vscode/.local/lib/python3.10/site-packages/airflow/example_dags/example_latest_only.py
[2026-09-17T01:19:46.096+0000] {logging_mixin.py:150} INFO - [2026-09-17T01:19:46.096+0000] {dag.py:2742} INFO - Sync 1 DAGs
[2026-09-17T01:19:46.111+0000] {logging_mixin.py:150} INFO - [2026-09-17T01:19:46.111+0000] {dag.py:3504} INFO - Setting next_dagrun for latest_only to 2026-09-16T21:19:46.111667+00:00, run_after=2026-09-17T01:19:46.111667+00:00
[2026-09-17T01:19:46.130+0000] {processor.py:179} INFO - Processing /home/vscode/.local/lib/python3.10/site-packages/airflow/example_dags/example_latest_only.py took 0.057 seconds
[2026-09-17T01:20:16.135+0000] {processor.py:157} INFO - Started process (PID=35448) to work on /home/vscode/.local/lib/python3.10/site-packages/airflow/example_dags/example_latest_only.py
[2026-09-17T01:20:16.136+0000] {processor.py:826} INFO - Processing file /home/vscode/.local/lib/python3.10/site-packages/airflow/example_dags/example_latest_only.py for tasks to queue
[2026-09-17T01:20:16.137+0000] {logging_mixin.py:150} INFO - [2026-09-17T01:20:16.136+0000] {dagbag.py:541} INFO - Filling up the DagBag from /home/vscode/.local/lib/python3.10/site-packages/airflow/example_dags/example_latest_only.py
[2026-09-17T01:20:16.142+0000] {processor.py:836} INFO - DAG(s) dict_keys(['latest_only']) retrieved from /home/vscode/.local/lib/python3.10/site-packages/airflow/example_dags/example_latest_only.py
[2026-09-17T01:20:16.155+0000] {logging_mixin.py:150} INFO - [2026-09-17T01:20:16.155+0000] {dag.py:2742} INFO - Sync 1 DAGs
[2026-09-17T01:20:16.170+0000] {logging_mixin.py:150} INFO - [2026-09-17T01:20:16.170+0000] {dag.py:3504} INFO - Setting next_dagrun for latest_only to 2026-09-16T21:20:16.169999+00:00, run_after=2026-09-17T01:20:16.169999+00:00
[2026-09-17T01:20:16.189+0000] {processor.py:179} INFO - Processing /home/vscode/.local/lib/python3.10/site-packages/airflow/example_dags/example_latest_only.py took 0.057 seconds
[2026-09-17T01:20:35.404+0000] {processor.py:157} INFO - Started process (PID=35604) to work on /home/vscode/.local/lib/python3.10/site-packages/airflow/example_dags/example_latest_only.py
[2026-09-17T01:20:35.405+0000] {processor.py:826} INFO - Processing file /home/vscode/.local/lib/python3.10/site-packages/airflow/example_dags/example_latest_only.py for tasks to queue
[2026-09-17T01:20:35.406+0000] {logging_mixin.py:150} INFO - [2026-09-17T01:20:35.405+0000] {dagbag.py:541} INFO - Filling up the DagBag from /home/vscode/.local/lib/python3.10/site-packages/airflow/example_dags/example_latest_only.py
[2026-09-17T01:20:35.411+0000] {processor.py:836} INFO - DAG(s) dict_keys(['latest_only']) retrieved from /home/vscode/.local/lib/python3.10/site-packages/airflow/example_dags/example_latest_only.py
[2026-09-17T01:20:35.427+0000] {logging_mixin.py:150} INFO - [2026-09-17T01:20:35.427+0000] {dag.py:2742} INFO - Sync 1 DAGs
[2026-09-17T01:20:35.446+0000] {logging_mixin.py:150} INFO - [2026-09-17T01:20:35.446+0000] {dag.py:3504} INFO - Setting next_dagrun for latest_only to 2026-09-16T21:20:35.446405+00:00, run_after=2026-09-17T01:20:35.446405+00:00
[2026-09-17T01:20:35.462+0000] {processor.py:179} INFO - Processing /home/vscode/.local/lib/python3.10/site-packages/airflow/example_dags/example_latest_only.py took 0.061 seconds
[2026-09-17T01:21:03.483+0000] {processor.py:157} INFO - Started process (PID=36007) to work on /home/vscode/.local/lib/python3.10/site-packages/airflow/example_dags/example_latest_only.py
[2026-09-17T01:21:03.486+0000] {processor.py:826} INFO - Processing file /home/vscode/.local/lib/python3.10/site-packages/airflow/example_dags/example_latest_only.py for tasks to queue
[2026-09-17T01:21:03.487+0000] {logging_mixin.py:150} INFO - [2026-09-17T01:21:03.487+0000] {dagbag.py:541} INFO - Filling up the DagBag from /home/vscode/.local/lib/python3.10/site-packages/airflow/example_dags/example_latest_only.py
[2026-09-17T01:21:03.502+0000] {processor.py:836} INFO - DAG(s) dict_keys(['latest_only']) retrieved from /home/vscode/.local/lib/python3.10/site-packages/airflow/example_dags/example_latest_only.py
[2026-09-17T01:21:03.598+0000] {logging_mixin.py:150} INFO - [2026-09-17T01:21:03.598+0000] {dag.py:2742} INFO - Sync 1 DAGs
[2026-09-17T01:21:03.637+0000] {logging_mixin.py:150} INFO - [2026-09-17T01:21:03.637+0000] {dag.py:3504} INFO - Setting next_dagrun for latest_only to 2026-09-16T21:21:03.637415+00:00, run_after=2026-09-17T01:21:03.637415+00:00
[2026-09-17T01:21:03.721+0000] {processor.py:179} INFO - Processing /home/vscode/.local/lib/python3.10/site-packages/airflow/example_dags/example_latest_only.py took 0.248 seconds
[2026-09-17T01:21:24.024+0000] {processor.py:157} INFO - Started process (PID=36257) to work on /home/vscode/.local/lib/python3.10/site-packages/airflow/example_dags/example_latest_only.py
[2026-09-17T01:21:24.025+0000] {processor.py:826} INFO - Processing file /home/vscode/.local/lib/python3.10/site-packages/airflow/example_dags/example_latest_only.py for tasks to queue
[2026-09-17T01:21:24.026+0000] {logging_mixin.py:150} INFO - [2026-09-17T01:21:24.026+0000] {dagbag.py:541} INFO - Filling up the DagBag from /home/vscode/.local/lib/python3.10/site-packages/airflow/example_dags/example_latest_only.py
[2026-09-17T01:21:24.033+0000] {processor.py:836} INFO - DAG(s) dict_keys(['latest_only']) retrieved from /home/vscode/.local/lib/python3.10/site-packages/airflow/example_dags/example_latest_only.py
[2026-09-17T01:21:24.050+0000] {logging_mixin.py:150} INFO - [2026-09-17T01:21:24.050+0000] {dag.py:2742} INFO - Sync 1 DAGs
[2026-09-17T01:21:24.071+0000] {logging_mixin.py:150} INFO - [2026-09-17T01:21:24.071+0000] {dag.py:3504} INFO - Setting next_dagrun for latest_only to 2026-09-16T21:21:24.071523+00:00, run_after=2026-09-17T01:21:24.071523+00:00
[2026-09-17T01:21:24.105+0000] {processor.py:179} INFO - Processing /home/vscode/.local/lib/python3.10/site-packages/airflow/example_dags/example_latest_only.py took 0.084 seconds
[2026-09-17T01:21:53.784+0000] {processor.py:157} INFO - Started process (PID=36635) to work on /home/vscode/.local/lib/python3.10/site-packages/airflow/example_dags/example_latest_only.py
[2026-09-17T01:21:53.785+0000] {processor.py:826} INFO - Processing file /home/vscode/.local/lib/python3.10/site-packages/airflow/example_dags/example_latest_only.py for tasks to queue
[2026-09-17T01:21:53.785+0000] {logging_mixin.py:150} INFO - [2026-09-17T01:21:53.785+0000] {dagbag.py:541} INFO - Filling up the DagBag from /home/vscode/.local/lib/python3.10/site-packages/airflow/example_dags/example_latest_only.py
[2026-09-17T01:21:53.791+0000] {processor.py:836} INFO - DAG(s) dict_keys(['latest_only']) retrieved from /home/vscode/.local/lib/python3.10/site-packages/airflow/example_dags/example_latest_only.py
[2026-09-17T01:21:53.806+0000] {logging_mixin.py:150} INFO - [2026-09-17T01:21:53.806+0000] {dag.py:2742} INFO - Sync 1 DAGs
[2026-09-17T01:21:53.820+0000] {logging_mixin.py:150} INFO - [2026-09-17T01:21:53.820+0000] {dag.py:3504} INFO - Setting next_dagrun for latest_only to 2026-09-16T21:21:53.820267+00:00, run_after=2026-09-17T01:21:53.820267+00:00
[2026-09-17T01:21:53.836+0000] {processor.py:179} INFO - Processing /home/vscode/.local/lib/python3.10/site-packages/airflow/example_dags/example_latest_only.py took 0.055 seconds
[2026-09-17T01:22:13.760+0000] {processor.py:157} INFO - Started process (PID=36882) to work on /home/vscode/.local/lib/python3.10/site-packages/airflow/example_dags/example_latest_only.py
[2026-09-17T01:22:13.761+0000] {processor.py:826} INFO - Processing file /home/vscode/.local/lib/python3.10/site-packages/airflow/example_dags/example_latest_only.py for tasks to queue
[2026-09-17T01:22:13.762+0000] {logging_mixin.py:150} INFO - [2026-09-17T01:22:13.761+0000] {dagbag.py:541} INFO - Filling up the DagBag from /home/vscode/.local/lib/python3.10/site-packages/airflow/example_dags/example_latest_only.py
[2026-09-17T01:22:13.766+0000] {processor.py:836} INFO - DAG(s) dict_keys(['latest_only']) retrieved from /home/vscode/.local/lib/python3.10/site-packages/airflow/example_dags/example_latest_only.py
[2026-09-17T01:22:13.778+0000] {logging_mixin.py:150} INFO - [2026-09-17T01:22:13.778+0000] {dag.py:2742} INFO - Sync 1 DAGs
[2026-09-17T01:22:13.799+0000] {logging_mixin.py:150} INFO - [2026-09-17T01:22:13.799+0000] {dag.py:3504} INFO - Setting next_dagrun for latest_only to 2026-09-16T21:22:13.798896+00:00, run_after=2026-09-17T01:22:13.798896+00:00
[2026-09-17T01:22:13.815+0000] {processor.py:179} INFO - Processing /home/vscode/.local/lib/python3.10/site-packages/airflow/example_dags/example_latest_only.py took 0.057 seconds
[2026-09-17T01:22:45.170+0000] {processor.py:157} INFO - Started process (PID=37278) to work on /home/vscode/.local/lib/python3.10/site-packages/airflow/example_dags/example_latest_only.py
[2026-09-17T01:22:45.171+0000] {processor.py:826} INFO - Processing file /home/vscode/.local/lib/python3.10/site-packages/airflow/example_dags/example_latest_only.py for tasks to queue
[2026-09-17T01:22:45.172+0000] {logging_mixin.py:150} INFO - [2026-09-17T01:22:45.172+0000] {dagbag.py:541} INFO - Filling up the DagBag from /home/vscode/.local/lib/python3.10/site-packages/airflow/example_dags/example_latest_only.py
[2026-09-17T01:22:45.180+0000] {processor.py:836} INFO - DAG(s) dict_keys(['latest_only']) retrieved from /home/vscode/.local/lib/python3.10/site-packages/airflow/example_dags/example_latest_only.py
[2026-09-17T01:22:45.202+0000] {logging_mixin.py:150} INFO - [2026-09-17T01:22:45.202+0000] {dag.py:2742} INFO - Sync 1 DAGs
[2026-09-17T01:22:45.220+0000] {logging_mixin.py:150} INFO - [2026-09-17T01:22:45.220+0000] {dag.py:3504} INFO - Setting next_dagrun for latest_only to 2026-09-16T21:22:45.220525+00:00, run_after=2026-09-17T01:22:45.220525+00:00
[2026-09-17T01:22:45.238+0000] {processor.py:179} INFO - Processing /home/vscode/.local/lib/python3.10/site-packages/airflow/example_dags/example_latest_only.py took 0.071 seconds
[2026-09-17T01:22:59.339+0000] {processor.py:157} INFO - Started process (PID=37393) to work on /home/vscode/.local/lib/python3.10/site-packages/airflow/example_dags/example_latest_only.py
[2026-09-17T01:22:59.340+0000] {processor.py:826} INFO - Processing file /home/vscode/.local/lib/python3.10/site-packages/airflow/example_dags/example_latest_only.py for tasks to queue
[2026-09-17T01:22:59.341+0000] {logging_mixin.py:150} INFO - [2026-09-17T01:22:59.341+0000] {dagbag.py:541} INFO - Filling up the DagBag from /home/vscode/.local/lib/python3.10/site-packages/airflow/example_dags/example_latest_only.py
[2026-09-17T01:22:59.348+0000] {processor.py:836} INFO - DAG(s) dict_keys(['latest_only']) retrieved from /home/vscode/.local/lib/python3.10/site-packages/airflow/example_dags/example_latest_only.py
[2026-09-17T01:22:59.371+0000] {logging_mixin.py:150} INFO - [2026-09-17T01:22:59.371+0000] {dag.py:2742} INFO - Sync 1 DAGs
[2026-09-17T01:22:59.395+0000] {logging_mixin.py:150} INFO - [2026-09-17T01:22:59.395+0000] {dag.py:3504} INFO - Setting next_dagrun for latest_only to 2026-09-16T21:22:59.394828+00:00, run_after=2026-09-17T01:22:59.394828+00:00
[2026-09-17T01:22:59.414+0000] {processor.py:179} INFO - Processing /home/vscode/.local/lib/python3.10/site-packages/airflow/example_dags/example_latest_only.py took 0.080 seconds
[2026-09-17T01:23:30.420+0000] {processor.py:157} INFO - Started process (PID=37707) to work on /home/vscode/.local/lib/python3.10/site-packages/airflow/example_dags/example_latest_only.py
[2026-09-17T01:23:30.421+0000] {processor.py:826} INFO - Processing file /home/vscode/.local/lib/python3.10/site-packages/airflow/example_dags/example_latest_only.py for tasks to queue
[2026-09-17T01:23:30.421+0000] {logging_mixin.py:150} INFO - [2026-09-17T01:23:30.421+0000] {dagbag.py:541} INFO - Filling up the DagBag from /home/vscode/.local/lib/python3.10/site-packages/airflow/example_dags/example_latest_only.py
[2026-09-17T01:23:30.428+0000] {processor.py:836} INFO - DAG(s) dict_keys(['latest_only']) retrieved from /home/vscode/.local/lib/python3.10/site-packages/airflow/example_dags/example_latest_only.py
[2026-09-17T01:23:30.440+0000] {logging_mixin.py:150} INFO - [2026-09-17T01:23:30.440+0000] {dag.py:2742} INFO - Sync 1 DAGs
[2026-09-17T01:23:30.454+0000] {logging_mixin.py:150} INFO - [2026-09-17T01:23:30.454+0000] {dag.py:3504} INFO - Setting next_dagrun for latest_only to 2026-09-16T21:23:30.454704+00:00, run_after=2026-09-17T01:23:30.454704+00:00
[2026-09-17T01:23:30.471+0000] {processor.py:179} INFO - Processing /home/vscode/.local/lib/python3.10/site-packages/airflow/example_dags/example_latest_only.py took 0.054 seconds
[2026-09-17T01:23:49.929+0000] {processor.py:157} INFO - Started process (PID=37856) to work on /home/vscode/.local/lib/python3.10/site-packages/airflow/example_dags/example_latest_only.py
[2026-09-17T01:23:49.929+0000] {processor.py:826} INFO - Processing file /home/vscode/.local/lib/python3.10/site-packages/airflow/example_dags/example_latest_only.py for tasks to queue
[2026-09-17T01:23:49.930+0000] {logging_mixin.py:150} INFO - [2026-09-17T01:23:49.930+0000] {dagbag.py:541} INFO - Filling up the DagBag from /home/vscode/.local/lib/python3.10/site-packages/airflow/example_dags/example_latest_only.py
[2026-09-17T01:23:49.935+0000] {processor.py:836} INFO - DAG(s) dict_keys(['latest_only']) retrieved from /home/vscode/.local/lib/python3.10/site-packages/airflow/example_dags/example_latest_only.py
[2026-09-17T01:23:49.947+0000] {logging_mixin.py:150} INFO - [2026-09-17T01:23:49.947+0000] {dag.py:2742} INFO - Sync 1 DAGs
[2026-09-17T01:23:49.961+0000] {logging_mixin.py:150} INFO - [2026-09-17T01:23:49.961+0000] {dag.py:3504} INFO - Setting next_dagrun for latest_only to 2026-09-16T21:23:49.961558+00:00, run_after=2026-09-17T01:23:49.961558+00:00
[2026-09-17T01:23:49.978+0000] {processor.py:179} INFO - Processing /home/vscode/.local/lib/python3.10/site-packages/airflow/example_dags/example_latest_only.py took 0.051 seconds
[2026-09-17T01:24:22.856+0000] {processor.py:157} INFO - Started process (PID=38293) to work on /home/vscode/.local/lib/python3.10/site-packages/airflow/example_dags/example_latest_only.py
[2026-09-17T01:24:22.856+0000] {processor.py:826} INFO - Processing file /home/vscode/.local/lib/python3.10/site-packages/airflow/example_dags/example_latest_only.py for tasks to queue
[2026-09-17T01:24:22.857+0000] {logging_mixin.py:150} INFO - [2026-09-17T01:24:22.857+0000] {dagbag.py:541} INFO - Filling up the DagBag from /home/vscode/.local/lib/python3.10/site-packages/airflow/example_dags/example_latest_only.py
[2026-09-17T01:24:22.862+0000] {processor.py:836} INFO - DAG(s) dict_keys(['latest_only']) retrieved from /home/vscode/.local/lib/python3.10/site-packages/airflow/example_dags/example_latest_only.py
[2026-09-17T01:24:22.873+0000] {logging_mixin.py:150} INFO - [2026-09-17T01:24:22.873+0000] {dag.py:2742} INFO - Sync 1 DAGs
[2026-09-17T01:24:22.894+0000] {logging_mixin.py:150} INFO - [2026-09-17T01:24:22.894+0000] {dag.py:3504} INFO - Setting next_dagrun for latest_only to 2026-09-16T21:24:22.894359+00:00, run_after=2026-09-17T01:24:22.894359+00:00
[2026-09-17T01:24:22.931+0000] {processor.py:179} INFO - Processing /home/vscode/.local/lib/python3.10/site-packages/airflow/example_dags/example_latest_only.py took 0.078 seconds
