[2026-09-17T00:55:35.121+0000] {processor.py:157} INFO - Started process (PID=22001) to work on /home/vscode/.local/lib/python3.10/site-packages/airflow/example_dags/example_setup_teardown.py
[2026-09-17T00:55:35.124+0000] {processor.py:826} INFO - Processing file /home/vscode/.local/lib/python3.10/site-packages/airflow/example_dags/example_setup_teardown.py for tasks to queue
[2026-09-17T00:55:35.126+0000] {logging_mixin.py:150} INFO - [2026-09-17T00:55:35.126+0000] {dagbag.py:541} INFO - Filling up the DagBag from /home/vscode/.local/lib/python3.10/site-packages/airflow/example_dags/example_setup_teardown.py
[2026-09-17T00:55:35.132+0000] {processor.py:838} WARNING - No viable dags retrieved from /home/vscode/.local/lib/python3.10/site-packages/airflow/example_dags/example_setup_teardown.py
[2026-09-17T00:55:35.162+0000] {processor.py:179} INFO - Processing /home/vscode/.local/lib/python3.10/site-packages/airflow/example_dags/example_setup_teardown.py took 0.048 seconds
[2026-09-17T00:56:05.153+0000] {processor.py:157} INFO - Started process (PID=22335) to work on /home/vscode/.local/lib/python3.10/site-packages/airflow/example_dags/example_setup_teardown.py
[2026-09-17T00:56:05.154+0000] {processor.py:826} INFO - Processing file /home/vscode/.local/lib/python3.10/site-packages/airflow/example_dags/example_setup_teardown.py for tasks to queue
[2026-09-17T00:56:05.155+0000] {logging_mixin.py:150} INFO - [2026-09-17T00:56:05.155+0000] {dagbag.py:541} INFO - Filling up the DagBag from /home/vscode/.local/lib/python3.10/site-packages/airflow/example_dags/example_setup_teardown.py
[2026-09-17T00:56:05.159+0000] {processor.py:838} WARNING - No viable dags retrieved from /home/vscode/.local/lib/python3.10/site-packages/airflow/example_dags/example_setup_teardown.py
[2026-09-17T00:56:05.199+0000] {processor.py:179} INFO - Processing /home/vscode/.local/lib/python3.10/site-packages/airflow/example_dags/example_setup_teardown.py took 0.055 seconds
[2026-09-17T00:56:30.039+0000] {processor.py:157} INFO - Started process (PID=22569) to work on /home/vscode/.local/lib/python3.10/site-packages/airflow/example_dags/example_setup_teardown.py
[2026-09-17T00:56:30.044+0000] {processor.py:826} INFO - Processing file /home/vscode/.local/lib/python3.10/site-packages/airflow/example_dags/example_setup_teardown.py for tasks to queue
[2026-09-17T00:56:30.045+0000] {logging_mixin.py:150} INFO - [2026-09-17T00:56:30.044+0000] {dagbag.py:541} INFO - Filling up the DagBag from /home/vscode/.local/lib/python3.10/site-packages/airflow/example_dags/example_setup_teardown.py
[2026-09-17T00:56:30.047+0000] {processor.py:838} WARNING - No viable dags retrieved from /home/vscode/.local/lib/python3.10/site-packages/airflow/example_dags/example_setup_teardown.py
[2026-09-17T00:56:30.058+0000] {processor.py:179} INFO - Processing /home/vscode/.local/lib/python3.10/site-packages/airflow/example_dags/example_setup_teardown.py took 0.028 seconds
[2026-09-17T00:56:52.801+0000] {processor.py:157} INFO - Started process (PID=22799) to work on /home/vscode/.local/lib/python3.10/site-packages/airflow/example_dags/example_setup_teardown.py
[2026-09-17T00:56:52.802+0000] {processor.py:826} INFO - Processing file /home/vscode/.local/lib/python3.10/site-packages/airflow/example_dags/example_setup_teardown.py for tasks to queue
[2026-09-17T00:56:52.803+0000] {logging_mixin.py:150} INFO - [2026-09-17T00:56:52.802+0000] {dagbag.py:541} INFO - Filling up the DagBag from /home/vscode/.local/lib/python3.10/site-packages/airflow/example_dags/example_setup_teardown.py
[2026-09-17T00:56:52.804+0000] {processor.py:838} WARNING - No viable dags retrieved from /home/vscode/.local/lib/python3.10/site-packages/airflow/example_dags/example_setup_teardown.py
[2026-09-17T00:56:52.812+0000] {processor.py:179} INFO - Processing /home/vscode/.local/lib/python3.10/site-packages/airflow/example_dags/example_setup_teardown.py took 0.013 seconds
[2026-09-17T00:57:19.594+0000] {processor.py:157} INFO - Started process (PID=22995) to work on /home/vscode/.local/lib/python3.10/site-packages/airflow/example_dags/example_setup_teardown.py
[2026-09-17T00:57:19.602+0000] {processor.py:826} INFO - Processing file /home/vscode/.local/lib/python3.10/site-packages/airflow/example_dags/example_setup_teardown.py for tasks to queue
[2026-09-17T00:57:19.603+0000] {logging_mixin.py:150} INFO - [2026-09-17T00:57:19.602+0000] {dagbag.py:541} INFO - Filling up the DagBag from /home/vscode/.local/lib/python3.10/site-packages/airflow/example_dags/example_setup_teardown.py
[2026-09-17T00:57:19.612+0000] {processor.py:838} WARNING - No viable dags retrieved from /home/vscode/.local/lib/python3.10/site-packages/airflow/example_dags/example_setup_teardown.py
[2026-09-17T00:57:19.657+0000] {processor.py:179} INFO - Processing /home/vscode/.local/lib/python3.10/site-packages/airflow/example_dags/example_setup_teardown.py took 0.078 seconds
[2026-09-17T00:57:42.404+0000] {processor.py:157} INFO - Started process (PID=23167) to work on /home/vscode/.local/lib/python3.10/site-packages/airflow/example_dags/example_setup_teardown.py
[2026-09-17T00:57:42.405+0000] {processor.py:826} INFO - Processing file /home/vscode/.local/lib/python3.10/site-packages/airflow/example_dags/example_setup_teardown.py for tasks to queue
[2026-09-17T00:57:42.405+0000] {logging_mixin.py:150} INFO - [2026-09-17T00:57:42.405+0000] {dagbag.py:541} INFO - Filling up the DagBag from /home/vscode/.local/lib/python3.10/site-packages/airflow/example_dags/example_setup_teardown.py
[2026-09-17T00:57:42.408+0000] {processor.py:838} WARNING - No viable dags retrieved from /home/vscode/.local/lib/python3.10/site-packages/airflow/example_dags/example_setup_teardown.py
[2026-09-17T00:57:42.418+0000] {processor.py:179} INFO - Processing /home/vscode/.local/lib/python3.10/site-packages/airflow/example_dags/example_setup_teardown.py took 0.017 seconds
[2026-09-17T00:58:10.098+0000] {processor.py:157} INFO - Started process (PID=23392) to work on /home/vscode/.local/lib/python3.10/site-packages/airflow/example_dags/example_setup_teardown.py
[2026-09-17T00:58:10.099+0000] {processor.py:826} INFO - Processing file /home/vscode/.local/lib/python3.10/site-packages/airflow/example_dags/example_setup_teardown.py for tasks to queue
[2026-09-17T00:58:10.100+0000] {logging_mixin.py:150} INFO - [2026-09-17T00:58:10.100+0000] {dagbag.py:541} INFO - Filling up the DagBag from /home/vscode/.local/lib/python3.10/site-packages/airflow/example_dags/example_setup_teardown.py
[2026-09-17T00:58:10.102+0000] {processor.py:838} WARNING - No viable dags retrieved from /home/vscode/.local/lib/python3.10/site-packages/airflow/example_dags/example_setup_teardown.py
[2026-09-17T00:58:10.110+0000] {processor.py:179} INFO - Processing /home/vscode/.local/lib/python3.10/site-packages/airflow/example_dags/example_setup_teardown.py took 0.016 seconds
[2026-09-17T00:58:33.308+0000] {processor.py:157} INFO - Started process (PID=23661) to work on /home/vscode/.local/lib/python3.10/site-packages/airflow/example_dags/example_setup_teardown.py
[2026-09-17T00:58:33.309+0000] {processor.py:826} INFO - Processing file /home/vscode/.local/lib/python3.10/site-packages/airflow/example_dags/example_setup_teardown.py for tasks to queue
[2026-09-17T00:58:33.310+0000] {logging_mixin.py:150} INFO - [2026-09-17T00:58:33.310+0000] {dagbag.py:541} INFO - Filling up the DagBag from /home/vscode/.local/lib/python3.10/site-packages/airflow/example_dags/example_setup_teardown.py
[2026-09-17T00:58:33.312+0000] {processor.py:838} WARNING - No viable dags retrieved from /home/vscode/.local/lib/python3.10/site-packages/airflow/example_dags/example_setup_teardown.py
[2026-09-17T00:58:33.325+0000] {processor.py:179} INFO - Processing /home/vscode/.local/lib/python3.10/site-packages/airflow/example_dags/example_setup_teardown.py took 0.021 seconds
[2026-09-17T00:58:57.779+0000] {processor.py:157} INFO - Started process (PID=23955) to work on /home/vscode/.local/lib/python3.10/site-packages/airflow/example_dags/example_setup_teardown.py
[2026-09-17T00:58:57.782+0000] {processor.py:826} INFO - Processing file /home/vscode/.local/lib/python3.10/site-packages/airflow/example_dags/example_setup_teardown.py for tasks to queue
[2026-09-17T00:58:57.782+0000] {logging_mixin.py:150} INFO - [2026-09-17T00:58:57.782+0000] {dagbag.py:541} INFO - Filling up the DagBag from /home/vscode/.local/lib/python3.10/site-packages/airflow/example_dags/example_setup_teardown.py
[2026-09-17T00:58:57.785+0000] {processor.py:838} WARNING - No viable dags retrieved from /home/vscode/.local/lib/python3.10/site-packages/airflow/example_dags/example_setup_teardown.py
[2026-09-17T00:58:57.802+0000] {processor.py:179} INFO - Processing /home/vscode/.local/lib/python3.10/site-packages/airflow/example_dags/example_setup_teardown.py took 0.026 seconds
[2026-09-17T00:59:29.782+0000] {processor.py:157} INFO - Started process (PID=24334) to work on /home/vscode/.local/lib/python3.10/site-packages/airflow/example_dags/example_setup_teardown.py
[2026-09-17T00:59:29.783+0000] {processor.py:826} INFO - Processing file /home/vscode/.local/lib/python3.10/site-packages/airflow/example_dags/example_setup_teardown.py for tasks to queue
[2026-09-17T00:59:29.784+0000] {logging_mixin.py:150} INFO - [2026-09-17T00:59:29.783+0000] {dagbag.py:541} INFO - Filling up the DagBag from /home/vscode/.local/lib/python3.10/site-packages/airflow/example_dags/example_setup_teardown.py
[2026-09-17T00:59:29.786+0000] {processor.py:838} WARNING - No viable dags retrieved from /home/vscode/.local/lib/python3.10/site-packages/airflow/example_dags/example_setup_teardown.py
[2026-09-17T00:59:29.797+0000] {processor.py:179} INFO - Processing /home/vscode/.local/lib/python3.10/site-packages/airflow/example_dags/example_setup_teardown.py took 0.019 seconds
[2026-09-17T00:59:49.399+0000] {processor.py:157} INFO - Started process (PID=24631) to work on /home/vscode/.local/lib/python3.10/site-packages/airflow/example_dags/example_setup_teardown.py
[2026-09-17T00:59:49.400+0000] {processor.py:826} INFO - Processing file /home/vscode/.local/lib/python3.10/site-packages/airflow/example_dags/example_setup_teardown.py for tasks to queue
[2026-09-17T00:59:49.401+0000] {logging_mixin.py:150} INFO - [2026-09-17T00:59:49.401+0000] {dagbag.py:541} INFO - Filling up the DagBag from /home/vscode/.local/lib/python3.10/site-packages/airflow/example_dags/example_setup_teardown.py
[2026-09-17T00:59:49.403+0000] {processor.py:838} WARNING - No viable dags retrieved from /home/vscode/.local/lib/python3.10/site-packages/airflow/example_dags/example_setup_teardown.py
[2026-09-17T00:59:49.417+0000] {processor.py:179} INFO - Processing /home/vscode/.local/lib/python3.10/site-packages/airflow/example_dags/example_setup_teardown.py took 0.021 seconds
[2026-09-17T01:00:20.176+0000] {processor.py:157} INFO - Started process (PID=25071) to work on /home/vscode/.local/lib/python3.10/site-packages/airflow/example_dags/example_setup_teardown.py
[2026-09-17T01:00:20.179+0000] {processor.py:826} INFO - Processing file /home/vscode/.local/lib/python3.10/site-packages/airflow/example_dags/example_setup_teardown.py for tasks to queue
[2026-09-17T01:00:20.181+0000] {logging_mixin.py:150} INFO - [2026-09-17T01:00:20.180+0000] {dagbag.py:541} INFO - Filling up the DagBag from /home/vscode/.local/lib/python3.10/site-packages/airflow/example_dags/example_setup_teardown.py
[2026-09-17T01:00:20.186+0000] {processor.py:838} WARNING - No viable dags retrieved from /home/vscode/.local/lib/python3.10/site-packages/airflow/example_dags/example_setup_teardown.py
[2026-09-17T01:00:20.231+0000] {processor.py:179} INFO - Processing /home/vscode/.local/lib/python3.10/site-packages/airflow/example_dags/example_setup_teardown.py took 0.067 seconds
[2026-09-17T01:00:43.343+0000] {processor.py:157} INFO - Started process (PID=25369) to work on /home/vscode/.local/lib/python3.10/site-packages/airflow/example_dags/example_setup_teardown.py
[2026-09-17T01:00:43.344+0000] {processor.py:826} INFO - Processing file /home/vscode/.local/lib/python3.10/site-packages/airflow/example_dags/example_setup_teardown.py for tasks to queue
[2026-09-17T01:00:43.344+0000] {logging_mixin.py:150} INFO - [2026-09-17T01:00:43.344+0000] {dagbag.py:541} INFO - Filling up the DagBag from /home/vscode/.local/lib/python3.10/site-packages/airflow/example_dags/example_setup_teardown.py
[2026-09-17T01:00:43.346+0000] {processor.py:838} WARNING - No viable dags retrieved from /home/vscode/.local/lib/python3.10/site-packages/airflow/example_dags/example_setup_teardown.py
[2026-09-17T01:00:43.354+0000] {processor.py:179} INFO - Processing /home/vscode/.local/lib/python3.10/site-packages/airflow/example_dags/example_setup_teardown.py took 0.013 seconds
[2026-09-17T01:01:10.439+0000] {processor.py:157} INFO - Started process (PID=25589) to work on /home/vscode/.local/lib/python3.10/site-packages/airflow/example_dags/example_setup_teardown.py
[2026-09-17T01:01:10.439+0000] {processor.py:826} INFO - Processing file /home/vscode/.local/lib/python3.10/site-packages/airflow/example_dags/example_setup_teardown.py for tasks to queue
[2026-09-17T01:01:10.440+0000] {logging_mixin.py:150} INFO - [2026-09-17T01:01:10.440+0000] {dagbag.py:541} INFO - Filling up the DagBag from /home/vscode/.local/lib/python3.10/site-packages/airflow/example_dags/example_setup_teardown.py
[2026-09-17T01:01:10.442+0000] {processor.py:838} WARNING - No viable dags retrieved from /home/vscode/.local/lib/python3.10/site-packages/airflow/example_dags/example_setup_teardown.py
[2026-09-17T01:01:10.450+0000] {processor.py:179} INFO - Processing /home/vscode/.local/lib/python3.10/site-packages/airflow/example_dags/example_setup_teardown.py took 0.014 seconds
[2026-09-17T01:01:35.290+0000] {processor.py:157} INFO - Started process (PID=25801) to work on /home/vscode/.local/lib/python3.10/site-packages/airflow/example_dags/example_setup_teardown.py
[2026-09-17T01:01:35.291+0000] {processor.py:826} INFO - Processing file /home/vscode/.local/lib/python3.10/site-packages/airflow/example_dags/example_setup_teardown.py for tasks to queue
[2026-09-17T01:01:35.291+0000] {logging_mixin.py:150} INFO - [2026-09-17T01:01:35.291+0000] {dagbag.py:541} INFO - Filling up the DagBag from /home/vscode/.local/lib/python3.10/site-packages/airflow/example_dags/example_setup_teardown.py
[2026-09-17T01:01:35.294+0000] {processor.py:838} WARNING - No viable dags retrieved from /home/vscode/.local/lib/python3.10/site-packages/airflow/example_dags/example_setup_teardown.py
[2026-09-17T01:01:35.304+0000] {processor.py:179} INFO - Processing /home/vscode/.local/lib/python3.10/site-packages/airflow/example_dags/example_setup_teardown.py took 0.018 seconds
[2026-09-17T01:01:57.681+0000] {processor.py:157} INFO - Started process (PID=25981) to work on /home/vscode/.local/lib/python3.10/site-packages/airflow/example_dags/example_setup_teardown.py
[2026-09-17T01:01:57.682+0000] {processor.py:826} INFO - Processing file /home/vscode/.local/lib/python3.10/site-packages/airflow/example_dags/example_setup_teardown.py for tasks to queue
[2026-09-17T01:01:57.682+0000] {logging_mixin.py:150} INFO - [2026-09-17T01:01:57.682+0000] {dagbag.py:541} INFO - Filling up the DagBag from /home/vscode/.local/lib/python3.10/site-packages/airflow/example_dags/example_setup_teardown.py
[2026-09-17T01:01:57.685+0000] {processor.py:838} WARNING - No viable dags retrieved from /home/vscode/.local/lib/python3.10/site-packages/airflow/example_dags/example_setup_teardown.py
[2026-09-17T01:01:57.695+0000] {processor.py:179} INFO - Processing /home/vscode/.local/lib/python3.10/site-packages/airflow/example_dags/example_setup_teardown.py took 0.017 seconds
[2026-09-17T01:02:28.045+0000] {processor.py:157} INFO - Started process (PID=26238) to work on /home/vscode/.local/lib/python3.10/site-packages/airflow/example_dags/example_setup_teardown.py
[2026-09-17T01:02:28.046+0000] {processor.py:826} INFO - Processing file /home/vscode/.local/lib/python3.10/site-packages/airflow/example_dags/example_setup_teardown.py for tasks to queue
[2026-09-17T01:02:28.047+0000] {logging_mixin.py:150} INFO - [2026-09-17T01:02:28.046+0000] {dagbag.py:541} INFO - Filling up the DagBag from /home/vscode/.local/lib/python3.10/site-packages/airflow/example_dags/example_setup_teardown.py
[2026-09-17T01:02:28.049+0000] {processor.py:838} WARNING - No viable dags retrieved from /home/vscode/.local/lib/python3.10/site-packages/airflow/example_dags/example_setup_teardown.py
[2026-09-17T01:02:28.060+0000] {processor.py:179} INFO - Processing /home/vscode/.local/lib/python3.10/site-packages/airflow/example_dags/example_setup_teardown.py took 0.018 seconds
[2026-09-17T01:02:41.576+0000] {processor.py:157} INFO - Started process (PID=26354) to work on /home/vscode/.local/lib/python3.10/site-packages/airflow/example_dags/example_setup_teardown.py
[2026-09-17T01:02:41.577+0000] {processor.py:826} INFO - Processing file /home/vscode/.local/lib/python3.10/site-packages/airflow/example_dags/example_setup_teardown.py for tasks to queue
[2026-09-17T01:02:41.577+0000] {logging_mixin.py:150} INFO - [2026-09-17T01:02:41.577+0000] {dagbag.py:541} INFO - Filling up the DagBag from /home/vscode/.local/lib/python3.10/site-packages/airflow/example_dags/example_setup_teardown.py
[2026-09-17T01:02:41.579+0000] {processor.py:838} WARNING - No viable dags retrieved from /home/vscode/.local/lib/python3.10/site-packages/airflow/example_dags/example_setup_teardown.py
[2026-09-17T01:02:41.589+0000] {processor.py:179} INFO - Processing /home/vscode/.local/lib/python3.10/site-packages/airflow/example_dags/example_setup_teardown.py took 0.016 seconds
[2026-09-17T01:03:22.286+0000] {processor.py:157} INFO - Started process (PID=26704) to work on /home/vscode/.local/lib/python3.10/site-packages/airflow/example_dags/example_setup_teardown.py
[2026-09-17T01:03:22.286+0000] {processor.py:826} INFO - Processing file /home/vscode/.local/lib/python3.10/site-packages/airflow/example_dags/example_setup_teardown.py for tasks to queue
[2026-09-17T01:03:22.287+0000] {logging_mixin.py:150} INFO - [2026-09-17T01:03:22.287+0000] {dagbag.py:541} INFO - Filling up the DagBag from /home/vscode/.local/lib/python3.10/site-packages/airflow/example_dags/example_setup_teardown.py
[2026-09-17T01:03:22.289+0000] {processor.py:838} WARNING - No viable dags retrieved from /home/vscode/.local/lib/python3.10/site-packages/airflow/example_dags/example_setup_teardown.py
[2026-09-17T01:03:22.296+0000] {processor.py:179} INFO - Processing /home/vscode/.local/lib/python3.10/site-packages/airflow/example_dags/example_setup_teardown.py took 0.013 seconds
[2026-09-17T01:03:29.865+0000] {processor.py:157} INFO - Started process (PID=26774) to work on /home/vscode/.local/lib/python3.10/site-packages/airflow/example_dags/example_setup_teardown.py
[2026-09-17T01:03:29.866+0000] {processor.py:826} INFO - Processing file /home/vscode/.local/lib/python3.10/site-packages/airflow/example_dags/example_setup_teardown.py for tasks to queue
[2026-09-17T01:03:29.867+0000] {logging_mixin.py:150} INFO - [2026-09-17T01:03:29.867+0000] {dagbag.py:541} INFO - Filling up the DagBag from /home/vscode/.local/lib/python3.10/site-packages/airflow/example_dags/example_setup_teardown.py
[2026-09-17T01:03:29.869+0000] {processor.py:838} WARNING - No viable dags retrieved from /home/vscode/.local/lib/python3.10/site-packages/airflow/example_dags/example_setup_teardown.py
[2026-09-17T01:03:29.877+0000] {processor.py:179} INFO - Processing /home/vscode/.local/lib/python3.10/site-packages/airflow/example_dags/example_setup_teardown.py took 0.014 seconds
[2026-09-17T01:04:10.994+0000] {processor.py:157} INFO - Started process (PID=27122) to work on /home/vscode/.local/lib/python3.10/site-packages/airflow/example_dags/example_setup_teardown.py
[2026-09-17T01:04:10.995+0000] {processor.py:826} INFO - Processing file /home/vscode/.local/lib/python3.10/site-packages/airflow/example_dags/example_setup_teardown.py for tasks to queue
[2026-09-17T01:04:10.996+0000] {logging_mixin.py:150} INFO - [2026-09-17T01:04:10.996+0000] {dagbag.py:541} INFO - Filling up the DagBag from /home/vscode/.local/lib/python3.10/site-packages/airflow/example_dags/example_setup_teardown.py
[2026-09-17T01:04:10.998+0000] {processor.py:838} WARNING - No viable dags retrieved from /home/vscode/.local/lib/python3.10/site-packages/airflow/example_dags/example_setup_teardown.py
[2026-09-17T01:04:11.007+0000] {processor.py:179} INFO - Processing /home/vscode/.local/lib/python3.10/site-packages/airflow/example_dags/example_setup_teardown.py took 0.016 seconds
[2026-09-17T01:04:21.875+0000] {processor.py:157} INFO - Started process (PID=27211) to work on /home/vscode/.local/lib/python3.10/site-packages/airflow/example_dags/example_setup_teardown.py
[2026-09-17T01:04:21.876+0000] {processor.py:826} INFO - Processing file /home/vscode/.local/lib/python3.10/site-packages/airflow/example_dags/example_setup_teardown.py for tasks to queue
[2026-09-17T01:04:21.877+0000] {logging_mixin.py:150} INFO - [2026-09-17T01:04:21.876+0000] {dagbag.py:541} INFO - Filling up the DagBag from /home/vscode/.local/lib/python3.10/site-packages/airflow/example_dags/example_setup_teardown.py
[2026-09-17T01:04:21.878+0000] {processor.py:838} WARNING - No viable dags retrieved from /home/vscode/.local/lib/python3.10/site-packages/airflow/example_dags/example_setup_teardown.py
[2026-09-17T01:04:21.887+0000] {processor.py:179} INFO - Processing /home/vscode/.local/lib/python3.10/site-packages/airflow/example_dags/example_setup_teardown.py took 0.015 seconds
[2026-09-17T01:04:59.647+0000] {processor.py:157} INFO - Started process (PID=27525) to work on /home/vscode/.local/lib/python3.10/site-packages/airflow/example_dags/example_setup_teardown.py
[2026-09-17T01:04:59.648+0000] {processor.py:826} INFO - Processing file /home/vscode/.local/lib/python3.10/site-packages/airflow/example_dags/example_setup_teardown.py for tasks to queue
[2026-09-17T01:04:59.649+0000] {logging_mixin.py:150} INFO - [2026-09-17T01:04:59.648+0000] {dagbag.py:541} INFO - Filling up the DagBag from /home/vscode/.local/lib/python3.10/site-packages/airflow/example_dags/example_setup_teardown.py
[2026-09-17T01:04:59.650+0000] {processor.py:838} WARNING - No viable dags retrieved from /home/vscode/.local/lib/python3.10/site-packages/airflow/example_dags/example_setup_teardown.py
[2026-09-17T01:04:59.658+0000] {processor.py:179} INFO - Processing /home/vscode/.local/lib/python3.10/site-packages/airflow/example_dags/example_setup_teardown.py took 0.013 seconds
[2026-09-17T01:05:11.747+0000] {processor.py:157} INFO - Started process (PID=27626) to work on /home/vscode/.local/lib/python3.10/site-packages/airflow/example_dags/example_setup_teardown.py
[2026-09-17T01:05:11.747+0000] {processor.py:826} INFO - Processing file /home/vscode/.local/lib/python3.10/site-packages/airflow/example_dags/example_setup_teardown.py for tasks to queue
[2026-09-17T01:05:11.748+0000] {logging_mixin.py:150} INFO - [2026-09-17T01:05:11.748+0000] {dagbag.py:541} INFO - Filling up the DagBag from /home/vscode/.local/lib/python3.10/site-packages/airflow/example_dags/example_setup_teardown.py
[2026-09-17T01:05:11.750+0000] {processor.py:838} WARNING - No viable dags retrieved from /home/vscode/.local/lib/python3.10/site-packages/airflow/example_dags/example_setup_teardown.py
[2026-09-17T01:05:11.757+0000] {processor.py:179} INFO - Processing /home/vscode/.local/lib/python3.10/site-packages/airflow/example_dags/example_setup_teardown.py took 0.013 seconds
[2026-09-17T01:05:47.540+0000] {processor.py:157} INFO - Started process (PID=27976) to work on /home/vscode/.local/lib/python3.10/site-packages/airflow/example_dags/example_setup_teardown.py
[2026-09-17T01:05:47.540+0000] {processor.py:826} INFO - Processing file /home/vscode/.local/lib/python3.10/site-packages/airflow/example_dags/example_setup_teardown.py for tasks to queue
[2026-09-17T01:05:47.541+0000] {logging_mixin.py:150} INFO - [2026-09-17T01:05:47.541+0000] {dagbag.py:541} INFO - Filling up the DagBag from /home/vscode/.local/lib/python3.10/site-packages/airflow/example_dags/example_setup_teardown.py
[2026-09-17T01:05:47.543+0000] {processor.py:838} WARNING - No viable dags retrieved from /home/vscode/.local/lib/python3.10/site-packages/airflow/example_dags/example_setup_teardown.py
[2026-09-17T01:05:47.551+0000] {processor.py:179} INFO - Processing /home/vscode/.local/lib/python3.10/site-packages/airflow/example_dags/example_setup_teardown.py took 0.014 seconds
[2026-09-17T01:06:02.461+0000] {processor.py:157} INFO - Started process (PID=28095) to work on /home/vscode/.local/lib/python3.10/site-packages/airflow/example_dags/example_setup_teardown.py
[2026-09-17T01:06:02.462+0000] {processor.py:826} INFO - Processing file /home/vscode/.local/lib/python3.10/site-packages/airflow/example_dags/example_setup_teardown.py for tasks to queue
[2026-09-17T01:06:02.463+0000] {logging_mixin.py:150} INFO - [2026-09-17T01:06:02.462+0000] {dagbag.py:541} INFO - Filling up the DagBag from /home/vscode/.local/lib/python3.10/site-packages/airflow/example_dags/example_setup_teardown.py
[2026-09-17T01:06:02.465+0000] {processor.py:838} WARNING - No viable dags retrieved from /home/vscode/.local/lib/python3.10/site-packages/airflow/example_dags/example_setup_teardown.py
[2026-09-17T01:06:02.480+0000] {processor.py:179} INFO - Processing /home/vscode/.local/lib/python3.10/site-packages/airflow/example_dags/example_setup_teardown.py took 0.023 seconds
[2026-09-17T01:06:38.930+0000] {processor.py:157} INFO - Started process (PID=28398) to work on /home/vscode/.local/lib/python3.10/site-packages/airflow/example_dags/example_setup_teardown.py
[2026-09-17T01:06:38.931+0000] {processor.py:826} INFO - Processing file /home/vscode/.local/lib/python3.10/site-packages/airflow/example_dags/example_setup_teardown.py for tasks to queue
[2026-09-17T01:06:38.932+0000] {logging_mixin.py:150} INFO - [2026-09-17T01:06:38.931+0000] {dagbag.py:541} INFO - Filling up the DagBag from /home/vscode/.local/lib/python3.10/site-packages/airflow/example_dags/example_setup_teardown.py
[2026-09-17T01:06:38.933+0000] {processor.py:838} WARNING - No viable dags retrieved from /home/vscode/.local/lib/python3.10/site-packages/airflow/example_dags/example_setup_teardown.py
[2026-09-17T01:06:38.941+0000] {processor.py:179} INFO - Processing /home/vscode/.local/lib/python3.10/site-packages/airflow/example_dags/example_setup_teardown.py took 0.013 seconds
[2026-09-17T01:06:50.682+0000] {processor.py:157} INFO - Started process (PID=28503) to work on /home/vscode/.local/lib/python3.10/site-packages/airflow/example_dags/example_setup_teardown.py
[2026-09-17T01:06:50.682+0000] {processor.py:826} INFO - Processing file /home/vscode/.local/lib/python3.10/site-packages/airflow/example_dags/example_setup_teardown.py for tasks to queue
[2026-09-17T01:06:50.683+0000] {logging_mixin.py:150} INFO - [2026-09-17T01:06:50.683+0000] {dagbag.py:541} INFO - Filling up the DagBag from /home/vscode/.local/lib/python3.10/site-packages/airflow/example_dags/example_setup_teardown.py
[2026-09-17T01:06:50.685+0000] {processor.py:838} WARNING - No viable dags retrieved from /home/vscode/.local/lib/python3.10/site-packages/airflow/example_dags/example_setup_teardown.py
[2026-09-17T01:06:50.693+0000] {processor.py:179} INFO - Processing /home/vscode/.local/lib/python3.10/site-packages/airflow/example_dags/example_setup_teardown.py took 0.015 seconds
[2026-09-17T01:07:27.311+0000] {processor.py:157} INFO - Started process (PID=28811) to work on /home/vscode/.local/lib/python3.10/site-packages/airflow/example_dags/example_setup_teardown.py
[2026-09-17T01:07:27.312+0000] {processor.py:826} INFO - Processing file /home/vscode/.local/lib/python3.10/site-packages/airflow/example_dags/example_setup_teardown.py for tasks to queue
[2026-09-17T01:07:27.313+0000] {logging_mixin.py:150} INFO - [2026-09-17T01:07:27.313+0000] {dagbag.py:541} INFO - Filling up the DagBag from /home/vscode/.local/lib/python3.10/site-packages/airflow/example_dags/example_setup_teardown.py
[2026-09-17T01:07:27.315+0000] {processor.py:838} WARNING - No viable dags retrieved from /home/vscode/.local/lib/python3.10/site-packages/airflow/example_dags/example_setup_teardown.py
[2026-09-17T01:07:27.324+0000] {processor.py:179} INFO - Processing /home/vscode/.local/lib/python3.10/site-packages/airflow/example_dags/example_setup_teardown.py took 0.015 seconds
[2026-09-17T01:07:42.310+0000] {processor.py:157} INFO - Started process (PID=28936) to work on /home/vscode/.local/lib/python3.10/site-packages/airflow/example_dags/example_setup_teardown.py
[2026-09-17T01:07:42.311+0000] {processor.py:826} INFO - Processing file /home/vscode/.local/lib/python3.10/site-packages/airflow/example_dags/example_setup_teardown.py for tasks to queue
[2026-09-17T01:07:42.312+0000] {logging_mixin.py:150} INFO - [2026-09-17T01:07:42.311+0000] {dagbag.py:541} INFO - Filling up the DagBag from /home/vscode/.local/lib/python3.10/site-packages/airflow/example_dags/example_setup_teardown.py
[2026-09-17T01:07:42.314+0000] {processor.py:838} WARNING - No viable dags retrieved from /home/vscode/.local/lib/python3.10/site-packages/airflow/example_dags/example_setup_teardown.py
[2026-09-17T01:07:42.326+0000] {processor.py:179} INFO - Processing /home/vscode/.local/lib/python3.10/site-packages/airflow/example_dags/example_setup_teardown.py took 0.021 seconds
[2026-09-17T01:08:17.581+0000] {processor.py:157} INFO - Started process (PID=29234) to work on /home/vscode/.local/lib/python3.10/site-packages/airflow/example_dags/example_setup_teardown.py
[2026-09-17T01:08:17.582+0000] {processor.py:826} INFO - Processing file /home/vscode/.local/lib/python3.10/site-packages/airflow/example_dags/example_setup_teardown.py for tasks to queue
[2026-09-17T01:08:17.583+0000] {logging_mixin.py:150} INFO - [2026-09-17T01:08:17.583+0000] {dagbag.py:541} INFO - Filling up the DagBag from /home/vscode/.local/lib/python3.10/site-packages/airflow/example_dags/example_setup_teardown.py
[2026-09-17T01:08:17.586+0000] {processor.py:838} WARNING - No viable dags retrieved from /home/vscode/.local/lib/python3.10/site-packages/airflow/example_dags/example_setup_teardown.py
[2026-09-17T01:08:17.601+0000] {processor.py:179} INFO - Processing /home/vscode/.local/lib/python3.10/site-packages/airflow/example_dags/example_setup_teardown.py took 0.022 seconds
[2026-09-17T01:08:32.016+0000] {processor.py:157} INFO - Started process (PID=29361) to work on /home/vscode/.local/lib/python3.10/site-packages/airflow/example_dags/example_setup_teardown.py
[2026-09-17T01:08:32.017+0000] {processor.py:826} INFO - Processing file /home/vscode/.local/lib/python3.10/site-packages/airflow/example_dags/example_setup_teardown.py for tasks to queue
[2026-09-17T01:08:32.020+0000] {logging_mixin.py:150} INFO - [2026-09-17T01:08:32.020+0000] {dagbag.py:541} INFO - Filling up the DagBag from /home/vscode/.local/lib/python3.10/site-packages/airflow/example_dags/example_setup_teardown.py
[2026-09-17T01:08:32.024+0000] {processor.py:838} WARNING - No viable dags retrieved from /home/vscode/.local/lib/python3.10/site-packages/airflow/example_dags/example_setup_teardown.py
[2026-09-17T01:08:32.039+0000] {processor.py:179} INFO - Processing /home/vscode/.local/lib/python3.10/site-packages/airflow/example_dags/example_setup_teardown.py took 0.029 seconds
[2026-09-17T01:09:05.784+0000] {processor.py:157} INFO - Started process (PID=29655) to work on /home/vscode/.local/lib/python3.10/site-packages/airflow/example_dags/example_setup_teardown.py
[2026-09-17T01:09:05.787+0000] {processor.py:826} INFO - Processing file /home/vscode/.local/lib/python3.10/site-packages/airflow/example_dags/example_setup_teardown.py for tasks to queue
[2026-09-17T01:09:05.788+0000] {logging_mixin.py:150} INFO - [2026-09-17T01:09:05.788+0000] {dagbag.py:541} INFO - Filling up the DagBag from /home/vscode/.local/lib/python3.10/site-packages/airflow/example_dags/example_setup_teardown.py
[2026-09-17T01:09:05.792+0000] {processor.py:838} WARNING - No viable dags retrieved from /home/vscode/.local/lib/python3.10/site-packages/airflow/example_dags/example_setup_teardown.py
[2026-09-17T01:09:05.817+0000] {processor.py:179} INFO - Processing /home/vscode/.local/lib/python3.10/site-packages/airflow/example_dags/example_setup_teardown.py took 0.036 seconds
[2026-09-17T01:09:18.233+0000] {processor.py:157} INFO - Started process (PID=29755) to work on /home/vscode/.local/lib/python3.10/site-packages/airflow/example_dags/example_setup_teardown.py
[2026-09-17T01:09:18.233+0000] {processor.py:826} INFO - Processing file /home/vscode/.local/lib/python3.10/site-packages/airflow/example_dags/example_setup_teardown.py for tasks to queue
[2026-09-17T01:09:18.234+0000] {logging_mixin.py:150} INFO - [2026-09-17T01:09:18.234+0000] {dagbag.py:541} INFO - Filling up the DagBag from /home/vscode/.local/lib/python3.10/site-packages/airflow/example_dags/example_setup_teardown.py
[2026-09-17T01:09:18.236+0000] {processor.py:838} WARNING - No viable dags retrieved from /home/vscode/.local/lib/python3.10/site-packages/airflow/example_dags/example_setup_teardown.py
[2026-09-17T01:09:18.244+0000] {processor.py:179} INFO - Processing /home/vscode/.local/lib/python3.10/site-packages/airflow/example_dags/example_setup_teardown.py took 0.014 seconds
[2026-09-17T01:09:57.032+0000] {processor.py:157} INFO - Started process (PID=30095) to work on /home/vscode/.local/lib/python3.10/site-packages/airflow/example_dags/example_setup_teardown.py
[2026-09-17T01:09:57.033+0000] {processor.py:826} INFO - Processing file /home/vscode/.local/lib/python3.10/site-packages/airflow/example_dags/example_setup_teardown.py for tasks to queue
[2026-09-17T01:09:57.034+0000] {logging_mixin.py:150} INFO - [2026-09-17T01:09:57.034+0000] {dagbag.py:541} INFO - Filling up the DagBag from /home/vscode/.local/lib/python3.10/site-packages/airflow/example_dags/example_setup_teardown.py
[2026-09-17T01:09:57.036+0000] {processor.py:838} WARNING - No viable dags retrieved from /home/vscode/.local/lib/python3.10/site-packages/airflow/example_dags/example_setup_teardown.py
[2026-09-17T01:09:57.043+0000] {processor.py:179} INFO - Processing /home/vscode/.local/lib/python3.10/site-packages/airflow/example_dags/example_setup_teardown.py took 0.014 seconds
[2026-09-17T01:10:04.807+0000] {processor.py:157} INFO - Started process (PID=30148) to work on /home/vscode/.local/lib/python3.10/site-packages/airflow/example_dags/example_setup_teardown.py
[2026-09-17T01:10:04.808+0000] {processor.py:826} INFO - Processing file /home/vscode/.local/lib/python3.10/site-packages/airflow/example_dags/example_setup_teardown.py for tasks to queue
[2026-09-17T01:10:04.809+0000] {logging_mixin.py:150} INFO - [2026-09-17T01:10:04.808+0000] {dagbag.py:541} INFO - Filling up the DagBag from /home/vscode/.local/lib/python3.10/site-packages/airflow/example_dags/example_setup_teardown.py
[2026-09-17T01:10:04.810+0000] {processor.py:838} WARNING - No viable dags retrieved from /home/vscode/.local/lib/python3.10/site-packages/airflow/example_dags/example_setup_teardown.py
[2026-09-17T01:10:04.818+0000] {processor.py:179} INFO - Processing /home/vscode/.local/lib/python3.10/site-packages/airflow/example_dags/example_setup_teardown.py took 0.013 seconds
[2026-09-17T01:10:47.600+0000] {processor.py:157} INFO - Started process (PID=30558) to work on /home/vscode/.local/lib/python3.10/site-packages/airflow/example_dags/example_setup_teardown.py
[2026-09-17T01:10:47.600+0000] {processor.py:826} INFO - Processing file /home/vscode/.local/lib/python3.10/site-packages/airflow/example_dags/example_setup_teardown.py for tasks to queue
[2026-09-17T01:10:47.601+0000] {logging_mixin.py:150} INFO - [2026-09-17T01:10:47.601+0000] {dagbag.py:541} INFO - Filling up the DagBag from /home/vscode/.local/lib/python3.10/site-packages/airflow/example_dags/example_setup_teardown.py
[2026-09-17T01:10:47.603+0000] {processor.py:838} WARNING - No viable dags retrieved from /home/vscode/.local/lib/python3.10/site-packages/airflow/example_dags/example_setup_teardown.py
[2026-09-17T01:10:47.611+0000] {processor.py:179} INFO - Processing /home/vscode/.local/lib/python3.10/site-packages/airflow/example_dags/example_setup_teardown.py took 0.014 seconds
[2026-09-17T01:10:53.569+0000] {processor.py:157} INFO - Started process (PID=30605) to work on /home/vscode/.local/lib/python3.10/site-packages/airflow/example_dags/example_setup_teardown.py
[2026-09-17T01:10:53.570+0000] {processor.py:826} INFO - Processing file /home/vscode/.local/lib/python3.10/site-packages/airflow/example_dags/example_setup_teardown.py for tasks to queue
[2026-09-17T01:10:53.570+0000] {logging_mixin.py:150} INFO - [2026-09-17T01:10:53.570+0000] {dagbag.py:541} INFO - Filling up the DagBag from /home/vscode/.local/lib/python3.10/site-packages/airflow/example_dags/example_setup_teardown.py
[2026-09-17T01:10:53.572+0000] {processor.py:838} WARNING - No viable dags retrieved from /home/vscode/.local/lib/python3.10/site-packages/airflow/example_dags/example_setup_teardown.py
[2026-09-17T01:10:53.580+0000] {processor.py:179} INFO - Processing /home/vscode/.local/lib/python3.10/site-packages/airflow/example_dags/example_setup_teardown.py took 0.013 seconds
[2026-09-17T01:11:35.544+0000] {processor.py:157} INFO - Started process (PID=30967) to work on /home/vscode/.local/lib/python3.10/site-packages/airflow/example_dags/example_setup_teardown.py
[2026-09-17T01:11:35.545+0000] {processor.py:826} INFO - Processing file /home/vscode/.local/lib/python3.10/site-packages/airflow/example_dags/example_setup_teardown.py for tasks to queue
[2026-09-17T01:11:35.546+0000] {logging_mixin.py:150} INFO - [2026-09-17T01:11:35.546+0000] {dagbag.py:541} INFO - Filling up the DagBag from /home/vscode/.local/lib/python3.10/site-packages/airflow/example_dags/example_setup_teardown.py
[2026-09-17T01:11:35.549+0000] {processor.py:838} WARNING - No viable dags retrieved from /home/vscode/.local/lib/python3.10/site-packages/airflow/example_dags/example_setup_teardown.py
[2026-09-17T01:11:35.559+0000] {processor.py:179} INFO - Processing /home/vscode/.local/lib/python3.10/site-packages/airflow/example_dags/example_setup_teardown.py took 0.019 seconds
[2026-09-17T01:11:44.011+0000] {processor.py:157} INFO - Started process (PID=31036) to work on /home/vscode/.local/lib/python3.10/site-packages/airflow/example_dags/example_setup_teardown.py
[2026-09-17T01:11:44.012+0000] {processor.py:826} INFO - Processing file /home/vscode/.local/lib/python3.10/site-packages/airflow/example_dags/example_setup_teardown.py for tasks to queue
[2026-09-17T01:11:44.013+0000] {logging_mixin.py:150} INFO - [2026-09-17T01:11:44.013+0000] {dagbag.py:541} INFO - Filling up the DagBag from /home/vscode/.local/lib/python3.10/site-packages/airflow/example_dags/example_setup_teardown.py
[2026-09-17T01:11:44.015+0000] {processor.py:838} WARNING - No viable dags retrieved from /home/vscode/.local/lib/python3.10/site-packages/airflow/example_dags/example_setup_teardown.py
[2026-09-17T01:11:44.022+0000] {processor.py:179} INFO - Processing /home/vscode/.local/lib/python3.10/site-packages/airflow/example_dags/example_setup_teardown.py took 0.014 seconds
[2026-09-17T01:12:26.799+0000] {processor.py:157} INFO - Started process (PID=31403) to work on /home/vscode/.local/lib/python3.10/site-packages/airflow/example_dags/example_setup_teardown.py
[2026-09-17T01:12:26.800+0000] {processor.py:826} INFO - Processing file /home/vscode/.local/lib/python3.10/site-packages/airflow/example_dags/example_setup_teardown.py for tasks to queue
[2026-09-17T01:12:26.801+0000] {logging_mixin.py:150} INFO - [2026-09-17T01:12:26.801+0000] {dagbag.py:541} INFO - Filling up the DagBag from /home/vscode/.local/lib/python3.10/site-packages/airflow/example_dags/example_setup_teardown.py
[2026-09-17T01:12:26.804+0000] {processor.py:838} WARNING - No viable dags retrieved from /home/vscode/.local/lib/python3.10/site-packages/airflow/example_dags/example_setup_teardown.py
[2026-09-17T01:12:26.816+0000] {processor.py:179} INFO - Processing /home/vscode/.local/lib/python3.10/site-packages/airflow/example_dags/example_setup_teardown.py took 0.020 seconds
[2026-09-17T01:12:33.333+0000] {processor.py:157} INFO - Started process (PID=31458) to work on /home/vscode/.local/lib/python3.10/site-packages/airflow/example_dags/example_setup_teardown.py
[2026-09-17T01:12:33.334+0000] {processor.py:826} INFO - Processing file /home/vscode/.local/lib/python3.10/site-packages/airflow/example_dags/example_setup_teardown.py for tasks to queue
[2026-09-17T01:12:33.335+0000] {logging_mixin.py:150} INFO - [2026-09-17T01:12:33.334+0000] {dagbag.py:541} INFO - Filling up the DagBag from /home/vscode/.local/lib/python3.10/site-packages/airflow/example_dags/example_setup_teardown.py
[2026-09-17T01:12:33.336+0000] {processor.py:838} WARNING - No viable dags retrieved from /home/vscode/.local/lib/python3.10/site-packages/airflow/example_dags/example_setup_teardown.py
[2026-09-17T01:12:33.344+0000] {processor.py:179} INFO - Processing /home/vscode/.local/lib/python3.10/site-packages/airflow/example_dags/example_setup_teardown.py took 0.013 seconds
[2026-09-17T01:13:13.431+0000] {processor.py:157} INFO - Started process (PID=31807) to work on /home/vscode/.local/lib/python3.10/site-packages/airflow/example_dags/example_setup_teardown.py
[2026-09-17T01:13:13.432+0000] {processor.py:826} INFO - Processing file /home/vscode/.local/lib/python3.10/site-packages/airflow/example_dags/example_setup_teardown.py for tasks to queue
[2026-09-17T01:13:13.433+0000] {logging_mixin.py:150} INFO - [2026-09-17T01:13:13.433+0000] {dagbag.py:541} INFO - Filling up the DagBag from /home/vscode/.local/lib/python3.10/site-packages/airflow/example_dags/example_setup_teardown.py
[2026-09-17T01:13:13.435+0000] {processor.py:838} WARNING - No viable dags retrieved from /home/vscode/.local/lib/python3.10/site-packages/airflow/example_dags/example_setup_teardown.py
[2026-09-17T01:13:13.443+0000] {processor.py:179} INFO - Processing /home/vscode/.local/lib/python3.10/site-packages/airflow/example_dags/example_setup_teardown.py took 0.014 seconds
[2026-09-17T01:13:20.432+0000] {processor.py:157} INFO - Started process (PID=31870) to work on /home/vscode/.local/lib/python3.10/site-packages/airflow/example_dags/example_setup_teardown.py
[2026-09-17T01:13:20.435+0000] {processor.py:826} INFO - Processing file /home/vscode/.local/lib/python3.10/site-packages/airflow/example_dags/example_setup_teardown.py for tasks to queue
[2026-09-17T01:13:20.438+0000] {logging_mixin.py:150} INFO - [2026-09-17T01:13:20.437+0000] {dagbag.py:541} INFO - Filling up the DagBag from /home/vscode/.local/lib/python3.10/site-packages/airflow/example_dags/example_setup_teardown.py
[2026-09-17T01:13:20.444+0000] {processor.py:838} WARNING - No viable dags retrieved from /home/vscode/.local/lib/python3.10/site-packages/airflow/example_dags/example_setup_teardown.py
[2026-09-17T01:13:20.480+0000] {processor.py:179} INFO - Processing /home/vscode/.local/lib/python3.10/site-packages/airflow/example_dags/example_setup_teardown.py took 0.054 seconds
[2026-09-17T01:13:58.251+0000] {processor.py:157} INFO - Started process (PID=32181) to work on /home/vscode/.local/lib/python3.10/site-packages/airflow/example_dags/example_setup_teardown.py
[2026-09-17T01:13:58.252+0000] {processor.py:826} INFO - Processing file /home/vscode/.local/lib/python3.10/site-packages/airflow/example_dags/example_setup_teardown.py for tasks to queue
[2026-09-17T01:13:58.253+0000] {logging_mixin.py:150} INFO - [2026-09-17T01:13:58.252+0000] {dagbag.py:541} INFO - Filling up the DagBag from /home/vscode/.local/lib/python3.10/site-packages/airflow/example_dags/example_setup_teardown.py
[2026-09-17T01:13:58.254+0000] {processor.py:838} WARNING - No viable dags retrieved from /home/vscode/.local/lib/python3.10/site-packages/airflow/example_dags/example_setup_teardown.py
[2026-09-17T01:13:58.262+0000] {processor.py:179} INFO - Processing /home/vscode/.local/lib/python3.10/site-packages/airflow/example_dags/example_setup_teardown.py took 0.013 seconds
[2026-09-17T01:14:10.226+0000] {processor.py:157} INFO - Started process (PID=32288) to work on /home/vscode/.local/lib/python3.10/site-packages/airflow/example_dags/example_setup_teardown.py
[2026-09-17T01:14:10.226+0000] {processor.py:826} INFO - Processing file /home/vscode/.local/lib/python3.10/site-packages/airflow/example_dags/example_setup_teardown.py for tasks to queue
[2026-09-17T01:14:10.227+0000] {logging_mixin.py:150} INFO - [2026-09-17T01:14:10.227+0000] {dagbag.py:541} INFO - Filling up the DagBag from /home/vscode/.local/lib/python3.10/site-packages/airflow/example_dags/example_setup_teardown.py
[2026-09-17T01:14:10.229+0000] {processor.py:838} WARNING - No viable dags retrieved from /home/vscode/.local/lib/python3.10/site-packages/airflow/example_dags/example_setup_teardown.py
[2026-09-17T01:14:10.237+0000] {processor.py:179} INFO - Processing /home/vscode/.local/lib/python3.10/site-packages/airflow/example_dags/example_setup_teardown.py took 0.013 seconds
[2026-09-17T01:14:47.666+0000] {processor.py:157} INFO - Started process (PID=32611) to work on /home/vscode/.local/lib/python3.10/site-packages/airflow/example_dags/example_setup_teardown.py
[2026-09-17T01:14:47.666+0000] {processor.py:826} INFO - Processing file /home/vscode/.local/lib/python3.10/site-packages/airflow/example_dags/example_setup_teardown.py for tasks to queue
[2026-09-17T01:14:47.667+0000] {logging_mixin.py:150} INFO - [2026-09-17T01:14:47.667+0000] {dagbag.py:541} INFO - Filling up the DagBag from /home/vscode/.local/lib/python3.10/site-packages/airflow/example_dags/example_setup_teardown.py
[2026-09-17T01:14:47.669+0000] {processor.py:838} WARNING - No viable dags retrieved from /home/vscode/.local/lib/python3.10/site-packages/airflow/example_dags/example_setup_teardown.py
[2026-09-17T01:14:47.677+0000] {processor.py:179} INFO - Processing /home/vscode/.local/lib/python3.10/site-packages/airflow/example_dags/example_setup_teardown.py took 0.014 seconds
[2026-09-17T01:15:03.811+0000] {processor.py:157} INFO - Started process (PID=32740) to work on /home/vscode/.local/lib/python3.10/site-packages/airflow/example_dags/example_setup_teardown.py
[2026-09-17T01:15:03.812+0000] {processor.py:826} INFO - Processing file /home/vscode/.local/lib/python3.10/site-packages/airflow/example_dags/example_setup_teardown.py for tasks to queue
[2026-09-17T01:15:03.813+0000] {logging_mixin.py:150} INFO - [2026-09-17T01:15:03.812+0000] {dagbag.py:541} INFO - Filling up the DagBag from /home/vscode/.local/lib/python3.10/site-packages/airflow/example_dags/example_setup_teardown.py
[2026-09-17T01:15:03.814+0000] {processor.py:838} WARNING - No viable dags retrieved from /home/vscode/.local/lib/python3.10/site-packages/airflow/example_dags/example_setup_teardown.py
[2026-09-17T01:15:03.823+0000] {processor.py:179} INFO - Processing /home/vscode/.local/lib/python3.10/site-packages/airflow/example_dags/example_setup_teardown.py took 0.014 seconds
[2026-09-17T01:15:29.549+0000] {processor.py:157} INFO - Started process (PID=32956) to work on /home/vscode/.local/lib/python3.10/site-packages/airflow/example_dags/example_setup_teardown.py
[2026-09-17T01:15:29.549+0000] {processor.py:826} INFO - Processing file /home/vscode/.local/lib/python3.10/site-packages/airflow/example_dags/example_setup_teardown.py for tasks to queue
[2026-09-17T01:15:29.550+0000] {logging_mixin.py:150} INFO - [2026-09-17T01:15:29.550+0000] {dagbag.py:541} INFO - Filling up the DagBag from /home/vscode/.local/lib/python3.10/site-packages/airflow/example_dags/example_setup_teardown.py
[2026-09-17T01:15:29.552+0000] {processor.py:838} WARNING - No viable dags retrieved from /home/vscode/.local/lib/python3.10/site-packages/airflow/example_dags/example_setup_teardown.py
[2026-09-17T01:15:29.560+0000] {processor.py:179} INFO - Processing /home/vscode/.local/lib/python3.10/site-packages/airflow/example_dags/example_setup_teardown.py took 0.014 seconds
[2026-09-17T01:15:55.124+0000] {processor.py:157} INFO - Started process (PID=33206) to work on /home/vscode/.local/lib/python3.10/site-packages/airflow/example_dags/example_setup_teardown.py
[2026-09-17T01:15:55.125+0000] {processor.py:826} INFO - Processing file /home/vscode/.local/lib/python3.10/site-packages/airflow/example_dags/example_setup_teardown.py for tasks to queue
[2026-09-17T01:15:55.125+0000] {logging_mixin.py:150} INFO - [2026-09-17T01:15:55.125+0000] {dagbag.py:541} INFO - Filling up the DagBag from /home/vscode/.local/lib/python3.10/site-packages/airflow/example_dags/example_setup_teardown.py
[2026-09-17T01:15:55.127+0000] {processor.py:838} WARNING - No viable dags retrieved from /home/vscode/.local/lib/python3.10/site-packages/airflow/example_dags/example_setup_teardown.py
[2026-09-17T01:15:55.135+0000] {processor.py:179} INFO - Processing /home/vscode/.local/lib/python3.10/site-packages/airflow/example_dags/example_setup_teardown.py took 0.014 seconds
[2026-09-17T01:16:19.248+0000] {processor.py:157} INFO - Started process (PID=33412) to work on /home/vscode/.local/lib/python3.10/site-packages/airflow/example_dags/example_setup_teardown.py
[2026-09-17T01:16:19.249+0000] {processor.py:826} INFO - Processing file /home/vscode/.local/lib/python3.10/site-packages/airflow/example_dags/example_setup_teardown.py for tasks to queue
[2026-09-17T01:16:19.250+0000] {logging_mixin.py:150} INFO - [2026-09-17T01:16:19.249+0000] {dagbag.py:541} INFO - Filling up the DagBag from /home/vscode/.local/lib/python3.10/site-packages/airflow/example_dags/example_setup_teardown.py
[2026-09-17T01:16:19.252+0000] {processor.py:838} WARNING - No viable dags retrieved from /home/vscode/.local/lib/python3.10/site-packages/airflow/example_dags/example_setup_teardown.py
[2026-09-17T01:16:19.263+0000] {processor.py:179} INFO - Processing /home/vscode/.local/lib/python3.10/site-packages/airflow/example_dags/example_setup_teardown.py took 0.018 seconds
[2026-09-17T01:16:46.765+0000] {processor.py:157} INFO - Started process (PID=33647) to work on /home/vscode/.local/lib/python3.10/site-packages/airflow/example_dags/example_setup_teardown.py
[2026-09-17T01:16:46.765+0000] {processor.py:826} INFO - Processing file /home/vscode/.local/lib/python3.10/site-packages/airflow/example_dags/example_setup_teardown.py for tasks to queue
[2026-09-17T01:16:46.766+0000] {logging_mixin.py:150} INFO - [2026-09-17T01:16:46.766+0000] {dagbag.py:541} INFO - Filling up the DagBag from /home/vscode/.local/lib/python3.10/site-packages/airflow/example_dags/example_setup_teardown.py
[2026-09-17T01:16:46.768+0000] {processor.py:838} WARNING - No viable dags retrieved from /home/vscode/.local/lib/python3.10/site-packages/airflow/example_dags/example_setup_teardown.py
[2026-09-17T01:16:46.775+0000] {processor.py:179} INFO - Processing /home/vscode/.local/lib/python3.10/site-packages/airflow/example_dags/example_setup_teardown.py took 0.013 seconds
[2026-09-17T01:17:10.034+0000] {processor.py:157} INFO - Started process (PID=33857) to work on /home/vscode/.local/lib/python3.10/site-packages/airflow/example_dags/example_setup_teardown.py
[2026-09-17T01:17:10.035+0000] {processor.py:826} INFO - Processing file /home/vscode/.local/lib/python3.10/site-packages/airflow/example_dags/example_setup_teardown.py for tasks to queue
[2026-09-17T01:17:10.036+0000] {logging_mixin.py:150} INFO - [2026-09-17T01:17:10.035+0000] {dagbag.py:541} INFO - Filling up the DagBag from /home/vscode/.local/lib/python3.10/site-packages/airflow/example_dags/example_setup_teardown.py
[2026-09-17T01:17:10.037+0000] {processor.py:838} WARNING - No viable dags retrieved from /home/vscode/.local/lib/python3.10/site-packages/airflow/example_dags/example_setup_teardown.py
[2026-09-17T01:17:10.048+0000] {processor.py:179} INFO - Processing /home/vscode/.local/lib/python3.10/site-packages/airflow/example_dags/example_setup_teardown.py took 0.016 seconds
[2026-09-17T01:17:37.415+0000] {processor.py:157} INFO - Started process (PID=34084) to work on /home/vscode/.local/lib/python3.10/site-packages/airflow/example_dags/example_setup_teardown.py
[2026-09-17T01:17:37.416+0000] {processor.py:826} INFO - Processing file /home/vscode/.local/lib/python3.10/site-packages/airflow/example_dags/example_setup_teardown.py for tasks to queue
[2026-09-17T01:17:37.417+0000] {logging_mixin.py:150} INFO - [2026-09-17T01:17:37.417+0000] {dagbag.py:541} INFO - Filling up the DagBag from /home/vscode/.local/lib/python3.10/site-packages/airflow/example_dags/example_setup_teardown.py
[2026-09-17T01:17:37.419+0000] {processor.py:838} WARNING - No viable dags retrieved from /home/vscode/.local/lib/python3.10/site-packages/airflow/example_dags/example_setup_teardown.py
[2026-09-17T01:17:37.427+0000] {processor.py:179} INFO - Processing /home/vscode/.local/lib/python3.10/site-packages/airflow/example_dags/example_setup_teardown.py took 0.014 seconds
[2026-09-17T01:17:54.603+0000] {processor.py:157} INFO - Started process (PID=34224) to work on /home/vscode/.local/lib/python3.10/site-packages/airflow/example_dags/example_setup_teardown.py
[2026-09-17T01:17:54.603+0000] {processor.py:826} INFO - Processing file /home/vscode/.local/lib/python3.10/site-packages/airflow/example_dags/example_setup_teardown.py for tasks to queue
[2026-09-17T01:17:54.604+0000] {logging_mixin.py:150} INFO - [2026-09-17T01:17:54.604+0000] {dagbag.py:541} INFO - Filling up the DagBag from /home/vscode/.local/lib/python3.10/site-packages/airflow/example_dags/example_setup_teardown.py
[2026-09-17T01:17:54.606+0000] {processor.py:838} WARNING - No viable dags retrieved from /home/vscode/.local/lib/python3.10/site-packages/airflow/example_dags/example_setup_teardown.py
[2026-09-17T01:17:54.614+0000] {processor.py:179} INFO - Processing /home/vscode/.local/lib/python3.10/site-packages/airflow/example_dags/example_setup_teardown.py took 0.014 seconds
[2026-09-17T01:18:22.679+0000] {processor.py:157} INFO - Started process (PID=34470) to work on /home/vscode/.local/lib/python3.10/site-packages/airflow/example_dags/example_setup_teardown.py
[2026-09-17T01:18:22.680+0000] {processor.py:826} INFO - Processing file /home/vscode/.local/lib/python3.10/site-packages/airflow/example_dags/example_setup_teardown.py for tasks to queue
[2026-09-17T01:18:22.681+0000] {logging_mixin.py:150} INFO - [2026-09-17T01:18:22.680+0000] {dagbag.py:541} INFO - Filling up the DagBag from /home/vscode/.local/lib/python3.10/site-packages/airflow/example_dags/example_setup_teardown.py
[2026-09-17T01:18:22.683+0000] {processor.py:838} WARNING - No viable dags retrieved from /home/vscode/.local/lib/python3.10/site-packages/airflow/example_dags/example_setup_teardown.py
[2026-09-17T01:18:22.693+0000] {processor.py:179} INFO - Processing /home/vscode/.local/lib/python3.10/site-packages/airflow/example_dags/example_setup_teardown.py took 0.017 seconds
[2026-09-17T01:18:43.064+0000] {processor.py:157} INFO - Started process (PID=34640) to work on /home/vscode/.local/lib/python3.10/site-packages/airflow/example_dags/example_setup_teardown.py
[2026-09-17T01:18:43.064+0000] {processor.py:826} INFO - Processing file /home/vscode/.local/lib/python3.10/site-packages/airflow/example_dags/example_setup_teardown.py for tasks to queue
[2026-09-17T01:18:43.065+0000] {logging_mixin.py:150} INFO - [2026-09-17T01:18:43.065+0000] {dagbag.py:541} INFO - Filling up the DagBag from /home/vscode/.local/lib/python3.10/site-packages/airflow/example_dags/example_setup_teardown.py
[2026-09-17T01:18:43.067+0000] {processor.py:838} WARNING - No viable dags retrieved from /home/vscode/.local/lib/python3.10/site-packages/airflow/example_dags/example_setup_teardown.py
[2026-09-17T01:18:43.076+0000] {processor.py:179} INFO - Processing /home/vscode/.local/lib/python3.10/site-packages/airflow/example_dags/example_setup_teardown.py took 0.014 seconds
[2026-09-17T01:19:09.074+0000] {processor.py:157} INFO - Started process (PID=34854) to work on /home/vscode/.local/lib/python3.10/site-packages/airflow/example_dags/example_setup_teardown.py
[2026-09-17T01:19:09.074+0000] {processor.py:826} INFO - Processing file /home/vscode/.local/lib/python3.10/site-packages/airflow/example_dags/example_setup_teardown.py for tasks to queue
[2026-09-17T01:19:09.075+0000] {logging_mixin.py:150} INFO - [2026-09-17T01:19:09.075+0000] {dagbag.py:541} INFO - Filling up the DagBag from /home/vscode/.local/lib/python3.10/site-packages/airflow/example_dags/example_setup_teardown.py
[2026-09-17T01:19:09.077+0000] {processor.py:838} WARNING - No viable dags retrieved from /home/vscode/.local/lib/python3.10/site-packages/airflow/example_dags/example_setup_teardown.py
[2026-09-17T01:19:09.086+0000] {processor.py:179} INFO - Processing /home/vscode/.local/lib/python3.10/site-packages/airflow/example_dags/example_setup_teardown.py took 0.015 seconds
[2026-09-17T01:19:31.766+0000] {processor.py:157} INFO - Started process (PID=35030) to work on /home/vscode/.local/lib/python3.10/site-packages/airflow/example_dags/example_setup_teardown.py
[2026-09-17T01:19:31.767+0000] {processor.py:826} INFO - Processing file /home/vscode/.local/lib/python3.10/site-packages/airflow/example_dags/example_setup_teardown.py for tasks to queue
[2026-09-17T01:19:31.767+0000] {logging_mixin.py:150} INFO - [2026-09-17T01:19:31.767+0000] {dagbag.py:541} INFO - Filling up the DagBag from /home/vscode/.local/lib/python3.10/site-packages/airflow/example_dags/example_setup_teardown.py
[2026-09-17T01:19:31.769+0000] {processor.py:838} WARNING - No viable dags retrieved from /home/vscode/.local/lib/python3.10/site-packages/airflow/example_dags/example_setup_teardown.py
[2026-09-17T01:19:31.777+0000] {processor.py:179} INFO - Processing /home/vscode/.local/lib/python3.10/site-packages/airflow/example_dags/example_setup_teardown.py took 0.014 seconds
[2026-09-17T01:20:00.227+0000] {processor.py:157} INFO - Started process (PID=35329) to work on /home/vscode/.local/lib/python3.10/site-packages/airflow/example_dags/example_setup_teardown.py
[2026-09-17T01:20:00.228+0000] {processor.py:826} INFO - Processing file /home/vscode/.local/lib/python3.10/site-packages/airflow/example_dags/example_setup_teardown.py for tasks to queue
[2026-09-17T01:20:00.228+0000] {logging_mixin.py:150} INFO - [2026-09-17T01:20:00.228+0000] {dagbag.py:541} INFO - Filling up the DagBag from /home/vscode/.local/lib/python3.10/site-packages/airflow/example_dags/example_setup_teardown.py
[2026-09-17T01:20:00.230+0000] {processor.py:838} WARNING - No viable dags retrieved from /home/vscode/.local/lib/python3.10/site-packages/airflow/example_dags/example_setup_teardown.py
[2026-09-17T01:20:00.238+0000] {processor.py:179} INFO - Processing /home/vscode/.local/lib/python3.10/site-packages/airflow/example_dags/example_setup_teardown.py took 0.013 seconds
[2026-09-17T01:20:21.009+0000] {processor.py:157} INFO - Started process (PID=35491) to work on /home/vscode/.local/lib/python3.10/site-packages/airflow/example_dags/example_setup_teardown.py
[2026-09-17T01:20:21.010+0000] {processor.py:826} INFO - Processing file /home/vscode/.local/lib/python3.10/site-packages/airflow/example_dags/example_setup_teardown.py for tasks to queue
[2026-09-17T01:20:21.011+0000] {logging_mixin.py:150} INFO - [2026-09-17T01:20:21.010+0000] {dagbag.py:541} INFO - Filling up the DagBag from /home/vscode/.local/lib/python3.10/site-packages/airflow/example_dags/example_setup_teardown.py
[2026-09-17T01:20:21.012+0000] {processor.py:838} WARNING - No viable dags retrieved from /home/vscode/.local/lib/python3.10/site-packages/airflow/example_dags/example_setup_teardown.py
[2026-09-17T01:20:21.020+0000] {processor.py:179} INFO - Processing /home/vscode/.local/lib/python3.10/site-packages/airflow/example_dags/example_setup_teardown.py took 0.014 seconds
[2026-09-17T01:20:46.426+0000] {processor.py:157} INFO - Started process (PID=35729) to work on /home/vscode/.local/lib/python3.10/site-packages/airflow/example_dags/example_setup_teardown.py
[2026-09-17T01:20:46.426+0000] {processor.py:826} INFO - Processing file /home/vscode/.local/lib/python3.10/site-packages/airflow/example_dags/example_setup_teardown.py for tasks to queue
[2026-09-17T01:20:46.427+0000] {logging_mixin.py:150} INFO - [2026-09-17T01:20:46.427+0000] {dagbag.py:541} INFO - Filling up the DagBag from /home/vscode/.local/lib/python3.10/site-packages/airflow/example_dags/example_setup_teardown.py
[2026-09-17T01:20:46.430+0000] {processor.py:838} WARNING - No viable dags retrieved from /home/vscode/.local/lib/python3.10/site-packages/airflow/example_dags/example_setup_teardown.py
[2026-09-17T01:20:46.442+0000] {processor.py:179} INFO - Processing /home/vscode/.local/lib/python3.10/site-packages/airflow/example_dags/example_setup_teardown.py took 0.020 seconds
[2026-09-17T01:21:09.033+0000] {processor.py:157} INFO - Started process (PID=36133) to work on /home/vscode/.local/lib/python3.10/site-packages/airflow/example_dags/example_setup_teardown.py
[2026-09-17T01:21:09.034+0000] {processor.py:826} INFO - Processing file /home/vscode/.local/lib/python3.10/site-packages/airflow/example_dags/example_setup_teardown.py for tasks to queue
[2026-09-17T01:21:09.035+0000] {logging_mixin.py:150} INFO - [2026-09-17T01:21:09.034+0000] {dagbag.py:541} INFO - Filling up the DagBag from /home/vscode/.local/lib/python3.10/site-packages/airflow/example_dags/example_setup_teardown.py
[2026-09-17T01:21:09.036+0000] {processor.py:838} WARNING - No viable dags retrieved from /home/vscode/.local/lib/python3.10/site-packages/airflow/example_dags/example_setup_teardown.py
[2026-09-17T01:21:09.044+0000] {processor.py:179} INFO - Processing /home/vscode/.local/lib/python3.10/site-packages/airflow/example_dags/example_setup_teardown.py took 0.013 seconds
[2026-09-17T01:21:37.852+0000] {processor.py:157} INFO - Started process (PID=36432) to work on /home/vscode/.local/lib/python3.10/site-packages/airflow/example_dags/example_setup_teardown.py
[2026-09-17T01:21:37.856+0000] {processor.py:826} INFO - Processing file /home/vscode/.local/lib/python3.10/site-packages/airflow/example_dags/example_setup_teardown.py for tasks to queue
[2026-09-17T01:21:37.858+0000] {logging_mixin.py:150} INFO - [2026-09-17T01:21:37.858+0000] {dagbag.py:541} INFO - Filling up the DagBag from /home/vscode/.local/lib/python3.10/site-packages/airflow/example_dags/example_setup_teardown.py
[2026-09-17T01:21:37.865+0000] {processor.py:838} WARNING - No viable dags retrieved from /home/vscode/.local/lib/python3.10/site-packages/airflow/example_dags/example_setup_teardown.py
[2026-09-17T01:21:37.882+0000] {processor.py:179} INFO - Processing /home/vscode/.local/lib/python3.10/site-packages/airflow/example_dags/example_setup_teardown.py took 0.036 seconds
[2026-09-17T01:21:59.014+0000] {processor.py:157} INFO - Started process (PID=36675) to work on /home/vscode/.local/lib/python3.10/site-packages/airflow/example_dags/example_setup_teardown.py
[2026-09-17T01:21:59.015+0000] {processor.py:826} INFO - Processing file /home/vscode/.local/lib/python3.10/site-packages/airflow/example_dags/example_setup_teardown.py for tasks to queue
[2026-09-17T01:21:59.016+0000] {logging_mixin.py:150} INFO - [2026-09-17T01:21:59.015+0000] {dagbag.py:541} INFO - Filling up the DagBag from /home/vscode/.local/lib/python3.10/site-packages/airflow/example_dags/example_setup_teardown.py
[2026-09-17T01:21:59.018+0000] {processor.py:838} WARNING - No viable dags retrieved from /home/vscode/.local/lib/python3.10/site-packages/airflow/example_dags/example_setup_teardown.py
[2026-09-17T01:21:59.025+0000] {processor.py:179} INFO - Processing /home/vscode/.local/lib/python3.10/site-packages/airflow/example_dags/example_setup_teardown.py took 0.014 seconds
[2026-09-17T01:22:27.614+0000] {processor.py:157} INFO - Started process (PID=37135) to work on /home/vscode/.local/lib/python3.10/site-packages/airflow/example_dags/example_setup_teardown.py
[2026-09-17T01:22:27.615+0000] {processor.py:826} INFO - Processing file /home/vscode/.local/lib/python3.10/site-packages/airflow/example_dags/example_setup_teardown.py for tasks to queue
[2026-09-17T01:22:27.616+0000] {logging_mixin.py:150} INFO - [2026-09-17T01:22:27.615+0000] {dagbag.py:541} INFO - Filling up the DagBag from /home/vscode/.local/lib/python3.10/site-packages/airflow/example_dags/example_setup_teardown.py
[2026-09-17T01:22:27.618+0000] {processor.py:838} WARNING - No viable dags retrieved from /home/vscode/.local/lib/python3.10/site-packages/airflow/example_dags/example_setup_teardown.py
[2026-09-17T01:22:27.626+0000] {processor.py:179} INFO - Processing /home/vscode/.local/lib/python3.10/site-packages/airflow/example_dags/example_setup_teardown.py took 0.014 seconds
[2026-09-17T01:22:45.017+0000] {processor.py:157} INFO - Started process (PID=37277) to work on /home/vscode/.local/lib/python3.10/site-packages/airflow/example_dags/example_setup_teardown.py
[2026-09-17T01:22:45.017+0000] {processor.py:826} INFO - Processing file /home/vscode/.local/lib/python3.10/site-packages/airflow/example_dags/example_setup_teardown.py for tasks to queue
[2026-09-17T01:22:45.018+0000] {logging_mixin.py:150} INFO - [2026-09-17T01:22:45.018+0000] {dagbag.py:541} INFO - Filling up the DagBag from /home/vscode/.local/lib/python3.10/site-packages/airflow/example_dags/example_setup_teardown.py
[2026-09-17T01:22:45.021+0000] {processor.py:838} WARNING - No viable dags retrieved from /home/vscode/.local/lib/python3.10/site-packages/airflow/example_dags/example_setup_teardown.py
[2026-09-17T01:22:45.034+0000] {processor.py:179} INFO - Processing /home/vscode/.local/lib/python3.10/site-packages/airflow/example_dags/example_setup_teardown.py took 0.020 seconds
[2026-09-17T01:23:13.961+0000] {processor.py:157} INFO - Started process (PID=37546) to work on /home/vscode/.local/lib/python3.10/site-packages/airflow/example_dags/example_setup_teardown.py
[2026-09-17T01:23:13.962+0000] {processor.py:826} INFO - Processing file /home/vscode/.local/lib/python3.10/site-packages/airflow/example_dags/example_setup_teardown.py for tasks to queue
[2026-09-17T01:23:13.963+0000] {logging_mixin.py:150} INFO - [2026-09-17T01:23:13.963+0000] {dagbag.py:541} INFO - Filling up the DagBag from /home/vscode/.local/lib/python3.10/site-packages/airflow/example_dags/example_setup_teardown.py
[2026-09-17T01:23:13.966+0000] {processor.py:838} WARNING - No viable dags retrieved from /home/vscode/.local/lib/python3.10/site-packages/airflow/example_dags/example_setup_teardown.py
[2026-09-17T01:23:13.976+0000] {processor.py:179} INFO - Processing /home/vscode/.local/lib/python3.10/site-packages/airflow/example_dags/example_setup_teardown.py took 0.018 seconds
[2026-09-17T01:23:34.536+0000] {processor.py:157} INFO - Started process (PID=37738) to work on /home/vscode/.local/lib/python3.10/site-packages/airflow/example_dags/example_setup_teardown.py
[2026-09-17T01:23:34.541+0000] {processor.py:826} INFO - Processing file /home/vscode/.local/lib/python3.10/site-packages/airflow/example_dags/example_setup_teardown.py for tasks to queue
[2026-09-17T01:23:34.542+0000] {logging_mixin.py:150} INFO - [2026-09-17T01:23:34.542+0000] {dagbag.py:541} INFO - Filling up the DagBag from /home/vscode/.local/lib/python3.10/site-packages/airflow/example_dags/example_setup_teardown.py
[2026-09-17T01:23:34.548+0000] {processor.py:838} WARNING - No viable dags retrieved from /home/vscode/.local/lib/python3.10/site-packages/airflow/example_dags/example_setup_teardown.py
[2026-09-17T01:23:34.567+0000] {processor.py:179} INFO - Processing /home/vscode/.local/lib/python3.10/site-packages/airflow/example_dags/example_setup_teardown.py took 0.037 seconds
[2026-09-17T01:24:06.313+0000] {processor.py:157} INFO - Started process (PID=37989) to work on /home/vscode/.local/lib/python3.10/site-packages/airflow/example_dags/example_setup_teardown.py
[2026-09-17T01:24:06.313+0000] {processor.py:826} INFO - Processing file /home/vscode/.local/lib/python3.10/site-packages/airflow/example_dags/example_setup_teardown.py for tasks to queue
[2026-09-17T01:24:06.314+0000] {logging_mixin.py:150} INFO - [2026-09-17T01:24:06.314+0000] {dagbag.py:541} INFO - Filling up the DagBag from /home/vscode/.local/lib/python3.10/site-packages/airflow/example_dags/example_setup_teardown.py
[2026-09-17T01:24:06.316+0000] {processor.py:838} WARNING - No viable dags retrieved from /home/vscode/.local/lib/python3.10/site-packages/airflow/example_dags/example_setup_teardown.py
[2026-09-17T01:24:06.329+0000] {processor.py:179} INFO - Processing /home/vscode/.local/lib/python3.10/site-packages/airflow/example_dags/example_setup_teardown.py took 0.018 seconds
[2026-09-17T01:24:23.207+0000] {processor.py:157} INFO - Started process (PID=38301) to work on /home/vscode/.local/lib/python3.10/site-packages/airflow/example_dags/example_setup_teardown.py
[2026-09-17T01:24:23.207+0000] {processor.py:826} INFO - Processing file /home/vscode/.local/lib/python3.10/site-packages/airflow/example_dags/example_setup_teardown.py for tasks to queue
[2026-09-17T01:24:23.208+0000] {logging_mixin.py:150} INFO - [2026-09-17T01:24:23.208+0000] {dagbag.py:541} INFO - Filling up the DagBag from /home/vscode/.local/lib/python3.10/site-packages/airflow/example_dags/example_setup_teardown.py
[2026-09-17T01:24:23.210+0000] {processor.py:838} WARNING - No viable dags retrieved from /home/vscode/.local/lib/python3.10/site-packages/airflow/example_dags/example_setup_teardown.py
[2026-09-17T01:24:23.218+0000] {processor.py:179} INFO - Processing /home/vscode/.local/lib/python3.10/site-packages/airflow/example_dags/example_setup_teardown.py took 0.013 seconds
