[2026-09-17T00:55:27.875+0000] {processor.py:157} INFO - Started process (PID=21928) to work on /home/vscode/.local/lib/python3.10/site-packages/airflow/example_dags/example_skip_dag.py
[2026-09-17T00:55:27.875+0000] {processor.py:826} INFO - Processing file /home/vscode/.local/lib/python3.10/site-packages/airflow/example_dags/example_skip_dag.py for tasks to queue
[2026-09-17T00:55:27.876+0000] {logging_mixin.py:150} INFO - [2026-09-17T00:55:27.876+0000] {dagbag.py:541} INFO - Filling up the DagBag from /home/vscode/.local/lib/python3.10/site-packages/airflow/example_dags/example_skip_dag.py
[2026-09-17T00:55:27.885+0000] {processor.py:836} INFO - DAG(s) dict_keys(['example_skip_dag']) retrieved from /home/vscode/.local/lib/python3.10/site-packages/airflow/example_dags/example_skip_dag.py
[2026-09-17T00:55:28.020+0000] {logging_mixin.py:150} INFO - [2026-09-17T00:55:28.020+0000] {manager.py:504} INFO - Created Permission View: can delete on DAG:example_skip_dag
[2026-09-17T00:55:28.033+0000] {logging_mixin.py:150} INFO - [2026-09-17T00:55:28.032+0000] {manager.py:504} INFO - Created Permission View: can edit on DAG:example_skip_dag
[2026-09-17T00:55:28.041+0000] {logging_mixin.py:150} INFO - [2026-09-17T00:55:28.041+0000] {manager.py:504} INFO - Created Permission View: can read on DAG:example_skip_dag
[2026-09-17T00:55:28.052+0000] {logging_mixin.py:150} INFO - [2026-09-17T00:55:28.052+0000] {dag.py:2742} INFO - Sync 1 DAGs
[2026-09-17T00:55:28.062+0000] {logging_mixin.py:150} INFO - [2026-09-17T00:55:28.062+0000] {dag.py:2763} INFO - Creating ORM DAG for example_skip_dag
[2026-09-17T00:55:28.074+0000] {logging_mixin.py:150} INFO - [2026-09-17T00:55:28.074+0000] {dag.py:3504} INFO - Setting next_dagrun for example_skip_dag to 2026-09-16T00:55:28.073785+00:00, run_after=2026-09-17T00:55:28.073785+00:00
[2026-09-17T00:55:28.098+0000] {processor.py:179} INFO - Processing /home/vscode/.local/lib/python3.10/site-packages/airflow/example_dags/example_skip_dag.py took 0.227 seconds
[2026-09-17T00:55:58.271+0000] {processor.py:157} INFO - Started process (PID=22284) to work on /home/vscode/.local/lib/python3.10/site-packages/airflow/example_dags/example_skip_dag.py
[2026-09-17T00:55:58.272+0000] {processor.py:826} INFO - Processing file /home/vscode/.local/lib/python3.10/site-packages/airflow/example_dags/example_skip_dag.py for tasks to queue
[2026-09-17T00:55:58.273+0000] {logging_mixin.py:150} INFO - [2026-09-17T00:55:58.272+0000] {dagbag.py:541} INFO - Filling up the DagBag from /home/vscode/.local/lib/python3.10/site-packages/airflow/example_dags/example_skip_dag.py
[2026-09-17T00:55:58.281+0000] {processor.py:836} INFO - DAG(s) dict_keys(['example_skip_dag']) retrieved from /home/vscode/.local/lib/python3.10/site-packages/airflow/example_dags/example_skip_dag.py
[2026-09-17T00:55:58.299+0000] {logging_mixin.py:150} INFO - [2026-09-17T00:55:58.299+0000] {dag.py:2742} INFO - Sync 1 DAGs
[2026-09-17T00:55:58.322+0000] {logging_mixin.py:150} INFO - [2026-09-17T00:55:58.322+0000] {dag.py:3504} INFO - Setting next_dagrun for example_skip_dag to 2026-09-16T00:55:58.322445+00:00, run_after=2026-09-17T00:55:58.322445+00:00
[2026-09-17T00:55:58.341+0000] {processor.py:179} INFO - Processing /home/vscode/.local/lib/python3.10/site-packages/airflow/example_dags/example_skip_dag.py took 0.072 seconds
[2026-09-17T00:56:24.430+0000] {processor.py:157} INFO - Started process (PID=22482) to work on /home/vscode/.local/lib/python3.10/site-packages/airflow/example_dags/example_skip_dag.py
[2026-09-17T00:56:24.431+0000] {processor.py:826} INFO - Processing file /home/vscode/.local/lib/python3.10/site-packages/airflow/example_dags/example_skip_dag.py for tasks to queue
[2026-09-17T00:56:24.432+0000] {logging_mixin.py:150} INFO - [2026-09-17T00:56:24.431+0000] {dagbag.py:541} INFO - Filling up the DagBag from /home/vscode/.local/lib/python3.10/site-packages/airflow/example_dags/example_skip_dag.py
[2026-09-17T00:56:24.440+0000] {processor.py:836} INFO - DAG(s) dict_keys(['example_skip_dag']) retrieved from /home/vscode/.local/lib/python3.10/site-packages/airflow/example_dags/example_skip_dag.py
[2026-09-17T00:56:24.459+0000] {logging_mixin.py:150} INFO - [2026-09-17T00:56:24.459+0000] {dag.py:2742} INFO - Sync 1 DAGs
[2026-09-17T00:56:24.497+0000] {logging_mixin.py:150} INFO - [2026-09-17T00:56:24.497+0000] {dag.py:3504} INFO - Setting next_dagrun for example_skip_dag to 2026-09-16T00:56:24.496889+00:00, run_after=2026-09-17T00:56:24.496889+00:00
[2026-09-17T00:56:24.541+0000] {processor.py:179} INFO - Processing /home/vscode/.local/lib/python3.10/site-packages/airflow/example_dags/example_skip_dag.py took 0.114 seconds
[2026-09-17T00:56:46.617+0000] {processor.py:157} INFO - Started process (PID=22738) to work on /home/vscode/.local/lib/python3.10/site-packages/airflow/example_dags/example_skip_dag.py
[2026-09-17T00:56:46.618+0000] {processor.py:826} INFO - Processing file /home/vscode/.local/lib/python3.10/site-packages/airflow/example_dags/example_skip_dag.py for tasks to queue
[2026-09-17T00:56:46.619+0000] {logging_mixin.py:150} INFO - [2026-09-17T00:56:46.618+0000] {dagbag.py:541} INFO - Filling up the DagBag from /home/vscode/.local/lib/python3.10/site-packages/airflow/example_dags/example_skip_dag.py
[2026-09-17T00:56:46.631+0000] {processor.py:836} INFO - DAG(s) dict_keys(['example_skip_dag']) retrieved from /home/vscode/.local/lib/python3.10/site-packages/airflow/example_dags/example_skip_dag.py
[2026-09-17T00:56:46.649+0000] {logging_mixin.py:150} INFO - [2026-09-17T00:56:46.649+0000] {dag.py:2742} INFO - Sync 1 DAGs
[2026-09-17T00:56:46.670+0000] {logging_mixin.py:150} INFO - [2026-09-17T00:56:46.670+0000] {dag.py:3504} INFO - Setting next_dagrun for example_skip_dag to 2026-09-16T00:56:46.669838+00:00, run_after=2026-09-17T00:56:46.669838+00:00
[2026-09-17T00:56:46.692+0000] {processor.py:179} INFO - Processing /home/vscode/.local/lib/python3.10/site-packages/airflow/example_dags/example_skip_dag.py took 0.078 seconds
[2026-09-17T00:57:13.095+0000] {processor.py:157} INFO - Started process (PID=22948) to work on /home/vscode/.local/lib/python3.10/site-packages/airflow/example_dags/example_skip_dag.py
[2026-09-17T00:57:13.096+0000] {processor.py:826} INFO - Processing file /home/vscode/.local/lib/python3.10/site-packages/airflow/example_dags/example_skip_dag.py for tasks to queue
[2026-09-17T00:57:13.097+0000] {logging_mixin.py:150} INFO - [2026-09-17T00:57:13.096+0000] {dagbag.py:541} INFO - Filling up the DagBag from /home/vscode/.local/lib/python3.10/site-packages/airflow/example_dags/example_skip_dag.py
[2026-09-17T00:57:13.105+0000] {processor.py:836} INFO - DAG(s) dict_keys(['example_skip_dag']) retrieved from /home/vscode/.local/lib/python3.10/site-packages/airflow/example_dags/example_skip_dag.py
[2026-09-17T00:57:13.125+0000] {logging_mixin.py:150} INFO - [2026-09-17T00:57:13.124+0000] {dag.py:2742} INFO - Sync 1 DAGs
[2026-09-17T00:57:13.148+0000] {logging_mixin.py:150} INFO - [2026-09-17T00:57:13.148+0000] {dag.py:3504} INFO - Setting next_dagrun for example_skip_dag to 2026-09-16T00:57:13.147865+00:00, run_after=2026-09-17T00:57:13.147865+00:00
[2026-09-17T00:57:13.169+0000] {processor.py:179} INFO - Processing /home/vscode/.local/lib/python3.10/site-packages/airflow/example_dags/example_skip_dag.py took 0.078 seconds
[2026-09-17T00:57:38.571+0000] {processor.py:157} INFO - Started process (PID=23135) to work on /home/vscode/.local/lib/python3.10/site-packages/airflow/example_dags/example_skip_dag.py
[2026-09-17T00:57:38.572+0000] {processor.py:826} INFO - Processing file /home/vscode/.local/lib/python3.10/site-packages/airflow/example_dags/example_skip_dag.py for tasks to queue
[2026-09-17T00:57:38.572+0000] {logging_mixin.py:150} INFO - [2026-09-17T00:57:38.572+0000] {dagbag.py:541} INFO - Filling up the DagBag from /home/vscode/.local/lib/python3.10/site-packages/airflow/example_dags/example_skip_dag.py
[2026-09-17T00:57:38.579+0000] {processor.py:836} INFO - DAG(s) dict_keys(['example_skip_dag']) retrieved from /home/vscode/.local/lib/python3.10/site-packages/airflow/example_dags/example_skip_dag.py
[2026-09-17T00:57:38.592+0000] {logging_mixin.py:150} INFO - [2026-09-17T00:57:38.592+0000] {dag.py:2742} INFO - Sync 1 DAGs
[2026-09-17T00:57:38.608+0000] {logging_mixin.py:150} INFO - [2026-09-17T00:57:38.608+0000] {dag.py:3504} INFO - Setting next_dagrun for example_skip_dag to 2026-09-16T00:57:38.608557+00:00, run_after=2026-09-17T00:57:38.608557+00:00
[2026-09-17T00:57:38.628+0000] {processor.py:179} INFO - Processing /home/vscode/.local/lib/python3.10/site-packages/airflow/example_dags/example_skip_dag.py took 0.059 seconds
[2026-09-17T00:57:55.870+0000] {processor.py:157} INFO - Started process (PID=23274) to work on /home/vscode/.local/lib/python3.10/site-packages/airflow/example_dags/example_skip_dag.py
[2026-09-17T00:57:55.871+0000] {processor.py:826} INFO - Processing file /home/vscode/.local/lib/python3.10/site-packages/airflow/example_dags/example_skip_dag.py for tasks to queue
[2026-09-17T00:57:55.872+0000] {logging_mixin.py:150} INFO - [2026-09-17T00:57:55.871+0000] {dagbag.py:541} INFO - Filling up the DagBag from /home/vscode/.local/lib/python3.10/site-packages/airflow/example_dags/example_skip_dag.py
[2026-09-17T00:57:55.881+0000] {processor.py:836} INFO - DAG(s) dict_keys(['example_skip_dag']) retrieved from /home/vscode/.local/lib/python3.10/site-packages/airflow/example_dags/example_skip_dag.py
[2026-09-17T00:57:55.898+0000] {logging_mixin.py:150} INFO - [2026-09-17T00:57:55.898+0000] {dag.py:2742} INFO - Sync 1 DAGs
[2026-09-17T00:57:55.919+0000] {logging_mixin.py:150} INFO - [2026-09-17T00:57:55.919+0000] {dag.py:3504} INFO - Setting next_dagrun for example_skip_dag to 2026-09-16T00:57:55.918860+00:00, run_after=2026-09-17T00:57:55.918860+00:00
[2026-09-17T00:57:55.939+0000] {processor.py:179} INFO - Processing /home/vscode/.local/lib/python3.10/site-packages/airflow/example_dags/example_skip_dag.py took 0.073 seconds
[2026-09-17T00:58:28.088+0000] {processor.py:157} INFO - Started process (PID=23612) to work on /home/vscode/.local/lib/python3.10/site-packages/airflow/example_dags/example_skip_dag.py
[2026-09-17T00:58:28.089+0000] {processor.py:826} INFO - Processing file /home/vscode/.local/lib/python3.10/site-packages/airflow/example_dags/example_skip_dag.py for tasks to queue
[2026-09-17T00:58:28.090+0000] {logging_mixin.py:150} INFO - [2026-09-17T00:58:28.089+0000] {dagbag.py:541} INFO - Filling up the DagBag from /home/vscode/.local/lib/python3.10/site-packages/airflow/example_dags/example_skip_dag.py
[2026-09-17T00:58:28.101+0000] {processor.py:836} INFO - DAG(s) dict_keys(['example_skip_dag']) retrieved from /home/vscode/.local/lib/python3.10/site-packages/airflow/example_dags/example_skip_dag.py
[2026-09-17T00:58:28.121+0000] {logging_mixin.py:150} INFO - [2026-09-17T00:58:28.121+0000] {dag.py:2742} INFO - Sync 1 DAGs
[2026-09-17T00:58:28.148+0000] {logging_mixin.py:150} INFO - [2026-09-17T00:58:28.148+0000] {dag.py:3504} INFO - Setting next_dagrun for example_skip_dag to 2026-09-16T00:58:28.148250+00:00, run_after=2026-09-17T00:58:28.148250+00:00
[2026-09-17T00:58:28.171+0000] {processor.py:179} INFO - Processing /home/vscode/.local/lib/python3.10/site-packages/airflow/example_dags/example_skip_dag.py took 0.087 seconds
[2026-09-17T00:58:44.554+0000] {processor.py:157} INFO - Started process (PID=23747) to work on /home/vscode/.local/lib/python3.10/site-packages/airflow/example_dags/example_skip_dag.py
[2026-09-17T00:58:44.554+0000] {processor.py:826} INFO - Processing file /home/vscode/.local/lib/python3.10/site-packages/airflow/example_dags/example_skip_dag.py for tasks to queue
[2026-09-17T00:58:44.555+0000] {logging_mixin.py:150} INFO - [2026-09-17T00:58:44.555+0000] {dagbag.py:541} INFO - Filling up the DagBag from /home/vscode/.local/lib/python3.10/site-packages/airflow/example_dags/example_skip_dag.py
[2026-09-17T00:58:44.563+0000] {processor.py:836} INFO - DAG(s) dict_keys(['example_skip_dag']) retrieved from /home/vscode/.local/lib/python3.10/site-packages/airflow/example_dags/example_skip_dag.py
[2026-09-17T00:58:44.579+0000] {logging_mixin.py:150} INFO - [2026-09-17T00:58:44.579+0000] {dag.py:2742} INFO - Sync 1 DAGs
[2026-09-17T00:58:44.601+0000] {logging_mixin.py:150} INFO - [2026-09-17T00:58:44.601+0000] {dag.py:3504} INFO - Setting next_dagrun for example_skip_dag to 2026-09-16T00:58:44.601384+00:00, run_after=2026-09-17T00:58:44.601384+00:00
[2026-09-17T00:58:44.626+0000] {processor.py:179} INFO - Processing /home/vscode/.local/lib/python3.10/site-packages/airflow/example_dags/example_skip_dag.py took 0.075 seconds
[2026-09-17T00:59:23.389+0000] {processor.py:157} INFO - Started process (PID=24263) to work on /home/vscode/.local/lib/python3.10/site-packages/airflow/example_dags/example_skip_dag.py
[2026-09-17T00:59:23.391+0000] {processor.py:826} INFO - Processing file /home/vscode/.local/lib/python3.10/site-packages/airflow/example_dags/example_skip_dag.py for tasks to queue
[2026-09-17T00:59:23.393+0000] {logging_mixin.py:150} INFO - [2026-09-17T00:59:23.393+0000] {dagbag.py:541} INFO - Filling up the DagBag from /home/vscode/.local/lib/python3.10/site-packages/airflow/example_dags/example_skip_dag.py
[2026-09-17T00:59:23.413+0000] {processor.py:836} INFO - DAG(s) dict_keys(['example_skip_dag']) retrieved from /home/vscode/.local/lib/python3.10/site-packages/airflow/example_dags/example_skip_dag.py
[2026-09-17T00:59:23.453+0000] {logging_mixin.py:150} INFO - [2026-09-17T00:59:23.453+0000] {dag.py:2742} INFO - Sync 1 DAGs
[2026-09-17T00:59:23.492+0000] {logging_mixin.py:150} INFO - [2026-09-17T00:59:23.491+0000] {dag.py:3504} INFO - Setting next_dagrun for example_skip_dag to 2026-09-16T00:59:23.491666+00:00, run_after=2026-09-17T00:59:23.491666+00:00
[2026-09-17T00:59:23.512+0000] {processor.py:179} INFO - Processing /home/vscode/.local/lib/python3.10/site-packages/airflow/example_dags/example_skip_dag.py took 0.128 seconds
[2026-09-17T00:59:34.415+0000] {processor.py:157} INFO - Started process (PID=24385) to work on /home/vscode/.local/lib/python3.10/site-packages/airflow/example_dags/example_skip_dag.py
[2026-09-17T00:59:34.416+0000] {processor.py:826} INFO - Processing file /home/vscode/.local/lib/python3.10/site-packages/airflow/example_dags/example_skip_dag.py for tasks to queue
[2026-09-17T00:59:34.417+0000] {logging_mixin.py:150} INFO - [2026-09-17T00:59:34.416+0000] {dagbag.py:541} INFO - Filling up the DagBag from /home/vscode/.local/lib/python3.10/site-packages/airflow/example_dags/example_skip_dag.py
[2026-09-17T00:59:34.426+0000] {processor.py:836} INFO - DAG(s) dict_keys(['example_skip_dag']) retrieved from /home/vscode/.local/lib/python3.10/site-packages/airflow/example_dags/example_skip_dag.py
[2026-09-17T00:59:34.445+0000] {logging_mixin.py:150} INFO - [2026-09-17T00:59:34.445+0000] {dag.py:2742} INFO - Sync 1 DAGs
[2026-09-17T00:59:34.470+0000] {logging_mixin.py:150} INFO - [2026-09-17T00:59:34.470+0000] {dag.py:3504} INFO - Setting next_dagrun for example_skip_dag to 2026-09-16T00:59:34.470516+00:00, run_after=2026-09-17T00:59:34.470516+00:00
[2026-09-17T00:59:34.501+0000] {processor.py:179} INFO - Processing /home/vscode/.local/lib/python3.10/site-packages/airflow/example_dags/example_skip_dag.py took 0.090 seconds
[2026-09-17T01:00:14.145+0000] {processor.py:157} INFO - Started process (PID=24984) to work on /home/vscode/.local/lib/python3.10/site-packages/airflow/example_dags/example_skip_dag.py
[2026-09-17T01:00:14.145+0000] {processor.py:826} INFO - Processing file /home/vscode/.local/lib/python3.10/site-packages/airflow/example_dags/example_skip_dag.py for tasks to queue
[2026-09-17T01:00:14.146+0000] {logging_mixin.py:150} INFO - [2026-09-17T01:00:14.146+0000] {dagbag.py:541} INFO - Filling up the DagBag from /home/vscode/.local/lib/python3.10/site-packages/airflow/example_dags/example_skip_dag.py
[2026-09-17T01:00:14.152+0000] {processor.py:836} INFO - DAG(s) dict_keys(['example_skip_dag']) retrieved from /home/vscode/.local/lib/python3.10/site-packages/airflow/example_dags/example_skip_dag.py
[2026-09-17T01:00:14.166+0000] {logging_mixin.py:150} INFO - [2026-09-17T01:00:14.166+0000] {dag.py:2742} INFO - Sync 1 DAGs
[2026-09-17T01:00:14.180+0000] {logging_mixin.py:150} INFO - [2026-09-17T01:00:14.180+0000] {dag.py:3504} INFO - Setting next_dagrun for example_skip_dag to 2026-09-16T01:00:14.180520+00:00, run_after=2026-09-17T01:00:14.180520+00:00
[2026-09-17T01:00:14.201+0000] {processor.py:179} INFO - Processing /home/vscode/.local/lib/python3.10/site-packages/airflow/example_dags/example_skip_dag.py took 0.059 seconds
[2026-09-17T01:00:27.043+0000] {processor.py:157} INFO - Started process (PID=25202) to work on /home/vscode/.local/lib/python3.10/site-packages/airflow/example_dags/example_skip_dag.py
[2026-09-17T01:00:27.044+0000] {processor.py:826} INFO - Processing file /home/vscode/.local/lib/python3.10/site-packages/airflow/example_dags/example_skip_dag.py for tasks to queue
[2026-09-17T01:00:27.044+0000] {logging_mixin.py:150} INFO - [2026-09-17T01:00:27.044+0000] {dagbag.py:541} INFO - Filling up the DagBag from /home/vscode/.local/lib/python3.10/site-packages/airflow/example_dags/example_skip_dag.py
[2026-09-17T01:00:27.052+0000] {processor.py:836} INFO - DAG(s) dict_keys(['example_skip_dag']) retrieved from /home/vscode/.local/lib/python3.10/site-packages/airflow/example_dags/example_skip_dag.py
[2026-09-17T01:00:27.069+0000] {logging_mixin.py:150} INFO - [2026-09-17T01:00:27.069+0000] {dag.py:2742} INFO - Sync 1 DAGs
[2026-09-17T01:00:27.097+0000] {logging_mixin.py:150} INFO - [2026-09-17T01:00:27.096+0000] {dag.py:3504} INFO - Setting next_dagrun for example_skip_dag to 2026-09-16T01:00:27.096694+00:00, run_after=2026-09-17T01:00:27.096694+00:00
[2026-09-17T01:00:27.125+0000] {processor.py:179} INFO - Processing /home/vscode/.local/lib/python3.10/site-packages/airflow/example_dags/example_skip_dag.py took 0.086 seconds
[2026-09-17T01:01:04.252+0000] {processor.py:157} INFO - Started process (PID=25536) to work on /home/vscode/.local/lib/python3.10/site-packages/airflow/example_dags/example_skip_dag.py
[2026-09-17T01:01:04.253+0000] {processor.py:826} INFO - Processing file /home/vscode/.local/lib/python3.10/site-packages/airflow/example_dags/example_skip_dag.py for tasks to queue
[2026-09-17T01:01:04.254+0000] {logging_mixin.py:150} INFO - [2026-09-17T01:01:04.254+0000] {dagbag.py:541} INFO - Filling up the DagBag from /home/vscode/.local/lib/python3.10/site-packages/airflow/example_dags/example_skip_dag.py
[2026-09-17T01:01:04.263+0000] {processor.py:836} INFO - DAG(s) dict_keys(['example_skip_dag']) retrieved from /home/vscode/.local/lib/python3.10/site-packages/airflow/example_dags/example_skip_dag.py
[2026-09-17T01:01:04.282+0000] {logging_mixin.py:150} INFO - [2026-09-17T01:01:04.282+0000] {dag.py:2742} INFO - Sync 1 DAGs
[2026-09-17T01:01:04.319+0000] {logging_mixin.py:150} INFO - [2026-09-17T01:01:04.318+0000] {dag.py:3504} INFO - Setting next_dagrun for example_skip_dag to 2026-09-16T01:01:04.318463+00:00, run_after=2026-09-17T01:01:04.318463+00:00
[2026-09-17T01:01:04.356+0000] {processor.py:179} INFO - Processing /home/vscode/.local/lib/python3.10/site-packages/airflow/example_dags/example_skip_dag.py took 0.107 seconds
[2026-09-17T01:01:19.714+0000] {processor.py:157} INFO - Started process (PID=25671) to work on /home/vscode/.local/lib/python3.10/site-packages/airflow/example_dags/example_skip_dag.py
[2026-09-17T01:01:19.714+0000] {processor.py:826} INFO - Processing file /home/vscode/.local/lib/python3.10/site-packages/airflow/example_dags/example_skip_dag.py for tasks to queue
[2026-09-17T01:01:19.715+0000] {logging_mixin.py:150} INFO - [2026-09-17T01:01:19.715+0000] {dagbag.py:541} INFO - Filling up the DagBag from /home/vscode/.local/lib/python3.10/site-packages/airflow/example_dags/example_skip_dag.py
[2026-09-17T01:01:19.723+0000] {processor.py:836} INFO - DAG(s) dict_keys(['example_skip_dag']) retrieved from /home/vscode/.local/lib/python3.10/site-packages/airflow/example_dags/example_skip_dag.py
[2026-09-17T01:01:19.738+0000] {logging_mixin.py:150} INFO - [2026-09-17T01:01:19.738+0000] {dag.py:2742} INFO - Sync 1 DAGs
[2026-09-17T01:01:19.755+0000] {logging_mixin.py:150} INFO - [2026-09-17T01:01:19.755+0000] {dag.py:3504} INFO - Setting next_dagrun for example_skip_dag to 2026-09-16T01:01:19.754818+00:00, run_after=2026-09-17T01:01:19.754818+00:00
[2026-09-17T01:01:19.776+0000] {processor.py:179} INFO - Processing /home/vscode/.local/lib/python3.10/site-packages/airflow/example_dags/example_skip_dag.py took 0.066 seconds
[2026-09-17T01:01:51.899+0000] {processor.py:157} INFO - Started process (PID=25936) to work on /home/vscode/.local/lib/python3.10/site-packages/airflow/example_dags/example_skip_dag.py
[2026-09-17T01:01:51.899+0000] {processor.py:826} INFO - Processing file /home/vscode/.local/lib/python3.10/site-packages/airflow/example_dags/example_skip_dag.py for tasks to queue
[2026-09-17T01:01:51.900+0000] {logging_mixin.py:150} INFO - [2026-09-17T01:01:51.900+0000] {dagbag.py:541} INFO - Filling up the DagBag from /home/vscode/.local/lib/python3.10/site-packages/airflow/example_dags/example_skip_dag.py
[2026-09-17T01:01:51.912+0000] {processor.py:836} INFO - DAG(s) dict_keys(['example_skip_dag']) retrieved from /home/vscode/.local/lib/python3.10/site-packages/airflow/example_dags/example_skip_dag.py
[2026-09-17T01:01:51.927+0000] {logging_mixin.py:150} INFO - [2026-09-17T01:01:51.927+0000] {dag.py:2742} INFO - Sync 1 DAGs
[2026-09-17T01:01:51.942+0000] {logging_mixin.py:150} INFO - [2026-09-17T01:01:51.942+0000] {dag.py:3504} INFO - Setting next_dagrun for example_skip_dag to 2026-09-16T01:01:51.942604+00:00, run_after=2026-09-17T01:01:51.942604+00:00
[2026-09-17T01:01:51.958+0000] {processor.py:179} INFO - Processing /home/vscode/.local/lib/python3.10/site-packages/airflow/example_dags/example_skip_dag.py took 0.064 seconds
[2026-09-17T01:02:12.352+0000] {processor.py:157} INFO - Started process (PID=26114) to work on /home/vscode/.local/lib/python3.10/site-packages/airflow/example_dags/example_skip_dag.py
[2026-09-17T01:02:12.353+0000] {processor.py:826} INFO - Processing file /home/vscode/.local/lib/python3.10/site-packages/airflow/example_dags/example_skip_dag.py for tasks to queue
[2026-09-17T01:02:12.353+0000] {logging_mixin.py:150} INFO - [2026-09-17T01:02:12.353+0000] {dagbag.py:541} INFO - Filling up the DagBag from /home/vscode/.local/lib/python3.10/site-packages/airflow/example_dags/example_skip_dag.py
[2026-09-17T01:02:12.359+0000] {processor.py:836} INFO - DAG(s) dict_keys(['example_skip_dag']) retrieved from /home/vscode/.local/lib/python3.10/site-packages/airflow/example_dags/example_skip_dag.py
[2026-09-17T01:02:12.373+0000] {logging_mixin.py:150} INFO - [2026-09-17T01:02:12.373+0000] {dag.py:2742} INFO - Sync 1 DAGs
[2026-09-17T01:02:12.389+0000] {logging_mixin.py:150} INFO - [2026-09-17T01:02:12.389+0000] {dag.py:3504} INFO - Setting next_dagrun for example_skip_dag to 2026-09-16T01:02:12.389212+00:00, run_after=2026-09-17T01:02:12.389212+00:00
[2026-09-17T01:02:12.407+0000] {processor.py:179} INFO - Processing /home/vscode/.local/lib/python3.10/site-packages/airflow/example_dags/example_skip_dag.py took 0.057 seconds
[2026-09-17T01:02:36.002+0000] {processor.py:157} INFO - Started process (PID=26309) to work on /home/vscode/.local/lib/python3.10/site-packages/airflow/example_dags/example_skip_dag.py
[2026-09-17T01:02:36.003+0000] {processor.py:826} INFO - Processing file /home/vscode/.local/lib/python3.10/site-packages/airflow/example_dags/example_skip_dag.py for tasks to queue
[2026-09-17T01:02:36.003+0000] {logging_mixin.py:150} INFO - [2026-09-17T01:02:36.003+0000] {dagbag.py:541} INFO - Filling up the DagBag from /home/vscode/.local/lib/python3.10/site-packages/airflow/example_dags/example_skip_dag.py
[2026-09-17T01:02:36.012+0000] {processor.py:836} INFO - DAG(s) dict_keys(['example_skip_dag']) retrieved from /home/vscode/.local/lib/python3.10/site-packages/airflow/example_dags/example_skip_dag.py
[2026-09-17T01:02:36.028+0000] {logging_mixin.py:150} INFO - [2026-09-17T01:02:36.027+0000] {dag.py:2742} INFO - Sync 1 DAGs
[2026-09-17T01:02:36.043+0000] {logging_mixin.py:150} INFO - [2026-09-17T01:02:36.043+0000] {dag.py:3504} INFO - Setting next_dagrun for example_skip_dag to 2026-09-16T01:02:36.043293+00:00, run_after=2026-09-17T01:02:36.043293+00:00
[2026-09-17T01:02:36.060+0000] {processor.py:179} INFO - Processing /home/vscode/.local/lib/python3.10/site-packages/airflow/example_dags/example_skip_dag.py took 0.061 seconds
[2026-09-17T01:03:05.699+0000] {processor.py:157} INFO - Started process (PID=26559) to work on /home/vscode/.local/lib/python3.10/site-packages/airflow/example_dags/example_skip_dag.py
[2026-09-17T01:03:05.700+0000] {processor.py:826} INFO - Processing file /home/vscode/.local/lib/python3.10/site-packages/airflow/example_dags/example_skip_dag.py for tasks to queue
[2026-09-17T01:03:05.700+0000] {logging_mixin.py:150} INFO - [2026-09-17T01:03:05.700+0000] {dagbag.py:541} INFO - Filling up the DagBag from /home/vscode/.local/lib/python3.10/site-packages/airflow/example_dags/example_skip_dag.py
[2026-09-17T01:03:05.707+0000] {processor.py:836} INFO - DAG(s) dict_keys(['example_skip_dag']) retrieved from /home/vscode/.local/lib/python3.10/site-packages/airflow/example_dags/example_skip_dag.py
[2026-09-17T01:03:05.724+0000] {logging_mixin.py:150} INFO - [2026-09-17T01:03:05.724+0000] {dag.py:2742} INFO - Sync 1 DAGs
[2026-09-17T01:03:05.744+0000] {logging_mixin.py:150} INFO - [2026-09-17T01:03:05.743+0000] {dag.py:3504} INFO - Setting next_dagrun for example_skip_dag to 2026-09-16T01:03:05.743750+00:00, run_after=2026-09-17T01:03:05.743750+00:00
[2026-09-17T01:03:05.767+0000] {processor.py:179} INFO - Processing /home/vscode/.local/lib/python3.10/site-packages/airflow/example_dags/example_skip_dag.py took 0.071 seconds
[2026-09-17T01:03:24.694+0000] {processor.py:157} INFO - Started process (PID=26728) to work on /home/vscode/.local/lib/python3.10/site-packages/airflow/example_dags/example_skip_dag.py
[2026-09-17T01:03:24.695+0000] {processor.py:826} INFO - Processing file /home/vscode/.local/lib/python3.10/site-packages/airflow/example_dags/example_skip_dag.py for tasks to queue
[2026-09-17T01:03:24.695+0000] {logging_mixin.py:150} INFO - [2026-09-17T01:03:24.695+0000] {dagbag.py:541} INFO - Filling up the DagBag from /home/vscode/.local/lib/python3.10/site-packages/airflow/example_dags/example_skip_dag.py
[2026-09-17T01:03:24.703+0000] {processor.py:836} INFO - DAG(s) dict_keys(['example_skip_dag']) retrieved from /home/vscode/.local/lib/python3.10/site-packages/airflow/example_dags/example_skip_dag.py
[2026-09-17T01:03:24.717+0000] {logging_mixin.py:150} INFO - [2026-09-17T01:03:24.717+0000] {dag.py:2742} INFO - Sync 1 DAGs
[2026-09-17T01:03:24.731+0000] {logging_mixin.py:150} INFO - [2026-09-17T01:03:24.731+0000] {dag.py:3504} INFO - Setting next_dagrun for example_skip_dag to 2026-09-16T01:03:24.731692+00:00, run_after=2026-09-17T01:03:24.731692+00:00
[2026-09-17T01:03:24.749+0000] {processor.py:179} INFO - Processing /home/vscode/.local/lib/python3.10/site-packages/airflow/example_dags/example_skip_dag.py took 0.058 seconds
[2026-09-17T01:03:55.582+0000] {processor.py:157} INFO - Started process (PID=26989) to work on /home/vscode/.local/lib/python3.10/site-packages/airflow/example_dags/example_skip_dag.py
[2026-09-17T01:03:55.583+0000] {processor.py:826} INFO - Processing file /home/vscode/.local/lib/python3.10/site-packages/airflow/example_dags/example_skip_dag.py for tasks to queue
[2026-09-17T01:03:55.584+0000] {logging_mixin.py:150} INFO - [2026-09-17T01:03:55.584+0000] {dagbag.py:541} INFO - Filling up the DagBag from /home/vscode/.local/lib/python3.10/site-packages/airflow/example_dags/example_skip_dag.py
[2026-09-17T01:03:55.593+0000] {processor.py:836} INFO - DAG(s) dict_keys(['example_skip_dag']) retrieved from /home/vscode/.local/lib/python3.10/site-packages/airflow/example_dags/example_skip_dag.py
[2026-09-17T01:03:55.609+0000] {logging_mixin.py:150} INFO - [2026-09-17T01:03:55.608+0000] {dag.py:2742} INFO - Sync 1 DAGs
[2026-09-17T01:03:55.631+0000] {logging_mixin.py:150} INFO - [2026-09-17T01:03:55.631+0000] {dag.py:3504} INFO - Setting next_dagrun for example_skip_dag to 2026-09-16T01:03:55.630850+00:00, run_after=2026-09-17T01:03:55.630850+00:00
[2026-09-17T01:03:55.651+0000] {processor.py:179} INFO - Processing /home/vscode/.local/lib/python3.10/site-packages/airflow/example_dags/example_skip_dag.py took 0.071 seconds
[2026-09-17T01:04:16.343+0000] {processor.py:157} INFO - Started process (PID=27165) to work on /home/vscode/.local/lib/python3.10/site-packages/airflow/example_dags/example_skip_dag.py
[2026-09-17T01:04:16.344+0000] {processor.py:826} INFO - Processing file /home/vscode/.local/lib/python3.10/site-packages/airflow/example_dags/example_skip_dag.py for tasks to queue
[2026-09-17T01:04:16.344+0000] {logging_mixin.py:150} INFO - [2026-09-17T01:04:16.344+0000] {dagbag.py:541} INFO - Filling up the DagBag from /home/vscode/.local/lib/python3.10/site-packages/airflow/example_dags/example_skip_dag.py
[2026-09-17T01:04:16.350+0000] {processor.py:836} INFO - DAG(s) dict_keys(['example_skip_dag']) retrieved from /home/vscode/.local/lib/python3.10/site-packages/airflow/example_dags/example_skip_dag.py
[2026-09-17T01:04:16.363+0000] {logging_mixin.py:150} INFO - [2026-09-17T01:04:16.363+0000] {dag.py:2742} INFO - Sync 1 DAGs
[2026-09-17T01:04:16.377+0000] {logging_mixin.py:150} INFO - [2026-09-17T01:04:16.377+0000] {dag.py:3504} INFO - Setting next_dagrun for example_skip_dag to 2026-09-16T01:04:16.377509+00:00, run_after=2026-09-17T01:04:16.377509+00:00
[2026-09-17T01:04:16.406+0000] {processor.py:179} INFO - Processing /home/vscode/.local/lib/python3.10/site-packages/airflow/example_dags/example_skip_dag.py took 0.066 seconds
[2026-09-17T01:04:44.509+0000] {processor.py:157} INFO - Started process (PID=27398) to work on /home/vscode/.local/lib/python3.10/site-packages/airflow/example_dags/example_skip_dag.py
[2026-09-17T01:04:44.510+0000] {processor.py:826} INFO - Processing file /home/vscode/.local/lib/python3.10/site-packages/airflow/example_dags/example_skip_dag.py for tasks to queue
[2026-09-17T01:04:44.511+0000] {logging_mixin.py:150} INFO - [2026-09-17T01:04:44.510+0000] {dagbag.py:541} INFO - Filling up the DagBag from /home/vscode/.local/lib/python3.10/site-packages/airflow/example_dags/example_skip_dag.py
[2026-09-17T01:04:44.517+0000] {processor.py:836} INFO - DAG(s) dict_keys(['example_skip_dag']) retrieved from /home/vscode/.local/lib/python3.10/site-packages/airflow/example_dags/example_skip_dag.py
[2026-09-17T01:04:44.531+0000] {logging_mixin.py:150} INFO - [2026-09-17T01:04:44.531+0000] {dag.py:2742} INFO - Sync 1 DAGs
[2026-09-17T01:04:44.546+0000] {logging_mixin.py:150} INFO - [2026-09-17T01:04:44.546+0000] {dag.py:3504} INFO - Setting next_dagrun for example_skip_dag to 2026-09-16T01:04:44.546102+00:00, run_after=2026-09-17T01:04:44.546102+00:00
[2026-09-17T01:04:44.563+0000] {processor.py:179} INFO - Processing /home/vscode/.local/lib/python3.10/site-packages/airflow/example_dags/example_skip_dag.py took 0.057 seconds
[2026-09-17T01:05:06.604+0000] {processor.py:157} INFO - Started process (PID=27586) to work on /home/vscode/.local/lib/python3.10/site-packages/airflow/example_dags/example_skip_dag.py
[2026-09-17T01:05:06.605+0000] {processor.py:826} INFO - Processing file /home/vscode/.local/lib/python3.10/site-packages/airflow/example_dags/example_skip_dag.py for tasks to queue
[2026-09-17T01:05:06.606+0000] {logging_mixin.py:150} INFO - [2026-09-17T01:05:06.605+0000] {dagbag.py:541} INFO - Filling up the DagBag from /home/vscode/.local/lib/python3.10/site-packages/airflow/example_dags/example_skip_dag.py
[2026-09-17T01:05:06.612+0000] {processor.py:836} INFO - DAG(s) dict_keys(['example_skip_dag']) retrieved from /home/vscode/.local/lib/python3.10/site-packages/airflow/example_dags/example_skip_dag.py
[2026-09-17T01:05:06.644+0000] {logging_mixin.py:150} INFO - [2026-09-17T01:05:06.644+0000] {dag.py:2742} INFO - Sync 1 DAGs
[2026-09-17T01:05:06.659+0000] {logging_mixin.py:150} INFO - [2026-09-17T01:05:06.659+0000] {dag.py:3504} INFO - Setting next_dagrun for example_skip_dag to 2026-09-16T01:05:06.659479+00:00, run_after=2026-09-17T01:05:06.659479+00:00
[2026-09-17T01:05:06.677+0000] {processor.py:179} INFO - Processing /home/vscode/.local/lib/python3.10/site-packages/airflow/example_dags/example_skip_dag.py took 0.075 seconds
[2026-09-17T01:05:34.396+0000] {processor.py:157} INFO - Started process (PID=27819) to work on /home/vscode/.local/lib/python3.10/site-packages/airflow/example_dags/example_skip_dag.py
[2026-09-17T01:05:34.397+0000] {processor.py:826} INFO - Processing file /home/vscode/.local/lib/python3.10/site-packages/airflow/example_dags/example_skip_dag.py for tasks to queue
[2026-09-17T01:05:34.398+0000] {logging_mixin.py:150} INFO - [2026-09-17T01:05:34.397+0000] {dagbag.py:541} INFO - Filling up the DagBag from /home/vscode/.local/lib/python3.10/site-packages/airflow/example_dags/example_skip_dag.py
[2026-09-17T01:05:34.407+0000] {processor.py:836} INFO - DAG(s) dict_keys(['example_skip_dag']) retrieved from /home/vscode/.local/lib/python3.10/site-packages/airflow/example_dags/example_skip_dag.py
[2026-09-17T01:05:34.427+0000] {logging_mixin.py:150} INFO - [2026-09-17T01:05:34.426+0000] {dag.py:2742} INFO - Sync 1 DAGs
[2026-09-17T01:05:34.444+0000] {logging_mixin.py:150} INFO - [2026-09-17T01:05:34.444+0000] {dag.py:3504} INFO - Setting next_dagrun for example_skip_dag to 2026-09-16T01:05:34.444600+00:00, run_after=2026-09-17T01:05:34.444600+00:00
[2026-09-17T01:05:34.464+0000] {processor.py:179} INFO - Processing /home/vscode/.local/lib/python3.10/site-packages/airflow/example_dags/example_skip_dag.py took 0.072 seconds
[2026-09-17T01:05:56.983+0000] {processor.py:157} INFO - Started process (PID=28049) to work on /home/vscode/.local/lib/python3.10/site-packages/airflow/example_dags/example_skip_dag.py
[2026-09-17T01:05:56.983+0000] {processor.py:826} INFO - Processing file /home/vscode/.local/lib/python3.10/site-packages/airflow/example_dags/example_skip_dag.py for tasks to queue
[2026-09-17T01:05:56.984+0000] {logging_mixin.py:150} INFO - [2026-09-17T01:05:56.984+0000] {dagbag.py:541} INFO - Filling up the DagBag from /home/vscode/.local/lib/python3.10/site-packages/airflow/example_dags/example_skip_dag.py
[2026-09-17T01:05:56.992+0000] {processor.py:836} INFO - DAG(s) dict_keys(['example_skip_dag']) retrieved from /home/vscode/.local/lib/python3.10/site-packages/airflow/example_dags/example_skip_dag.py
[2026-09-17T01:05:57.006+0000] {logging_mixin.py:150} INFO - [2026-09-17T01:05:57.006+0000] {dag.py:2742} INFO - Sync 1 DAGs
[2026-09-17T01:05:57.021+0000] {logging_mixin.py:150} INFO - [2026-09-17T01:05:57.021+0000] {dag.py:3504} INFO - Setting next_dagrun for example_skip_dag to 2026-09-16T01:05:57.021582+00:00, run_after=2026-09-17T01:05:57.021582+00:00
[2026-09-17T01:05:57.038+0000] {processor.py:179} INFO - Processing /home/vscode/.local/lib/python3.10/site-packages/airflow/example_dags/example_skip_dag.py took 0.059 seconds
[2026-09-17T01:06:21.258+0000] {processor.py:157} INFO - Started process (PID=28255) to work on /home/vscode/.local/lib/python3.10/site-packages/airflow/example_dags/example_skip_dag.py
[2026-09-17T01:06:21.259+0000] {processor.py:826} INFO - Processing file /home/vscode/.local/lib/python3.10/site-packages/airflow/example_dags/example_skip_dag.py for tasks to queue
[2026-09-17T01:06:21.260+0000] {logging_mixin.py:150} INFO - [2026-09-17T01:06:21.259+0000] {dagbag.py:541} INFO - Filling up the DagBag from /home/vscode/.local/lib/python3.10/site-packages/airflow/example_dags/example_skip_dag.py
[2026-09-17T01:06:21.266+0000] {processor.py:836} INFO - DAG(s) dict_keys(['example_skip_dag']) retrieved from /home/vscode/.local/lib/python3.10/site-packages/airflow/example_dags/example_skip_dag.py
[2026-09-17T01:06:21.283+0000] {logging_mixin.py:150} INFO - [2026-09-17T01:06:21.283+0000] {dag.py:2742} INFO - Sync 1 DAGs
[2026-09-17T01:06:21.304+0000] {logging_mixin.py:150} INFO - [2026-09-17T01:06:21.304+0000] {dag.py:3504} INFO - Setting next_dagrun for example_skip_dag to 2026-09-16T01:06:21.304226+00:00, run_after=2026-09-17T01:06:21.304226+00:00
[2026-09-17T01:06:21.331+0000] {processor.py:179} INFO - Processing /home/vscode/.local/lib/python3.10/site-packages/airflow/example_dags/example_skip_dag.py took 0.076 seconds
[2026-09-17T01:06:45.672+0000] {processor.py:157} INFO - Started process (PID=28459) to work on /home/vscode/.local/lib/python3.10/site-packages/airflow/example_dags/example_skip_dag.py
[2026-09-17T01:06:45.673+0000] {processor.py:826} INFO - Processing file /home/vscode/.local/lib/python3.10/site-packages/airflow/example_dags/example_skip_dag.py for tasks to queue
[2026-09-17T01:06:45.680+0000] {logging_mixin.py:150} INFO - [2026-09-17T01:06:45.679+0000] {dagbag.py:541} INFO - Filling up the DagBag from /home/vscode/.local/lib/python3.10/site-packages/airflow/example_dags/example_skip_dag.py
[2026-09-17T01:06:45.712+0000] {processor.py:836} INFO - DAG(s) dict_keys(['example_skip_dag']) retrieved from /home/vscode/.local/lib/python3.10/site-packages/airflow/example_dags/example_skip_dag.py
[2026-09-17T01:06:45.794+0000] {logging_mixin.py:150} INFO - [2026-09-17T01:06:45.794+0000] {dag.py:2742} INFO - Sync 1 DAGs
[2026-09-17T01:06:45.832+0000] {logging_mixin.py:150} INFO - [2026-09-17T01:06:45.828+0000] {dag.py:3504} INFO - Setting next_dagrun for example_skip_dag to 2026-09-16T01:06:45.828361+00:00, run_after=2026-09-17T01:06:45.828361+00:00
[2026-09-17T01:06:45.884+0000] {processor.py:179} INFO - Processing /home/vscode/.local/lib/python3.10/site-packages/airflow/example_dags/example_skip_dag.py took 0.228 seconds
[2026-09-17T01:07:12.465+0000] {processor.py:157} INFO - Started process (PID=28687) to work on /home/vscode/.local/lib/python3.10/site-packages/airflow/example_dags/example_skip_dag.py
[2026-09-17T01:07:12.465+0000] {processor.py:826} INFO - Processing file /home/vscode/.local/lib/python3.10/site-packages/airflow/example_dags/example_skip_dag.py for tasks to queue
[2026-09-17T01:07:12.466+0000] {logging_mixin.py:150} INFO - [2026-09-17T01:07:12.466+0000] {dagbag.py:541} INFO - Filling up the DagBag from /home/vscode/.local/lib/python3.10/site-packages/airflow/example_dags/example_skip_dag.py
[2026-09-17T01:07:12.472+0000] {processor.py:836} INFO - DAG(s) dict_keys(['example_skip_dag']) retrieved from /home/vscode/.local/lib/python3.10/site-packages/airflow/example_dags/example_skip_dag.py
[2026-09-17T01:07:12.486+0000] {logging_mixin.py:150} INFO - [2026-09-17T01:07:12.486+0000] {dag.py:2742} INFO - Sync 1 DAGs
[2026-09-17T01:07:12.505+0000] {logging_mixin.py:150} INFO - [2026-09-17T01:07:12.505+0000] {dag.py:3504} INFO - Setting next_dagrun for example_skip_dag to 2026-09-16T01:07:12.504960+00:00, run_after=2026-09-17T01:07:12.504960+00:00
[2026-09-17T01:07:12.522+0000] {processor.py:179} INFO - Processing /home/vscode/.local/lib/python3.10/site-packages/airflow/example_dags/example_skip_dag.py took 0.060 seconds
[2026-09-17T01:07:37.840+0000] {processor.py:157} INFO - Started process (PID=28901) to work on /home/vscode/.local/lib/python3.10/site-packages/airflow/example_dags/example_skip_dag.py
[2026-09-17T01:07:37.841+0000] {processor.py:826} INFO - Processing file /home/vscode/.local/lib/python3.10/site-packages/airflow/example_dags/example_skip_dag.py for tasks to queue
[2026-09-17T01:07:37.842+0000] {logging_mixin.py:150} INFO - [2026-09-17T01:07:37.841+0000] {dagbag.py:541} INFO - Filling up the DagBag from /home/vscode/.local/lib/python3.10/site-packages/airflow/example_dags/example_skip_dag.py
[2026-09-17T01:07:37.848+0000] {processor.py:836} INFO - DAG(s) dict_keys(['example_skip_dag']) retrieved from /home/vscode/.local/lib/python3.10/site-packages/airflow/example_dags/example_skip_dag.py
[2026-09-17T01:07:37.864+0000] {logging_mixin.py:150} INFO - [2026-09-17T01:07:37.864+0000] {dag.py:2742} INFO - Sync 1 DAGs
[2026-09-17T01:07:37.889+0000] {logging_mixin.py:150} INFO - [2026-09-17T01:07:37.889+0000] {dag.py:3504} INFO - Setting next_dagrun for example_skip_dag to 2026-09-16T01:07:37.888999+00:00, run_after=2026-09-17T01:07:37.888999+00:00
[2026-09-17T01:07:37.911+0000] {processor.py:179} INFO - Processing /home/vscode/.local/lib/python3.10/site-packages/airflow/example_dags/example_skip_dag.py took 0.073 seconds
[2026-09-17T01:08:01.306+0000] {processor.py:157} INFO - Started process (PID=29098) to work on /home/vscode/.local/lib/python3.10/site-packages/airflow/example_dags/example_skip_dag.py
[2026-09-17T01:08:01.306+0000] {processor.py:826} INFO - Processing file /home/vscode/.local/lib/python3.10/site-packages/airflow/example_dags/example_skip_dag.py for tasks to queue
[2026-09-17T01:08:01.307+0000] {logging_mixin.py:150} INFO - [2026-09-17T01:08:01.307+0000] {dagbag.py:541} INFO - Filling up the DagBag from /home/vscode/.local/lib/python3.10/site-packages/airflow/example_dags/example_skip_dag.py
[2026-09-17T01:08:01.313+0000] {processor.py:836} INFO - DAG(s) dict_keys(['example_skip_dag']) retrieved from /home/vscode/.local/lib/python3.10/site-packages/airflow/example_dags/example_skip_dag.py
[2026-09-17T01:08:01.326+0000] {logging_mixin.py:150} INFO - [2026-09-17T01:08:01.326+0000] {dag.py:2742} INFO - Sync 1 DAGs
[2026-09-17T01:08:01.341+0000] {logging_mixin.py:150} INFO - [2026-09-17T01:08:01.341+0000] {dag.py:3504} INFO - Setting next_dagrun for example_skip_dag to 2026-09-16T01:08:01.341118+00:00, run_after=2026-09-17T01:08:01.341118+00:00
[2026-09-17T01:08:01.357+0000] {processor.py:179} INFO - Processing /home/vscode/.local/lib/python3.10/site-packages/airflow/example_dags/example_skip_dag.py took 0.054 seconds
[2026-09-17T01:08:25.721+0000] {processor.py:157} INFO - Started process (PID=29306) to work on /home/vscode/.local/lib/python3.10/site-packages/airflow/example_dags/example_skip_dag.py
[2026-09-17T01:08:25.721+0000] {processor.py:826} INFO - Processing file /home/vscode/.local/lib/python3.10/site-packages/airflow/example_dags/example_skip_dag.py for tasks to queue
[2026-09-17T01:08:25.722+0000] {logging_mixin.py:150} INFO - [2026-09-17T01:08:25.722+0000] {dagbag.py:541} INFO - Filling up the DagBag from /home/vscode/.local/lib/python3.10/site-packages/airflow/example_dags/example_skip_dag.py
[2026-09-17T01:08:25.728+0000] {processor.py:836} INFO - DAG(s) dict_keys(['example_skip_dag']) retrieved from /home/vscode/.local/lib/python3.10/site-packages/airflow/example_dags/example_skip_dag.py
[2026-09-17T01:08:25.742+0000] {logging_mixin.py:150} INFO - [2026-09-17T01:08:25.741+0000] {dag.py:2742} INFO - Sync 1 DAGs
[2026-09-17T01:08:25.756+0000] {logging_mixin.py:150} INFO - [2026-09-17T01:08:25.756+0000] {dag.py:3504} INFO - Setting next_dagrun for example_skip_dag to 2026-09-16T01:08:25.756507+00:00, run_after=2026-09-17T01:08:25.756507+00:00
[2026-09-17T01:08:25.773+0000] {processor.py:179} INFO - Processing /home/vscode/.local/lib/python3.10/site-packages/airflow/example_dags/example_skip_dag.py took 0.055 seconds
[2026-09-17T01:08:49.218+0000] {processor.py:157} INFO - Started process (PID=29514) to work on /home/vscode/.local/lib/python3.10/site-packages/airflow/example_dags/example_skip_dag.py
[2026-09-17T01:08:49.219+0000] {processor.py:826} INFO - Processing file /home/vscode/.local/lib/python3.10/site-packages/airflow/example_dags/example_skip_dag.py for tasks to queue
[2026-09-17T01:08:49.219+0000] {logging_mixin.py:150} INFO - [2026-09-17T01:08:49.219+0000] {dagbag.py:541} INFO - Filling up the DagBag from /home/vscode/.local/lib/python3.10/site-packages/airflow/example_dags/example_skip_dag.py
[2026-09-17T01:08:49.226+0000] {processor.py:836} INFO - DAG(s) dict_keys(['example_skip_dag']) retrieved from /home/vscode/.local/lib/python3.10/site-packages/airflow/example_dags/example_skip_dag.py
[2026-09-17T01:08:49.238+0000] {logging_mixin.py:150} INFO - [2026-09-17T01:08:49.238+0000] {dag.py:2742} INFO - Sync 1 DAGs
[2026-09-17T01:08:49.253+0000] {logging_mixin.py:150} INFO - [2026-09-17T01:08:49.253+0000] {dag.py:3504} INFO - Setting next_dagrun for example_skip_dag to 2026-09-16T01:08:49.253319+00:00, run_after=2026-09-17T01:08:49.253319+00:00
[2026-09-17T01:08:49.270+0000] {processor.py:179} INFO - Processing /home/vscode/.local/lib/python3.10/site-packages/airflow/example_dags/example_skip_dag.py took 0.055 seconds
[2026-09-17T01:09:12.035+0000] {processor.py:157} INFO - Started process (PID=29702) to work on /home/vscode/.local/lib/python3.10/site-packages/airflow/example_dags/example_skip_dag.py
[2026-09-17T01:09:12.036+0000] {processor.py:826} INFO - Processing file /home/vscode/.local/lib/python3.10/site-packages/airflow/example_dags/example_skip_dag.py for tasks to queue
[2026-09-17T01:09:12.037+0000] {logging_mixin.py:150} INFO - [2026-09-17T01:09:12.036+0000] {dagbag.py:541} INFO - Filling up the DagBag from /home/vscode/.local/lib/python3.10/site-packages/airflow/example_dags/example_skip_dag.py
[2026-09-17T01:09:12.043+0000] {processor.py:836} INFO - DAG(s) dict_keys(['example_skip_dag']) retrieved from /home/vscode/.local/lib/python3.10/site-packages/airflow/example_dags/example_skip_dag.py
[2026-09-17T01:09:12.056+0000] {logging_mixin.py:150} INFO - [2026-09-17T01:09:12.055+0000] {dag.py:2742} INFO - Sync 1 DAGs
[2026-09-17T01:09:12.070+0000] {logging_mixin.py:150} INFO - [2026-09-17T01:09:12.070+0000] {dag.py:3504} INFO - Setting next_dagrun for example_skip_dag to 2026-09-16T01:09:12.069961+00:00, run_after=2026-09-17T01:09:12.069961+00:00
[2026-09-17T01:09:12.089+0000] {processor.py:179} INFO - Processing /home/vscode/.local/lib/python3.10/site-packages/airflow/example_dags/example_skip_dag.py took 0.058 seconds
[2026-09-17T01:09:43.183+0000] {processor.py:157} INFO - Started process (PID=29965) to work on /home/vscode/.local/lib/python3.10/site-packages/airflow/example_dags/example_skip_dag.py
[2026-09-17T01:09:43.187+0000] {processor.py:826} INFO - Processing file /home/vscode/.local/lib/python3.10/site-packages/airflow/example_dags/example_skip_dag.py for tasks to queue
[2026-09-17T01:09:43.188+0000] {logging_mixin.py:150} INFO - [2026-09-17T01:09:43.187+0000] {dagbag.py:541} INFO - Filling up the DagBag from /home/vscode/.local/lib/python3.10/site-packages/airflow/example_dags/example_skip_dag.py
[2026-09-17T01:09:43.200+0000] {processor.py:836} INFO - DAG(s) dict_keys(['example_skip_dag']) retrieved from /home/vscode/.local/lib/python3.10/site-packages/airflow/example_dags/example_skip_dag.py
[2026-09-17T01:09:43.222+0000] {logging_mixin.py:150} INFO - [2026-09-17T01:09:43.221+0000] {dag.py:2742} INFO - Sync 1 DAGs
[2026-09-17T01:09:43.247+0000] {logging_mixin.py:150} INFO - [2026-09-17T01:09:43.247+0000] {dag.py:3504} INFO - Setting next_dagrun for example_skip_dag to 2026-09-16T01:09:43.247583+00:00, run_after=2026-09-17T01:09:43.247583+00:00
[2026-09-17T01:09:43.269+0000] {processor.py:179} INFO - Processing /home/vscode/.local/lib/python3.10/site-packages/airflow/example_dags/example_skip_dag.py took 0.090 seconds
[2026-09-17T01:09:59.608+0000] {processor.py:157} INFO - Started process (PID=30108) to work on /home/vscode/.local/lib/python3.10/site-packages/airflow/example_dags/example_skip_dag.py
[2026-09-17T01:09:59.609+0000] {processor.py:826} INFO - Processing file /home/vscode/.local/lib/python3.10/site-packages/airflow/example_dags/example_skip_dag.py for tasks to queue
[2026-09-17T01:09:59.609+0000] {logging_mixin.py:150} INFO - [2026-09-17T01:09:59.609+0000] {dagbag.py:541} INFO - Filling up the DagBag from /home/vscode/.local/lib/python3.10/site-packages/airflow/example_dags/example_skip_dag.py
[2026-09-17T01:09:59.615+0000] {processor.py:836} INFO - DAG(s) dict_keys(['example_skip_dag']) retrieved from /home/vscode/.local/lib/python3.10/site-packages/airflow/example_dags/example_skip_dag.py
[2026-09-17T01:09:59.629+0000] {logging_mixin.py:150} INFO - [2026-09-17T01:09:59.628+0000] {dag.py:2742} INFO - Sync 1 DAGs
[2026-09-17T01:09:59.643+0000] {logging_mixin.py:150} INFO - [2026-09-17T01:09:59.643+0000] {dag.py:3504} INFO - Setting next_dagrun for example_skip_dag to 2026-09-16T01:09:59.643421+00:00, run_after=2026-09-17T01:09:59.643421+00:00
[2026-09-17T01:09:59.660+0000] {processor.py:179} INFO - Processing /home/vscode/.local/lib/python3.10/site-packages/airflow/example_dags/example_skip_dag.py took 0.054 seconds
[2026-09-17T01:10:32.634+0000] {processor.py:157} INFO - Started process (PID=30385) to work on /home/vscode/.local/lib/python3.10/site-packages/airflow/example_dags/example_skip_dag.py
[2026-09-17T01:10:32.634+0000] {processor.py:826} INFO - Processing file /home/vscode/.local/lib/python3.10/site-packages/airflow/example_dags/example_skip_dag.py for tasks to queue
[2026-09-17T01:10:32.635+0000] {logging_mixin.py:150} INFO - [2026-09-17T01:10:32.635+0000] {dagbag.py:541} INFO - Filling up the DagBag from /home/vscode/.local/lib/python3.10/site-packages/airflow/example_dags/example_skip_dag.py
[2026-09-17T01:10:32.641+0000] {processor.py:836} INFO - DAG(s) dict_keys(['example_skip_dag']) retrieved from /home/vscode/.local/lib/python3.10/site-packages/airflow/example_dags/example_skip_dag.py
[2026-09-17T01:10:32.654+0000] {logging_mixin.py:150} INFO - [2026-09-17T01:10:32.654+0000] {dag.py:2742} INFO - Sync 1 DAGs
[2026-09-17T01:10:32.669+0000] {logging_mixin.py:150} INFO - [2026-09-17T01:10:32.669+0000] {dag.py:3504} INFO - Setting next_dagrun for example_skip_dag to 2026-09-16T01:10:32.669028+00:00, run_after=2026-09-17T01:10:32.669028+00:00
[2026-09-17T01:10:32.694+0000] {processor.py:179} INFO - Processing /home/vscode/.local/lib/python3.10/site-packages/airflow/example_dags/example_skip_dag.py took 0.063 seconds
[2026-09-17T01:10:47.444+0000] {processor.py:157} INFO - Started process (PID=30557) to work on /home/vscode/.local/lib/python3.10/site-packages/airflow/example_dags/example_skip_dag.py
[2026-09-17T01:10:47.445+0000] {processor.py:826} INFO - Processing file /home/vscode/.local/lib/python3.10/site-packages/airflow/example_dags/example_skip_dag.py for tasks to queue
[2026-09-17T01:10:47.446+0000] {logging_mixin.py:150} INFO - [2026-09-17T01:10:47.445+0000] {dagbag.py:541} INFO - Filling up the DagBag from /home/vscode/.local/lib/python3.10/site-packages/airflow/example_dags/example_skip_dag.py
[2026-09-17T01:10:47.452+0000] {processor.py:836} INFO - DAG(s) dict_keys(['example_skip_dag']) retrieved from /home/vscode/.local/lib/python3.10/site-packages/airflow/example_dags/example_skip_dag.py
[2026-09-17T01:10:47.465+0000] {logging_mixin.py:150} INFO - [2026-09-17T01:10:47.465+0000] {dag.py:2742} INFO - Sync 1 DAGs
[2026-09-17T01:10:47.483+0000] {logging_mixin.py:150} INFO - [2026-09-17T01:10:47.482+0000] {dag.py:3504} INFO - Setting next_dagrun for example_skip_dag to 2026-09-16T01:10:47.482588+00:00, run_after=2026-09-17T01:10:47.482588+00:00
[2026-09-17T01:10:47.513+0000] {processor.py:179} INFO - Processing /home/vscode/.local/lib/python3.10/site-packages/airflow/example_dags/example_skip_dag.py took 0.071 seconds
[2026-09-17T01:11:19.703+0000] {processor.py:157} INFO - Started process (PID=30831) to work on /home/vscode/.local/lib/python3.10/site-packages/airflow/example_dags/example_skip_dag.py
[2026-09-17T01:11:19.704+0000] {processor.py:826} INFO - Processing file /home/vscode/.local/lib/python3.10/site-packages/airflow/example_dags/example_skip_dag.py for tasks to queue
[2026-09-17T01:11:19.705+0000] {logging_mixin.py:150} INFO - [2026-09-17T01:11:19.704+0000] {dagbag.py:541} INFO - Filling up the DagBag from /home/vscode/.local/lib/python3.10/site-packages/airflow/example_dags/example_skip_dag.py
[2026-09-17T01:11:19.711+0000] {processor.py:836} INFO - DAG(s) dict_keys(['example_skip_dag']) retrieved from /home/vscode/.local/lib/python3.10/site-packages/airflow/example_dags/example_skip_dag.py
[2026-09-17T01:11:19.723+0000] {logging_mixin.py:150} INFO - [2026-09-17T01:11:19.723+0000] {dag.py:2742} INFO - Sync 1 DAGs
[2026-09-17T01:11:19.738+0000] {logging_mixin.py:150} INFO - [2026-09-17T01:11:19.737+0000] {dag.py:3504} INFO - Setting next_dagrun for example_skip_dag to 2026-09-16T01:11:19.737739+00:00, run_after=2026-09-17T01:11:19.737739+00:00
[2026-09-17T01:11:19.754+0000] {processor.py:179} INFO - Processing /home/vscode/.local/lib/python3.10/site-packages/airflow/example_dags/example_skip_dag.py took 0.054 seconds
[2026-09-17T01:11:38.925+0000] {processor.py:157} INFO - Started process (PID=30997) to work on /home/vscode/.local/lib/python3.10/site-packages/airflow/example_dags/example_skip_dag.py
[2026-09-17T01:11:38.925+0000] {processor.py:826} INFO - Processing file /home/vscode/.local/lib/python3.10/site-packages/airflow/example_dags/example_skip_dag.py for tasks to queue
[2026-09-17T01:11:38.926+0000] {logging_mixin.py:150} INFO - [2026-09-17T01:11:38.926+0000] {dagbag.py:541} INFO - Filling up the DagBag from /home/vscode/.local/lib/python3.10/site-packages/airflow/example_dags/example_skip_dag.py
[2026-09-17T01:11:38.932+0000] {processor.py:836} INFO - DAG(s) dict_keys(['example_skip_dag']) retrieved from /home/vscode/.local/lib/python3.10/site-packages/airflow/example_dags/example_skip_dag.py
[2026-09-17T01:11:38.946+0000] {logging_mixin.py:150} INFO - [2026-09-17T01:11:38.945+0000] {dag.py:2742} INFO - Sync 1 DAGs
[2026-09-17T01:11:38.960+0000] {logging_mixin.py:150} INFO - [2026-09-17T01:11:38.960+0000] {dag.py:3504} INFO - Setting next_dagrun for example_skip_dag to 2026-09-16T01:11:38.960311+00:00, run_after=2026-09-17T01:11:38.960311+00:00
[2026-09-17T01:11:38.977+0000] {processor.py:179} INFO - Processing /home/vscode/.local/lib/python3.10/site-packages/airflow/example_dags/example_skip_dag.py took 0.055 seconds
[2026-09-17T01:12:11.653+0000] {processor.py:157} INFO - Started process (PID=31273) to work on /home/vscode/.local/lib/python3.10/site-packages/airflow/example_dags/example_skip_dag.py
[2026-09-17T01:12:11.654+0000] {processor.py:826} INFO - Processing file /home/vscode/.local/lib/python3.10/site-packages/airflow/example_dags/example_skip_dag.py for tasks to queue
[2026-09-17T01:12:11.655+0000] {logging_mixin.py:150} INFO - [2026-09-17T01:12:11.654+0000] {dagbag.py:541} INFO - Filling up the DagBag from /home/vscode/.local/lib/python3.10/site-packages/airflow/example_dags/example_skip_dag.py
[2026-09-17T01:12:11.664+0000] {processor.py:836} INFO - DAG(s) dict_keys(['example_skip_dag']) retrieved from /home/vscode/.local/lib/python3.10/site-packages/airflow/example_dags/example_skip_dag.py
[2026-09-17T01:12:11.689+0000] {logging_mixin.py:150} INFO - [2026-09-17T01:12:11.689+0000] {dag.py:2742} INFO - Sync 1 DAGs
[2026-09-17T01:12:11.709+0000] {logging_mixin.py:150} INFO - [2026-09-17T01:12:11.709+0000] {dag.py:3504} INFO - Setting next_dagrun for example_skip_dag to 2026-09-16T01:12:11.709582+00:00, run_after=2026-09-17T01:12:11.709582+00:00
[2026-09-17T01:12:11.731+0000] {processor.py:179} INFO - Processing /home/vscode/.local/lib/python3.10/site-packages/airflow/example_dags/example_skip_dag.py took 0.082 seconds
[2026-09-17T01:12:27.037+0000] {processor.py:157} INFO - Started process (PID=31410) to work on /home/vscode/.local/lib/python3.10/site-packages/airflow/example_dags/example_skip_dag.py
[2026-09-17T01:12:27.038+0000] {processor.py:826} INFO - Processing file /home/vscode/.local/lib/python3.10/site-packages/airflow/example_dags/example_skip_dag.py for tasks to queue
[2026-09-17T01:12:27.038+0000] {logging_mixin.py:150} INFO - [2026-09-17T01:12:27.038+0000] {dagbag.py:541} INFO - Filling up the DagBag from /home/vscode/.local/lib/python3.10/site-packages/airflow/example_dags/example_skip_dag.py
[2026-09-17T01:12:27.044+0000] {processor.py:836} INFO - DAG(s) dict_keys(['example_skip_dag']) retrieved from /home/vscode/.local/lib/python3.10/site-packages/airflow/example_dags/example_skip_dag.py
[2026-09-17T01:12:27.058+0000] {logging_mixin.py:150} INFO - [2026-09-17T01:12:27.057+0000] {dag.py:2742} INFO - Sync 1 DAGs
[2026-09-17T01:12:27.072+0000] {logging_mixin.py:150} INFO - [2026-09-17T01:12:27.072+0000] {dag.py:3504} INFO - Setting next_dagrun for example_skip_dag to 2026-09-16T01:12:27.072015+00:00, run_after=2026-09-17T01:12:27.072015+00:00
[2026-09-17T01:12:27.104+0000] {processor.py:179} INFO - Processing /home/vscode/.local/lib/python3.10/site-packages/airflow/example_dags/example_skip_dag.py took 0.069 seconds
[2026-09-17T01:12:58.230+0000] {processor.py:157} INFO - Started process (PID=31674) to work on /home/vscode/.local/lib/python3.10/site-packages/airflow/example_dags/example_skip_dag.py
[2026-09-17T01:12:58.232+0000] {processor.py:826} INFO - Processing file /home/vscode/.local/lib/python3.10/site-packages/airflow/example_dags/example_skip_dag.py for tasks to queue
[2026-09-17T01:12:58.233+0000] {logging_mixin.py:150} INFO - [2026-09-17T01:12:58.233+0000] {dagbag.py:541} INFO - Filling up the DagBag from /home/vscode/.local/lib/python3.10/site-packages/airflow/example_dags/example_skip_dag.py
[2026-09-17T01:12:58.247+0000] {processor.py:836} INFO - DAG(s) dict_keys(['example_skip_dag']) retrieved from /home/vscode/.local/lib/python3.10/site-packages/airflow/example_dags/example_skip_dag.py
[2026-09-17T01:12:58.294+0000] {logging_mixin.py:150} INFO - [2026-09-17T01:12:58.293+0000] {dag.py:2742} INFO - Sync 1 DAGs
[2026-09-17T01:12:58.325+0000] {logging_mixin.py:150} INFO - [2026-09-17T01:12:58.324+0000] {dag.py:3504} INFO - Setting next_dagrun for example_skip_dag to 2026-09-16T01:12:58.324580+00:00, run_after=2026-09-17T01:12:58.324580+00:00
[2026-09-17T01:12:58.346+0000] {processor.py:179} INFO - Processing /home/vscode/.local/lib/python3.10/site-packages/airflow/example_dags/example_skip_dag.py took 0.124 seconds
[2026-09-17T01:13:14.867+0000] {processor.py:157} INFO - Started process (PID=31811) to work on /home/vscode/.local/lib/python3.10/site-packages/airflow/example_dags/example_skip_dag.py
[2026-09-17T01:13:14.867+0000] {processor.py:826} INFO - Processing file /home/vscode/.local/lib/python3.10/site-packages/airflow/example_dags/example_skip_dag.py for tasks to queue
[2026-09-17T01:13:14.868+0000] {logging_mixin.py:150} INFO - [2026-09-17T01:13:14.868+0000] {dagbag.py:541} INFO - Filling up the DagBag from /home/vscode/.local/lib/python3.10/site-packages/airflow/example_dags/example_skip_dag.py
[2026-09-17T01:13:14.874+0000] {processor.py:836} INFO - DAG(s) dict_keys(['example_skip_dag']) retrieved from /home/vscode/.local/lib/python3.10/site-packages/airflow/example_dags/example_skip_dag.py
[2026-09-17T01:13:14.889+0000] {logging_mixin.py:150} INFO - [2026-09-17T01:13:14.889+0000] {dag.py:2742} INFO - Sync 1 DAGs
[2026-09-17T01:13:14.904+0000] {logging_mixin.py:150} INFO - [2026-09-17T01:13:14.904+0000] {dag.py:3504} INFO - Setting next_dagrun for example_skip_dag to 2026-09-16T01:13:14.904275+00:00, run_after=2026-09-17T01:13:14.904275+00:00
[2026-09-17T01:13:14.928+0000] {processor.py:179} INFO - Processing /home/vscode/.local/lib/python3.10/site-packages/airflow/example_dags/example_skip_dag.py took 0.064 seconds
[2026-09-17T01:13:41.895+0000] {processor.py:157} INFO - Started process (PID=32042) to work on /home/vscode/.local/lib/python3.10/site-packages/airflow/example_dags/example_skip_dag.py
[2026-09-17T01:13:41.896+0000] {processor.py:826} INFO - Processing file /home/vscode/.local/lib/python3.10/site-packages/airflow/example_dags/example_skip_dag.py for tasks to queue
[2026-09-17T01:13:41.897+0000] {logging_mixin.py:150} INFO - [2026-09-17T01:13:41.896+0000] {dagbag.py:541} INFO - Filling up the DagBag from /home/vscode/.local/lib/python3.10/site-packages/airflow/example_dags/example_skip_dag.py
[2026-09-17T01:13:41.905+0000] {processor.py:836} INFO - DAG(s) dict_keys(['example_skip_dag']) retrieved from /home/vscode/.local/lib/python3.10/site-packages/airflow/example_dags/example_skip_dag.py
[2026-09-17T01:13:41.918+0000] {logging_mixin.py:150} INFO - [2026-09-17T01:13:41.918+0000] {dag.py:2742} INFO - Sync 1 DAGs
[2026-09-17T01:13:41.934+0000] {logging_mixin.py:150} INFO - [2026-09-17T01:13:41.933+0000] {dag.py:3504} INFO - Setting next_dagrun for example_skip_dag to 2026-09-16T01:13:41.933725+00:00, run_after=2026-09-17T01:13:41.933725+00:00
[2026-09-17T01:13:41.951+0000] {processor.py:179} INFO - Processing /home/vscode/.local/lib/python3.10/site-packages/airflow/example_dags/example_skip_dag.py took 0.059 seconds
[2026-09-17T01:13:51.781+0000] {processor.py:157} INFO - Started process (PID=32130) to work on /home/vscode/.local/lib/python3.10/site-packages/airflow/example_dags/example_skip_dag.py
[2026-09-17T01:13:51.782+0000] {processor.py:826} INFO - Processing file /home/vscode/.local/lib/python3.10/site-packages/airflow/example_dags/example_skip_dag.py for tasks to queue
[2026-09-17T01:13:51.783+0000] {logging_mixin.py:150} INFO - [2026-09-17T01:13:51.782+0000] {dagbag.py:541} INFO - Filling up the DagBag from /home/vscode/.local/lib/python3.10/site-packages/airflow/example_dags/example_skip_dag.py
[2026-09-17T01:13:51.791+0000] {processor.py:836} INFO - DAG(s) dict_keys(['example_skip_dag']) retrieved from /home/vscode/.local/lib/python3.10/site-packages/airflow/example_dags/example_skip_dag.py
[2026-09-17T01:13:51.813+0000] {logging_mixin.py:150} INFO - [2026-09-17T01:13:51.812+0000] {dag.py:2742} INFO - Sync 1 DAGs
[2026-09-17T01:13:51.833+0000] {logging_mixin.py:150} INFO - [2026-09-17T01:13:51.833+0000] {dag.py:3504} INFO - Setting next_dagrun for example_skip_dag to 2026-09-16T01:13:51.833468+00:00, run_after=2026-09-17T01:13:51.833468+00:00
[2026-09-17T01:13:51.852+0000] {processor.py:179} INFO - Processing /home/vscode/.local/lib/python3.10/site-packages/airflow/example_dags/example_skip_dag.py took 0.075 seconds
[2026-09-17T01:14:32.224+0000] {processor.py:157} INFO - Started process (PID=32469) to work on /home/vscode/.local/lib/python3.10/site-packages/airflow/example_dags/example_skip_dag.py
[2026-09-17T01:14:32.224+0000] {processor.py:826} INFO - Processing file /home/vscode/.local/lib/python3.10/site-packages/airflow/example_dags/example_skip_dag.py for tasks to queue
[2026-09-17T01:14:32.225+0000] {logging_mixin.py:150} INFO - [2026-09-17T01:14:32.225+0000] {dagbag.py:541} INFO - Filling up the DagBag from /home/vscode/.local/lib/python3.10/site-packages/airflow/example_dags/example_skip_dag.py
[2026-09-17T01:14:32.231+0000] {processor.py:836} INFO - DAG(s) dict_keys(['example_skip_dag']) retrieved from /home/vscode/.local/lib/python3.10/site-packages/airflow/example_dags/example_skip_dag.py
[2026-09-17T01:14:32.244+0000] {logging_mixin.py:150} INFO - [2026-09-17T01:14:32.244+0000] {dag.py:2742} INFO - Sync 1 DAGs
[2026-09-17T01:14:32.258+0000] {logging_mixin.py:150} INFO - [2026-09-17T01:14:32.258+0000] {dag.py:3504} INFO - Setting next_dagrun for example_skip_dag to 2026-09-16T01:14:32.258054+00:00, run_after=2026-09-17T01:14:32.258054+00:00
[2026-09-17T01:14:32.274+0000] {processor.py:179} INFO - Processing /home/vscode/.local/lib/python3.10/site-packages/airflow/example_dags/example_skip_dag.py took 0.052 seconds
[2026-09-17T01:14:42.165+0000] {processor.py:157} INFO - Started process (PID=32557) to work on /home/vscode/.local/lib/python3.10/site-packages/airflow/example_dags/example_skip_dag.py
[2026-09-17T01:14:42.166+0000] {processor.py:826} INFO - Processing file /home/vscode/.local/lib/python3.10/site-packages/airflow/example_dags/example_skip_dag.py for tasks to queue
[2026-09-17T01:14:42.166+0000] {logging_mixin.py:150} INFO - [2026-09-17T01:14:42.166+0000] {dagbag.py:541} INFO - Filling up the DagBag from /home/vscode/.local/lib/python3.10/site-packages/airflow/example_dags/example_skip_dag.py
[2026-09-17T01:14:42.173+0000] {processor.py:836} INFO - DAG(s) dict_keys(['example_skip_dag']) retrieved from /home/vscode/.local/lib/python3.10/site-packages/airflow/example_dags/example_skip_dag.py
[2026-09-17T01:14:42.190+0000] {logging_mixin.py:150} INFO - [2026-09-17T01:14:42.190+0000] {dag.py:2742} INFO - Sync 1 DAGs
[2026-09-17T01:14:42.208+0000] {logging_mixin.py:150} INFO - [2026-09-17T01:14:42.208+0000] {dag.py:3504} INFO - Setting next_dagrun for example_skip_dag to 2026-09-16T01:14:42.208364+00:00, run_after=2026-09-17T01:14:42.208364+00:00
[2026-09-17T01:14:42.224+0000] {processor.py:179} INFO - Processing /home/vscode/.local/lib/python3.10/site-packages/airflow/example_dags/example_skip_dag.py took 0.062 seconds
[2026-09-17T01:15:15.794+0000] {processor.py:157} INFO - Started process (PID=32842) to work on /home/vscode/.local/lib/python3.10/site-packages/airflow/example_dags/example_skip_dag.py
[2026-09-17T01:15:15.795+0000] {processor.py:826} INFO - Processing file /home/vscode/.local/lib/python3.10/site-packages/airflow/example_dags/example_skip_dag.py for tasks to queue
[2026-09-17T01:15:15.796+0000] {logging_mixin.py:150} INFO - [2026-09-17T01:15:15.795+0000] {dagbag.py:541} INFO - Filling up the DagBag from /home/vscode/.local/lib/python3.10/site-packages/airflow/example_dags/example_skip_dag.py
[2026-09-17T01:15:15.804+0000] {processor.py:836} INFO - DAG(s) dict_keys(['example_skip_dag']) retrieved from /home/vscode/.local/lib/python3.10/site-packages/airflow/example_dags/example_skip_dag.py
[2026-09-17T01:15:15.822+0000] {logging_mixin.py:150} INFO - [2026-09-17T01:15:15.822+0000] {dag.py:2742} INFO - Sync 1 DAGs
[2026-09-17T01:15:15.836+0000] {logging_mixin.py:150} INFO - [2026-09-17T01:15:15.836+0000] {dag.py:3504} INFO - Setting next_dagrun for example_skip_dag to 2026-09-16T01:15:15.836527+00:00, run_after=2026-09-17T01:15:15.836527+00:00
[2026-09-17T01:15:15.852+0000] {processor.py:179} INFO - Processing /home/vscode/.local/lib/python3.10/site-packages/airflow/example_dags/example_skip_dag.py took 0.062 seconds
[2026-09-17T01:15:34.635+0000] {processor.py:157} INFO - Started process (PID=32994) to work on /home/vscode/.local/lib/python3.10/site-packages/airflow/example_dags/example_skip_dag.py
[2026-09-17T01:15:34.635+0000] {processor.py:826} INFO - Processing file /home/vscode/.local/lib/python3.10/site-packages/airflow/example_dags/example_skip_dag.py for tasks to queue
[2026-09-17T01:15:34.636+0000] {logging_mixin.py:150} INFO - [2026-09-17T01:15:34.636+0000] {dagbag.py:541} INFO - Filling up the DagBag from /home/vscode/.local/lib/python3.10/site-packages/airflow/example_dags/example_skip_dag.py
[2026-09-17T01:15:34.642+0000] {processor.py:836} INFO - DAG(s) dict_keys(['example_skip_dag']) retrieved from /home/vscode/.local/lib/python3.10/site-packages/airflow/example_dags/example_skip_dag.py
[2026-09-17T01:15:34.654+0000] {logging_mixin.py:150} INFO - [2026-09-17T01:15:34.654+0000] {dag.py:2742} INFO - Sync 1 DAGs
[2026-09-17T01:15:34.669+0000] {logging_mixin.py:150} INFO - [2026-09-17T01:15:34.669+0000] {dag.py:3504} INFO - Setting next_dagrun for example_skip_dag to 2026-09-16T01:15:34.669008+00:00, run_after=2026-09-17T01:15:34.669008+00:00
[2026-09-17T01:15:34.688+0000] {processor.py:179} INFO - Processing /home/vscode/.local/lib/python3.10/site-packages/airflow/example_dags/example_skip_dag.py took 0.056 seconds
[2026-09-17T01:15:58.765+0000] {processor.py:157} INFO - Started process (PID=33245) to work on /home/vscode/.local/lib/python3.10/site-packages/airflow/example_dags/example_skip_dag.py
[2026-09-17T01:15:58.769+0000] {processor.py:826} INFO - Processing file /home/vscode/.local/lib/python3.10/site-packages/airflow/example_dags/example_skip_dag.py for tasks to queue
[2026-09-17T01:15:58.769+0000] {logging_mixin.py:150} INFO - [2026-09-17T01:15:58.769+0000] {dagbag.py:541} INFO - Filling up the DagBag from /home/vscode/.local/lib/python3.10/site-packages/airflow/example_dags/example_skip_dag.py
[2026-09-17T01:15:58.801+0000] {processor.py:836} INFO - DAG(s) dict_keys(['example_skip_dag']) retrieved from /home/vscode/.local/lib/python3.10/site-packages/airflow/example_dags/example_skip_dag.py
[2026-09-17T01:15:58.843+0000] {logging_mixin.py:150} INFO - [2026-09-17T01:15:58.843+0000] {dag.py:2742} INFO - Sync 1 DAGs
[2026-09-17T01:15:58.878+0000] {logging_mixin.py:150} INFO - [2026-09-17T01:15:58.878+0000] {dag.py:3504} INFO - Setting next_dagrun for example_skip_dag to 2026-09-16T01:15:58.877943+00:00, run_after=2026-09-17T01:15:58.877943+00:00
[2026-09-17T01:15:58.920+0000] {processor.py:179} INFO - Processing /home/vscode/.local/lib/python3.10/site-packages/airflow/example_dags/example_skip_dag.py took 0.179 seconds
[2026-09-17T01:16:26.046+0000] {processor.py:157} INFO - Started process (PID=33474) to work on /home/vscode/.local/lib/python3.10/site-packages/airflow/example_dags/example_skip_dag.py
[2026-09-17T01:16:26.047+0000] {processor.py:826} INFO - Processing file /home/vscode/.local/lib/python3.10/site-packages/airflow/example_dags/example_skip_dag.py for tasks to queue
[2026-09-17T01:16:26.048+0000] {logging_mixin.py:150} INFO - [2026-09-17T01:16:26.047+0000] {dagbag.py:541} INFO - Filling up the DagBag from /home/vscode/.local/lib/python3.10/site-packages/airflow/example_dags/example_skip_dag.py
[2026-09-17T01:16:26.054+0000] {processor.py:836} INFO - DAG(s) dict_keys(['example_skip_dag']) retrieved from /home/vscode/.local/lib/python3.10/site-packages/airflow/example_dags/example_skip_dag.py
[2026-09-17T01:16:26.066+0000] {logging_mixin.py:150} INFO - [2026-09-17T01:16:26.066+0000] {dag.py:2742} INFO - Sync 1 DAGs
[2026-09-17T01:16:26.083+0000] {logging_mixin.py:150} INFO - [2026-09-17T01:16:26.083+0000] {dag.py:3504} INFO - Setting next_dagrun for example_skip_dag to 2026-09-16T01:16:26.083230+00:00, run_after=2026-09-17T01:16:26.083230+00:00
[2026-09-17T01:16:26.102+0000] {processor.py:179} INFO - Processing /home/vscode/.local/lib/python3.10/site-packages/airflow/example_dags/example_skip_dag.py took 0.059 seconds
[2026-09-17T01:16:50.893+0000] {processor.py:157} INFO - Started process (PID=33690) to work on /home/vscode/.local/lib/python3.10/site-packages/airflow/example_dags/example_skip_dag.py
[2026-09-17T01:16:50.896+0000] {processor.py:826} INFO - Processing file /home/vscode/.local/lib/python3.10/site-packages/airflow/example_dags/example_skip_dag.py for tasks to queue
[2026-09-17T01:16:50.896+0000] {logging_mixin.py:150} INFO - [2026-09-17T01:16:50.896+0000] {dagbag.py:541} INFO - Filling up the DagBag from /home/vscode/.local/lib/python3.10/site-packages/airflow/example_dags/example_skip_dag.py
[2026-09-17T01:16:50.903+0000] {processor.py:836} INFO - DAG(s) dict_keys(['example_skip_dag']) retrieved from /home/vscode/.local/lib/python3.10/site-packages/airflow/example_dags/example_skip_dag.py
[2026-09-17T01:16:50.918+0000] {logging_mixin.py:150} INFO - [2026-09-17T01:16:50.917+0000] {dag.py:2742} INFO - Sync 1 DAGs
[2026-09-17T01:16:50.933+0000] {logging_mixin.py:150} INFO - [2026-09-17T01:16:50.933+0000] {dag.py:3504} INFO - Setting next_dagrun for example_skip_dag to 2026-09-16T01:16:50.933519+00:00, run_after=2026-09-17T01:16:50.933519+00:00
[2026-09-17T01:16:50.951+0000] {processor.py:179} INFO - Processing /home/vscode/.local/lib/python3.10/site-packages/airflow/example_dags/example_skip_dag.py took 0.060 seconds
[2026-09-17T01:17:15.426+0000] {processor.py:157} INFO - Started process (PID=33898) to work on /home/vscode/.local/lib/python3.10/site-packages/airflow/example_dags/example_skip_dag.py
[2026-09-17T01:17:15.427+0000] {processor.py:826} INFO - Processing file /home/vscode/.local/lib/python3.10/site-packages/airflow/example_dags/example_skip_dag.py for tasks to queue
[2026-09-17T01:17:15.427+0000] {logging_mixin.py:150} INFO - [2026-09-17T01:17:15.427+0000] {dagbag.py:541} INFO - Filling up the DagBag from /home/vscode/.local/lib/python3.10/site-packages/airflow/example_dags/example_skip_dag.py
[2026-09-17T01:17:15.433+0000] {processor.py:836} INFO - DAG(s) dict_keys(['example_skip_dag']) retrieved from /home/vscode/.local/lib/python3.10/site-packages/airflow/example_dags/example_skip_dag.py
[2026-09-17T01:17:15.447+0000] {logging_mixin.py:150} INFO - [2026-09-17T01:17:15.447+0000] {dag.py:2742} INFO - Sync 1 DAGs
[2026-09-17T01:17:15.462+0000] {logging_mixin.py:150} INFO - [2026-09-17T01:17:15.462+0000] {dag.py:3504} INFO - Setting next_dagrun for example_skip_dag to 2026-09-16T01:17:15.462219+00:00, run_after=2026-09-17T01:17:15.462219+00:00
[2026-09-17T01:17:15.482+0000] {processor.py:179} INFO - Processing /home/vscode/.local/lib/python3.10/site-packages/airflow/example_dags/example_skip_dag.py took 0.059 seconds
[2026-09-17T01:17:34.399+0000] {processor.py:157} INFO - Started process (PID=34056) to work on /home/vscode/.local/lib/python3.10/site-packages/airflow/example_dags/example_skip_dag.py
[2026-09-17T01:17:34.400+0000] {processor.py:826} INFO - Processing file /home/vscode/.local/lib/python3.10/site-packages/airflow/example_dags/example_skip_dag.py for tasks to queue
[2026-09-17T01:17:34.400+0000] {logging_mixin.py:150} INFO - [2026-09-17T01:17:34.400+0000] {dagbag.py:541} INFO - Filling up the DagBag from /home/vscode/.local/lib/python3.10/site-packages/airflow/example_dags/example_skip_dag.py
[2026-09-17T01:17:34.406+0000] {processor.py:836} INFO - DAG(s) dict_keys(['example_skip_dag']) retrieved from /home/vscode/.local/lib/python3.10/site-packages/airflow/example_dags/example_skip_dag.py
[2026-09-17T01:17:34.419+0000] {logging_mixin.py:150} INFO - [2026-09-17T01:17:34.419+0000] {dag.py:2742} INFO - Sync 1 DAGs
[2026-09-17T01:17:34.434+0000] {logging_mixin.py:150} INFO - [2026-09-17T01:17:34.433+0000] {dag.py:3504} INFO - Setting next_dagrun for example_skip_dag to 2026-09-16T01:17:34.433832+00:00, run_after=2026-09-17T01:17:34.433832+00:00
[2026-09-17T01:17:34.451+0000] {processor.py:179} INFO - Processing /home/vscode/.local/lib/python3.10/site-packages/airflow/example_dags/example_skip_dag.py took 0.056 seconds
[2026-09-17T01:18:04.373+0000] {processor.py:157} INFO - Started process (PID=34311) to work on /home/vscode/.local/lib/python3.10/site-packages/airflow/example_dags/example_skip_dag.py
[2026-09-17T01:18:04.374+0000] {processor.py:826} INFO - Processing file /home/vscode/.local/lib/python3.10/site-packages/airflow/example_dags/example_skip_dag.py for tasks to queue
[2026-09-17T01:18:04.375+0000] {logging_mixin.py:150} INFO - [2026-09-17T01:18:04.374+0000] {dagbag.py:541} INFO - Filling up the DagBag from /home/vscode/.local/lib/python3.10/site-packages/airflow/example_dags/example_skip_dag.py
[2026-09-17T01:18:04.383+0000] {processor.py:836} INFO - DAG(s) dict_keys(['example_skip_dag']) retrieved from /home/vscode/.local/lib/python3.10/site-packages/airflow/example_dags/example_skip_dag.py
[2026-09-17T01:18:04.407+0000] {logging_mixin.py:150} INFO - [2026-09-17T01:18:04.407+0000] {dag.py:2742} INFO - Sync 1 DAGs
[2026-09-17T01:18:04.427+0000] {logging_mixin.py:150} INFO - [2026-09-17T01:18:04.427+0000] {dag.py:3504} INFO - Setting next_dagrun for example_skip_dag to 2026-09-16T01:18:04.427487+00:00, run_after=2026-09-17T01:18:04.427487+00:00
[2026-09-17T01:18:04.446+0000] {processor.py:179} INFO - Processing /home/vscode/.local/lib/python3.10/site-packages/airflow/example_dags/example_skip_dag.py took 0.075 seconds
[2026-09-17T01:18:27.047+0000] {processor.py:157} INFO - Started process (PID=34503) to work on /home/vscode/.local/lib/python3.10/site-packages/airflow/example_dags/example_skip_dag.py
[2026-09-17T01:18:27.048+0000] {processor.py:826} INFO - Processing file /home/vscode/.local/lib/python3.10/site-packages/airflow/example_dags/example_skip_dag.py for tasks to queue
[2026-09-17T01:18:27.049+0000] {logging_mixin.py:150} INFO - [2026-09-17T01:18:27.049+0000] {dagbag.py:541} INFO - Filling up the DagBag from /home/vscode/.local/lib/python3.10/site-packages/airflow/example_dags/example_skip_dag.py
[2026-09-17T01:18:27.055+0000] {processor.py:836} INFO - DAG(s) dict_keys(['example_skip_dag']) retrieved from /home/vscode/.local/lib/python3.10/site-packages/airflow/example_dags/example_skip_dag.py
[2026-09-17T01:18:27.068+0000] {logging_mixin.py:150} INFO - [2026-09-17T01:18:27.068+0000] {dag.py:2742} INFO - Sync 1 DAGs
[2026-09-17T01:18:27.084+0000] {logging_mixin.py:150} INFO - [2026-09-17T01:18:27.084+0000] {dag.py:3504} INFO - Setting next_dagrun for example_skip_dag to 2026-09-16T01:18:27.084271+00:00, run_after=2026-09-17T01:18:27.084271+00:00
[2026-09-17T01:18:27.102+0000] {processor.py:179} INFO - Processing /home/vscode/.local/lib/python3.10/site-packages/airflow/example_dags/example_skip_dag.py took 0.057 seconds
[2026-09-17T01:18:49.627+0000] {processor.py:157} INFO - Started process (PID=34695) to work on /home/vscode/.local/lib/python3.10/site-packages/airflow/example_dags/example_skip_dag.py
[2026-09-17T01:18:49.628+0000] {processor.py:826} INFO - Processing file /home/vscode/.local/lib/python3.10/site-packages/airflow/example_dags/example_skip_dag.py for tasks to queue
[2026-09-17T01:18:49.629+0000] {logging_mixin.py:150} INFO - [2026-09-17T01:18:49.629+0000] {dagbag.py:541} INFO - Filling up the DagBag from /home/vscode/.local/lib/python3.10/site-packages/airflow/example_dags/example_skip_dag.py
[2026-09-17T01:18:49.637+0000] {processor.py:836} INFO - DAG(s) dict_keys(['example_skip_dag']) retrieved from /home/vscode/.local/lib/python3.10/site-packages/airflow/example_dags/example_skip_dag.py
[2026-09-17T01:18:49.651+0000] {logging_mixin.py:150} INFO - [2026-09-17T01:18:49.651+0000] {dag.py:2742} INFO - Sync 1 DAGs
[2026-09-17T01:18:49.666+0000] {logging_mixin.py:150} INFO - [2026-09-17T01:18:49.666+0000] {dag.py:3504} INFO - Setting next_dagrun for example_skip_dag to 2026-09-16T01:18:49.666074+00:00, run_after=2026-09-17T01:18:49.666074+00:00
[2026-09-17T01:18:49.684+0000] {processor.py:179} INFO - Processing /home/vscode/.local/lib/python3.10/site-packages/airflow/example_dags/example_skip_dag.py took 0.060 seconds
[2026-09-17T01:19:14.045+0000] {processor.py:157} INFO - Started process (PID=34892) to work on /home/vscode/.local/lib/python3.10/site-packages/airflow/example_dags/example_skip_dag.py
[2026-09-17T01:19:14.046+0000] {processor.py:826} INFO - Processing file /home/vscode/.local/lib/python3.10/site-packages/airflow/example_dags/example_skip_dag.py for tasks to queue
[2026-09-17T01:19:14.047+0000] {logging_mixin.py:150} INFO - [2026-09-17T01:19:14.046+0000] {dagbag.py:541} INFO - Filling up the DagBag from /home/vscode/.local/lib/python3.10/site-packages/airflow/example_dags/example_skip_dag.py
[2026-09-17T01:19:14.053+0000] {processor.py:836} INFO - DAG(s) dict_keys(['example_skip_dag']) retrieved from /home/vscode/.local/lib/python3.10/site-packages/airflow/example_dags/example_skip_dag.py
[2026-09-17T01:19:14.065+0000] {logging_mixin.py:150} INFO - [2026-09-17T01:19:14.065+0000] {dag.py:2742} INFO - Sync 1 DAGs
[2026-09-17T01:19:14.079+0000] {logging_mixin.py:150} INFO - [2026-09-17T01:19:14.079+0000] {dag.py:3504} INFO - Setting next_dagrun for example_skip_dag to 2026-09-16T01:19:14.079738+00:00, run_after=2026-09-17T01:19:14.079738+00:00
[2026-09-17T01:19:14.096+0000] {processor.py:179} INFO - Processing /home/vscode/.local/lib/python3.10/site-packages/airflow/example_dags/example_skip_dag.py took 0.054 seconds
[2026-09-17T01:19:40.066+0000] {processor.py:157} INFO - Started process (PID=35099) to work on /home/vscode/.local/lib/python3.10/site-packages/airflow/example_dags/example_skip_dag.py
[2026-09-17T01:19:40.067+0000] {processor.py:826} INFO - Processing file /home/vscode/.local/lib/python3.10/site-packages/airflow/example_dags/example_skip_dag.py for tasks to queue
[2026-09-17T01:19:40.067+0000] {logging_mixin.py:150} INFO - [2026-09-17T01:19:40.067+0000] {dagbag.py:541} INFO - Filling up the DagBag from /home/vscode/.local/lib/python3.10/site-packages/airflow/example_dags/example_skip_dag.py
[2026-09-17T01:19:40.073+0000] {processor.py:836} INFO - DAG(s) dict_keys(['example_skip_dag']) retrieved from /home/vscode/.local/lib/python3.10/site-packages/airflow/example_dags/example_skip_dag.py
[2026-09-17T01:19:40.089+0000] {logging_mixin.py:150} INFO - [2026-09-17T01:19:40.089+0000] {dag.py:2742} INFO - Sync 1 DAGs
[2026-09-17T01:19:40.104+0000] {logging_mixin.py:150} INFO - [2026-09-17T01:19:40.104+0000] {dag.py:3504} INFO - Setting next_dagrun for example_skip_dag to 2026-09-16T01:19:40.103905+00:00, run_after=2026-09-17T01:19:40.103905+00:00
[2026-09-17T01:19:40.125+0000] {processor.py:179} INFO - Processing /home/vscode/.local/lib/python3.10/site-packages/airflow/example_dags/example_skip_dag.py took 0.061 seconds
[2026-09-17T01:20:02.479+0000] {processor.py:157} INFO - Started process (PID=35343) to work on /home/vscode/.local/lib/python3.10/site-packages/airflow/example_dags/example_skip_dag.py
[2026-09-17T01:20:02.480+0000] {processor.py:826} INFO - Processing file /home/vscode/.local/lib/python3.10/site-packages/airflow/example_dags/example_skip_dag.py for tasks to queue
[2026-09-17T01:20:02.481+0000] {logging_mixin.py:150} INFO - [2026-09-17T01:20:02.481+0000] {dagbag.py:541} INFO - Filling up the DagBag from /home/vscode/.local/lib/python3.10/site-packages/airflow/example_dags/example_skip_dag.py
[2026-09-17T01:20:02.487+0000] {processor.py:836} INFO - DAG(s) dict_keys(['example_skip_dag']) retrieved from /home/vscode/.local/lib/python3.10/site-packages/airflow/example_dags/example_skip_dag.py
[2026-09-17T01:20:02.500+0000] {logging_mixin.py:150} INFO - [2026-09-17T01:20:02.500+0000] {dag.py:2742} INFO - Sync 1 DAGs
[2026-09-17T01:20:02.515+0000] {logging_mixin.py:150} INFO - [2026-09-17T01:20:02.515+0000] {dag.py:3504} INFO - Setting next_dagrun for example_skip_dag to 2026-09-16T01:20:02.514780+00:00, run_after=2026-09-17T01:20:02.514780+00:00
[2026-09-17T01:20:02.535+0000] {processor.py:179} INFO - Processing /home/vscode/.local/lib/python3.10/site-packages/airflow/example_dags/example_skip_dag.py took 0.058 seconds
[2026-09-17T01:20:26.675+0000] {processor.py:157} INFO - Started process (PID=35536) to work on /home/vscode/.local/lib/python3.10/site-packages/airflow/example_dags/example_skip_dag.py
[2026-09-17T01:20:26.676+0000] {processor.py:826} INFO - Processing file /home/vscode/.local/lib/python3.10/site-packages/airflow/example_dags/example_skip_dag.py for tasks to queue
[2026-09-17T01:20:26.677+0000] {logging_mixin.py:150} INFO - [2026-09-17T01:20:26.676+0000] {dagbag.py:541} INFO - Filling up the DagBag from /home/vscode/.local/lib/python3.10/site-packages/airflow/example_dags/example_skip_dag.py
[2026-09-17T01:20:26.683+0000] {processor.py:836} INFO - DAG(s) dict_keys(['example_skip_dag']) retrieved from /home/vscode/.local/lib/python3.10/site-packages/airflow/example_dags/example_skip_dag.py
[2026-09-17T01:20:26.696+0000] {logging_mixin.py:150} INFO - [2026-09-17T01:20:26.696+0000] {dag.py:2742} INFO - Sync 1 DAGs
[2026-09-17T01:20:26.710+0000] {logging_mixin.py:150} INFO - [2026-09-17T01:20:26.710+0000] {dag.py:3504} INFO - Setting next_dagrun for example_skip_dag to 2026-09-16T01:20:26.710457+00:00, run_after=2026-09-17T01:20:26.710457+00:00
[2026-09-17T01:20:26.727+0000] {processor.py:179} INFO - Processing /home/vscode/.local/lib/python3.10/site-packages/airflow/example_dags/example_skip_dag.py took 0.055 seconds
[2026-09-17T01:20:51.512+0000] {processor.py:157} INFO - Started process (PID=35780) to work on /home/vscode/.local/lib/python3.10/site-packages/airflow/example_dags/example_skip_dag.py
[2026-09-17T01:20:51.513+0000] {processor.py:826} INFO - Processing file /home/vscode/.local/lib/python3.10/site-packages/airflow/example_dags/example_skip_dag.py for tasks to queue
[2026-09-17T01:20:51.514+0000] {logging_mixin.py:150} INFO - [2026-09-17T01:20:51.514+0000] {dagbag.py:541} INFO - Filling up the DagBag from /home/vscode/.local/lib/python3.10/site-packages/airflow/example_dags/example_skip_dag.py
[2026-09-17T01:20:51.521+0000] {processor.py:836} INFO - DAG(s) dict_keys(['example_skip_dag']) retrieved from /home/vscode/.local/lib/python3.10/site-packages/airflow/example_dags/example_skip_dag.py
[2026-09-17T01:20:51.533+0000] {logging_mixin.py:150} INFO - [2026-09-17T01:20:51.533+0000] {dag.py:2742} INFO - Sync 1 DAGs
[2026-09-17T01:20:51.548+0000] {logging_mixin.py:150} INFO - [2026-09-17T01:20:51.547+0000] {dag.py:3504} INFO - Setting next_dagrun for example_skip_dag to 2026-09-16T01:20:51.547801+00:00, run_after=2026-09-17T01:20:51.547801+00:00
[2026-09-17T01:20:51.565+0000] {processor.py:179} INFO - Processing /home/vscode/.local/lib/python3.10/site-packages/airflow/example_dags/example_skip_dag.py took 0.055 seconds
[2026-09-17T01:21:17.277+0000] {processor.py:157} INFO - Started process (PID=36205) to work on /home/vscode/.local/lib/python3.10/site-packages/airflow/example_dags/example_skip_dag.py
[2026-09-17T01:21:17.278+0000] {processor.py:826} INFO - Processing file /home/vscode/.local/lib/python3.10/site-packages/airflow/example_dags/example_skip_dag.py for tasks to queue
[2026-09-17T01:21:17.279+0000] {logging_mixin.py:150} INFO - [2026-09-17T01:21:17.279+0000] {dagbag.py:541} INFO - Filling up the DagBag from /home/vscode/.local/lib/python3.10/site-packages/airflow/example_dags/example_skip_dag.py
[2026-09-17T01:21:17.287+0000] {processor.py:836} INFO - DAG(s) dict_keys(['example_skip_dag']) retrieved from /home/vscode/.local/lib/python3.10/site-packages/airflow/example_dags/example_skip_dag.py
[2026-09-17T01:21:17.303+0000] {logging_mixin.py:150} INFO - [2026-09-17T01:21:17.303+0000] {dag.py:2742} INFO - Sync 1 DAGs
[2026-09-17T01:21:17.318+0000] {logging_mixin.py:150} INFO - [2026-09-17T01:21:17.318+0000] {dag.py:3504} INFO - Setting next_dagrun for example_skip_dag to 2026-09-16T01:21:17.318251+00:00, run_after=2026-09-17T01:21:17.318251+00:00
[2026-09-17T01:21:17.336+0000] {processor.py:179} INFO - Processing /home/vscode/.local/lib/python3.10/site-packages/airflow/example_dags/example_skip_dag.py took 0.062 seconds
[2026-09-17T01:21:38.367+0000] {processor.py:157} INFO - Started process (PID=36457) to work on /home/vscode/.local/lib/python3.10/site-packages/airflow/example_dags/example_skip_dag.py
[2026-09-17T01:21:38.368+0000] {processor.py:826} INFO - Processing file /home/vscode/.local/lib/python3.10/site-packages/airflow/example_dags/example_skip_dag.py for tasks to queue
[2026-09-17T01:21:38.369+0000] {logging_mixin.py:150} INFO - [2026-09-17T01:21:38.368+0000] {dagbag.py:541} INFO - Filling up the DagBag from /home/vscode/.local/lib/python3.10/site-packages/airflow/example_dags/example_skip_dag.py
[2026-09-17T01:21:38.377+0000] {processor.py:836} INFO - DAG(s) dict_keys(['example_skip_dag']) retrieved from /home/vscode/.local/lib/python3.10/site-packages/airflow/example_dags/example_skip_dag.py
[2026-09-17T01:21:38.402+0000] {logging_mixin.py:150} INFO - [2026-09-17T01:21:38.402+0000] {dag.py:2742} INFO - Sync 1 DAGs
[2026-09-17T01:21:38.424+0000] {logging_mixin.py:150} INFO - [2026-09-17T01:21:38.423+0000] {dag.py:3504} INFO - Setting next_dagrun for example_skip_dag to 2026-09-16T01:21:38.423614+00:00, run_after=2026-09-17T01:21:38.423614+00:00
[2026-09-17T01:21:38.452+0000] {processor.py:179} INFO - Processing /home/vscode/.local/lib/python3.10/site-packages/airflow/example_dags/example_skip_dag.py took 0.089 seconds
[2026-09-17T01:22:05.707+0000] {processor.py:157} INFO - Started process (PID=36765) to work on /home/vscode/.local/lib/python3.10/site-packages/airflow/example_dags/example_skip_dag.py
[2026-09-17T01:22:05.707+0000] {processor.py:826} INFO - Processing file /home/vscode/.local/lib/python3.10/site-packages/airflow/example_dags/example_skip_dag.py for tasks to queue
[2026-09-17T01:22:05.708+0000] {logging_mixin.py:150} INFO - [2026-09-17T01:22:05.708+0000] {dagbag.py:541} INFO - Filling up the DagBag from /home/vscode/.local/lib/python3.10/site-packages/airflow/example_dags/example_skip_dag.py
[2026-09-17T01:22:05.714+0000] {processor.py:836} INFO - DAG(s) dict_keys(['example_skip_dag']) retrieved from /home/vscode/.local/lib/python3.10/site-packages/airflow/example_dags/example_skip_dag.py
[2026-09-17T01:22:05.730+0000] {logging_mixin.py:150} INFO - [2026-09-17T01:22:05.730+0000] {dag.py:2742} INFO - Sync 1 DAGs
[2026-09-17T01:22:05.751+0000] {logging_mixin.py:150} INFO - [2026-09-17T01:22:05.751+0000] {dag.py:3504} INFO - Setting next_dagrun for example_skip_dag to 2026-09-16T01:22:05.750877+00:00, run_after=2026-09-17T01:22:05.750877+00:00
[2026-09-17T01:22:05.776+0000] {processor.py:179} INFO - Processing /home/vscode/.local/lib/python3.10/site-packages/airflow/example_dags/example_skip_dag.py took 0.072 seconds
[2026-09-17T01:22:28.402+0000] {processor.py:157} INFO - Started process (PID=37143) to work on /home/vscode/.local/lib/python3.10/site-packages/airflow/example_dags/example_skip_dag.py
[2026-09-17T01:22:28.402+0000] {processor.py:826} INFO - Processing file /home/vscode/.local/lib/python3.10/site-packages/airflow/example_dags/example_skip_dag.py for tasks to queue
[2026-09-17T01:22:28.403+0000] {logging_mixin.py:150} INFO - [2026-09-17T01:22:28.403+0000] {dagbag.py:541} INFO - Filling up the DagBag from /home/vscode/.local/lib/python3.10/site-packages/airflow/example_dags/example_skip_dag.py
[2026-09-17T01:22:28.412+0000] {processor.py:836} INFO - DAG(s) dict_keys(['example_skip_dag']) retrieved from /home/vscode/.local/lib/python3.10/site-packages/airflow/example_dags/example_skip_dag.py
[2026-09-17T01:22:28.436+0000] {logging_mixin.py:150} INFO - [2026-09-17T01:22:28.436+0000] {dag.py:2742} INFO - Sync 1 DAGs
[2026-09-17T01:22:28.461+0000] {logging_mixin.py:150} INFO - [2026-09-17T01:22:28.461+0000] {dag.py:3504} INFO - Setting next_dagrun for example_skip_dag to 2026-09-16T01:22:28.461166+00:00, run_after=2026-09-17T01:22:28.461166+00:00
[2026-09-17T01:22:28.490+0000] {processor.py:179} INFO - Processing /home/vscode/.local/lib/python3.10/site-packages/airflow/example_dags/example_skip_dag.py took 0.090 seconds
[2026-09-17T01:22:55.613+0000] {processor.py:157} INFO - Started process (PID=37363) to work on /home/vscode/.local/lib/python3.10/site-packages/airflow/example_dags/example_skip_dag.py
[2026-09-17T01:22:55.614+0000] {processor.py:826} INFO - Processing file /home/vscode/.local/lib/python3.10/site-packages/airflow/example_dags/example_skip_dag.py for tasks to queue
[2026-09-17T01:22:55.615+0000] {logging_mixin.py:150} INFO - [2026-09-17T01:22:55.615+0000] {dagbag.py:541} INFO - Filling up the DagBag from /home/vscode/.local/lib/python3.10/site-packages/airflow/example_dags/example_skip_dag.py
[2026-09-17T01:22:55.623+0000] {processor.py:836} INFO - DAG(s) dict_keys(['example_skip_dag']) retrieved from /home/vscode/.local/lib/python3.10/site-packages/airflow/example_dags/example_skip_dag.py
[2026-09-17T01:22:55.636+0000] {logging_mixin.py:150} INFO - [2026-09-17T01:22:55.636+0000] {dag.py:2742} INFO - Sync 1 DAGs
[2026-09-17T01:22:55.651+0000] {logging_mixin.py:150} INFO - [2026-09-17T01:22:55.650+0000] {dag.py:3504} INFO - Setting next_dagrun for example_skip_dag to 2026-09-16T01:22:55.650685+00:00, run_after=2026-09-17T01:22:55.650685+00:00
[2026-09-17T01:22:55.667+0000] {processor.py:179} INFO - Processing /home/vscode/.local/lib/python3.10/site-packages/airflow/example_dags/example_skip_dag.py took 0.057 seconds
[2026-09-17T01:23:16.560+0000] {processor.py:157} INFO - Started process (PID=37578) to work on /home/vscode/.local/lib/python3.10/site-packages/airflow/example_dags/example_skip_dag.py
[2026-09-17T01:23:16.561+0000] {processor.py:826} INFO - Processing file /home/vscode/.local/lib/python3.10/site-packages/airflow/example_dags/example_skip_dag.py for tasks to queue
[2026-09-17T01:23:16.562+0000] {logging_mixin.py:150} INFO - [2026-09-17T01:23:16.562+0000] {dagbag.py:541} INFO - Filling up the DagBag from /home/vscode/.local/lib/python3.10/site-packages/airflow/example_dags/example_skip_dag.py
[2026-09-17T01:23:16.568+0000] {processor.py:836} INFO - DAG(s) dict_keys(['example_skip_dag']) retrieved from /home/vscode/.local/lib/python3.10/site-packages/airflow/example_dags/example_skip_dag.py
[2026-09-17T01:23:16.580+0000] {logging_mixin.py:150} INFO - [2026-09-17T01:23:16.580+0000] {dag.py:2742} INFO - Sync 1 DAGs
[2026-09-17T01:23:16.599+0000] {logging_mixin.py:150} INFO - [2026-09-17T01:23:16.599+0000] {dag.py:3504} INFO - Setting next_dagrun for example_skip_dag to 2026-09-16T01:23:16.599027+00:00, run_after=2026-09-17T01:23:16.599027+00:00
[2026-09-17T01:23:16.615+0000] {processor.py:179} INFO - Processing /home/vscode/.local/lib/python3.10/site-packages/airflow/example_dags/example_skip_dag.py took 0.058 seconds
[2026-09-17T01:23:44.569+0000] {processor.py:157} INFO - Started process (PID=37815) to work on /home/vscode/.local/lib/python3.10/site-packages/airflow/example_dags/example_skip_dag.py
[2026-09-17T01:23:44.570+0000] {processor.py:826} INFO - Processing file /home/vscode/.local/lib/python3.10/site-packages/airflow/example_dags/example_skip_dag.py for tasks to queue
[2026-09-17T01:23:44.570+0000] {logging_mixin.py:150} INFO - [2026-09-17T01:23:44.570+0000] {dagbag.py:541} INFO - Filling up the DagBag from /home/vscode/.local/lib/python3.10/site-packages/airflow/example_dags/example_skip_dag.py
[2026-09-17T01:23:44.576+0000] {processor.py:836} INFO - DAG(s) dict_keys(['example_skip_dag']) retrieved from /home/vscode/.local/lib/python3.10/site-packages/airflow/example_dags/example_skip_dag.py
[2026-09-17T01:23:44.593+0000] {logging_mixin.py:150} INFO - [2026-09-17T01:23:44.593+0000] {dag.py:2742} INFO - Sync 1 DAGs
[2026-09-17T01:23:44.609+0000] {logging_mixin.py:150} INFO - [2026-09-17T01:23:44.609+0000] {dag.py:3504} INFO - Setting next_dagrun for example_skip_dag to 2026-09-16T01:23:44.608991+00:00, run_after=2026-09-17T01:23:44.608991+00:00
[2026-09-17T01:23:44.630+0000] {processor.py:179} INFO - Processing /home/vscode/.local/lib/python3.10/site-packages/airflow/example_dags/example_skip_dag.py took 0.064 seconds
[2026-09-17T01:24:05.358+0000] {processor.py:157} INFO - Started process (PID=37980) to work on /home/vscode/.local/lib/python3.10/site-packages/airflow/example_dags/example_skip_dag.py
[2026-09-17T01:24:05.359+0000] {processor.py:826} INFO - Processing file /home/vscode/.local/lib/python3.10/site-packages/airflow/example_dags/example_skip_dag.py for tasks to queue
[2026-09-17T01:24:05.360+0000] {logging_mixin.py:150} INFO - [2026-09-17T01:24:05.360+0000] {dagbag.py:541} INFO - Filling up the DagBag from /home/vscode/.local/lib/python3.10/site-packages/airflow/example_dags/example_skip_dag.py
[2026-09-17T01:24:05.366+0000] {processor.py:836} INFO - DAG(s) dict_keys(['example_skip_dag']) retrieved from /home/vscode/.local/lib/python3.10/site-packages/airflow/example_dags/example_skip_dag.py
[2026-09-17T01:24:05.378+0000] {logging_mixin.py:150} INFO - [2026-09-17T01:24:05.378+0000] {dag.py:2742} INFO - Sync 1 DAGs
[2026-09-17T01:24:05.395+0000] {logging_mixin.py:150} INFO - [2026-09-17T01:24:05.395+0000] {dag.py:3504} INFO - Setting next_dagrun for example_skip_dag to 2026-09-16T01:24:05.395220+00:00, run_after=2026-09-17T01:24:05.395220+00:00
[2026-09-17T01:24:05.412+0000] {processor.py:179} INFO - Processing /home/vscode/.local/lib/python3.10/site-packages/airflow/example_dags/example_skip_dag.py took 0.056 seconds
[2026-09-17T01:24:35.995+0000] {processor.py:157} INFO - Started process (PID=38542) to work on /home/vscode/.local/lib/python3.10/site-packages/airflow/example_dags/example_skip_dag.py
[2026-09-17T01:24:35.996+0000] {processor.py:826} INFO - Processing file /home/vscode/.local/lib/python3.10/site-packages/airflow/example_dags/example_skip_dag.py for tasks to queue
[2026-09-17T01:24:35.997+0000] {logging_mixin.py:150} INFO - [2026-09-17T01:24:35.997+0000] {dagbag.py:541} INFO - Filling up the DagBag from /home/vscode/.local/lib/python3.10/site-packages/airflow/example_dags/example_skip_dag.py
[2026-09-17T01:24:36.003+0000] {processor.py:836} INFO - DAG(s) dict_keys(['example_skip_dag']) retrieved from /home/vscode/.local/lib/python3.10/site-packages/airflow/example_dags/example_skip_dag.py
[2026-09-17T01:24:36.018+0000] {logging_mixin.py:150} INFO - [2026-09-17T01:24:36.018+0000] {dag.py:2742} INFO - Sync 1 DAGs
[2026-09-17T01:24:36.033+0000] {logging_mixin.py:150} INFO - [2026-09-17T01:24:36.032+0000] {dag.py:3504} INFO - Setting next_dagrun for example_skip_dag to 2026-09-16T01:24:36.032760+00:00, run_after=2026-09-17T01:24:36.032760+00:00
[2026-09-17T01:24:36.050+0000] {processor.py:179} INFO - Processing /home/vscode/.local/lib/python3.10/site-packages/airflow/example_dags/example_skip_dag.py took 0.057 seconds
