[2026-09-17T00:55:57.992+0000] {processor.py:157} INFO - Started process (PID=22270) to work on /home/vscode/.local/lib/python3.10/site-packages/airflow/example_dags/example_complex.py
[2026-09-17T00:55:57.994+0000] {processor.py:826} INFO - Processing file /home/vscode/.local/lib/python3.10/site-packages/airflow/example_dags/example_complex.py for tasks to queue
[2026-09-17T00:55:57.995+0000] {logging_mixin.py:150} INFO - [2026-09-17T00:55:57.995+0000] {dagbag.py:541} INFO - Filling up the DagBag from /home/vscode/.local/lib/python3.10/site-packages/airflow/example_dags/example_complex.py
[2026-09-17T00:55:58.018+0000] {processor.py:836} INFO - DAG(s) dict_keys(['example_complex']) retrieved from /home/vscode/.local/lib/python3.10/site-packages/airflow/example_dags/example_complex.py
[2026-09-17T00:55:58.192+0000] {logging_mixin.py:150} INFO - [2026-09-17T00:55:58.192+0000] {manager.py:504} INFO - Created Permission View: can delete on DAG:example_complex
[2026-09-17T00:55:58.201+0000] {logging_mixin.py:150} INFO - [2026-09-17T00:55:58.201+0000] {manager.py:504} INFO - Created Permission View: can edit on DAG:example_complex
[2026-09-17T00:55:58.209+0000] {logging_mixin.py:150} INFO - [2026-09-17T00:55:58.209+0000] {manager.py:504} INFO - Created Permission View: can read on DAG:example_complex
[2026-09-17T00:55:58.216+0000] {logging_mixin.py:150} INFO - [2026-09-17T00:55:58.216+0000] {dag.py:2742} INFO - Sync 1 DAGs
[2026-09-17T00:55:58.223+0000] {logging_mixin.py:150} INFO - [2026-09-17T00:55:58.223+0000] {dag.py:2763} INFO - Creating ORM DAG for example_complex
[2026-09-17T00:55:58.230+0000] {logging_mixin.py:150} INFO - [2026-09-17T00:55:58.230+0000] {dag.py:3504} INFO - Setting next_dagrun for example_complex to None, run_after=None
[2026-09-17T00:55:58.249+0000] {processor.py:179} INFO - Processing /home/vscode/.local/lib/python3.10/site-packages/airflow/example_dags/example_complex.py took 0.267 seconds
[2026-09-17T00:56:22.187+0000] {processor.py:157} INFO - Started process (PID=22471) to work on /home/vscode/.local/lib/python3.10/site-packages/airflow/example_dags/example_complex.py
[2026-09-17T00:56:22.191+0000] {processor.py:826} INFO - Processing file /home/vscode/.local/lib/python3.10/site-packages/airflow/example_dags/example_complex.py for tasks to queue
[2026-09-17T00:56:22.192+0000] {logging_mixin.py:150} INFO - [2026-09-17T00:56:22.191+0000] {dagbag.py:541} INFO - Filling up the DagBag from /home/vscode/.local/lib/python3.10/site-packages/airflow/example_dags/example_complex.py
[2026-09-17T00:56:22.211+0000] {processor.py:836} INFO - DAG(s) dict_keys(['example_complex']) retrieved from /home/vscode/.local/lib/python3.10/site-packages/airflow/example_dags/example_complex.py
[2026-09-17T00:56:22.223+0000] {logging_mixin.py:150} INFO - [2026-09-17T00:56:22.222+0000] {dag.py:2742} INFO - Sync 1 DAGs
[2026-09-17T00:56:22.243+0000] {logging_mixin.py:150} INFO - [2026-09-17T00:56:22.243+0000] {dag.py:3504} INFO - Setting next_dagrun for example_complex to None, run_after=None
[2026-09-17T00:56:22.278+0000] {processor.py:179} INFO - Processing /home/vscode/.local/lib/python3.10/site-packages/airflow/example_dags/example_complex.py took 0.097 seconds
[2026-09-17T00:56:48.005+0000] {processor.py:157} INFO - Started process (PID=22755) to work on /home/vscode/.local/lib/python3.10/site-packages/airflow/example_dags/example_complex.py
[2026-09-17T00:56:48.006+0000] {processor.py:826} INFO - Processing file /home/vscode/.local/lib/python3.10/site-packages/airflow/example_dags/example_complex.py for tasks to queue
[2026-09-17T00:56:48.007+0000] {logging_mixin.py:150} INFO - [2026-09-17T00:56:48.007+0000] {dagbag.py:541} INFO - Filling up the DagBag from /home/vscode/.local/lib/python3.10/site-packages/airflow/example_dags/example_complex.py
[2026-09-17T00:56:48.021+0000] {processor.py:836} INFO - DAG(s) dict_keys(['example_complex']) retrieved from /home/vscode/.local/lib/python3.10/site-packages/airflow/example_dags/example_complex.py
[2026-09-17T00:56:48.056+0000] {logging_mixin.py:150} INFO - [2026-09-17T00:56:48.056+0000] {dag.py:2742} INFO - Sync 1 DAGs
[2026-09-17T00:56:48.084+0000] {logging_mixin.py:150} INFO - [2026-09-17T00:56:48.084+0000] {dag.py:3504} INFO - Setting next_dagrun for example_complex to None, run_after=None
[2026-09-17T00:56:48.118+0000] {processor.py:179} INFO - Processing /home/vscode/.local/lib/python3.10/site-packages/airflow/example_dags/example_complex.py took 0.116 seconds
[2026-09-17T00:57:23.319+0000] {processor.py:157} INFO - Started process (PID=23017) to work on /home/vscode/.local/lib/python3.10/site-packages/airflow/example_dags/example_complex.py
[2026-09-17T00:57:23.321+0000] {processor.py:826} INFO - Processing file /home/vscode/.local/lib/python3.10/site-packages/airflow/example_dags/example_complex.py for tasks to queue
[2026-09-17T00:57:23.322+0000] {logging_mixin.py:150} INFO - [2026-09-17T00:57:23.322+0000] {dagbag.py:541} INFO - Filling up the DagBag from /home/vscode/.local/lib/python3.10/site-packages/airflow/example_dags/example_complex.py
[2026-09-17T00:57:23.336+0000] {processor.py:836} INFO - DAG(s) dict_keys(['example_complex']) retrieved from /home/vscode/.local/lib/python3.10/site-packages/airflow/example_dags/example_complex.py
[2026-09-17T00:57:23.429+0000] {logging_mixin.py:150} INFO - [2026-09-17T00:57:23.429+0000] {dag.py:2742} INFO - Sync 1 DAGs
[2026-09-17T00:57:23.450+0000] {logging_mixin.py:150} INFO - [2026-09-17T00:57:23.449+0000] {dag.py:3504} INFO - Setting next_dagrun for example_complex to None, run_after=None
[2026-09-17T00:57:23.467+0000] {processor.py:179} INFO - Processing /home/vscode/.local/lib/python3.10/site-packages/airflow/example_dags/example_complex.py took 0.151 seconds
[2026-09-17T00:57:44.740+0000] {processor.py:157} INFO - Started process (PID=23186) to work on /home/vscode/.local/lib/python3.10/site-packages/airflow/example_dags/example_complex.py
[2026-09-17T00:57:44.741+0000] {processor.py:826} INFO - Processing file /home/vscode/.local/lib/python3.10/site-packages/airflow/example_dags/example_complex.py for tasks to queue
[2026-09-17T00:57:44.741+0000] {logging_mixin.py:150} INFO - [2026-09-17T00:57:44.741+0000] {dagbag.py:541} INFO - Filling up the DagBag from /home/vscode/.local/lib/python3.10/site-packages/airflow/example_dags/example_complex.py
[2026-09-17T00:57:44.754+0000] {processor.py:836} INFO - DAG(s) dict_keys(['example_complex']) retrieved from /home/vscode/.local/lib/python3.10/site-packages/airflow/example_dags/example_complex.py
[2026-09-17T00:57:44.786+0000] {logging_mixin.py:150} INFO - [2026-09-17T00:57:44.786+0000] {dag.py:2742} INFO - Sync 1 DAGs
[2026-09-17T00:57:44.809+0000] {logging_mixin.py:150} INFO - [2026-09-17T00:57:44.808+0000] {dag.py:3504} INFO - Setting next_dagrun for example_complex to None, run_after=None
[2026-09-17T00:57:44.842+0000] {processor.py:179} INFO - Processing /home/vscode/.local/lib/python3.10/site-packages/airflow/example_dags/example_complex.py took 0.105 seconds
[2026-09-17T00:58:15.313+0000] {processor.py:157} INFO - Started process (PID=23433) to work on /home/vscode/.local/lib/python3.10/site-packages/airflow/example_dags/example_complex.py
[2026-09-17T00:58:15.314+0000] {processor.py:826} INFO - Processing file /home/vscode/.local/lib/python3.10/site-packages/airflow/example_dags/example_complex.py for tasks to queue
[2026-09-17T00:58:15.315+0000] {logging_mixin.py:150} INFO - [2026-09-17T00:58:15.315+0000] {dagbag.py:541} INFO - Filling up the DagBag from /home/vscode/.local/lib/python3.10/site-packages/airflow/example_dags/example_complex.py
[2026-09-17T00:58:15.329+0000] {processor.py:836} INFO - DAG(s) dict_keys(['example_complex']) retrieved from /home/vscode/.local/lib/python3.10/site-packages/airflow/example_dags/example_complex.py
[2026-09-17T00:58:15.362+0000] {logging_mixin.py:150} INFO - [2026-09-17T00:58:15.361+0000] {dag.py:2742} INFO - Sync 1 DAGs
[2026-09-17T00:58:15.379+0000] {logging_mixin.py:150} INFO - [2026-09-17T00:58:15.379+0000] {dag.py:3504} INFO - Setting next_dagrun for example_complex to None, run_after=None
[2026-09-17T00:58:15.415+0000] {processor.py:179} INFO - Processing /home/vscode/.local/lib/python3.10/site-packages/airflow/example_dags/example_complex.py took 0.105 seconds
[2026-09-17T00:58:33.297+0000] {processor.py:157} INFO - Started process (PID=23660) to work on /home/vscode/.local/lib/python3.10/site-packages/airflow/example_dags/example_complex.py
[2026-09-17T00:58:33.298+0000] {processor.py:826} INFO - Processing file /home/vscode/.local/lib/python3.10/site-packages/airflow/example_dags/example_complex.py for tasks to queue
[2026-09-17T00:58:33.299+0000] {logging_mixin.py:150} INFO - [2026-09-17T00:58:33.299+0000] {dagbag.py:541} INFO - Filling up the DagBag from /home/vscode/.local/lib/python3.10/site-packages/airflow/example_dags/example_complex.py
[2026-09-17T00:58:33.312+0000] {processor.py:836} INFO - DAG(s) dict_keys(['example_complex']) retrieved from /home/vscode/.local/lib/python3.10/site-packages/airflow/example_dags/example_complex.py
[2026-09-17T00:58:33.344+0000] {logging_mixin.py:150} INFO - [2026-09-17T00:58:33.344+0000] {dag.py:2742} INFO - Sync 1 DAGs
[2026-09-17T00:58:33.359+0000] {logging_mixin.py:150} INFO - [2026-09-17T00:58:33.359+0000] {dag.py:3504} INFO - Setting next_dagrun for example_complex to None, run_after=None
[2026-09-17T00:58:33.375+0000] {processor.py:179} INFO - Processing /home/vscode/.local/lib/python3.10/site-packages/airflow/example_dags/example_complex.py took 0.081 seconds
[2026-09-17T00:59:09.087+0000] {processor.py:157} INFO - Started process (PID=24096) to work on /home/vscode/.local/lib/python3.10/site-packages/airflow/example_dags/example_complex.py
[2026-09-17T00:59:09.088+0000] {processor.py:826} INFO - Processing file /home/vscode/.local/lib/python3.10/site-packages/airflow/example_dags/example_complex.py for tasks to queue
[2026-09-17T00:59:09.088+0000] {logging_mixin.py:150} INFO - [2026-09-17T00:59:09.088+0000] {dagbag.py:541} INFO - Filling up the DagBag from /home/vscode/.local/lib/python3.10/site-packages/airflow/example_dags/example_complex.py
[2026-09-17T00:59:09.097+0000] {processor.py:836} INFO - DAG(s) dict_keys(['example_complex']) retrieved from /home/vscode/.local/lib/python3.10/site-packages/airflow/example_dags/example_complex.py
[2026-09-17T00:59:09.117+0000] {logging_mixin.py:150} INFO - [2026-09-17T00:59:09.117+0000] {dag.py:2742} INFO - Sync 1 DAGs
[2026-09-17T00:59:09.132+0000] {logging_mixin.py:150} INFO - [2026-09-17T00:59:09.131+0000] {dag.py:3504} INFO - Setting next_dagrun for example_complex to None, run_after=None
[2026-09-17T00:59:09.148+0000] {processor.py:179} INFO - Processing /home/vscode/.local/lib/python3.10/site-packages/airflow/example_dags/example_complex.py took 0.064 seconds
[2026-09-17T00:59:23.208+0000] {processor.py:157} INFO - Started process (PID=24259) to work on /home/vscode/.local/lib/python3.10/site-packages/airflow/example_dags/example_complex.py
[2026-09-17T00:59:23.209+0000] {processor.py:826} INFO - Processing file /home/vscode/.local/lib/python3.10/site-packages/airflow/example_dags/example_complex.py for tasks to queue
[2026-09-17T00:59:23.210+0000] {logging_mixin.py:150} INFO - [2026-09-17T00:59:23.210+0000] {dagbag.py:541} INFO - Filling up the DagBag from /home/vscode/.local/lib/python3.10/site-packages/airflow/example_dags/example_complex.py
[2026-09-17T00:59:23.222+0000] {processor.py:836} INFO - DAG(s) dict_keys(['example_complex']) retrieved from /home/vscode/.local/lib/python3.10/site-packages/airflow/example_dags/example_complex.py
[2026-09-17T00:59:23.252+0000] {logging_mixin.py:150} INFO - [2026-09-17T00:59:23.252+0000] {dag.py:2742} INFO - Sync 1 DAGs
[2026-09-17T00:59:23.282+0000] {logging_mixin.py:150} INFO - [2026-09-17T00:59:23.281+0000] {dag.py:3504} INFO - Setting next_dagrun for example_complex to None, run_after=None
[2026-09-17T00:59:23.341+0000] {processor.py:179} INFO - Processing /home/vscode/.local/lib/python3.10/site-packages/airflow/example_dags/example_complex.py took 0.136 seconds
[2026-09-17T01:00:02.411+0000] {processor.py:157} INFO - Started process (PID=24822) to work on /home/vscode/.local/lib/python3.10/site-packages/airflow/example_dags/example_complex.py
[2026-09-17T01:00:02.417+0000] {processor.py:826} INFO - Processing file /home/vscode/.local/lib/python3.10/site-packages/airflow/example_dags/example_complex.py for tasks to queue
[2026-09-17T01:00:02.421+0000] {logging_mixin.py:150} INFO - [2026-09-17T01:00:02.420+0000] {dagbag.py:541} INFO - Filling up the DagBag from /home/vscode/.local/lib/python3.10/site-packages/airflow/example_dags/example_complex.py
[2026-09-17T01:00:02.456+0000] {processor.py:836} INFO - DAG(s) dict_keys(['example_complex']) retrieved from /home/vscode/.local/lib/python3.10/site-packages/airflow/example_dags/example_complex.py
[2026-09-17T01:00:02.567+0000] {logging_mixin.py:150} INFO - [2026-09-17T01:00:02.567+0000] {dag.py:2742} INFO - Sync 1 DAGs
[2026-09-17T01:00:02.596+0000] {logging_mixin.py:150} INFO - [2026-09-17T01:00:02.595+0000] {dag.py:3504} INFO - Setting next_dagrun for example_complex to None, run_after=None
[2026-09-17T01:00:02.654+0000] {processor.py:179} INFO - Processing /home/vscode/.local/lib/python3.10/site-packages/airflow/example_dags/example_complex.py took 0.273 seconds
[2026-09-17T01:00:14.892+0000] {processor.py:157} INFO - Started process (PID=24993) to work on /home/vscode/.local/lib/python3.10/site-packages/airflow/example_dags/example_complex.py
[2026-09-17T01:00:14.893+0000] {processor.py:826} INFO - Processing file /home/vscode/.local/lib/python3.10/site-packages/airflow/example_dags/example_complex.py for tasks to queue
[2026-09-17T01:00:14.894+0000] {logging_mixin.py:150} INFO - [2026-09-17T01:00:14.894+0000] {dagbag.py:541} INFO - Filling up the DagBag from /home/vscode/.local/lib/python3.10/site-packages/airflow/example_dags/example_complex.py
[2026-09-17T01:00:14.910+0000] {processor.py:836} INFO - DAG(s) dict_keys(['example_complex']) retrieved from /home/vscode/.local/lib/python3.10/site-packages/airflow/example_dags/example_complex.py
[2026-09-17T01:00:14.963+0000] {logging_mixin.py:150} INFO - [2026-09-17T01:00:14.963+0000] {dag.py:2742} INFO - Sync 1 DAGs
[2026-09-17T01:00:15.222+0000] {logging_mixin.py:150} INFO - [2026-09-17T01:00:15.222+0000] {dag.py:3504} INFO - Setting next_dagrun for example_complex to None, run_after=None
[2026-09-17T01:00:15.438+0000] {processor.py:179} INFO - Processing /home/vscode/.local/lib/python3.10/site-packages/airflow/example_dags/example_complex.py took 0.550 seconds
[2026-09-17T01:00:51.776+0000] {processor.py:157} INFO - Started process (PID=25436) to work on /home/vscode/.local/lib/python3.10/site-packages/airflow/example_dags/example_complex.py
[2026-09-17T01:00:51.777+0000] {processor.py:826} INFO - Processing file /home/vscode/.local/lib/python3.10/site-packages/airflow/example_dags/example_complex.py for tasks to queue
[2026-09-17T01:00:51.778+0000] {logging_mixin.py:150} INFO - [2026-09-17T01:00:51.777+0000] {dagbag.py:541} INFO - Filling up the DagBag from /home/vscode/.local/lib/python3.10/site-packages/airflow/example_dags/example_complex.py
[2026-09-17T01:00:51.788+0000] {processor.py:836} INFO - DAG(s) dict_keys(['example_complex']) retrieved from /home/vscode/.local/lib/python3.10/site-packages/airflow/example_dags/example_complex.py
[2026-09-17T01:00:51.812+0000] {logging_mixin.py:150} INFO - [2026-09-17T01:00:51.811+0000] {dag.py:2742} INFO - Sync 1 DAGs
[2026-09-17T01:00:51.829+0000] {logging_mixin.py:150} INFO - [2026-09-17T01:00:51.829+0000] {dag.py:3504} INFO - Setting next_dagrun for example_complex to None, run_after=None
[2026-09-17T01:00:51.847+0000] {processor.py:179} INFO - Processing /home/vscode/.local/lib/python3.10/site-packages/airflow/example_dags/example_complex.py took 0.073 seconds
[2026-09-17T01:01:08.296+0000] {processor.py:157} INFO - Started process (PID=25573) to work on /home/vscode/.local/lib/python3.10/site-packages/airflow/example_dags/example_complex.py
[2026-09-17T01:01:08.297+0000] {processor.py:826} INFO - Processing file /home/vscode/.local/lib/python3.10/site-packages/airflow/example_dags/example_complex.py for tasks to queue
[2026-09-17T01:01:08.298+0000] {logging_mixin.py:150} INFO - [2026-09-17T01:01:08.297+0000] {dagbag.py:541} INFO - Filling up the DagBag from /home/vscode/.local/lib/python3.10/site-packages/airflow/example_dags/example_complex.py
[2026-09-17T01:01:08.308+0000] {processor.py:836} INFO - DAG(s) dict_keys(['example_complex']) retrieved from /home/vscode/.local/lib/python3.10/site-packages/airflow/example_dags/example_complex.py
[2026-09-17T01:01:08.328+0000] {logging_mixin.py:150} INFO - [2026-09-17T01:01:08.328+0000] {dag.py:2742} INFO - Sync 1 DAGs
[2026-09-17T01:01:08.343+0000] {logging_mixin.py:150} INFO - [2026-09-17T01:01:08.343+0000] {dag.py:3504} INFO - Setting next_dagrun for example_complex to None, run_after=None
[2026-09-17T01:01:08.362+0000] {processor.py:179} INFO - Processing /home/vscode/.local/lib/python3.10/site-packages/airflow/example_dags/example_complex.py took 0.070 seconds
[2026-09-17T01:01:41.436+0000] {processor.py:157} INFO - Started process (PID=25849) to work on /home/vscode/.local/lib/python3.10/site-packages/airflow/example_dags/example_complex.py
[2026-09-17T01:01:41.436+0000] {processor.py:826} INFO - Processing file /home/vscode/.local/lib/python3.10/site-packages/airflow/example_dags/example_complex.py for tasks to queue
[2026-09-17T01:01:41.437+0000] {logging_mixin.py:150} INFO - [2026-09-17T01:01:41.437+0000] {dagbag.py:541} INFO - Filling up the DagBag from /home/vscode/.local/lib/python3.10/site-packages/airflow/example_dags/example_complex.py
[2026-09-17T01:01:41.447+0000] {processor.py:836} INFO - DAG(s) dict_keys(['example_complex']) retrieved from /home/vscode/.local/lib/python3.10/site-packages/airflow/example_dags/example_complex.py
[2026-09-17T01:01:41.479+0000] {logging_mixin.py:150} INFO - [2026-09-17T01:01:41.479+0000] {dag.py:2742} INFO - Sync 1 DAGs
[2026-09-17T01:01:41.498+0000] {logging_mixin.py:150} INFO - [2026-09-17T01:01:41.498+0000] {dag.py:3504} INFO - Setting next_dagrun for example_complex to None, run_after=None
[2026-09-17T01:01:41.518+0000] {processor.py:179} INFO - Processing /home/vscode/.local/lib/python3.10/site-packages/airflow/example_dags/example_complex.py took 0.085 seconds
[2026-09-17T01:02:02.037+0000] {processor.py:157} INFO - Started process (PID=26024) to work on /home/vscode/.local/lib/python3.10/site-packages/airflow/example_dags/example_complex.py
[2026-09-17T01:02:02.038+0000] {processor.py:826} INFO - Processing file /home/vscode/.local/lib/python3.10/site-packages/airflow/example_dags/example_complex.py for tasks to queue
[2026-09-17T01:02:02.039+0000] {logging_mixin.py:150} INFO - [2026-09-17T01:02:02.039+0000] {dagbag.py:541} INFO - Filling up the DagBag from /home/vscode/.local/lib/python3.10/site-packages/airflow/example_dags/example_complex.py
[2026-09-17T01:02:02.047+0000] {processor.py:836} INFO - DAG(s) dict_keys(['example_complex']) retrieved from /home/vscode/.local/lib/python3.10/site-packages/airflow/example_dags/example_complex.py
[2026-09-17T01:02:02.068+0000] {logging_mixin.py:150} INFO - [2026-09-17T01:02:02.068+0000] {dag.py:2742} INFO - Sync 1 DAGs
[2026-09-17T01:02:02.084+0000] {logging_mixin.py:150} INFO - [2026-09-17T01:02:02.084+0000] {dag.py:3504} INFO - Setting next_dagrun for example_complex to None, run_after=None
[2026-09-17T01:02:02.104+0000] {processor.py:179} INFO - Processing /home/vscode/.local/lib/python3.10/site-packages/airflow/example_dags/example_complex.py took 0.069 seconds
[2026-09-17T01:02:26.844+0000] {processor.py:157} INFO - Started process (PID=26233) to work on /home/vscode/.local/lib/python3.10/site-packages/airflow/example_dags/example_complex.py
[2026-09-17T01:02:26.845+0000] {processor.py:826} INFO - Processing file /home/vscode/.local/lib/python3.10/site-packages/airflow/example_dags/example_complex.py for tasks to queue
[2026-09-17T01:02:26.846+0000] {logging_mixin.py:150} INFO - [2026-09-17T01:02:26.846+0000] {dagbag.py:541} INFO - Filling up the DagBag from /home/vscode/.local/lib/python3.10/site-packages/airflow/example_dags/example_complex.py
[2026-09-17T01:02:26.856+0000] {processor.py:836} INFO - DAG(s) dict_keys(['example_complex']) retrieved from /home/vscode/.local/lib/python3.10/site-packages/airflow/example_dags/example_complex.py
[2026-09-17T01:02:26.876+0000] {logging_mixin.py:150} INFO - [2026-09-17T01:02:26.876+0000] {dag.py:2742} INFO - Sync 1 DAGs
[2026-09-17T01:02:26.894+0000] {logging_mixin.py:150} INFO - [2026-09-17T01:02:26.894+0000] {dag.py:3504} INFO - Setting next_dagrun for example_complex to None, run_after=None
[2026-09-17T01:02:26.924+0000] {processor.py:179} INFO - Processing /home/vscode/.local/lib/python3.10/site-packages/airflow/example_dags/example_complex.py took 0.082 seconds
[2026-09-17T01:02:54.935+0000] {processor.py:157} INFO - Started process (PID=26470) to work on /home/vscode/.local/lib/python3.10/site-packages/airflow/example_dags/example_complex.py
[2026-09-17T01:02:54.935+0000] {processor.py:826} INFO - Processing file /home/vscode/.local/lib/python3.10/site-packages/airflow/example_dags/example_complex.py for tasks to queue
[2026-09-17T01:02:54.936+0000] {logging_mixin.py:150} INFO - [2026-09-17T01:02:54.936+0000] {dagbag.py:541} INFO - Filling up the DagBag from /home/vscode/.local/lib/python3.10/site-packages/airflow/example_dags/example_complex.py
[2026-09-17T01:02:54.949+0000] {processor.py:836} INFO - DAG(s) dict_keys(['example_complex']) retrieved from /home/vscode/.local/lib/python3.10/site-packages/airflow/example_dags/example_complex.py
[2026-09-17T01:02:54.972+0000] {logging_mixin.py:150} INFO - [2026-09-17T01:02:54.972+0000] {dag.py:2742} INFO - Sync 1 DAGs
[2026-09-17T01:02:54.987+0000] {logging_mixin.py:150} INFO - [2026-09-17T01:02:54.987+0000] {dag.py:3504} INFO - Setting next_dagrun for example_complex to None, run_after=None
[2026-09-17T01:02:55.007+0000] {processor.py:179} INFO - Processing /home/vscode/.local/lib/python3.10/site-packages/airflow/example_dags/example_complex.py took 0.077 seconds
[2026-09-17T01:03:14.412+0000] {processor.py:157} INFO - Started process (PID=26643) to work on /home/vscode/.local/lib/python3.10/site-packages/airflow/example_dags/example_complex.py
[2026-09-17T01:03:14.412+0000] {processor.py:826} INFO - Processing file /home/vscode/.local/lib/python3.10/site-packages/airflow/example_dags/example_complex.py for tasks to queue
[2026-09-17T01:03:14.413+0000] {logging_mixin.py:150} INFO - [2026-09-17T01:03:14.413+0000] {dagbag.py:541} INFO - Filling up the DagBag from /home/vscode/.local/lib/python3.10/site-packages/airflow/example_dags/example_complex.py
[2026-09-17T01:03:14.422+0000] {processor.py:836} INFO - DAG(s) dict_keys(['example_complex']) retrieved from /home/vscode/.local/lib/python3.10/site-packages/airflow/example_dags/example_complex.py
[2026-09-17T01:03:14.442+0000] {logging_mixin.py:150} INFO - [2026-09-17T01:03:14.442+0000] {dag.py:2742} INFO - Sync 1 DAGs
[2026-09-17T01:03:14.457+0000] {logging_mixin.py:150} INFO - [2026-09-17T01:03:14.457+0000] {dag.py:3504} INFO - Setting next_dagrun for example_complex to None, run_after=None
[2026-09-17T01:03:14.473+0000] {processor.py:179} INFO - Processing /home/vscode/.local/lib/python3.10/site-packages/airflow/example_dags/example_complex.py took 0.065 seconds
[2026-09-17T01:03:44.886+0000] {processor.py:157} INFO - Started process (PID=26895) to work on /home/vscode/.local/lib/python3.10/site-packages/airflow/example_dags/example_complex.py
[2026-09-17T01:03:44.887+0000] {processor.py:826} INFO - Processing file /home/vscode/.local/lib/python3.10/site-packages/airflow/example_dags/example_complex.py for tasks to queue
[2026-09-17T01:03:44.888+0000] {logging_mixin.py:150} INFO - [2026-09-17T01:03:44.887+0000] {dagbag.py:541} INFO - Filling up the DagBag from /home/vscode/.local/lib/python3.10/site-packages/airflow/example_dags/example_complex.py
[2026-09-17T01:03:44.896+0000] {processor.py:836} INFO - DAG(s) dict_keys(['example_complex']) retrieved from /home/vscode/.local/lib/python3.10/site-packages/airflow/example_dags/example_complex.py
[2026-09-17T01:03:44.917+0000] {logging_mixin.py:150} INFO - [2026-09-17T01:03:44.917+0000] {dag.py:2742} INFO - Sync 1 DAGs
[2026-09-17T01:03:44.932+0000] {logging_mixin.py:150} INFO - [2026-09-17T01:03:44.932+0000] {dag.py:3504} INFO - Setting next_dagrun for example_complex to None, run_after=None
[2026-09-17T01:03:44.948+0000] {processor.py:179} INFO - Processing /home/vscode/.local/lib/python3.10/site-packages/airflow/example_dags/example_complex.py took 0.064 seconds
[2026-09-17T01:04:02.390+0000] {processor.py:157} INFO - Started process (PID=27054) to work on /home/vscode/.local/lib/python3.10/site-packages/airflow/example_dags/example_complex.py
[2026-09-17T01:04:02.391+0000] {processor.py:826} INFO - Processing file /home/vscode/.local/lib/python3.10/site-packages/airflow/example_dags/example_complex.py for tasks to queue
[2026-09-17T01:04:02.392+0000] {logging_mixin.py:150} INFO - [2026-09-17T01:04:02.392+0000] {dagbag.py:541} INFO - Filling up the DagBag from /home/vscode/.local/lib/python3.10/site-packages/airflow/example_dags/example_complex.py
[2026-09-17T01:04:02.406+0000] {processor.py:836} INFO - DAG(s) dict_keys(['example_complex']) retrieved from /home/vscode/.local/lib/python3.10/site-packages/airflow/example_dags/example_complex.py
[2026-09-17T01:04:02.439+0000] {logging_mixin.py:150} INFO - [2026-09-17T01:04:02.438+0000] {dag.py:2742} INFO - Sync 1 DAGs
[2026-09-17T01:04:02.466+0000] {logging_mixin.py:150} INFO - [2026-09-17T01:04:02.466+0000] {dag.py:3504} INFO - Setting next_dagrun for example_complex to None, run_after=None
[2026-09-17T01:04:02.493+0000] {processor.py:179} INFO - Processing /home/vscode/.local/lib/python3.10/site-packages/airflow/example_dags/example_complex.py took 0.106 seconds
[2026-09-17T01:04:35.734+0000] {processor.py:157} INFO - Started process (PID=27323) to work on /home/vscode/.local/lib/python3.10/site-packages/airflow/example_dags/example_complex.py
[2026-09-17T01:04:35.735+0000] {processor.py:826} INFO - Processing file /home/vscode/.local/lib/python3.10/site-packages/airflow/example_dags/example_complex.py for tasks to queue
[2026-09-17T01:04:35.735+0000] {logging_mixin.py:150} INFO - [2026-09-17T01:04:35.735+0000] {dagbag.py:541} INFO - Filling up the DagBag from /home/vscode/.local/lib/python3.10/site-packages/airflow/example_dags/example_complex.py
[2026-09-17T01:04:35.744+0000] {processor.py:836} INFO - DAG(s) dict_keys(['example_complex']) retrieved from /home/vscode/.local/lib/python3.10/site-packages/airflow/example_dags/example_complex.py
[2026-09-17T01:04:35.768+0000] {logging_mixin.py:150} INFO - [2026-09-17T01:04:35.767+0000] {dag.py:2742} INFO - Sync 1 DAGs
[2026-09-17T01:04:35.782+0000] {logging_mixin.py:150} INFO - [2026-09-17T01:04:35.782+0000] {dag.py:3504} INFO - Setting next_dagrun for example_complex to None, run_after=None
[2026-09-17T01:04:35.799+0000] {processor.py:179} INFO - Processing /home/vscode/.local/lib/python3.10/site-packages/airflow/example_dags/example_complex.py took 0.067 seconds
[2026-09-17T01:04:56.294+0000] {processor.py:157} INFO - Started process (PID=27495) to work on /home/vscode/.local/lib/python3.10/site-packages/airflow/example_dags/example_complex.py
[2026-09-17T01:04:56.294+0000] {processor.py:826} INFO - Processing file /home/vscode/.local/lib/python3.10/site-packages/airflow/example_dags/example_complex.py for tasks to queue
[2026-09-17T01:04:56.295+0000] {logging_mixin.py:150} INFO - [2026-09-17T01:04:56.295+0000] {dagbag.py:541} INFO - Filling up the DagBag from /home/vscode/.local/lib/python3.10/site-packages/airflow/example_dags/example_complex.py
[2026-09-17T01:04:56.304+0000] {processor.py:836} INFO - DAG(s) dict_keys(['example_complex']) retrieved from /home/vscode/.local/lib/python3.10/site-packages/airflow/example_dags/example_complex.py
[2026-09-17T01:04:56.324+0000] {logging_mixin.py:150} INFO - [2026-09-17T01:04:56.324+0000] {dag.py:2742} INFO - Sync 1 DAGs
[2026-09-17T01:04:56.338+0000] {logging_mixin.py:150} INFO - [2026-09-17T01:04:56.338+0000] {dag.py:3504} INFO - Setting next_dagrun for example_complex to None, run_after=None
[2026-09-17T01:04:56.355+0000] {processor.py:179} INFO - Processing /home/vscode/.local/lib/python3.10/site-packages/airflow/example_dags/example_complex.py took 0.064 seconds
[2026-09-17T01:05:24.641+0000] {processor.py:157} INFO - Started process (PID=27744) to work on /home/vscode/.local/lib/python3.10/site-packages/airflow/example_dags/example_complex.py
[2026-09-17T01:05:24.642+0000] {processor.py:826} INFO - Processing file /home/vscode/.local/lib/python3.10/site-packages/airflow/example_dags/example_complex.py for tasks to queue
[2026-09-17T01:05:24.642+0000] {logging_mixin.py:150} INFO - [2026-09-17T01:05:24.642+0000] {dagbag.py:541} INFO - Filling up the DagBag from /home/vscode/.local/lib/python3.10/site-packages/airflow/example_dags/example_complex.py
[2026-09-17T01:05:24.654+0000] {processor.py:836} INFO - DAG(s) dict_keys(['example_complex']) retrieved from /home/vscode/.local/lib/python3.10/site-packages/airflow/example_dags/example_complex.py
[2026-09-17T01:05:24.674+0000] {logging_mixin.py:150} INFO - [2026-09-17T01:05:24.674+0000] {dag.py:2742} INFO - Sync 1 DAGs
[2026-09-17T01:05:24.691+0000] {logging_mixin.py:150} INFO - [2026-09-17T01:05:24.691+0000] {dag.py:3504} INFO - Setting next_dagrun for example_complex to None, run_after=None
[2026-09-17T01:05:24.713+0000] {processor.py:179} INFO - Processing /home/vscode/.local/lib/python3.10/site-packages/airflow/example_dags/example_complex.py took 0.075 seconds
[2026-09-17T01:05:44.411+0000] {processor.py:157} INFO - Started process (PID=27942) to work on /home/vscode/.local/lib/python3.10/site-packages/airflow/example_dags/example_complex.py
[2026-09-17T01:05:44.412+0000] {processor.py:826} INFO - Processing file /home/vscode/.local/lib/python3.10/site-packages/airflow/example_dags/example_complex.py for tasks to queue
[2026-09-17T01:05:44.413+0000] {logging_mixin.py:150} INFO - [2026-09-17T01:05:44.412+0000] {dagbag.py:541} INFO - Filling up the DagBag from /home/vscode/.local/lib/python3.10/site-packages/airflow/example_dags/example_complex.py
[2026-09-17T01:05:44.421+0000] {processor.py:836} INFO - DAG(s) dict_keys(['example_complex']) retrieved from /home/vscode/.local/lib/python3.10/site-packages/airflow/example_dags/example_complex.py
[2026-09-17T01:05:44.442+0000] {logging_mixin.py:150} INFO - [2026-09-17T01:05:44.442+0000] {dag.py:2742} INFO - Sync 1 DAGs
[2026-09-17T01:05:44.457+0000] {logging_mixin.py:150} INFO - [2026-09-17T01:05:44.456+0000] {dag.py:3504} INFO - Setting next_dagrun for example_complex to None, run_after=None
[2026-09-17T01:05:44.473+0000] {processor.py:179} INFO - Processing /home/vscode/.local/lib/python3.10/site-packages/airflow/example_dags/example_complex.py took 0.064 seconds
[2026-09-17T01:06:10.974+0000] {processor.py:157} INFO - Started process (PID=28166) to work on /home/vscode/.local/lib/python3.10/site-packages/airflow/example_dags/example_complex.py
[2026-09-17T01:06:10.975+0000] {processor.py:826} INFO - Processing file /home/vscode/.local/lib/python3.10/site-packages/airflow/example_dags/example_complex.py for tasks to queue
[2026-09-17T01:06:10.976+0000] {logging_mixin.py:150} INFO - [2026-09-17T01:06:10.975+0000] {dagbag.py:541} INFO - Filling up the DagBag from /home/vscode/.local/lib/python3.10/site-packages/airflow/example_dags/example_complex.py
[2026-09-17T01:06:10.986+0000] {processor.py:836} INFO - DAG(s) dict_keys(['example_complex']) retrieved from /home/vscode/.local/lib/python3.10/site-packages/airflow/example_dags/example_complex.py
[2026-09-17T01:06:11.010+0000] {logging_mixin.py:150} INFO - [2026-09-17T01:06:11.010+0000] {dag.py:2742} INFO - Sync 1 DAGs
[2026-09-17T01:06:11.024+0000] {logging_mixin.py:150} INFO - [2026-09-17T01:06:11.024+0000] {dag.py:3504} INFO - Setting next_dagrun for example_complex to None, run_after=None
[2026-09-17T01:06:11.043+0000] {processor.py:179} INFO - Processing /home/vscode/.local/lib/python3.10/site-packages/airflow/example_dags/example_complex.py took 0.072 seconds
[2026-09-17T01:06:32.681+0000] {processor.py:157} INFO - Started process (PID=28346) to work on /home/vscode/.local/lib/python3.10/site-packages/airflow/example_dags/example_complex.py
[2026-09-17T01:06:32.682+0000] {processor.py:826} INFO - Processing file /home/vscode/.local/lib/python3.10/site-packages/airflow/example_dags/example_complex.py for tasks to queue
[2026-09-17T01:06:32.683+0000] {logging_mixin.py:150} INFO - [2026-09-17T01:06:32.682+0000] {dagbag.py:541} INFO - Filling up the DagBag from /home/vscode/.local/lib/python3.10/site-packages/airflow/example_dags/example_complex.py
[2026-09-17T01:06:32.695+0000] {processor.py:836} INFO - DAG(s) dict_keys(['example_complex']) retrieved from /home/vscode/.local/lib/python3.10/site-packages/airflow/example_dags/example_complex.py
[2026-09-17T01:06:32.719+0000] {logging_mixin.py:150} INFO - [2026-09-17T01:06:32.719+0000] {dag.py:2742} INFO - Sync 1 DAGs
[2026-09-17T01:06:32.734+0000] {logging_mixin.py:150} INFO - [2026-09-17T01:06:32.734+0000] {dag.py:3504} INFO - Setting next_dagrun for example_complex to None, run_after=None
[2026-09-17T01:06:32.762+0000] {processor.py:179} INFO - Processing /home/vscode/.local/lib/python3.10/site-packages/airflow/example_dags/example_complex.py took 0.083 seconds
[2026-09-17T01:07:04.453+0000] {processor.py:157} INFO - Started process (PID=28621) to work on /home/vscode/.local/lib/python3.10/site-packages/airflow/example_dags/example_complex.py
[2026-09-17T01:07:04.454+0000] {processor.py:826} INFO - Processing file /home/vscode/.local/lib/python3.10/site-packages/airflow/example_dags/example_complex.py for tasks to queue
[2026-09-17T01:07:04.454+0000] {logging_mixin.py:150} INFO - [2026-09-17T01:07:04.454+0000] {dagbag.py:541} INFO - Filling up the DagBag from /home/vscode/.local/lib/python3.10/site-packages/airflow/example_dags/example_complex.py
[2026-09-17T01:07:04.463+0000] {processor.py:836} INFO - DAG(s) dict_keys(['example_complex']) retrieved from /home/vscode/.local/lib/python3.10/site-packages/airflow/example_dags/example_complex.py
[2026-09-17T01:07:04.483+0000] {logging_mixin.py:150} INFO - [2026-09-17T01:07:04.483+0000] {dag.py:2742} INFO - Sync 1 DAGs
[2026-09-17T01:07:04.498+0000] {logging_mixin.py:150} INFO - [2026-09-17T01:07:04.498+0000] {dag.py:3504} INFO - Setting next_dagrun for example_complex to None, run_after=None
[2026-09-17T01:07:04.522+0000] {processor.py:179} INFO - Processing /home/vscode/.local/lib/python3.10/site-packages/airflow/example_dags/example_complex.py took 0.071 seconds
[2026-09-17T01:07:24.228+0000] {processor.py:157} INFO - Started process (PID=28786) to work on /home/vscode/.local/lib/python3.10/site-packages/airflow/example_dags/example_complex.py
[2026-09-17T01:07:24.229+0000] {processor.py:826} INFO - Processing file /home/vscode/.local/lib/python3.10/site-packages/airflow/example_dags/example_complex.py for tasks to queue
[2026-09-17T01:07:24.230+0000] {logging_mixin.py:150} INFO - [2026-09-17T01:07:24.230+0000] {dagbag.py:541} INFO - Filling up the DagBag from /home/vscode/.local/lib/python3.10/site-packages/airflow/example_dags/example_complex.py
[2026-09-17T01:07:24.238+0000] {processor.py:836} INFO - DAG(s) dict_keys(['example_complex']) retrieved from /home/vscode/.local/lib/python3.10/site-packages/airflow/example_dags/example_complex.py
[2026-09-17T01:07:24.259+0000] {logging_mixin.py:150} INFO - [2026-09-17T01:07:24.258+0000] {dag.py:2742} INFO - Sync 1 DAGs
[2026-09-17T01:07:24.273+0000] {logging_mixin.py:150} INFO - [2026-09-17T01:07:24.273+0000] {dag.py:3504} INFO - Setting next_dagrun for example_complex to None, run_after=None
[2026-09-17T01:07:24.293+0000] {processor.py:179} INFO - Processing /home/vscode/.local/lib/python3.10/site-packages/airflow/example_dags/example_complex.py took 0.067 seconds
[2026-09-17T01:07:50.870+0000] {processor.py:157} INFO - Started process (PID=29011) to work on /home/vscode/.local/lib/python3.10/site-packages/airflow/example_dags/example_complex.py
[2026-09-17T01:07:50.870+0000] {processor.py:826} INFO - Processing file /home/vscode/.local/lib/python3.10/site-packages/airflow/example_dags/example_complex.py for tasks to queue
[2026-09-17T01:07:50.871+0000] {logging_mixin.py:150} INFO - [2026-09-17T01:07:50.871+0000] {dagbag.py:541} INFO - Filling up the DagBag from /home/vscode/.local/lib/python3.10/site-packages/airflow/example_dags/example_complex.py
[2026-09-17T01:07:50.887+0000] {processor.py:836} INFO - DAG(s) dict_keys(['example_complex']) retrieved from /home/vscode/.local/lib/python3.10/site-packages/airflow/example_dags/example_complex.py
[2026-09-17T01:07:50.917+0000] {logging_mixin.py:150} INFO - [2026-09-17T01:07:50.917+0000] {dag.py:2742} INFO - Sync 1 DAGs
[2026-09-17T01:07:50.937+0000] {logging_mixin.py:150} INFO - [2026-09-17T01:07:50.936+0000] {dag.py:3504} INFO - Setting next_dagrun for example_complex to None, run_after=None
[2026-09-17T01:07:50.958+0000] {processor.py:179} INFO - Processing /home/vscode/.local/lib/python3.10/site-packages/airflow/example_dags/example_complex.py took 0.092 seconds
[2026-09-17T01:08:14.245+0000] {processor.py:157} INFO - Started process (PID=29207) to work on /home/vscode/.local/lib/python3.10/site-packages/airflow/example_dags/example_complex.py
[2026-09-17T01:08:14.248+0000] {processor.py:826} INFO - Processing file /home/vscode/.local/lib/python3.10/site-packages/airflow/example_dags/example_complex.py for tasks to queue
[2026-09-17T01:08:14.249+0000] {logging_mixin.py:150} INFO - [2026-09-17T01:08:14.248+0000] {dagbag.py:541} INFO - Filling up the DagBag from /home/vscode/.local/lib/python3.10/site-packages/airflow/example_dags/example_complex.py
[2026-09-17T01:08:14.258+0000] {processor.py:836} INFO - DAG(s) dict_keys(['example_complex']) retrieved from /home/vscode/.local/lib/python3.10/site-packages/airflow/example_dags/example_complex.py
[2026-09-17T01:08:14.280+0000] {logging_mixin.py:150} INFO - [2026-09-17T01:08:14.280+0000] {dag.py:2742} INFO - Sync 1 DAGs
[2026-09-17T01:08:14.301+0000] {logging_mixin.py:150} INFO - [2026-09-17T01:08:14.301+0000] {dag.py:3504} INFO - Setting next_dagrun for example_complex to None, run_after=None
[2026-09-17T01:08:14.324+0000] {processor.py:179} INFO - Processing /home/vscode/.local/lib/python3.10/site-packages/airflow/example_dags/example_complex.py took 0.085 seconds
[2026-09-17T01:08:40.163+0000] {processor.py:157} INFO - Started process (PID=29433) to work on /home/vscode/.local/lib/python3.10/site-packages/airflow/example_dags/example_complex.py
[2026-09-17T01:08:40.164+0000] {processor.py:826} INFO - Processing file /home/vscode/.local/lib/python3.10/site-packages/airflow/example_dags/example_complex.py for tasks to queue
[2026-09-17T01:08:40.164+0000] {logging_mixin.py:150} INFO - [2026-09-17T01:08:40.164+0000] {dagbag.py:541} INFO - Filling up the DagBag from /home/vscode/.local/lib/python3.10/site-packages/airflow/example_dags/example_complex.py
[2026-09-17T01:08:40.173+0000] {processor.py:836} INFO - DAG(s) dict_keys(['example_complex']) retrieved from /home/vscode/.local/lib/python3.10/site-packages/airflow/example_dags/example_complex.py
[2026-09-17T01:08:40.216+0000] {logging_mixin.py:150} INFO - [2026-09-17T01:08:40.216+0000] {dag.py:2742} INFO - Sync 1 DAGs
[2026-09-17T01:08:40.236+0000] {logging_mixin.py:150} INFO - [2026-09-17T01:08:40.236+0000] {dag.py:3504} INFO - Setting next_dagrun for example_complex to None, run_after=None
[2026-09-17T01:08:40.252+0000] {processor.py:179} INFO - Processing /home/vscode/.local/lib/python3.10/site-packages/airflow/example_dags/example_complex.py took 0.092 seconds
[2026-09-17T01:09:01.697+0000] {processor.py:157} INFO - Started process (PID=29613) to work on /home/vscode/.local/lib/python3.10/site-packages/airflow/example_dags/example_complex.py
[2026-09-17T01:09:01.698+0000] {processor.py:826} INFO - Processing file /home/vscode/.local/lib/python3.10/site-packages/airflow/example_dags/example_complex.py for tasks to queue
[2026-09-17T01:09:01.699+0000] {logging_mixin.py:150} INFO - [2026-09-17T01:09:01.699+0000] {dagbag.py:541} INFO - Filling up the DagBag from /home/vscode/.local/lib/python3.10/site-packages/airflow/example_dags/example_complex.py
[2026-09-17T01:09:01.709+0000] {processor.py:836} INFO - DAG(s) dict_keys(['example_complex']) retrieved from /home/vscode/.local/lib/python3.10/site-packages/airflow/example_dags/example_complex.py
[2026-09-17T01:09:01.729+0000] {logging_mixin.py:150} INFO - [2026-09-17T01:09:01.728+0000] {dag.py:2742} INFO - Sync 1 DAGs
[2026-09-17T01:09:01.749+0000] {logging_mixin.py:150} INFO - [2026-09-17T01:09:01.749+0000] {dag.py:3504} INFO - Setting next_dagrun for example_complex to None, run_after=None
[2026-09-17T01:09:01.766+0000] {processor.py:179} INFO - Processing /home/vscode/.local/lib/python3.10/site-packages/airflow/example_dags/example_complex.py took 0.072 seconds
[2026-09-17T01:09:32.255+0000] {processor.py:157} INFO - Started process (PID=29878) to work on /home/vscode/.local/lib/python3.10/site-packages/airflow/example_dags/example_complex.py
[2026-09-17T01:09:32.256+0000] {processor.py:826} INFO - Processing file /home/vscode/.local/lib/python3.10/site-packages/airflow/example_dags/example_complex.py for tasks to queue
[2026-09-17T01:09:32.257+0000] {logging_mixin.py:150} INFO - [2026-09-17T01:09:32.256+0000] {dagbag.py:541} INFO - Filling up the DagBag from /home/vscode/.local/lib/python3.10/site-packages/airflow/example_dags/example_complex.py
[2026-09-17T01:09:32.266+0000] {processor.py:836} INFO - DAG(s) dict_keys(['example_complex']) retrieved from /home/vscode/.local/lib/python3.10/site-packages/airflow/example_dags/example_complex.py
[2026-09-17T01:09:32.286+0000] {logging_mixin.py:150} INFO - [2026-09-17T01:09:32.286+0000] {dag.py:2742} INFO - Sync 1 DAGs
[2026-09-17T01:09:32.302+0000] {logging_mixin.py:150} INFO - [2026-09-17T01:09:32.302+0000] {dag.py:3504} INFO - Setting next_dagrun for example_complex to None, run_after=None
[2026-09-17T01:09:32.322+0000] {processor.py:179} INFO - Processing /home/vscode/.local/lib/python3.10/site-packages/airflow/example_dags/example_complex.py took 0.069 seconds
[2026-09-17T01:09:49.660+0000] {processor.py:157} INFO - Started process (PID=30026) to work on /home/vscode/.local/lib/python3.10/site-packages/airflow/example_dags/example_complex.py
[2026-09-17T01:09:49.660+0000] {processor.py:826} INFO - Processing file /home/vscode/.local/lib/python3.10/site-packages/airflow/example_dags/example_complex.py for tasks to queue
[2026-09-17T01:09:49.661+0000] {logging_mixin.py:150} INFO - [2026-09-17T01:09:49.661+0000] {dagbag.py:541} INFO - Filling up the DagBag from /home/vscode/.local/lib/python3.10/site-packages/airflow/example_dags/example_complex.py
[2026-09-17T01:09:49.669+0000] {processor.py:836} INFO - DAG(s) dict_keys(['example_complex']) retrieved from /home/vscode/.local/lib/python3.10/site-packages/airflow/example_dags/example_complex.py
[2026-09-17T01:09:49.695+0000] {logging_mixin.py:150} INFO - [2026-09-17T01:09:49.694+0000] {dag.py:2742} INFO - Sync 1 DAGs
[2026-09-17T01:09:49.710+0000] {logging_mixin.py:150} INFO - [2026-09-17T01:09:49.710+0000] {dag.py:3504} INFO - Setting next_dagrun for example_complex to None, run_after=None
[2026-09-17T01:09:49.727+0000] {processor.py:179} INFO - Processing /home/vscode/.local/lib/python3.10/site-packages/airflow/example_dags/example_complex.py took 0.070 seconds
[2026-09-17T01:10:21.213+0000] {processor.py:157} INFO - Started process (PID=30289) to work on /home/vscode/.local/lib/python3.10/site-packages/airflow/example_dags/example_complex.py
[2026-09-17T01:10:21.214+0000] {processor.py:826} INFO - Processing file /home/vscode/.local/lib/python3.10/site-packages/airflow/example_dags/example_complex.py for tasks to queue
[2026-09-17T01:10:21.215+0000] {logging_mixin.py:150} INFO - [2026-09-17T01:10:21.214+0000] {dagbag.py:541} INFO - Filling up the DagBag from /home/vscode/.local/lib/python3.10/site-packages/airflow/example_dags/example_complex.py
[2026-09-17T01:10:21.225+0000] {processor.py:836} INFO - DAG(s) dict_keys(['example_complex']) retrieved from /home/vscode/.local/lib/python3.10/site-packages/airflow/example_dags/example_complex.py
[2026-09-17T01:10:21.246+0000] {logging_mixin.py:150} INFO - [2026-09-17T01:10:21.246+0000] {dag.py:2742} INFO - Sync 1 DAGs
[2026-09-17T01:10:21.260+0000] {logging_mixin.py:150} INFO - [2026-09-17T01:10:21.260+0000] {dag.py:3504} INFO - Setting next_dagrun for example_complex to None, run_after=None
[2026-09-17T01:10:21.276+0000] {processor.py:179} INFO - Processing /home/vscode/.local/lib/python3.10/site-packages/airflow/example_dags/example_complex.py took 0.065 seconds
[2026-09-17T01:10:36.186+0000] {processor.py:157} INFO - Started process (PID=30425) to work on /home/vscode/.local/lib/python3.10/site-packages/airflow/example_dags/example_complex.py
[2026-09-17T01:10:36.187+0000] {processor.py:826} INFO - Processing file /home/vscode/.local/lib/python3.10/site-packages/airflow/example_dags/example_complex.py for tasks to queue
[2026-09-17T01:10:36.188+0000] {logging_mixin.py:150} INFO - [2026-09-17T01:10:36.187+0000] {dagbag.py:541} INFO - Filling up the DagBag from /home/vscode/.local/lib/python3.10/site-packages/airflow/example_dags/example_complex.py
[2026-09-17T01:10:36.201+0000] {processor.py:836} INFO - DAG(s) dict_keys(['example_complex']) retrieved from /home/vscode/.local/lib/python3.10/site-packages/airflow/example_dags/example_complex.py
[2026-09-17T01:10:36.225+0000] {logging_mixin.py:150} INFO - [2026-09-17T01:10:36.225+0000] {dag.py:2742} INFO - Sync 1 DAGs
[2026-09-17T01:10:36.240+0000] {logging_mixin.py:150} INFO - [2026-09-17T01:10:36.240+0000] {dag.py:3504} INFO - Setting next_dagrun for example_complex to None, run_after=None
[2026-09-17T01:10:36.256+0000] {processor.py:179} INFO - Processing /home/vscode/.local/lib/python3.10/site-packages/airflow/example_dags/example_complex.py took 0.076 seconds
[2026-09-17T01:11:10.845+0000] {processor.py:157} INFO - Started process (PID=30751) to work on /home/vscode/.local/lib/python3.10/site-packages/airflow/example_dags/example_complex.py
[2026-09-17T01:11:10.845+0000] {processor.py:826} INFO - Processing file /home/vscode/.local/lib/python3.10/site-packages/airflow/example_dags/example_complex.py for tasks to queue
[2026-09-17T01:11:10.846+0000] {logging_mixin.py:150} INFO - [2026-09-17T01:11:10.846+0000] {dagbag.py:541} INFO - Filling up the DagBag from /home/vscode/.local/lib/python3.10/site-packages/airflow/example_dags/example_complex.py
[2026-09-17T01:11:10.857+0000] {processor.py:836} INFO - DAG(s) dict_keys(['example_complex']) retrieved from /home/vscode/.local/lib/python3.10/site-packages/airflow/example_dags/example_complex.py
[2026-09-17T01:11:10.891+0000] {logging_mixin.py:150} INFO - [2026-09-17T01:11:10.890+0000] {dag.py:2742} INFO - Sync 1 DAGs
[2026-09-17T01:11:10.910+0000] {logging_mixin.py:150} INFO - [2026-09-17T01:11:10.909+0000] {dag.py:3504} INFO - Setting next_dagrun for example_complex to None, run_after=None
[2026-09-17T01:11:10.929+0000] {processor.py:179} INFO - Processing /home/vscode/.local/lib/python3.10/site-packages/airflow/example_dags/example_complex.py took 0.086 seconds
[2026-09-17T01:11:28.657+0000] {processor.py:157} INFO - Started process (PID=30915) to work on /home/vscode/.local/lib/python3.10/site-packages/airflow/example_dags/example_complex.py
[2026-09-17T01:11:28.657+0000] {processor.py:826} INFO - Processing file /home/vscode/.local/lib/python3.10/site-packages/airflow/example_dags/example_complex.py for tasks to queue
[2026-09-17T01:11:28.658+0000] {logging_mixin.py:150} INFO - [2026-09-17T01:11:28.658+0000] {dagbag.py:541} INFO - Filling up the DagBag from /home/vscode/.local/lib/python3.10/site-packages/airflow/example_dags/example_complex.py
[2026-09-17T01:11:28.666+0000] {processor.py:836} INFO - DAG(s) dict_keys(['example_complex']) retrieved from /home/vscode/.local/lib/python3.10/site-packages/airflow/example_dags/example_complex.py
[2026-09-17T01:11:28.697+0000] {logging_mixin.py:150} INFO - [2026-09-17T01:11:28.697+0000] {dag.py:2742} INFO - Sync 1 DAGs
[2026-09-17T01:11:28.715+0000] {logging_mixin.py:150} INFO - [2026-09-17T01:11:28.714+0000] {dag.py:3504} INFO - Setting next_dagrun for example_complex to None, run_after=None
[2026-09-17T01:11:28.731+0000] {processor.py:179} INFO - Processing /home/vscode/.local/lib/python3.10/site-packages/airflow/example_dags/example_complex.py took 0.077 seconds
[2026-09-17T01:12:01.409+0000] {processor.py:157} INFO - Started process (PID=31190) to work on /home/vscode/.local/lib/python3.10/site-packages/airflow/example_dags/example_complex.py
[2026-09-17T01:12:01.409+0000] {processor.py:826} INFO - Processing file /home/vscode/.local/lib/python3.10/site-packages/airflow/example_dags/example_complex.py for tasks to queue
[2026-09-17T01:12:01.411+0000] {logging_mixin.py:150} INFO - [2026-09-17T01:12:01.410+0000] {dagbag.py:541} INFO - Filling up the DagBag from /home/vscode/.local/lib/python3.10/site-packages/airflow/example_dags/example_complex.py
[2026-09-17T01:12:01.423+0000] {processor.py:836} INFO - DAG(s) dict_keys(['example_complex']) retrieved from /home/vscode/.local/lib/python3.10/site-packages/airflow/example_dags/example_complex.py
[2026-09-17T01:12:01.447+0000] {logging_mixin.py:150} INFO - [2026-09-17T01:12:01.447+0000] {dag.py:2742} INFO - Sync 1 DAGs
[2026-09-17T01:12:01.462+0000] {logging_mixin.py:150} INFO - [2026-09-17T01:12:01.462+0000] {dag.py:3504} INFO - Setting next_dagrun for example_complex to None, run_after=None
[2026-09-17T01:12:01.478+0000] {processor.py:179} INFO - Processing /home/vscode/.local/lib/python3.10/site-packages/airflow/example_dags/example_complex.py took 0.072 seconds
[2026-09-17T01:12:16.634+0000] {processor.py:157} INFO - Started process (PID=31322) to work on /home/vscode/.local/lib/python3.10/site-packages/airflow/example_dags/example_complex.py
[2026-09-17T01:12:16.635+0000] {processor.py:826} INFO - Processing file /home/vscode/.local/lib/python3.10/site-packages/airflow/example_dags/example_complex.py for tasks to queue
[2026-09-17T01:12:16.636+0000] {logging_mixin.py:150} INFO - [2026-09-17T01:12:16.635+0000] {dagbag.py:541} INFO - Filling up the DagBag from /home/vscode/.local/lib/python3.10/site-packages/airflow/example_dags/example_complex.py
[2026-09-17T01:12:16.648+0000] {processor.py:836} INFO - DAG(s) dict_keys(['example_complex']) retrieved from /home/vscode/.local/lib/python3.10/site-packages/airflow/example_dags/example_complex.py
[2026-09-17T01:12:16.685+0000] {logging_mixin.py:150} INFO - [2026-09-17T01:12:16.685+0000] {dag.py:2742} INFO - Sync 1 DAGs
[2026-09-17T01:12:16.707+0000] {logging_mixin.py:150} INFO - [2026-09-17T01:12:16.707+0000] {dag.py:3504} INFO - Setting next_dagrun for example_complex to None, run_after=None
[2026-09-17T01:12:16.739+0000] {processor.py:179} INFO - Processing /home/vscode/.local/lib/python3.10/site-packages/airflow/example_dags/example_complex.py took 0.108 seconds
[2026-09-17T01:12:49.415+0000] {processor.py:157} INFO - Started process (PID=31596) to work on /home/vscode/.local/lib/python3.10/site-packages/airflow/example_dags/example_complex.py
[2026-09-17T01:12:49.415+0000] {processor.py:826} INFO - Processing file /home/vscode/.local/lib/python3.10/site-packages/airflow/example_dags/example_complex.py for tasks to queue
[2026-09-17T01:12:49.416+0000] {logging_mixin.py:150} INFO - [2026-09-17T01:12:49.416+0000] {dagbag.py:541} INFO - Filling up the DagBag from /home/vscode/.local/lib/python3.10/site-packages/airflow/example_dags/example_complex.py
[2026-09-17T01:12:49.424+0000] {processor.py:836} INFO - DAG(s) dict_keys(['example_complex']) retrieved from /home/vscode/.local/lib/python3.10/site-packages/airflow/example_dags/example_complex.py
[2026-09-17T01:12:49.444+0000] {logging_mixin.py:150} INFO - [2026-09-17T01:12:49.444+0000] {dag.py:2742} INFO - Sync 1 DAGs
[2026-09-17T01:12:49.459+0000] {logging_mixin.py:150} INFO - [2026-09-17T01:12:49.459+0000] {dag.py:3504} INFO - Setting next_dagrun for example_complex to None, run_after=None
[2026-09-17T01:12:49.474+0000] {processor.py:179} INFO - Processing /home/vscode/.local/lib/python3.10/site-packages/airflow/example_dags/example_complex.py took 0.062 seconds
[2026-09-17T01:13:04.580+0000] {processor.py:157} INFO - Started process (PID=31722) to work on /home/vscode/.local/lib/python3.10/site-packages/airflow/example_dags/example_complex.py
[2026-09-17T01:13:04.583+0000] {processor.py:826} INFO - Processing file /home/vscode/.local/lib/python3.10/site-packages/airflow/example_dags/example_complex.py for tasks to queue
[2026-09-17T01:13:04.584+0000] {logging_mixin.py:150} INFO - [2026-09-17T01:13:04.583+0000] {dagbag.py:541} INFO - Filling up the DagBag from /home/vscode/.local/lib/python3.10/site-packages/airflow/example_dags/example_complex.py
[2026-09-17T01:13:04.610+0000] {processor.py:836} INFO - DAG(s) dict_keys(['example_complex']) retrieved from /home/vscode/.local/lib/python3.10/site-packages/airflow/example_dags/example_complex.py
[2026-09-17T01:13:04.648+0000] {logging_mixin.py:150} INFO - [2026-09-17T01:13:04.648+0000] {dag.py:2742} INFO - Sync 1 DAGs
[2026-09-17T01:13:04.674+0000] {logging_mixin.py:150} INFO - [2026-09-17T01:13:04.674+0000] {dag.py:3504} INFO - Setting next_dagrun for example_complex to None, run_after=None
[2026-09-17T01:13:04.699+0000] {processor.py:179} INFO - Processing /home/vscode/.local/lib/python3.10/site-packages/airflow/example_dags/example_complex.py took 0.124 seconds
[2026-09-17T01:13:34.964+0000] {processor.py:157} INFO - Started process (PID=31985) to work on /home/vscode/.local/lib/python3.10/site-packages/airflow/example_dags/example_complex.py
[2026-09-17T01:13:34.965+0000] {processor.py:826} INFO - Processing file /home/vscode/.local/lib/python3.10/site-packages/airflow/example_dags/example_complex.py for tasks to queue
[2026-09-17T01:13:34.966+0000] {logging_mixin.py:150} INFO - [2026-09-17T01:13:34.965+0000] {dagbag.py:541} INFO - Filling up the DagBag from /home/vscode/.local/lib/python3.10/site-packages/airflow/example_dags/example_complex.py
[2026-09-17T01:13:34.979+0000] {processor.py:836} INFO - DAG(s) dict_keys(['example_complex']) retrieved from /home/vscode/.local/lib/python3.10/site-packages/airflow/example_dags/example_complex.py
[2026-09-17T01:13:35.009+0000] {logging_mixin.py:150} INFO - [2026-09-17T01:13:35.009+0000] {dag.py:2742} INFO - Sync 1 DAGs
[2026-09-17T01:13:35.026+0000] {logging_mixin.py:150} INFO - [2026-09-17T01:13:35.025+0000] {dag.py:3504} INFO - Setting next_dagrun for example_complex to None, run_after=None
[2026-09-17T01:13:35.042+0000] {processor.py:179} INFO - Processing /home/vscode/.local/lib/python3.10/site-packages/airflow/example_dags/example_complex.py took 0.082 seconds
[2026-09-17T01:13:55.936+0000] {processor.py:157} INFO - Started process (PID=32158) to work on /home/vscode/.local/lib/python3.10/site-packages/airflow/example_dags/example_complex.py
[2026-09-17T01:13:55.937+0000] {processor.py:826} INFO - Processing file /home/vscode/.local/lib/python3.10/site-packages/airflow/example_dags/example_complex.py for tasks to queue
[2026-09-17T01:13:55.938+0000] {logging_mixin.py:150} INFO - [2026-09-17T01:13:55.937+0000] {dagbag.py:541} INFO - Filling up the DagBag from /home/vscode/.local/lib/python3.10/site-packages/airflow/example_dags/example_complex.py
[2026-09-17T01:13:55.947+0000] {processor.py:836} INFO - DAG(s) dict_keys(['example_complex']) retrieved from /home/vscode/.local/lib/python3.10/site-packages/airflow/example_dags/example_complex.py
[2026-09-17T01:13:55.967+0000] {logging_mixin.py:150} INFO - [2026-09-17T01:13:55.967+0000] {dag.py:2742} INFO - Sync 1 DAGs
[2026-09-17T01:13:55.981+0000] {logging_mixin.py:150} INFO - [2026-09-17T01:13:55.981+0000] {dag.py:3504} INFO - Setting next_dagrun for example_complex to None, run_after=None
[2026-09-17T01:13:55.999+0000] {processor.py:179} INFO - Processing /home/vscode/.local/lib/python3.10/site-packages/airflow/example_dags/example_complex.py took 0.065 seconds
[2026-09-17T01:14:21.824+0000] {processor.py:157} INFO - Started process (PID=32381) to work on /home/vscode/.local/lib/python3.10/site-packages/airflow/example_dags/example_complex.py
[2026-09-17T01:14:21.825+0000] {processor.py:826} INFO - Processing file /home/vscode/.local/lib/python3.10/site-packages/airflow/example_dags/example_complex.py for tasks to queue
[2026-09-17T01:14:21.826+0000] {logging_mixin.py:150} INFO - [2026-09-17T01:14:21.826+0000] {dagbag.py:541} INFO - Filling up the DagBag from /home/vscode/.local/lib/python3.10/site-packages/airflow/example_dags/example_complex.py
[2026-09-17T01:14:21.834+0000] {processor.py:836} INFO - DAG(s) dict_keys(['example_complex']) retrieved from /home/vscode/.local/lib/python3.10/site-packages/airflow/example_dags/example_complex.py
[2026-09-17T01:14:21.854+0000] {logging_mixin.py:150} INFO - [2026-09-17T01:14:21.854+0000] {dag.py:2742} INFO - Sync 1 DAGs
[2026-09-17T01:14:21.868+0000] {logging_mixin.py:150} INFO - [2026-09-17T01:14:21.868+0000] {dag.py:3504} INFO - Setting next_dagrun for example_complex to None, run_after=None
[2026-09-17T01:14:21.884+0000] {processor.py:179} INFO - Processing /home/vscode/.local/lib/python3.10/site-packages/airflow/example_dags/example_complex.py took 0.062 seconds
[2026-09-17T01:14:46.165+0000] {processor.py:157} INFO - Started process (PID=32587) to work on /home/vscode/.local/lib/python3.10/site-packages/airflow/example_dags/example_complex.py
[2026-09-17T01:14:46.166+0000] {processor.py:826} INFO - Processing file /home/vscode/.local/lib/python3.10/site-packages/airflow/example_dags/example_complex.py for tasks to queue
[2026-09-17T01:14:46.166+0000] {logging_mixin.py:150} INFO - [2026-09-17T01:14:46.166+0000] {dagbag.py:541} INFO - Filling up the DagBag from /home/vscode/.local/lib/python3.10/site-packages/airflow/example_dags/example_complex.py
[2026-09-17T01:14:46.175+0000] {processor.py:836} INFO - DAG(s) dict_keys(['example_complex']) retrieved from /home/vscode/.local/lib/python3.10/site-packages/airflow/example_dags/example_complex.py
[2026-09-17T01:14:46.201+0000] {logging_mixin.py:150} INFO - [2026-09-17T01:14:46.201+0000] {dag.py:2742} INFO - Sync 1 DAGs
[2026-09-17T01:14:46.216+0000] {logging_mixin.py:150} INFO - [2026-09-17T01:14:46.216+0000] {dag.py:3504} INFO - Setting next_dagrun for example_complex to None, run_after=None
[2026-09-17T01:14:46.249+0000] {processor.py:179} INFO - Processing /home/vscode/.local/lib/python3.10/site-packages/airflow/example_dags/example_complex.py took 0.087 seconds
[2026-09-17T01:15:08.123+0000] {processor.py:157} INFO - Started process (PID=32784) to work on /home/vscode/.local/lib/python3.10/site-packages/airflow/example_dags/example_complex.py
[2026-09-17T01:15:08.123+0000] {processor.py:826} INFO - Processing file /home/vscode/.local/lib/python3.10/site-packages/airflow/example_dags/example_complex.py for tasks to queue
[2026-09-17T01:15:08.124+0000] {logging_mixin.py:150} INFO - [2026-09-17T01:15:08.124+0000] {dagbag.py:541} INFO - Filling up the DagBag from /home/vscode/.local/lib/python3.10/site-packages/airflow/example_dags/example_complex.py
[2026-09-17T01:15:08.133+0000] {processor.py:836} INFO - DAG(s) dict_keys(['example_complex']) retrieved from /home/vscode/.local/lib/python3.10/site-packages/airflow/example_dags/example_complex.py
[2026-09-17T01:15:08.153+0000] {logging_mixin.py:150} INFO - [2026-09-17T01:15:08.153+0000] {dag.py:2742} INFO - Sync 1 DAGs
[2026-09-17T01:15:08.168+0000] {logging_mixin.py:150} INFO - [2026-09-17T01:15:08.168+0000] {dag.py:3504} INFO - Setting next_dagrun for example_complex to None, run_after=None
[2026-09-17T01:15:08.196+0000] {processor.py:179} INFO - Processing /home/vscode/.local/lib/python3.10/site-packages/airflow/example_dags/example_complex.py took 0.076 seconds
[2026-09-17T01:15:39.810+0000] {processor.py:157} INFO - Started process (PID=33041) to work on /home/vscode/.local/lib/python3.10/site-packages/airflow/example_dags/example_complex.py
[2026-09-17T01:15:39.811+0000] {processor.py:826} INFO - Processing file /home/vscode/.local/lib/python3.10/site-packages/airflow/example_dags/example_complex.py for tasks to queue
[2026-09-17T01:15:39.812+0000] {logging_mixin.py:150} INFO - [2026-09-17T01:15:39.812+0000] {dagbag.py:541} INFO - Filling up the DagBag from /home/vscode/.local/lib/python3.10/site-packages/airflow/example_dags/example_complex.py
[2026-09-17T01:15:39.829+0000] {processor.py:836} INFO - DAG(s) dict_keys(['example_complex']) retrieved from /home/vscode/.local/lib/python3.10/site-packages/airflow/example_dags/example_complex.py
[2026-09-17T01:15:39.856+0000] {logging_mixin.py:150} INFO - [2026-09-17T01:15:39.856+0000] {dag.py:2742} INFO - Sync 1 DAGs
[2026-09-17T01:15:39.871+0000] {logging_mixin.py:150} INFO - [2026-09-17T01:15:39.870+0000] {dag.py:3504} INFO - Setting next_dagrun for example_complex to None, run_after=None
[2026-09-17T01:15:39.891+0000] {processor.py:179} INFO - Processing /home/vscode/.local/lib/python3.10/site-packages/airflow/example_dags/example_complex.py took 0.086 seconds
[2026-09-17T01:16:05.135+0000] {processor.py:157} INFO - Started process (PID=33293) to work on /home/vscode/.local/lib/python3.10/site-packages/airflow/example_dags/example_complex.py
[2026-09-17T01:16:05.136+0000] {processor.py:826} INFO - Processing file /home/vscode/.local/lib/python3.10/site-packages/airflow/example_dags/example_complex.py for tasks to queue
[2026-09-17T01:16:05.137+0000] {logging_mixin.py:150} INFO - [2026-09-17T01:16:05.136+0000] {dagbag.py:541} INFO - Filling up the DagBag from /home/vscode/.local/lib/python3.10/site-packages/airflow/example_dags/example_complex.py
[2026-09-17T01:16:05.145+0000] {processor.py:836} INFO - DAG(s) dict_keys(['example_complex']) retrieved from /home/vscode/.local/lib/python3.10/site-packages/airflow/example_dags/example_complex.py
[2026-09-17T01:16:05.165+0000] {logging_mixin.py:150} INFO - [2026-09-17T01:16:05.165+0000] {dag.py:2742} INFO - Sync 1 DAGs
[2026-09-17T01:16:05.179+0000] {logging_mixin.py:150} INFO - [2026-09-17T01:16:05.179+0000] {dag.py:3504} INFO - Setting next_dagrun for example_complex to None, run_after=None
[2026-09-17T01:16:05.202+0000] {processor.py:179} INFO - Processing /home/vscode/.local/lib/python3.10/site-packages/airflow/example_dags/example_complex.py took 0.070 seconds
[2026-09-17T01:16:30.657+0000] {processor.py:157} INFO - Started process (PID=33517) to work on /home/vscode/.local/lib/python3.10/site-packages/airflow/example_dags/example_complex.py
[2026-09-17T01:16:30.658+0000] {processor.py:826} INFO - Processing file /home/vscode/.local/lib/python3.10/site-packages/airflow/example_dags/example_complex.py for tasks to queue
[2026-09-17T01:16:30.659+0000] {logging_mixin.py:150} INFO - [2026-09-17T01:16:30.659+0000] {dagbag.py:541} INFO - Filling up the DagBag from /home/vscode/.local/lib/python3.10/site-packages/airflow/example_dags/example_complex.py
[2026-09-17T01:16:30.671+0000] {processor.py:836} INFO - DAG(s) dict_keys(['example_complex']) retrieved from /home/vscode/.local/lib/python3.10/site-packages/airflow/example_dags/example_complex.py
[2026-09-17T01:16:30.704+0000] {logging_mixin.py:150} INFO - [2026-09-17T01:16:30.703+0000] {dag.py:2742} INFO - Sync 1 DAGs
[2026-09-17T01:16:30.718+0000] {logging_mixin.py:150} INFO - [2026-09-17T01:16:30.718+0000] {dag.py:3504} INFO - Setting next_dagrun for example_complex to None, run_after=None
[2026-09-17T01:16:30.734+0000] {processor.py:179} INFO - Processing /home/vscode/.local/lib/python3.10/site-packages/airflow/example_dags/example_complex.py took 0.080 seconds
[2026-09-17T01:16:57.182+0000] {processor.py:157} INFO - Started process (PID=33738) to work on /home/vscode/.local/lib/python3.10/site-packages/airflow/example_dags/example_complex.py
[2026-09-17T01:16:57.183+0000] {processor.py:826} INFO - Processing file /home/vscode/.local/lib/python3.10/site-packages/airflow/example_dags/example_complex.py for tasks to queue
[2026-09-17T01:16:57.184+0000] {logging_mixin.py:150} INFO - [2026-09-17T01:16:57.183+0000] {dagbag.py:541} INFO - Filling up the DagBag from /home/vscode/.local/lib/python3.10/site-packages/airflow/example_dags/example_complex.py
[2026-09-17T01:16:57.196+0000] {processor.py:836} INFO - DAG(s) dict_keys(['example_complex']) retrieved from /home/vscode/.local/lib/python3.10/site-packages/airflow/example_dags/example_complex.py
[2026-09-17T01:16:57.229+0000] {logging_mixin.py:150} INFO - [2026-09-17T01:16:57.228+0000] {dag.py:2742} INFO - Sync 1 DAGs
[2026-09-17T01:16:57.243+0000] {logging_mixin.py:150} INFO - [2026-09-17T01:16:57.243+0000] {dag.py:3504} INFO - Setting next_dagrun for example_complex to None, run_after=None
[2026-09-17T01:16:57.260+0000] {processor.py:179} INFO - Processing /home/vscode/.local/lib/python3.10/site-packages/airflow/example_dags/example_complex.py took 0.081 seconds
[2026-09-17T01:17:20.611+0000] {processor.py:157} INFO - Started process (PID=33946) to work on /home/vscode/.local/lib/python3.10/site-packages/airflow/example_dags/example_complex.py
[2026-09-17T01:17:20.614+0000] {processor.py:826} INFO - Processing file /home/vscode/.local/lib/python3.10/site-packages/airflow/example_dags/example_complex.py for tasks to queue
[2026-09-17T01:17:20.615+0000] {logging_mixin.py:150} INFO - [2026-09-17T01:17:20.614+0000] {dagbag.py:541} INFO - Filling up the DagBag from /home/vscode/.local/lib/python3.10/site-packages/airflow/example_dags/example_complex.py
[2026-09-17T01:17:20.628+0000] {processor.py:836} INFO - DAG(s) dict_keys(['example_complex']) retrieved from /home/vscode/.local/lib/python3.10/site-packages/airflow/example_dags/example_complex.py
[2026-09-17T01:17:20.662+0000] {logging_mixin.py:150} INFO - [2026-09-17T01:17:20.662+0000] {dag.py:2742} INFO - Sync 1 DAGs
[2026-09-17T01:17:20.684+0000] {logging_mixin.py:150} INFO - [2026-09-17T01:17:20.684+0000] {dag.py:3504} INFO - Setting next_dagrun for example_complex to None, run_after=None
[2026-09-17T01:17:20.710+0000] {processor.py:179} INFO - Processing /home/vscode/.local/lib/python3.10/site-packages/airflow/example_dags/example_complex.py took 0.102 seconds
[2026-09-17T01:17:40.495+0000] {processor.py:157} INFO - Started process (PID=34111) to work on /home/vscode/.local/lib/python3.10/site-packages/airflow/example_dags/example_complex.py
[2026-09-17T01:17:40.495+0000] {processor.py:826} INFO - Processing file /home/vscode/.local/lib/python3.10/site-packages/airflow/example_dags/example_complex.py for tasks to queue
[2026-09-17T01:17:40.496+0000] {logging_mixin.py:150} INFO - [2026-09-17T01:17:40.496+0000] {dagbag.py:541} INFO - Filling up the DagBag from /home/vscode/.local/lib/python3.10/site-packages/airflow/example_dags/example_complex.py
[2026-09-17T01:17:40.506+0000] {processor.py:836} INFO - DAG(s) dict_keys(['example_complex']) retrieved from /home/vscode/.local/lib/python3.10/site-packages/airflow/example_dags/example_complex.py
[2026-09-17T01:17:40.531+0000] {logging_mixin.py:150} INFO - [2026-09-17T01:17:40.531+0000] {dag.py:2742} INFO - Sync 1 DAGs
[2026-09-17T01:17:40.546+0000] {logging_mixin.py:150} INFO - [2026-09-17T01:17:40.546+0000] {dag.py:3504} INFO - Setting next_dagrun for example_complex to None, run_after=None
[2026-09-17T01:17:40.563+0000] {processor.py:179} INFO - Processing /home/vscode/.local/lib/python3.10/site-packages/airflow/example_dags/example_complex.py took 0.071 seconds
[2026-09-17T01:18:09.145+0000] {processor.py:157} INFO - Started process (PID=34343) to work on /home/vscode/.local/lib/python3.10/site-packages/airflow/example_dags/example_complex.py
[2026-09-17T01:18:09.147+0000] {processor.py:826} INFO - Processing file /home/vscode/.local/lib/python3.10/site-packages/airflow/example_dags/example_complex.py for tasks to queue
[2026-09-17T01:18:09.148+0000] {logging_mixin.py:150} INFO - [2026-09-17T01:18:09.147+0000] {dagbag.py:541} INFO - Filling up the DagBag from /home/vscode/.local/lib/python3.10/site-packages/airflow/example_dags/example_complex.py
[2026-09-17T01:18:09.161+0000] {processor.py:836} INFO - DAG(s) dict_keys(['example_complex']) retrieved from /home/vscode/.local/lib/python3.10/site-packages/airflow/example_dags/example_complex.py
[2026-09-17T01:18:09.195+0000] {logging_mixin.py:150} INFO - [2026-09-17T01:18:09.195+0000] {dag.py:2742} INFO - Sync 1 DAGs
[2026-09-17T01:18:09.209+0000] {logging_mixin.py:150} INFO - [2026-09-17T01:18:09.209+0000] {dag.py:3504} INFO - Setting next_dagrun for example_complex to None, run_after=None
[2026-09-17T01:18:09.232+0000] {processor.py:179} INFO - Processing /home/vscode/.local/lib/python3.10/site-packages/airflow/example_dags/example_complex.py took 0.092 seconds
[2026-09-17T01:18:32.422+0000] {processor.py:157} INFO - Started process (PID=34549) to work on /home/vscode/.local/lib/python3.10/site-packages/airflow/example_dags/example_complex.py
[2026-09-17T01:18:32.423+0000] {processor.py:826} INFO - Processing file /home/vscode/.local/lib/python3.10/site-packages/airflow/example_dags/example_complex.py for tasks to queue
[2026-09-17T01:18:32.424+0000] {logging_mixin.py:150} INFO - [2026-09-17T01:18:32.423+0000] {dagbag.py:541} INFO - Filling up the DagBag from /home/vscode/.local/lib/python3.10/site-packages/airflow/example_dags/example_complex.py
[2026-09-17T01:18:32.438+0000] {processor.py:836} INFO - DAG(s) dict_keys(['example_complex']) retrieved from /home/vscode/.local/lib/python3.10/site-packages/airflow/example_dags/example_complex.py
[2026-09-17T01:18:32.472+0000] {logging_mixin.py:150} INFO - [2026-09-17T01:18:32.472+0000] {dag.py:2742} INFO - Sync 1 DAGs
[2026-09-17T01:18:32.493+0000] {logging_mixin.py:150} INFO - [2026-09-17T01:18:32.493+0000] {dag.py:3504} INFO - Setting next_dagrun for example_complex to None, run_after=None
[2026-09-17T01:18:32.518+0000] {processor.py:179} INFO - Processing /home/vscode/.local/lib/python3.10/site-packages/airflow/example_dags/example_complex.py took 0.100 seconds
[2026-09-17T01:18:53.625+0000] {processor.py:157} INFO - Started process (PID=34726) to work on /home/vscode/.local/lib/python3.10/site-packages/airflow/example_dags/example_complex.py
[2026-09-17T01:18:53.626+0000] {processor.py:826} INFO - Processing file /home/vscode/.local/lib/python3.10/site-packages/airflow/example_dags/example_complex.py for tasks to queue
[2026-09-17T01:18:53.627+0000] {logging_mixin.py:150} INFO - [2026-09-17T01:18:53.626+0000] {dagbag.py:541} INFO - Filling up the DagBag from /home/vscode/.local/lib/python3.10/site-packages/airflow/example_dags/example_complex.py
[2026-09-17T01:18:53.635+0000] {processor.py:836} INFO - DAG(s) dict_keys(['example_complex']) retrieved from /home/vscode/.local/lib/python3.10/site-packages/airflow/example_dags/example_complex.py
[2026-09-17T01:18:53.655+0000] {logging_mixin.py:150} INFO - [2026-09-17T01:18:53.655+0000] {dag.py:2742} INFO - Sync 1 DAGs
[2026-09-17T01:18:53.673+0000] {logging_mixin.py:150} INFO - [2026-09-17T01:18:53.673+0000] {dag.py:3504} INFO - Setting next_dagrun for example_complex to None, run_after=None
[2026-09-17T01:18:53.708+0000] {processor.py:179} INFO - Processing /home/vscode/.local/lib/python3.10/site-packages/airflow/example_dags/example_complex.py took 0.085 seconds
[2026-09-17T01:19:20.332+0000] {processor.py:157} INFO - Started process (PID=34941) to work on /home/vscode/.local/lib/python3.10/site-packages/airflow/example_dags/example_complex.py
[2026-09-17T01:19:20.333+0000] {processor.py:826} INFO - Processing file /home/vscode/.local/lib/python3.10/site-packages/airflow/example_dags/example_complex.py for tasks to queue
[2026-09-17T01:19:20.334+0000] {logging_mixin.py:150} INFO - [2026-09-17T01:19:20.333+0000] {dagbag.py:541} INFO - Filling up the DagBag from /home/vscode/.local/lib/python3.10/site-packages/airflow/example_dags/example_complex.py
[2026-09-17T01:19:20.342+0000] {processor.py:836} INFO - DAG(s) dict_keys(['example_complex']) retrieved from /home/vscode/.local/lib/python3.10/site-packages/airflow/example_dags/example_complex.py
[2026-09-17T01:19:20.362+0000] {logging_mixin.py:150} INFO - [2026-09-17T01:19:20.362+0000] {dag.py:2742} INFO - Sync 1 DAGs
[2026-09-17T01:19:20.376+0000] {logging_mixin.py:150} INFO - [2026-09-17T01:19:20.376+0000] {dag.py:3504} INFO - Setting next_dagrun for example_complex to None, run_after=None
[2026-09-17T01:19:20.394+0000] {processor.py:179} INFO - Processing /home/vscode/.local/lib/python3.10/site-packages/airflow/example_dags/example_complex.py took 0.064 seconds
[2026-09-17T01:19:45.142+0000] {processor.py:157} INFO - Started process (PID=35132) to work on /home/vscode/.local/lib/python3.10/site-packages/airflow/example_dags/example_complex.py
[2026-09-17T01:19:45.142+0000] {processor.py:826} INFO - Processing file /home/vscode/.local/lib/python3.10/site-packages/airflow/example_dags/example_complex.py for tasks to queue
[2026-09-17T01:19:45.143+0000] {logging_mixin.py:150} INFO - [2026-09-17T01:19:45.143+0000] {dagbag.py:541} INFO - Filling up the DagBag from /home/vscode/.local/lib/python3.10/site-packages/airflow/example_dags/example_complex.py
[2026-09-17T01:19:45.152+0000] {processor.py:836} INFO - DAG(s) dict_keys(['example_complex']) retrieved from /home/vscode/.local/lib/python3.10/site-packages/airflow/example_dags/example_complex.py
[2026-09-17T01:19:45.175+0000] {logging_mixin.py:150} INFO - [2026-09-17T01:19:45.175+0000] {dag.py:2742} INFO - Sync 1 DAGs
[2026-09-17T01:19:45.193+0000] {logging_mixin.py:150} INFO - [2026-09-17T01:19:45.193+0000] {dag.py:3504} INFO - Setting next_dagrun for example_complex to None, run_after=None
[2026-09-17T01:19:45.211+0000] {processor.py:179} INFO - Processing /home/vscode/.local/lib/python3.10/site-packages/airflow/example_dags/example_complex.py took 0.072 seconds
[2026-09-17T01:20:08.479+0000] {processor.py:157} INFO - Started process (PID=35384) to work on /home/vscode/.local/lib/python3.10/site-packages/airflow/example_dags/example_complex.py
[2026-09-17T01:20:08.480+0000] {processor.py:826} INFO - Processing file /home/vscode/.local/lib/python3.10/site-packages/airflow/example_dags/example_complex.py for tasks to queue
[2026-09-17T01:20:08.480+0000] {logging_mixin.py:150} INFO - [2026-09-17T01:20:08.480+0000] {dagbag.py:541} INFO - Filling up the DagBag from /home/vscode/.local/lib/python3.10/site-packages/airflow/example_dags/example_complex.py
[2026-09-17T01:20:08.492+0000] {processor.py:836} INFO - DAG(s) dict_keys(['example_complex']) retrieved from /home/vscode/.local/lib/python3.10/site-packages/airflow/example_dags/example_complex.py
[2026-09-17T01:20:08.514+0000] {logging_mixin.py:150} INFO - [2026-09-17T01:20:08.513+0000] {dag.py:2742} INFO - Sync 1 DAGs
[2026-09-17T01:20:08.529+0000] {logging_mixin.py:150} INFO - [2026-09-17T01:20:08.529+0000] {dag.py:3504} INFO - Setting next_dagrun for example_complex to None, run_after=None
[2026-09-17T01:20:08.546+0000] {processor.py:179} INFO - Processing /home/vscode/.local/lib/python3.10/site-packages/airflow/example_dags/example_complex.py took 0.070 seconds
[2026-09-17T01:20:31.819+0000] {processor.py:157} INFO - Started process (PID=35575) to work on /home/vscode/.local/lib/python3.10/site-packages/airflow/example_dags/example_complex.py
[2026-09-17T01:20:31.819+0000] {processor.py:826} INFO - Processing file /home/vscode/.local/lib/python3.10/site-packages/airflow/example_dags/example_complex.py for tasks to queue
[2026-09-17T01:20:31.820+0000] {logging_mixin.py:150} INFO - [2026-09-17T01:20:31.820+0000] {dagbag.py:541} INFO - Filling up the DagBag from /home/vscode/.local/lib/python3.10/site-packages/airflow/example_dags/example_complex.py
[2026-09-17T01:20:31.829+0000] {processor.py:836} INFO - DAG(s) dict_keys(['example_complex']) retrieved from /home/vscode/.local/lib/python3.10/site-packages/airflow/example_dags/example_complex.py
[2026-09-17T01:20:31.853+0000] {logging_mixin.py:150} INFO - [2026-09-17T01:20:31.853+0000] {dag.py:2742} INFO - Sync 1 DAGs
[2026-09-17T01:20:31.867+0000] {logging_mixin.py:150} INFO - [2026-09-17T01:20:31.867+0000] {dag.py:3504} INFO - Setting next_dagrun for example_complex to None, run_after=None
[2026-09-17T01:20:31.885+0000] {processor.py:179} INFO - Processing /home/vscode/.local/lib/python3.10/site-packages/airflow/example_dags/example_complex.py took 0.068 seconds
[2026-09-17T01:20:56.176+0000] {processor.py:157} INFO - Started process (PID=35830) to work on /home/vscode/.local/lib/python3.10/site-packages/airflow/example_dags/example_complex.py
[2026-09-17T01:20:56.177+0000] {processor.py:826} INFO - Processing file /home/vscode/.local/lib/python3.10/site-packages/airflow/example_dags/example_complex.py for tasks to queue
[2026-09-17T01:20:56.177+0000] {logging_mixin.py:150} INFO - [2026-09-17T01:20:56.177+0000] {dagbag.py:541} INFO - Filling up the DagBag from /home/vscode/.local/lib/python3.10/site-packages/airflow/example_dags/example_complex.py
[2026-09-17T01:20:56.189+0000] {processor.py:836} INFO - DAG(s) dict_keys(['example_complex']) retrieved from /home/vscode/.local/lib/python3.10/site-packages/airflow/example_dags/example_complex.py
[2026-09-17T01:20:56.220+0000] {logging_mixin.py:150} INFO - [2026-09-17T01:20:56.219+0000] {dag.py:2742} INFO - Sync 1 DAGs
[2026-09-17T01:20:56.237+0000] {logging_mixin.py:150} INFO - [2026-09-17T01:20:56.237+0000] {dag.py:3504} INFO - Setting next_dagrun for example_complex to None, run_after=None
[2026-09-17T01:20:56.254+0000] {processor.py:179} INFO - Processing /home/vscode/.local/lib/python3.10/site-packages/airflow/example_dags/example_complex.py took 0.080 seconds
[2026-09-17T01:21:22.880+0000] {processor.py:157} INFO - Started process (PID=36253) to work on /home/vscode/.local/lib/python3.10/site-packages/airflow/example_dags/example_complex.py
[2026-09-17T01:21:22.881+0000] {processor.py:826} INFO - Processing file /home/vscode/.local/lib/python3.10/site-packages/airflow/example_dags/example_complex.py for tasks to queue
[2026-09-17T01:21:22.882+0000] {logging_mixin.py:150} INFO - [2026-09-17T01:21:22.882+0000] {dagbag.py:541} INFO - Filling up the DagBag from /home/vscode/.local/lib/python3.10/site-packages/airflow/example_dags/example_complex.py
[2026-09-17T01:21:22.894+0000] {processor.py:836} INFO - DAG(s) dict_keys(['example_complex']) retrieved from /home/vscode/.local/lib/python3.10/site-packages/airflow/example_dags/example_complex.py
[2026-09-17T01:21:22.919+0000] {logging_mixin.py:150} INFO - [2026-09-17T01:21:22.919+0000] {dag.py:2742} INFO - Sync 1 DAGs
[2026-09-17T01:21:22.934+0000] {logging_mixin.py:150} INFO - [2026-09-17T01:21:22.934+0000] {dag.py:3504} INFO - Setting next_dagrun for example_complex to None, run_after=None
[2026-09-17T01:21:22.950+0000] {processor.py:179} INFO - Processing /home/vscode/.local/lib/python3.10/site-packages/airflow/example_dags/example_complex.py took 0.073 seconds
[2026-09-17T01:21:44.318+0000] {processor.py:157} INFO - Started process (PID=36562) to work on /home/vscode/.local/lib/python3.10/site-packages/airflow/example_dags/example_complex.py
[2026-09-17T01:21:44.319+0000] {processor.py:826} INFO - Processing file /home/vscode/.local/lib/python3.10/site-packages/airflow/example_dags/example_complex.py for tasks to queue
[2026-09-17T01:21:44.320+0000] {logging_mixin.py:150} INFO - [2026-09-17T01:21:44.320+0000] {dagbag.py:541} INFO - Filling up the DagBag from /home/vscode/.local/lib/python3.10/site-packages/airflow/example_dags/example_complex.py
[2026-09-17T01:21:44.334+0000] {processor.py:836} INFO - DAG(s) dict_keys(['example_complex']) retrieved from /home/vscode/.local/lib/python3.10/site-packages/airflow/example_dags/example_complex.py
[2026-09-17T01:21:44.369+0000] {logging_mixin.py:150} INFO - [2026-09-17T01:21:44.369+0000] {dag.py:2742} INFO - Sync 1 DAGs
[2026-09-17T01:21:44.389+0000] {logging_mixin.py:150} INFO - [2026-09-17T01:21:44.388+0000] {dag.py:3504} INFO - Setting next_dagrun for example_complex to None, run_after=None
[2026-09-17T01:21:44.408+0000] {processor.py:179} INFO - Processing /home/vscode/.local/lib/python3.10/site-packages/airflow/example_dags/example_complex.py took 0.095 seconds
[2026-09-17T01:22:10.203+0000] {processor.py:157} INFO - Started process (PID=36842) to work on /home/vscode/.local/lib/python3.10/site-packages/airflow/example_dags/example_complex.py
[2026-09-17T01:22:10.203+0000] {processor.py:826} INFO - Processing file /home/vscode/.local/lib/python3.10/site-packages/airflow/example_dags/example_complex.py for tasks to queue
[2026-09-17T01:22:10.204+0000] {logging_mixin.py:150} INFO - [2026-09-17T01:22:10.204+0000] {dagbag.py:541} INFO - Filling up the DagBag from /home/vscode/.local/lib/python3.10/site-packages/airflow/example_dags/example_complex.py
[2026-09-17T01:22:10.213+0000] {processor.py:836} INFO - DAG(s) dict_keys(['example_complex']) retrieved from /home/vscode/.local/lib/python3.10/site-packages/airflow/example_dags/example_complex.py
[2026-09-17T01:22:10.233+0000] {logging_mixin.py:150} INFO - [2026-09-17T01:22:10.233+0000] {dag.py:2742} INFO - Sync 1 DAGs
[2026-09-17T01:22:10.248+0000] {logging_mixin.py:150} INFO - [2026-09-17T01:22:10.248+0000] {dag.py:3504} INFO - Setting next_dagrun for example_complex to None, run_after=None
[2026-09-17T01:22:10.264+0000] {processor.py:179} INFO - Processing /home/vscode/.local/lib/python3.10/site-packages/airflow/example_dags/example_complex.py took 0.064 seconds
[2026-09-17T01:22:34.678+0000] {processor.py:157} INFO - Started process (PID=37197) to work on /home/vscode/.local/lib/python3.10/site-packages/airflow/example_dags/example_complex.py
[2026-09-17T01:22:34.679+0000] {processor.py:826} INFO - Processing file /home/vscode/.local/lib/python3.10/site-packages/airflow/example_dags/example_complex.py for tasks to queue
[2026-09-17T01:22:34.679+0000] {logging_mixin.py:150} INFO - [2026-09-17T01:22:34.679+0000] {dagbag.py:541} INFO - Filling up the DagBag from /home/vscode/.local/lib/python3.10/site-packages/airflow/example_dags/example_complex.py
[2026-09-17T01:22:34.704+0000] {processor.py:836} INFO - DAG(s) dict_keys(['example_complex']) retrieved from /home/vscode/.local/lib/python3.10/site-packages/airflow/example_dags/example_complex.py
[2026-09-17T01:22:34.740+0000] {logging_mixin.py:150} INFO - [2026-09-17T01:22:34.740+0000] {dag.py:2742} INFO - Sync 1 DAGs
[2026-09-17T01:22:34.761+0000] {logging_mixin.py:150} INFO - [2026-09-17T01:22:34.761+0000] {dag.py:3504} INFO - Setting next_dagrun for example_complex to None, run_after=None
[2026-09-17T01:22:34.788+0000] {processor.py:179} INFO - Processing /home/vscode/.local/lib/python3.10/site-packages/airflow/example_dags/example_complex.py took 0.113 seconds
[2026-09-17T01:23:00.336+0000] {processor.py:157} INFO - Started process (PID=37395) to work on /home/vscode/.local/lib/python3.10/site-packages/airflow/example_dags/example_complex.py
[2026-09-17T01:23:00.337+0000] {processor.py:826} INFO - Processing file /home/vscode/.local/lib/python3.10/site-packages/airflow/example_dags/example_complex.py for tasks to queue
[2026-09-17T01:23:00.338+0000] {logging_mixin.py:150} INFO - [2026-09-17T01:23:00.337+0000] {dagbag.py:541} INFO - Filling up the DagBag from /home/vscode/.local/lib/python3.10/site-packages/airflow/example_dags/example_complex.py
[2026-09-17T01:23:00.347+0000] {processor.py:836} INFO - DAG(s) dict_keys(['example_complex']) retrieved from /home/vscode/.local/lib/python3.10/site-packages/airflow/example_dags/example_complex.py
[2026-09-17T01:23:00.367+0000] {logging_mixin.py:150} INFO - [2026-09-17T01:23:00.367+0000] {dag.py:2742} INFO - Sync 1 DAGs
[2026-09-17T01:23:00.381+0000] {logging_mixin.py:150} INFO - [2026-09-17T01:23:00.381+0000] {dag.py:3504} INFO - Setting next_dagrun for example_complex to None, run_after=None
[2026-09-17T01:23:00.397+0000] {processor.py:179} INFO - Processing /home/vscode/.local/lib/python3.10/site-packages/airflow/example_dags/example_complex.py took 0.063 seconds
[2026-09-17T01:23:21.930+0000] {processor.py:157} INFO - Started process (PID=37640) to work on /home/vscode/.local/lib/python3.10/site-packages/airflow/example_dags/example_complex.py
[2026-09-17T01:23:21.931+0000] {processor.py:826} INFO - Processing file /home/vscode/.local/lib/python3.10/site-packages/airflow/example_dags/example_complex.py for tasks to queue
[2026-09-17T01:23:21.932+0000] {logging_mixin.py:150} INFO - [2026-09-17T01:23:21.932+0000] {dagbag.py:541} INFO - Filling up the DagBag from /home/vscode/.local/lib/python3.10/site-packages/airflow/example_dags/example_complex.py
[2026-09-17T01:23:21.944+0000] {processor.py:836} INFO - DAG(s) dict_keys(['example_complex']) retrieved from /home/vscode/.local/lib/python3.10/site-packages/airflow/example_dags/example_complex.py
[2026-09-17T01:23:21.968+0000] {logging_mixin.py:150} INFO - [2026-09-17T01:23:21.967+0000] {dag.py:2742} INFO - Sync 1 DAGs
[2026-09-17T01:23:21.983+0000] {logging_mixin.py:150} INFO - [2026-09-17T01:23:21.982+0000] {dag.py:3504} INFO - Setting next_dagrun for example_complex to None, run_after=None
[2026-09-17T01:23:22.000+0000] {processor.py:179} INFO - Processing /home/vscode/.local/lib/python3.10/site-packages/airflow/example_dags/example_complex.py took 0.073 seconds
[2026-09-17T01:23:49.756+0000] {processor.py:157} INFO - Started process (PID=37854) to work on /home/vscode/.local/lib/python3.10/site-packages/airflow/example_dags/example_complex.py
[2026-09-17T01:23:49.756+0000] {processor.py:826} INFO - Processing file /home/vscode/.local/lib/python3.10/site-packages/airflow/example_dags/example_complex.py for tasks to queue
[2026-09-17T01:23:49.757+0000] {logging_mixin.py:150} INFO - [2026-09-17T01:23:49.757+0000] {dagbag.py:541} INFO - Filling up the DagBag from /home/vscode/.local/lib/python3.10/site-packages/airflow/example_dags/example_complex.py
[2026-09-17T01:23:49.766+0000] {processor.py:836} INFO - DAG(s) dict_keys(['example_complex']) retrieved from /home/vscode/.local/lib/python3.10/site-packages/airflow/example_dags/example_complex.py
[2026-09-17T01:23:49.789+0000] {logging_mixin.py:150} INFO - [2026-09-17T01:23:49.788+0000] {dag.py:2742} INFO - Sync 1 DAGs
[2026-09-17T01:23:49.804+0000] {logging_mixin.py:150} INFO - [2026-09-17T01:23:49.804+0000] {dag.py:3504} INFO - Setting next_dagrun for example_complex to None, run_after=None
[2026-09-17T01:23:49.822+0000] {processor.py:179} INFO - Processing /home/vscode/.local/lib/python3.10/site-packages/airflow/example_dags/example_complex.py took 0.069 seconds
[2026-09-17T01:24:10.748+0000] {processor.py:157} INFO - Started process (PID=38100) to work on /home/vscode/.local/lib/python3.10/site-packages/airflow/example_dags/example_complex.py
[2026-09-17T01:24:10.749+0000] {processor.py:826} INFO - Processing file /home/vscode/.local/lib/python3.10/site-packages/airflow/example_dags/example_complex.py for tasks to queue
[2026-09-17T01:24:10.750+0000] {logging_mixin.py:150} INFO - [2026-09-17T01:24:10.750+0000] {dagbag.py:541} INFO - Filling up the DagBag from /home/vscode/.local/lib/python3.10/site-packages/airflow/example_dags/example_complex.py
[2026-09-17T01:24:10.758+0000] {processor.py:836} INFO - DAG(s) dict_keys(['example_complex']) retrieved from /home/vscode/.local/lib/python3.10/site-packages/airflow/example_dags/example_complex.py
[2026-09-17T01:24:10.778+0000] {logging_mixin.py:150} INFO - [2026-09-17T01:24:10.778+0000] {dag.py:2742} INFO - Sync 1 DAGs
[2026-09-17T01:24:10.797+0000] {logging_mixin.py:150} INFO - [2026-09-17T01:24:10.797+0000] {dag.py:3504} INFO - Setting next_dagrun for example_complex to None, run_after=None
[2026-09-17T01:24:10.813+0000] {processor.py:179} INFO - Processing /home/vscode/.local/lib/python3.10/site-packages/airflow/example_dags/example_complex.py took 0.068 seconds
