[2026-09-17T00:55:37.839+0000] {processor.py:157} INFO - Started process (PID=22048) to work on /home/vscode/.local/lib/python3.10/site-packages/airflow/example_dags/example_params_trigger_ui.py
[2026-09-17T00:55:37.842+0000] {processor.py:826} INFO - Processing file /home/vscode/.local/lib/python3.10/site-packages/airflow/example_dags/example_params_trigger_ui.py for tasks to queue
[2026-09-17T00:55:37.844+0000] {logging_mixin.py:150} INFO - [2026-09-17T00:55:37.843+0000] {dagbag.py:541} INFO - Filling up the DagBag from /home/vscode/.local/lib/python3.10/site-packages/airflow/example_dags/example_params_trigger_ui.py
[2026-09-17T00:55:37.953+0000] {processor.py:836} INFO - DAG(s) dict_keys(['example_params_trigger_ui']) retrieved from /home/vscode/.local/lib/python3.10/site-packages/airflow/example_dags/example_params_trigger_ui.py
[2026-09-17T00:55:38.465+0000] {logging_mixin.py:150} INFO - [2026-09-17T00:55:38.465+0000] {manager.py:504} INFO - Created Permission View: can delete on DAG:example_params_trigger_ui
[2026-09-17T00:55:38.510+0000] {logging_mixin.py:150} INFO - [2026-09-17T00:55:38.510+0000] {manager.py:504} INFO - Created Permission View: can edit on DAG:example_params_trigger_ui
[2026-09-17T00:55:38.532+0000] {logging_mixin.py:150} INFO - [2026-09-17T00:55:38.532+0000] {manager.py:504} INFO - Created Permission View: can read on DAG:example_params_trigger_ui
[2026-09-17T00:55:38.557+0000] {logging_mixin.py:150} INFO - [2026-09-17T00:55:38.557+0000] {dag.py:2742} INFO - Sync 1 DAGs
[2026-09-17T00:55:38.577+0000] {logging_mixin.py:150} INFO - [2026-09-17T00:55:38.577+0000] {dag.py:2763} INFO - Creating ORM DAG for example_params_trigger_ui
[2026-09-17T00:55:38.612+0000] {logging_mixin.py:150} INFO - [2026-09-17T00:55:38.612+0000] {dag.py:3504} INFO - Setting next_dagrun for example_params_trigger_ui to None, run_after=None
[2026-09-17T00:55:38.773+0000] {processor.py:179} INFO - Processing /home/vscode/.local/lib/python3.10/site-packages/airflow/example_dags/example_params_trigger_ui.py took 0.946 seconds
[2026-09-17T00:56:07.733+0000] {processor.py:157} INFO - Started process (PID=22348) to work on /home/vscode/.local/lib/python3.10/site-packages/airflow/example_dags/example_params_trigger_ui.py
[2026-09-17T00:56:07.734+0000] {processor.py:826} INFO - Processing file /home/vscode/.local/lib/python3.10/site-packages/airflow/example_dags/example_params_trigger_ui.py for tasks to queue
[2026-09-17T00:56:07.735+0000] {logging_mixin.py:150} INFO - [2026-09-17T00:56:07.734+0000] {dagbag.py:541} INFO - Filling up the DagBag from /home/vscode/.local/lib/python3.10/site-packages/airflow/example_dags/example_params_trigger_ui.py
[2026-09-17T00:56:07.758+0000] {processor.py:836} INFO - DAG(s) dict_keys(['example_params_trigger_ui']) retrieved from /home/vscode/.local/lib/python3.10/site-packages/airflow/example_dags/example_params_trigger_ui.py
[2026-09-17T00:56:07.771+0000] {logging_mixin.py:150} INFO - [2026-09-17T00:56:07.770+0000] {dag.py:2742} INFO - Sync 1 DAGs
[2026-09-17T00:56:07.832+0000] {logging_mixin.py:150} INFO - [2026-09-17T00:56:07.832+0000] {dag.py:3504} INFO - Setting next_dagrun for example_params_trigger_ui to None, run_after=None
[2026-09-17T00:56:07.882+0000] {processor.py:179} INFO - Processing /home/vscode/.local/lib/python3.10/site-packages/airflow/example_dags/example_params_trigger_ui.py took 0.154 seconds
[2026-09-17T00:56:32.462+0000] {processor.py:157} INFO - Started process (PID=22615) to work on /home/vscode/.local/lib/python3.10/site-packages/airflow/example_dags/example_params_trigger_ui.py
[2026-09-17T00:56:32.463+0000] {processor.py:826} INFO - Processing file /home/vscode/.local/lib/python3.10/site-packages/airflow/example_dags/example_params_trigger_ui.py for tasks to queue
[2026-09-17T00:56:32.464+0000] {logging_mixin.py:150} INFO - [2026-09-17T00:56:32.464+0000] {dagbag.py:541} INFO - Filling up the DagBag from /home/vscode/.local/lib/python3.10/site-packages/airflow/example_dags/example_params_trigger_ui.py
[2026-09-17T00:56:32.483+0000] {processor.py:836} INFO - DAG(s) dict_keys(['example_params_trigger_ui']) retrieved from /home/vscode/.local/lib/python3.10/site-packages/airflow/example_dags/example_params_trigger_ui.py
[2026-09-17T00:56:32.553+0000] {logging_mixin.py:150} INFO - [2026-09-17T00:56:32.553+0000] {dag.py:2742} INFO - Sync 1 DAGs
[2026-09-17T00:56:32.598+0000] {logging_mixin.py:150} INFO - [2026-09-17T00:56:32.598+0000] {dag.py:3504} INFO - Setting next_dagrun for example_params_trigger_ui to None, run_after=None
[2026-09-17T00:56:32.627+0000] {processor.py:179} INFO - Processing /home/vscode/.local/lib/python3.10/site-packages/airflow/example_dags/example_params_trigger_ui.py took 0.173 seconds
[2026-09-17T00:56:54.724+0000] {processor.py:157} INFO - Started process (PID=22811) to work on /home/vscode/.local/lib/python3.10/site-packages/airflow/example_dags/example_params_trigger_ui.py
[2026-09-17T00:56:54.725+0000] {processor.py:826} INFO - Processing file /home/vscode/.local/lib/python3.10/site-packages/airflow/example_dags/example_params_trigger_ui.py for tasks to queue
[2026-09-17T00:56:54.726+0000] {logging_mixin.py:150} INFO - [2026-09-17T00:56:54.726+0000] {dagbag.py:541} INFO - Filling up the DagBag from /home/vscode/.local/lib/python3.10/site-packages/airflow/example_dags/example_params_trigger_ui.py
[2026-09-17T00:56:54.745+0000] {processor.py:836} INFO - DAG(s) dict_keys(['example_params_trigger_ui']) retrieved from /home/vscode/.local/lib/python3.10/site-packages/airflow/example_dags/example_params_trigger_ui.py
[2026-09-17T00:56:54.794+0000] {logging_mixin.py:150} INFO - [2026-09-17T00:56:54.794+0000] {dag.py:2742} INFO - Sync 1 DAGs
[2026-09-17T00:56:54.816+0000] {logging_mixin.py:150} INFO - [2026-09-17T00:56:54.815+0000] {dag.py:3504} INFO - Setting next_dagrun for example_params_trigger_ui to None, run_after=None
[2026-09-17T00:56:54.841+0000] {processor.py:179} INFO - Processing /home/vscode/.local/lib/python3.10/site-packages/airflow/example_dags/example_params_trigger_ui.py took 0.120 seconds
[2026-09-17T00:57:22.041+0000] {processor.py:157} INFO - Started process (PID=23012) to work on /home/vscode/.local/lib/python3.10/site-packages/airflow/example_dags/example_params_trigger_ui.py
[2026-09-17T00:57:22.042+0000] {processor.py:826} INFO - Processing file /home/vscode/.local/lib/python3.10/site-packages/airflow/example_dags/example_params_trigger_ui.py for tasks to queue
[2026-09-17T00:57:22.042+0000] {logging_mixin.py:150} INFO - [2026-09-17T00:57:22.042+0000] {dagbag.py:541} INFO - Filling up the DagBag from /home/vscode/.local/lib/python3.10/site-packages/airflow/example_dags/example_params_trigger_ui.py
[2026-09-17T00:57:22.060+0000] {processor.py:836} INFO - DAG(s) dict_keys(['example_params_trigger_ui']) retrieved from /home/vscode/.local/lib/python3.10/site-packages/airflow/example_dags/example_params_trigger_ui.py
[2026-09-17T00:57:22.113+0000] {logging_mixin.py:150} INFO - [2026-09-17T00:57:22.112+0000] {dag.py:2742} INFO - Sync 1 DAGs
[2026-09-17T00:57:22.138+0000] {logging_mixin.py:150} INFO - [2026-09-17T00:57:22.137+0000] {dag.py:3504} INFO - Setting next_dagrun for example_params_trigger_ui to None, run_after=None
[2026-09-17T00:57:22.184+0000] {processor.py:179} INFO - Processing /home/vscode/.local/lib/python3.10/site-packages/airflow/example_dags/example_params_trigger_ui.py took 0.146 seconds
[2026-09-17T00:57:44.737+0000] {processor.py:157} INFO - Started process (PID=23185) to work on /home/vscode/.local/lib/python3.10/site-packages/airflow/example_dags/example_params_trigger_ui.py
[2026-09-17T00:57:44.738+0000] {processor.py:826} INFO - Processing file /home/vscode/.local/lib/python3.10/site-packages/airflow/example_dags/example_params_trigger_ui.py for tasks to queue
[2026-09-17T00:57:44.739+0000] {logging_mixin.py:150} INFO - [2026-09-17T00:57:44.738+0000] {dagbag.py:541} INFO - Filling up the DagBag from /home/vscode/.local/lib/python3.10/site-packages/airflow/example_dags/example_params_trigger_ui.py
[2026-09-17T00:57:44.772+0000] {processor.py:836} INFO - DAG(s) dict_keys(['example_params_trigger_ui']) retrieved from /home/vscode/.local/lib/python3.10/site-packages/airflow/example_dags/example_params_trigger_ui.py
[2026-09-17T00:57:44.829+0000] {logging_mixin.py:150} INFO - [2026-09-17T00:57:44.829+0000] {dag.py:2742} INFO - Sync 1 DAGs
[2026-09-17T00:57:44.850+0000] {logging_mixin.py:150} INFO - [2026-09-17T00:57:44.850+0000] {dag.py:3504} INFO - Setting next_dagrun for example_params_trigger_ui to None, run_after=None
[2026-09-17T00:57:44.871+0000] {processor.py:179} INFO - Processing /home/vscode/.local/lib/python3.10/site-packages/airflow/example_dags/example_params_trigger_ui.py took 0.137 seconds
[2026-09-17T00:58:11.335+0000] {processor.py:157} INFO - Started process (PID=23399) to work on /home/vscode/.local/lib/python3.10/site-packages/airflow/example_dags/example_params_trigger_ui.py
[2026-09-17T00:58:11.336+0000] {processor.py:826} INFO - Processing file /home/vscode/.local/lib/python3.10/site-packages/airflow/example_dags/example_params_trigger_ui.py for tasks to queue
[2026-09-17T00:58:11.337+0000] {logging_mixin.py:150} INFO - [2026-09-17T00:58:11.337+0000] {dagbag.py:541} INFO - Filling up the DagBag from /home/vscode/.local/lib/python3.10/site-packages/airflow/example_dags/example_params_trigger_ui.py
[2026-09-17T00:58:11.357+0000] {processor.py:836} INFO - DAG(s) dict_keys(['example_params_trigger_ui']) retrieved from /home/vscode/.local/lib/python3.10/site-packages/airflow/example_dags/example_params_trigger_ui.py
[2026-09-17T00:58:11.417+0000] {logging_mixin.py:150} INFO - [2026-09-17T00:58:11.417+0000] {dag.py:2742} INFO - Sync 1 DAGs
[2026-09-17T00:58:11.437+0000] {logging_mixin.py:150} INFO - [2026-09-17T00:58:11.437+0000] {dag.py:3504} INFO - Setting next_dagrun for example_params_trigger_ui to None, run_after=None
[2026-09-17T00:58:11.455+0000] {processor.py:179} INFO - Processing /home/vscode/.local/lib/python3.10/site-packages/airflow/example_dags/example_params_trigger_ui.py took 0.123 seconds
[2026-09-17T00:58:35.716+0000] {processor.py:157} INFO - Started process (PID=23673) to work on /home/vscode/.local/lib/python3.10/site-packages/airflow/example_dags/example_params_trigger_ui.py
[2026-09-17T00:58:35.719+0000] {processor.py:826} INFO - Processing file /home/vscode/.local/lib/python3.10/site-packages/airflow/example_dags/example_params_trigger_ui.py for tasks to queue
[2026-09-17T00:58:35.720+0000] {logging_mixin.py:150} INFO - [2026-09-17T00:58:35.719+0000] {dagbag.py:541} INFO - Filling up the DagBag from /home/vscode/.local/lib/python3.10/site-packages/airflow/example_dags/example_params_trigger_ui.py
[2026-09-17T00:58:35.740+0000] {processor.py:836} INFO - DAG(s) dict_keys(['example_params_trigger_ui']) retrieved from /home/vscode/.local/lib/python3.10/site-packages/airflow/example_dags/example_params_trigger_ui.py
[2026-09-17T00:58:35.791+0000] {logging_mixin.py:150} INFO - [2026-09-17T00:58:35.791+0000] {dag.py:2742} INFO - Sync 1 DAGs
[2026-09-17T00:58:35.812+0000] {logging_mixin.py:150} INFO - [2026-09-17T00:58:35.812+0000] {dag.py:3504} INFO - Setting next_dagrun for example_params_trigger_ui to None, run_after=None
[2026-09-17T00:58:35.833+0000] {processor.py:179} INFO - Processing /home/vscode/.local/lib/python3.10/site-packages/airflow/example_dags/example_params_trigger_ui.py took 0.122 seconds
[2026-09-17T00:59:00.107+0000] {processor.py:157} INFO - Started process (PID=24012) to work on /home/vscode/.local/lib/python3.10/site-packages/airflow/example_dags/example_params_trigger_ui.py
[2026-09-17T00:59:00.108+0000] {processor.py:826} INFO - Processing file /home/vscode/.local/lib/python3.10/site-packages/airflow/example_dags/example_params_trigger_ui.py for tasks to queue
[2026-09-17T00:59:00.109+0000] {logging_mixin.py:150} INFO - [2026-09-17T00:59:00.109+0000] {dagbag.py:541} INFO - Filling up the DagBag from /home/vscode/.local/lib/python3.10/site-packages/airflow/example_dags/example_params_trigger_ui.py
[2026-09-17T00:59:00.128+0000] {processor.py:836} INFO - DAG(s) dict_keys(['example_params_trigger_ui']) retrieved from /home/vscode/.local/lib/python3.10/site-packages/airflow/example_dags/example_params_trigger_ui.py
[2026-09-17T00:59:00.178+0000] {logging_mixin.py:150} INFO - [2026-09-17T00:59:00.178+0000] {dag.py:2742} INFO - Sync 1 DAGs
[2026-09-17T00:59:00.199+0000] {logging_mixin.py:150} INFO - [2026-09-17T00:59:00.199+0000] {dag.py:3504} INFO - Setting next_dagrun for example_params_trigger_ui to None, run_after=None
[2026-09-17T00:59:00.219+0000] {processor.py:179} INFO - Processing /home/vscode/.local/lib/python3.10/site-packages/airflow/example_dags/example_params_trigger_ui.py took 0.116 seconds
[2026-09-17T00:59:32.174+0000] {processor.py:157} INFO - Started process (PID=24364) to work on /home/vscode/.local/lib/python3.10/site-packages/airflow/example_dags/example_params_trigger_ui.py
[2026-09-17T00:59:32.175+0000] {processor.py:826} INFO - Processing file /home/vscode/.local/lib/python3.10/site-packages/airflow/example_dags/example_params_trigger_ui.py for tasks to queue
[2026-09-17T00:59:32.176+0000] {logging_mixin.py:150} INFO - [2026-09-17T00:59:32.176+0000] {dagbag.py:541} INFO - Filling up the DagBag from /home/vscode/.local/lib/python3.10/site-packages/airflow/example_dags/example_params_trigger_ui.py
[2026-09-17T00:59:32.192+0000] {processor.py:836} INFO - DAG(s) dict_keys(['example_params_trigger_ui']) retrieved from /home/vscode/.local/lib/python3.10/site-packages/airflow/example_dags/example_params_trigger_ui.py
[2026-09-17T00:59:32.247+0000] {logging_mixin.py:150} INFO - [2026-09-17T00:59:32.247+0000] {dag.py:2742} INFO - Sync 1 DAGs
[2026-09-17T00:59:32.281+0000] {logging_mixin.py:150} INFO - [2026-09-17T00:59:32.281+0000] {dag.py:3504} INFO - Setting next_dagrun for example_params_trigger_ui to None, run_after=None
[2026-09-17T00:59:32.345+0000] {processor.py:179} INFO - Processing /home/vscode/.local/lib/python3.10/site-packages/airflow/example_dags/example_params_trigger_ui.py took 0.173 seconds
[2026-09-17T00:59:51.758+0000] {processor.py:157} INFO - Started process (PID=24663) to work on /home/vscode/.local/lib/python3.10/site-packages/airflow/example_dags/example_params_trigger_ui.py
[2026-09-17T00:59:51.759+0000] {processor.py:826} INFO - Processing file /home/vscode/.local/lib/python3.10/site-packages/airflow/example_dags/example_params_trigger_ui.py for tasks to queue
[2026-09-17T00:59:51.760+0000] {logging_mixin.py:150} INFO - [2026-09-17T00:59:51.759+0000] {dagbag.py:541} INFO - Filling up the DagBag from /home/vscode/.local/lib/python3.10/site-packages/airflow/example_dags/example_params_trigger_ui.py
[2026-09-17T00:59:51.779+0000] {processor.py:836} INFO - DAG(s) dict_keys(['example_params_trigger_ui']) retrieved from /home/vscode/.local/lib/python3.10/site-packages/airflow/example_dags/example_params_trigger_ui.py
[2026-09-17T00:59:51.834+0000] {logging_mixin.py:150} INFO - [2026-09-17T00:59:51.834+0000] {dag.py:2742} INFO - Sync 1 DAGs
[2026-09-17T00:59:51.855+0000] {logging_mixin.py:150} INFO - [2026-09-17T00:59:51.855+0000] {dag.py:3504} INFO - Setting next_dagrun for example_params_trigger_ui to None, run_after=None
[2026-09-17T00:59:51.877+0000] {processor.py:179} INFO - Processing /home/vscode/.local/lib/python3.10/site-packages/airflow/example_dags/example_params_trigger_ui.py took 0.123 seconds
[2026-09-17T01:00:21.905+0000] {processor.py:157} INFO - Started process (PID=25124) to work on /home/vscode/.local/lib/python3.10/site-packages/airflow/example_dags/example_params_trigger_ui.py
[2026-09-17T01:00:21.905+0000] {processor.py:826} INFO - Processing file /home/vscode/.local/lib/python3.10/site-packages/airflow/example_dags/example_params_trigger_ui.py for tasks to queue
[2026-09-17T01:00:21.906+0000] {logging_mixin.py:150} INFO - [2026-09-17T01:00:21.906+0000] {dagbag.py:541} INFO - Filling up the DagBag from /home/vscode/.local/lib/python3.10/site-packages/airflow/example_dags/example_params_trigger_ui.py
[2026-09-17T01:00:21.920+0000] {processor.py:836} INFO - DAG(s) dict_keys(['example_params_trigger_ui']) retrieved from /home/vscode/.local/lib/python3.10/site-packages/airflow/example_dags/example_params_trigger_ui.py
[2026-09-17T01:00:21.953+0000] {logging_mixin.py:150} INFO - [2026-09-17T01:00:21.953+0000] {dag.py:2742} INFO - Sync 1 DAGs
[2026-09-17T01:00:21.967+0000] {logging_mixin.py:150} INFO - [2026-09-17T01:00:21.967+0000] {dag.py:3504} INFO - Setting next_dagrun for example_params_trigger_ui to None, run_after=None
[2026-09-17T01:00:21.984+0000] {processor.py:179} INFO - Processing /home/vscode/.local/lib/python3.10/site-packages/airflow/example_dags/example_params_trigger_ui.py took 0.081 seconds
[2026-09-17T01:00:45.721+0000] {processor.py:157} INFO - Started process (PID=25388) to work on /home/vscode/.local/lib/python3.10/site-packages/airflow/example_dags/example_params_trigger_ui.py
[2026-09-17T01:00:45.723+0000] {processor.py:826} INFO - Processing file /home/vscode/.local/lib/python3.10/site-packages/airflow/example_dags/example_params_trigger_ui.py for tasks to queue
[2026-09-17T01:00:45.724+0000] {logging_mixin.py:150} INFO - [2026-09-17T01:00:45.724+0000] {dagbag.py:541} INFO - Filling up the DagBag from /home/vscode/.local/lib/python3.10/site-packages/airflow/example_dags/example_params_trigger_ui.py
[2026-09-17T01:00:45.737+0000] {processor.py:836} INFO - DAG(s) dict_keys(['example_params_trigger_ui']) retrieved from /home/vscode/.local/lib/python3.10/site-packages/airflow/example_dags/example_params_trigger_ui.py
[2026-09-17T01:00:45.769+0000] {logging_mixin.py:150} INFO - [2026-09-17T01:00:45.769+0000] {dag.py:2742} INFO - Sync 1 DAGs
[2026-09-17T01:00:45.784+0000] {logging_mixin.py:150} INFO - [2026-09-17T01:00:45.784+0000] {dag.py:3504} INFO - Setting next_dagrun for example_params_trigger_ui to None, run_after=None
[2026-09-17T01:00:45.806+0000] {processor.py:179} INFO - Processing /home/vscode/.local/lib/python3.10/site-packages/airflow/example_dags/example_params_trigger_ui.py took 0.087 seconds
[2026-09-17T01:01:12.157+0000] {processor.py:157} INFO - Started process (PID=25613) to work on /home/vscode/.local/lib/python3.10/site-packages/airflow/example_dags/example_params_trigger_ui.py
[2026-09-17T01:01:12.158+0000] {processor.py:826} INFO - Processing file /home/vscode/.local/lib/python3.10/site-packages/airflow/example_dags/example_params_trigger_ui.py for tasks to queue
[2026-09-17T01:01:12.159+0000] {logging_mixin.py:150} INFO - [2026-09-17T01:01:12.158+0000] {dagbag.py:541} INFO - Filling up the DagBag from /home/vscode/.local/lib/python3.10/site-packages/airflow/example_dags/example_params_trigger_ui.py
[2026-09-17T01:01:12.172+0000] {processor.py:836} INFO - DAG(s) dict_keys(['example_params_trigger_ui']) retrieved from /home/vscode/.local/lib/python3.10/site-packages/airflow/example_dags/example_params_trigger_ui.py
[2026-09-17T01:01:12.211+0000] {logging_mixin.py:150} INFO - [2026-09-17T01:01:12.211+0000] {dag.py:2742} INFO - Sync 1 DAGs
[2026-09-17T01:01:12.226+0000] {logging_mixin.py:150} INFO - [2026-09-17T01:01:12.226+0000] {dag.py:3504} INFO - Setting next_dagrun for example_params_trigger_ui to None, run_after=None
[2026-09-17T01:01:12.244+0000] {processor.py:179} INFO - Processing /home/vscode/.local/lib/python3.10/site-packages/airflow/example_dags/example_params_trigger_ui.py took 0.089 seconds
[2026-09-17T01:01:37.592+0000] {processor.py:157} INFO - Started process (PID=25813) to work on /home/vscode/.local/lib/python3.10/site-packages/airflow/example_dags/example_params_trigger_ui.py
[2026-09-17T01:01:37.592+0000] {processor.py:826} INFO - Processing file /home/vscode/.local/lib/python3.10/site-packages/airflow/example_dags/example_params_trigger_ui.py for tasks to queue
[2026-09-17T01:01:37.593+0000] {logging_mixin.py:150} INFO - [2026-09-17T01:01:37.593+0000] {dagbag.py:541} INFO - Filling up the DagBag from /home/vscode/.local/lib/python3.10/site-packages/airflow/example_dags/example_params_trigger_ui.py
[2026-09-17T01:01:37.609+0000] {processor.py:836} INFO - DAG(s) dict_keys(['example_params_trigger_ui']) retrieved from /home/vscode/.local/lib/python3.10/site-packages/airflow/example_dags/example_params_trigger_ui.py
[2026-09-17T01:01:37.641+0000] {logging_mixin.py:150} INFO - [2026-09-17T01:01:37.641+0000] {dag.py:2742} INFO - Sync 1 DAGs
[2026-09-17T01:01:37.656+0000] {logging_mixin.py:150} INFO - [2026-09-17T01:01:37.655+0000] {dag.py:3504} INFO - Setting next_dagrun for example_params_trigger_ui to None, run_after=None
[2026-09-17T01:01:37.677+0000] {processor.py:179} INFO - Processing /home/vscode/.local/lib/python3.10/site-packages/airflow/example_dags/example_params_trigger_ui.py took 0.089 seconds
[2026-09-17T01:01:59.031+0000] {processor.py:157} INFO - Started process (PID=25992) to work on /home/vscode/.local/lib/python3.10/site-packages/airflow/example_dags/example_params_trigger_ui.py
[2026-09-17T01:01:59.032+0000] {processor.py:826} INFO - Processing file /home/vscode/.local/lib/python3.10/site-packages/airflow/example_dags/example_params_trigger_ui.py for tasks to queue
[2026-09-17T01:01:59.032+0000] {logging_mixin.py:150} INFO - [2026-09-17T01:01:59.032+0000] {dagbag.py:541} INFO - Filling up the DagBag from /home/vscode/.local/lib/python3.10/site-packages/airflow/example_dags/example_params_trigger_ui.py
[2026-09-17T01:01:59.052+0000] {processor.py:836} INFO - DAG(s) dict_keys(['example_params_trigger_ui']) retrieved from /home/vscode/.local/lib/python3.10/site-packages/airflow/example_dags/example_params_trigger_ui.py
[2026-09-17T01:01:59.113+0000] {logging_mixin.py:150} INFO - [2026-09-17T01:01:59.113+0000] {dag.py:2742} INFO - Sync 1 DAGs
[2026-09-17T01:01:59.142+0000] {logging_mixin.py:150} INFO - [2026-09-17T01:01:59.142+0000] {dag.py:3504} INFO - Setting next_dagrun for example_params_trigger_ui to None, run_after=None
[2026-09-17T01:01:59.170+0000] {processor.py:179} INFO - Processing /home/vscode/.local/lib/python3.10/site-packages/airflow/example_dags/example_params_trigger_ui.py took 0.141 seconds
[2026-09-17T01:02:29.484+0000] {processor.py:157} INFO - Started process (PID=26255) to work on /home/vscode/.local/lib/python3.10/site-packages/airflow/example_dags/example_params_trigger_ui.py
[2026-09-17T01:02:29.485+0000] {processor.py:826} INFO - Processing file /home/vscode/.local/lib/python3.10/site-packages/airflow/example_dags/example_params_trigger_ui.py for tasks to queue
[2026-09-17T01:02:29.485+0000] {logging_mixin.py:150} INFO - [2026-09-17T01:02:29.485+0000] {dagbag.py:541} INFO - Filling up the DagBag from /home/vscode/.local/lib/python3.10/site-packages/airflow/example_dags/example_params_trigger_ui.py
[2026-09-17T01:02:29.504+0000] {processor.py:836} INFO - DAG(s) dict_keys(['example_params_trigger_ui']) retrieved from /home/vscode/.local/lib/python3.10/site-packages/airflow/example_dags/example_params_trigger_ui.py
[2026-09-17T01:02:29.552+0000] {logging_mixin.py:150} INFO - [2026-09-17T01:02:29.552+0000] {dag.py:2742} INFO - Sync 1 DAGs
[2026-09-17T01:02:29.568+0000] {logging_mixin.py:150} INFO - [2026-09-17T01:02:29.568+0000] {dag.py:3504} INFO - Setting next_dagrun for example_params_trigger_ui to None, run_after=None
[2026-09-17T01:02:29.587+0000] {processor.py:179} INFO - Processing /home/vscode/.local/lib/python3.10/site-packages/airflow/example_dags/example_params_trigger_ui.py took 0.106 seconds
[2026-09-17T01:02:43.866+0000] {processor.py:157} INFO - Started process (PID=26378) to work on /home/vscode/.local/lib/python3.10/site-packages/airflow/example_dags/example_params_trigger_ui.py
[2026-09-17T01:02:43.867+0000] {processor.py:826} INFO - Processing file /home/vscode/.local/lib/python3.10/site-packages/airflow/example_dags/example_params_trigger_ui.py for tasks to queue
[2026-09-17T01:02:43.867+0000] {logging_mixin.py:150} INFO - [2026-09-17T01:02:43.867+0000] {dagbag.py:541} INFO - Filling up the DagBag from /home/vscode/.local/lib/python3.10/site-packages/airflow/example_dags/example_params_trigger_ui.py
[2026-09-17T01:02:43.881+0000] {processor.py:836} INFO - DAG(s) dict_keys(['example_params_trigger_ui']) retrieved from /home/vscode/.local/lib/python3.10/site-packages/airflow/example_dags/example_params_trigger_ui.py
[2026-09-17T01:02:43.922+0000] {logging_mixin.py:150} INFO - [2026-09-17T01:02:43.922+0000] {dag.py:2742} INFO - Sync 1 DAGs
[2026-09-17T01:02:43.937+0000] {logging_mixin.py:150} INFO - [2026-09-17T01:02:43.937+0000] {dag.py:3504} INFO - Setting next_dagrun for example_params_trigger_ui to None, run_after=None
[2026-09-17T01:02:43.956+0000] {processor.py:179} INFO - Processing /home/vscode/.local/lib/python3.10/site-packages/airflow/example_dags/example_params_trigger_ui.py took 0.092 seconds
[2026-09-17T01:03:24.560+0000] {processor.py:157} INFO - Started process (PID=26727) to work on /home/vscode/.local/lib/python3.10/site-packages/airflow/example_dags/example_params_trigger_ui.py
[2026-09-17T01:03:24.561+0000] {processor.py:826} INFO - Processing file /home/vscode/.local/lib/python3.10/site-packages/airflow/example_dags/example_params_trigger_ui.py for tasks to queue
[2026-09-17T01:03:24.562+0000] {logging_mixin.py:150} INFO - [2026-09-17T01:03:24.561+0000] {dagbag.py:541} INFO - Filling up the DagBag from /home/vscode/.local/lib/python3.10/site-packages/airflow/example_dags/example_params_trigger_ui.py
[2026-09-17T01:03:24.575+0000] {processor.py:836} INFO - DAG(s) dict_keys(['example_params_trigger_ui']) retrieved from /home/vscode/.local/lib/python3.10/site-packages/airflow/example_dags/example_params_trigger_ui.py
[2026-09-17T01:03:24.613+0000] {logging_mixin.py:150} INFO - [2026-09-17T01:03:24.613+0000] {dag.py:2742} INFO - Sync 1 DAGs
[2026-09-17T01:03:24.628+0000] {logging_mixin.py:150} INFO - [2026-09-17T01:03:24.628+0000] {dag.py:3504} INFO - Setting next_dagrun for example_params_trigger_ui to None, run_after=None
[2026-09-17T01:03:24.645+0000] {processor.py:179} INFO - Processing /home/vscode/.local/lib/python3.10/site-packages/airflow/example_dags/example_params_trigger_ui.py took 0.087 seconds
[2026-09-17T01:03:31.560+0000] {processor.py:157} INFO - Started process (PID=26786) to work on /home/vscode/.local/lib/python3.10/site-packages/airflow/example_dags/example_params_trigger_ui.py
[2026-09-17T01:03:31.560+0000] {processor.py:826} INFO - Processing file /home/vscode/.local/lib/python3.10/site-packages/airflow/example_dags/example_params_trigger_ui.py for tasks to queue
[2026-09-17T01:03:31.561+0000] {logging_mixin.py:150} INFO - [2026-09-17T01:03:31.561+0000] {dagbag.py:541} INFO - Filling up the DagBag from /home/vscode/.local/lib/python3.10/site-packages/airflow/example_dags/example_params_trigger_ui.py
[2026-09-17T01:03:31.577+0000] {processor.py:836} INFO - DAG(s) dict_keys(['example_params_trigger_ui']) retrieved from /home/vscode/.local/lib/python3.10/site-packages/airflow/example_dags/example_params_trigger_ui.py
[2026-09-17T01:03:31.610+0000] {logging_mixin.py:150} INFO - [2026-09-17T01:03:31.610+0000] {dag.py:2742} INFO - Sync 1 DAGs
[2026-09-17T01:03:31.627+0000] {logging_mixin.py:150} INFO - [2026-09-17T01:03:31.627+0000] {dag.py:3504} INFO - Setting next_dagrun for example_params_trigger_ui to None, run_after=None
[2026-09-17T01:03:31.644+0000] {processor.py:179} INFO - Processing /home/vscode/.local/lib/python3.10/site-packages/airflow/example_dags/example_params_trigger_ui.py took 0.086 seconds
[2026-09-17T01:04:12.834+0000] {processor.py:157} INFO - Started process (PID=27134) to work on /home/vscode/.local/lib/python3.10/site-packages/airflow/example_dags/example_params_trigger_ui.py
[2026-09-17T01:04:12.835+0000] {processor.py:826} INFO - Processing file /home/vscode/.local/lib/python3.10/site-packages/airflow/example_dags/example_params_trigger_ui.py for tasks to queue
[2026-09-17T01:04:12.836+0000] {logging_mixin.py:150} INFO - [2026-09-17T01:04:12.835+0000] {dagbag.py:541} INFO - Filling up the DagBag from /home/vscode/.local/lib/python3.10/site-packages/airflow/example_dags/example_params_trigger_ui.py
[2026-09-17T01:04:12.867+0000] {processor.py:836} INFO - DAG(s) dict_keys(['example_params_trigger_ui']) retrieved from /home/vscode/.local/lib/python3.10/site-packages/airflow/example_dags/example_params_trigger_ui.py
[2026-09-17T01:04:12.947+0000] {logging_mixin.py:150} INFO - [2026-09-17T01:04:12.946+0000] {dag.py:2742} INFO - Sync 1 DAGs
[2026-09-17T01:04:12.968+0000] {logging_mixin.py:150} INFO - [2026-09-17T01:04:12.968+0000] {dag.py:3504} INFO - Setting next_dagrun for example_params_trigger_ui to None, run_after=None
[2026-09-17T01:04:12.995+0000] {processor.py:179} INFO - Processing /home/vscode/.local/lib/python3.10/site-packages/airflow/example_dags/example_params_trigger_ui.py took 0.165 seconds
[2026-09-17T01:04:23.262+0000] {processor.py:157} INFO - Started process (PID=27223) to work on /home/vscode/.local/lib/python3.10/site-packages/airflow/example_dags/example_params_trigger_ui.py
[2026-09-17T01:04:23.263+0000] {processor.py:826} INFO - Processing file /home/vscode/.local/lib/python3.10/site-packages/airflow/example_dags/example_params_trigger_ui.py for tasks to queue
[2026-09-17T01:04:23.263+0000] {logging_mixin.py:150} INFO - [2026-09-17T01:04:23.263+0000] {dagbag.py:541} INFO - Filling up the DagBag from /home/vscode/.local/lib/python3.10/site-packages/airflow/example_dags/example_params_trigger_ui.py
[2026-09-17T01:04:23.282+0000] {processor.py:836} INFO - DAG(s) dict_keys(['example_params_trigger_ui']) retrieved from /home/vscode/.local/lib/python3.10/site-packages/airflow/example_dags/example_params_trigger_ui.py
[2026-09-17T01:04:23.326+0000] {logging_mixin.py:150} INFO - [2026-09-17T01:04:23.326+0000] {dag.py:2742} INFO - Sync 1 DAGs
[2026-09-17T01:04:23.347+0000] {logging_mixin.py:150} INFO - [2026-09-17T01:04:23.347+0000] {dag.py:3504} INFO - Setting next_dagrun for example_params_trigger_ui to None, run_after=None
[2026-09-17T01:04:23.435+0000] {processor.py:179} INFO - Processing /home/vscode/.local/lib/python3.10/site-packages/airflow/example_dags/example_params_trigger_ui.py took 0.175 seconds
[2026-09-17T01:05:01.923+0000] {processor.py:157} INFO - Started process (PID=27543) to work on /home/vscode/.local/lib/python3.10/site-packages/airflow/example_dags/example_params_trigger_ui.py
[2026-09-17T01:05:01.923+0000] {processor.py:826} INFO - Processing file /home/vscode/.local/lib/python3.10/site-packages/airflow/example_dags/example_params_trigger_ui.py for tasks to queue
[2026-09-17T01:05:01.924+0000] {logging_mixin.py:150} INFO - [2026-09-17T01:05:01.924+0000] {dagbag.py:541} INFO - Filling up the DagBag from /home/vscode/.local/lib/python3.10/site-packages/airflow/example_dags/example_params_trigger_ui.py
[2026-09-17T01:05:01.938+0000] {processor.py:836} INFO - DAG(s) dict_keys(['example_params_trigger_ui']) retrieved from /home/vscode/.local/lib/python3.10/site-packages/airflow/example_dags/example_params_trigger_ui.py
[2026-09-17T01:05:01.971+0000] {logging_mixin.py:150} INFO - [2026-09-17T01:05:01.971+0000] {dag.py:2742} INFO - Sync 1 DAGs
[2026-09-17T01:05:01.987+0000] {logging_mixin.py:150} INFO - [2026-09-17T01:05:01.987+0000] {dag.py:3504} INFO - Setting next_dagrun for example_params_trigger_ui to None, run_after=None
[2026-09-17T01:05:02.006+0000] {processor.py:179} INFO - Processing /home/vscode/.local/lib/python3.10/site-packages/airflow/example_dags/example_params_trigger_ui.py took 0.087 seconds
[2026-09-17T01:05:14.130+0000] {processor.py:157} INFO - Started process (PID=27655) to work on /home/vscode/.local/lib/python3.10/site-packages/airflow/example_dags/example_params_trigger_ui.py
[2026-09-17T01:05:14.131+0000] {processor.py:826} INFO - Processing file /home/vscode/.local/lib/python3.10/site-packages/airflow/example_dags/example_params_trigger_ui.py for tasks to queue
[2026-09-17T01:05:14.132+0000] {logging_mixin.py:150} INFO - [2026-09-17T01:05:14.131+0000] {dagbag.py:541} INFO - Filling up the DagBag from /home/vscode/.local/lib/python3.10/site-packages/airflow/example_dags/example_params_trigger_ui.py
[2026-09-17T01:05:14.152+0000] {processor.py:836} INFO - DAG(s) dict_keys(['example_params_trigger_ui']) retrieved from /home/vscode/.local/lib/python3.10/site-packages/airflow/example_dags/example_params_trigger_ui.py
[2026-09-17T01:05:14.189+0000] {logging_mixin.py:150} INFO - [2026-09-17T01:05:14.189+0000] {dag.py:2742} INFO - Sync 1 DAGs
[2026-09-17T01:05:14.206+0000] {logging_mixin.py:150} INFO - [2026-09-17T01:05:14.206+0000] {dag.py:3504} INFO - Setting next_dagrun for example_params_trigger_ui to None, run_after=None
[2026-09-17T01:05:14.223+0000] {processor.py:179} INFO - Processing /home/vscode/.local/lib/python3.10/site-packages/airflow/example_dags/example_params_trigger_ui.py took 0.096 seconds
[2026-09-17T01:05:49.909+0000] {processor.py:157} INFO - Started process (PID=27993) to work on /home/vscode/.local/lib/python3.10/site-packages/airflow/example_dags/example_params_trigger_ui.py
[2026-09-17T01:05:49.910+0000] {processor.py:826} INFO - Processing file /home/vscode/.local/lib/python3.10/site-packages/airflow/example_dags/example_params_trigger_ui.py for tasks to queue
[2026-09-17T01:05:49.911+0000] {logging_mixin.py:150} INFO - [2026-09-17T01:05:49.910+0000] {dagbag.py:541} INFO - Filling up the DagBag from /home/vscode/.local/lib/python3.10/site-packages/airflow/example_dags/example_params_trigger_ui.py
[2026-09-17T01:05:49.925+0000] {processor.py:836} INFO - DAG(s) dict_keys(['example_params_trigger_ui']) retrieved from /home/vscode/.local/lib/python3.10/site-packages/airflow/example_dags/example_params_trigger_ui.py
[2026-09-17T01:05:49.959+0000] {logging_mixin.py:150} INFO - [2026-09-17T01:05:49.959+0000] {dag.py:2742} INFO - Sync 1 DAGs
[2026-09-17T01:05:49.974+0000] {logging_mixin.py:150} INFO - [2026-09-17T01:05:49.974+0000] {dag.py:3504} INFO - Setting next_dagrun for example_params_trigger_ui to None, run_after=None
[2026-09-17T01:05:49.996+0000] {processor.py:179} INFO - Processing /home/vscode/.local/lib/python3.10/site-packages/airflow/example_dags/example_params_trigger_ui.py took 0.089 seconds
[2026-09-17T01:06:04.733+0000] {processor.py:157} INFO - Started process (PID=28118) to work on /home/vscode/.local/lib/python3.10/site-packages/airflow/example_dags/example_params_trigger_ui.py
[2026-09-17T01:06:04.734+0000] {processor.py:826} INFO - Processing file /home/vscode/.local/lib/python3.10/site-packages/airflow/example_dags/example_params_trigger_ui.py for tasks to queue
[2026-09-17T01:06:04.735+0000] {logging_mixin.py:150} INFO - [2026-09-17T01:06:04.734+0000] {dagbag.py:541} INFO - Filling up the DagBag from /home/vscode/.local/lib/python3.10/site-packages/airflow/example_dags/example_params_trigger_ui.py
[2026-09-17T01:06:04.748+0000] {processor.py:836} INFO - DAG(s) dict_keys(['example_params_trigger_ui']) retrieved from /home/vscode/.local/lib/python3.10/site-packages/airflow/example_dags/example_params_trigger_ui.py
[2026-09-17T01:06:04.782+0000] {logging_mixin.py:150} INFO - [2026-09-17T01:06:04.782+0000] {dag.py:2742} INFO - Sync 1 DAGs
[2026-09-17T01:06:04.800+0000] {logging_mixin.py:150} INFO - [2026-09-17T01:06:04.800+0000] {dag.py:3504} INFO - Setting next_dagrun for example_params_trigger_ui to None, run_after=None
[2026-09-17T01:06:04.817+0000] {processor.py:179} INFO - Processing /home/vscode/.local/lib/python3.10/site-packages/airflow/example_dags/example_params_trigger_ui.py took 0.086 seconds
[2026-09-17T01:06:40.481+0000] {processor.py:157} INFO - Started process (PID=28415) to work on /home/vscode/.local/lib/python3.10/site-packages/airflow/example_dags/example_params_trigger_ui.py
[2026-09-17T01:06:40.482+0000] {processor.py:826} INFO - Processing file /home/vscode/.local/lib/python3.10/site-packages/airflow/example_dags/example_params_trigger_ui.py for tasks to queue
[2026-09-17T01:06:40.483+0000] {logging_mixin.py:150} INFO - [2026-09-17T01:06:40.482+0000] {dagbag.py:541} INFO - Filling up the DagBag from /home/vscode/.local/lib/python3.10/site-packages/airflow/example_dags/example_params_trigger_ui.py
[2026-09-17T01:06:40.499+0000] {processor.py:836} INFO - DAG(s) dict_keys(['example_params_trigger_ui']) retrieved from /home/vscode/.local/lib/python3.10/site-packages/airflow/example_dags/example_params_trigger_ui.py
[2026-09-17T01:06:40.537+0000] {logging_mixin.py:150} INFO - [2026-09-17T01:06:40.537+0000] {dag.py:2742} INFO - Sync 1 DAGs
[2026-09-17T01:06:40.558+0000] {logging_mixin.py:150} INFO - [2026-09-17T01:06:40.557+0000] {dag.py:3504} INFO - Setting next_dagrun for example_params_trigger_ui to None, run_after=None
[2026-09-17T01:06:40.577+0000] {processor.py:179} INFO - Processing /home/vscode/.local/lib/python3.10/site-packages/airflow/example_dags/example_params_trigger_ui.py took 0.099 seconds
[2026-09-17T01:06:52.113+0000] {processor.py:157} INFO - Started process (PID=28508) to work on /home/vscode/.local/lib/python3.10/site-packages/airflow/example_dags/example_params_trigger_ui.py
[2026-09-17T01:06:52.114+0000] {processor.py:826} INFO - Processing file /home/vscode/.local/lib/python3.10/site-packages/airflow/example_dags/example_params_trigger_ui.py for tasks to queue
[2026-09-17T01:06:52.115+0000] {logging_mixin.py:150} INFO - [2026-09-17T01:06:52.115+0000] {dagbag.py:541} INFO - Filling up the DagBag from /home/vscode/.local/lib/python3.10/site-packages/airflow/example_dags/example_params_trigger_ui.py
[2026-09-17T01:06:52.131+0000] {processor.py:836} INFO - DAG(s) dict_keys(['example_params_trigger_ui']) retrieved from /home/vscode/.local/lib/python3.10/site-packages/airflow/example_dags/example_params_trigger_ui.py
[2026-09-17T01:06:52.169+0000] {logging_mixin.py:150} INFO - [2026-09-17T01:06:52.169+0000] {dag.py:2742} INFO - Sync 1 DAGs
[2026-09-17T01:06:52.189+0000] {logging_mixin.py:150} INFO - [2026-09-17T01:06:52.189+0000] {dag.py:3504} INFO - Setting next_dagrun for example_params_trigger_ui to None, run_after=None
[2026-09-17T01:06:52.211+0000] {processor.py:179} INFO - Processing /home/vscode/.local/lib/python3.10/site-packages/airflow/example_dags/example_params_trigger_ui.py took 0.102 seconds
[2026-09-17T01:07:29.149+0000] {processor.py:157} INFO - Started process (PID=28823) to work on /home/vscode/.local/lib/python3.10/site-packages/airflow/example_dags/example_params_trigger_ui.py
[2026-09-17T01:07:29.150+0000] {processor.py:826} INFO - Processing file /home/vscode/.local/lib/python3.10/site-packages/airflow/example_dags/example_params_trigger_ui.py for tasks to queue
[2026-09-17T01:07:29.151+0000] {logging_mixin.py:150} INFO - [2026-09-17T01:07:29.150+0000] {dagbag.py:541} INFO - Filling up the DagBag from /home/vscode/.local/lib/python3.10/site-packages/airflow/example_dags/example_params_trigger_ui.py
[2026-09-17T01:07:29.164+0000] {processor.py:836} INFO - DAG(s) dict_keys(['example_params_trigger_ui']) retrieved from /home/vscode/.local/lib/python3.10/site-packages/airflow/example_dags/example_params_trigger_ui.py
[2026-09-17T01:07:29.201+0000] {logging_mixin.py:150} INFO - [2026-09-17T01:07:29.201+0000] {dag.py:2742} INFO - Sync 1 DAGs
[2026-09-17T01:07:29.215+0000] {logging_mixin.py:150} INFO - [2026-09-17T01:07:29.215+0000] {dag.py:3504} INFO - Setting next_dagrun for example_params_trigger_ui to None, run_after=None
[2026-09-17T01:07:29.231+0000] {processor.py:179} INFO - Processing /home/vscode/.local/lib/python3.10/site-packages/airflow/example_dags/example_params_trigger_ui.py took 0.084 seconds
[2026-09-17T01:07:44.597+0000] {processor.py:157} INFO - Started process (PID=28962) to work on /home/vscode/.local/lib/python3.10/site-packages/airflow/example_dags/example_params_trigger_ui.py
[2026-09-17T01:07:44.598+0000] {processor.py:826} INFO - Processing file /home/vscode/.local/lib/python3.10/site-packages/airflow/example_dags/example_params_trigger_ui.py for tasks to queue
[2026-09-17T01:07:44.599+0000] {logging_mixin.py:150} INFO - [2026-09-17T01:07:44.598+0000] {dagbag.py:541} INFO - Filling up the DagBag from /home/vscode/.local/lib/python3.10/site-packages/airflow/example_dags/example_params_trigger_ui.py
[2026-09-17T01:07:44.624+0000] {processor.py:836} INFO - DAG(s) dict_keys(['example_params_trigger_ui']) retrieved from /home/vscode/.local/lib/python3.10/site-packages/airflow/example_dags/example_params_trigger_ui.py
[2026-09-17T01:07:44.684+0000] {logging_mixin.py:150} INFO - [2026-09-17T01:07:44.683+0000] {dag.py:2742} INFO - Sync 1 DAGs
[2026-09-17T01:07:44.723+0000] {logging_mixin.py:150} INFO - [2026-09-17T01:07:44.723+0000] {dag.py:3504} INFO - Setting next_dagrun for example_params_trigger_ui to None, run_after=None
[2026-09-17T01:07:44.748+0000] {processor.py:179} INFO - Processing /home/vscode/.local/lib/python3.10/site-packages/airflow/example_dags/example_params_trigger_ui.py took 0.154 seconds
[2026-09-17T01:08:19.586+0000] {processor.py:157} INFO - Started process (PID=29252) to work on /home/vscode/.local/lib/python3.10/site-packages/airflow/example_dags/example_params_trigger_ui.py
[2026-09-17T01:08:19.587+0000] {processor.py:826} INFO - Processing file /home/vscode/.local/lib/python3.10/site-packages/airflow/example_dags/example_params_trigger_ui.py for tasks to queue
[2026-09-17T01:08:19.588+0000] {logging_mixin.py:150} INFO - [2026-09-17T01:08:19.587+0000] {dagbag.py:541} INFO - Filling up the DagBag from /home/vscode/.local/lib/python3.10/site-packages/airflow/example_dags/example_params_trigger_ui.py
[2026-09-17T01:08:19.606+0000] {processor.py:836} INFO - DAG(s) dict_keys(['example_params_trigger_ui']) retrieved from /home/vscode/.local/lib/python3.10/site-packages/airflow/example_dags/example_params_trigger_ui.py
[2026-09-17T01:08:19.640+0000] {logging_mixin.py:150} INFO - [2026-09-17T01:08:19.640+0000] {dag.py:2742} INFO - Sync 1 DAGs
[2026-09-17T01:08:19.655+0000] {logging_mixin.py:150} INFO - [2026-09-17T01:08:19.655+0000] {dag.py:3504} INFO - Setting next_dagrun for example_params_trigger_ui to None, run_after=None
[2026-09-17T01:08:19.672+0000] {processor.py:179} INFO - Processing /home/vscode/.local/lib/python3.10/site-packages/airflow/example_dags/example_params_trigger_ui.py took 0.090 seconds
[2026-09-17T01:08:32.783+0000] {processor.py:157} INFO - Started process (PID=29371) to work on /home/vscode/.local/lib/python3.10/site-packages/airflow/example_dags/example_params_trigger_ui.py
[2026-09-17T01:08:32.784+0000] {processor.py:826} INFO - Processing file /home/vscode/.local/lib/python3.10/site-packages/airflow/example_dags/example_params_trigger_ui.py for tasks to queue
[2026-09-17T01:08:32.785+0000] {logging_mixin.py:150} INFO - [2026-09-17T01:08:32.784+0000] {dagbag.py:541} INFO - Filling up the DagBag from /home/vscode/.local/lib/python3.10/site-packages/airflow/example_dags/example_params_trigger_ui.py
[2026-09-17T01:08:32.802+0000] {processor.py:836} INFO - DAG(s) dict_keys(['example_params_trigger_ui']) retrieved from /home/vscode/.local/lib/python3.10/site-packages/airflow/example_dags/example_params_trigger_ui.py
[2026-09-17T01:08:32.837+0000] {logging_mixin.py:150} INFO - [2026-09-17T01:08:32.837+0000] {dag.py:2742} INFO - Sync 1 DAGs
[2026-09-17T01:08:32.852+0000] {logging_mixin.py:150} INFO - [2026-09-17T01:08:32.852+0000] {dag.py:3504} INFO - Setting next_dagrun for example_params_trigger_ui to None, run_after=None
[2026-09-17T01:08:32.868+0000] {processor.py:179} INFO - Processing /home/vscode/.local/lib/python3.10/site-packages/airflow/example_dags/example_params_trigger_ui.py took 0.089 seconds
[2026-09-17T01:09:08.022+0000] {processor.py:157} INFO - Started process (PID=29668) to work on /home/vscode/.local/lib/python3.10/site-packages/airflow/example_dags/example_params_trigger_ui.py
[2026-09-17T01:09:08.023+0000] {processor.py:826} INFO - Processing file /home/vscode/.local/lib/python3.10/site-packages/airflow/example_dags/example_params_trigger_ui.py for tasks to queue
[2026-09-17T01:09:08.024+0000] {logging_mixin.py:150} INFO - [2026-09-17T01:09:08.023+0000] {dagbag.py:541} INFO - Filling up the DagBag from /home/vscode/.local/lib/python3.10/site-packages/airflow/example_dags/example_params_trigger_ui.py
[2026-09-17T01:09:08.042+0000] {processor.py:836} INFO - DAG(s) dict_keys(['example_params_trigger_ui']) retrieved from /home/vscode/.local/lib/python3.10/site-packages/airflow/example_dags/example_params_trigger_ui.py
[2026-09-17T01:09:08.085+0000] {logging_mixin.py:150} INFO - [2026-09-17T01:09:08.085+0000] {dag.py:2742} INFO - Sync 1 DAGs
[2026-09-17T01:09:08.105+0000] {logging_mixin.py:150} INFO - [2026-09-17T01:09:08.105+0000] {dag.py:3504} INFO - Setting next_dagrun for example_params_trigger_ui to None, run_after=None
[2026-09-17T01:09:08.131+0000] {processor.py:179} INFO - Processing /home/vscode/.local/lib/python3.10/site-packages/airflow/example_dags/example_params_trigger_ui.py took 0.112 seconds
[2026-09-17T01:09:20.515+0000] {processor.py:157} INFO - Started process (PID=29772) to work on /home/vscode/.local/lib/python3.10/site-packages/airflow/example_dags/example_params_trigger_ui.py
[2026-09-17T01:09:20.516+0000] {processor.py:826} INFO - Processing file /home/vscode/.local/lib/python3.10/site-packages/airflow/example_dags/example_params_trigger_ui.py for tasks to queue
[2026-09-17T01:09:20.517+0000] {logging_mixin.py:150} INFO - [2026-09-17T01:09:20.517+0000] {dagbag.py:541} INFO - Filling up the DagBag from /home/vscode/.local/lib/python3.10/site-packages/airflow/example_dags/example_params_trigger_ui.py
[2026-09-17T01:09:20.531+0000] {processor.py:836} INFO - DAG(s) dict_keys(['example_params_trigger_ui']) retrieved from /home/vscode/.local/lib/python3.10/site-packages/airflow/example_dags/example_params_trigger_ui.py
[2026-09-17T01:09:20.593+0000] {logging_mixin.py:150} INFO - [2026-09-17T01:09:20.593+0000] {dag.py:2742} INFO - Sync 1 DAGs
[2026-09-17T01:09:20.622+0000] {logging_mixin.py:150} INFO - [2026-09-17T01:09:20.622+0000] {dag.py:3504} INFO - Setting next_dagrun for example_params_trigger_ui to None, run_after=None
[2026-09-17T01:09:20.663+0000] {processor.py:179} INFO - Processing /home/vscode/.local/lib/python3.10/site-packages/airflow/example_dags/example_params_trigger_ui.py took 0.150 seconds
[2026-09-17T01:09:58.622+0000] {processor.py:157} INFO - Started process (PID=30103) to work on /home/vscode/.local/lib/python3.10/site-packages/airflow/example_dags/example_params_trigger_ui.py
[2026-09-17T01:09:58.623+0000] {processor.py:826} INFO - Processing file /home/vscode/.local/lib/python3.10/site-packages/airflow/example_dags/example_params_trigger_ui.py for tasks to queue
[2026-09-17T01:09:58.624+0000] {logging_mixin.py:150} INFO - [2026-09-17T01:09:58.623+0000] {dagbag.py:541} INFO - Filling up the DagBag from /home/vscode/.local/lib/python3.10/site-packages/airflow/example_dags/example_params_trigger_ui.py
[2026-09-17T01:09:58.644+0000] {processor.py:836} INFO - DAG(s) dict_keys(['example_params_trigger_ui']) retrieved from /home/vscode/.local/lib/python3.10/site-packages/airflow/example_dags/example_params_trigger_ui.py
[2026-09-17T01:09:58.690+0000] {logging_mixin.py:150} INFO - [2026-09-17T01:09:58.689+0000] {dag.py:2742} INFO - Sync 1 DAGs
[2026-09-17T01:09:58.708+0000] {logging_mixin.py:150} INFO - [2026-09-17T01:09:58.708+0000] {dag.py:3504} INFO - Setting next_dagrun for example_params_trigger_ui to None, run_after=None
[2026-09-17T01:09:58.724+0000] {processor.py:179} INFO - Processing /home/vscode/.local/lib/python3.10/site-packages/airflow/example_dags/example_params_trigger_ui.py took 0.106 seconds
[2026-09-17T01:10:07.202+0000] {processor.py:157} INFO - Started process (PID=30184) to work on /home/vscode/.local/lib/python3.10/site-packages/airflow/example_dags/example_params_trigger_ui.py
[2026-09-17T01:10:07.203+0000] {processor.py:826} INFO - Processing file /home/vscode/.local/lib/python3.10/site-packages/airflow/example_dags/example_params_trigger_ui.py for tasks to queue
[2026-09-17T01:10:07.204+0000] {logging_mixin.py:150} INFO - [2026-09-17T01:10:07.204+0000] {dagbag.py:541} INFO - Filling up the DagBag from /home/vscode/.local/lib/python3.10/site-packages/airflow/example_dags/example_params_trigger_ui.py
[2026-09-17T01:10:07.217+0000] {processor.py:836} INFO - DAG(s) dict_keys(['example_params_trigger_ui']) retrieved from /home/vscode/.local/lib/python3.10/site-packages/airflow/example_dags/example_params_trigger_ui.py
[2026-09-17T01:10:07.250+0000] {logging_mixin.py:150} INFO - [2026-09-17T01:10:07.250+0000] {dag.py:2742} INFO - Sync 1 DAGs
[2026-09-17T01:10:07.267+0000] {logging_mixin.py:150} INFO - [2026-09-17T01:10:07.267+0000] {dag.py:3504} INFO - Setting next_dagrun for example_params_trigger_ui to None, run_after=None
[2026-09-17T01:10:07.289+0000] {processor.py:179} INFO - Processing /home/vscode/.local/lib/python3.10/site-packages/airflow/example_dags/example_params_trigger_ui.py took 0.089 seconds
[2026-09-17T01:10:48.678+0000] {processor.py:157} INFO - Started process (PID=30565) to work on /home/vscode/.local/lib/python3.10/site-packages/airflow/example_dags/example_params_trigger_ui.py
[2026-09-17T01:10:48.679+0000] {processor.py:826} INFO - Processing file /home/vscode/.local/lib/python3.10/site-packages/airflow/example_dags/example_params_trigger_ui.py for tasks to queue
[2026-09-17T01:10:48.680+0000] {logging_mixin.py:150} INFO - [2026-09-17T01:10:48.680+0000] {dagbag.py:541} INFO - Filling up the DagBag from /home/vscode/.local/lib/python3.10/site-packages/airflow/example_dags/example_params_trigger_ui.py
[2026-09-17T01:10:48.704+0000] {processor.py:836} INFO - DAG(s) dict_keys(['example_params_trigger_ui']) retrieved from /home/vscode/.local/lib/python3.10/site-packages/airflow/example_dags/example_params_trigger_ui.py
[2026-09-17T01:10:48.766+0000] {logging_mixin.py:150} INFO - [2026-09-17T01:10:48.766+0000] {dag.py:2742} INFO - Sync 1 DAGs
[2026-09-17T01:10:48.783+0000] {logging_mixin.py:150} INFO - [2026-09-17T01:10:48.783+0000] {dag.py:3504} INFO - Setting next_dagrun for example_params_trigger_ui to None, run_after=None
[2026-09-17T01:10:48.807+0000] {processor.py:179} INFO - Processing /home/vscode/.local/lib/python3.10/site-packages/airflow/example_dags/example_params_trigger_ui.py took 0.134 seconds
[2026-09-17T01:10:55.304+0000] {processor.py:157} INFO - Started process (PID=30623) to work on /home/vscode/.local/lib/python3.10/site-packages/airflow/example_dags/example_params_trigger_ui.py
[2026-09-17T01:10:55.305+0000] {processor.py:826} INFO - Processing file /home/vscode/.local/lib/python3.10/site-packages/airflow/example_dags/example_params_trigger_ui.py for tasks to queue
[2026-09-17T01:10:55.305+0000] {logging_mixin.py:150} INFO - [2026-09-17T01:10:55.305+0000] {dagbag.py:541} INFO - Filling up the DagBag from /home/vscode/.local/lib/python3.10/site-packages/airflow/example_dags/example_params_trigger_ui.py
[2026-09-17T01:10:55.319+0000] {processor.py:836} INFO - DAG(s) dict_keys(['example_params_trigger_ui']) retrieved from /home/vscode/.local/lib/python3.10/site-packages/airflow/example_dags/example_params_trigger_ui.py
[2026-09-17T01:10:55.352+0000] {logging_mixin.py:150} INFO - [2026-09-17T01:10:55.351+0000] {dag.py:2742} INFO - Sync 1 DAGs
[2026-09-17T01:10:55.367+0000] {logging_mixin.py:150} INFO - [2026-09-17T01:10:55.367+0000] {dag.py:3504} INFO - Setting next_dagrun for example_params_trigger_ui to None, run_after=None
[2026-09-17T01:10:55.388+0000] {processor.py:179} INFO - Processing /home/vscode/.local/lib/python3.10/site-packages/airflow/example_dags/example_params_trigger_ui.py took 0.086 seconds
[2026-09-17T01:11:37.846+0000] {processor.py:157} INFO - Started process (PID=30984) to work on /home/vscode/.local/lib/python3.10/site-packages/airflow/example_dags/example_params_trigger_ui.py
[2026-09-17T01:11:37.847+0000] {processor.py:826} INFO - Processing file /home/vscode/.local/lib/python3.10/site-packages/airflow/example_dags/example_params_trigger_ui.py for tasks to queue
[2026-09-17T01:11:37.847+0000] {logging_mixin.py:150} INFO - [2026-09-17T01:11:37.847+0000] {dagbag.py:541} INFO - Filling up the DagBag from /home/vscode/.local/lib/python3.10/site-packages/airflow/example_dags/example_params_trigger_ui.py
[2026-09-17T01:11:37.865+0000] {processor.py:836} INFO - DAG(s) dict_keys(['example_params_trigger_ui']) retrieved from /home/vscode/.local/lib/python3.10/site-packages/airflow/example_dags/example_params_trigger_ui.py
[2026-09-17T01:11:37.910+0000] {logging_mixin.py:150} INFO - [2026-09-17T01:11:37.910+0000] {dag.py:2742} INFO - Sync 1 DAGs
[2026-09-17T01:11:37.928+0000] {logging_mixin.py:150} INFO - [2026-09-17T01:11:37.928+0000] {dag.py:3504} INFO - Setting next_dagrun for example_params_trigger_ui to None, run_after=None
[2026-09-17T01:11:37.946+0000] {processor.py:179} INFO - Processing /home/vscode/.local/lib/python3.10/site-packages/airflow/example_dags/example_params_trigger_ui.py took 0.103 seconds
[2026-09-17T01:11:45.810+0000] {processor.py:157} INFO - Started process (PID=31055) to work on /home/vscode/.local/lib/python3.10/site-packages/airflow/example_dags/example_params_trigger_ui.py
[2026-09-17T01:11:45.811+0000] {processor.py:826} INFO - Processing file /home/vscode/.local/lib/python3.10/site-packages/airflow/example_dags/example_params_trigger_ui.py for tasks to queue
[2026-09-17T01:11:45.811+0000] {logging_mixin.py:150} INFO - [2026-09-17T01:11:45.811+0000] {dagbag.py:541} INFO - Filling up the DagBag from /home/vscode/.local/lib/python3.10/site-packages/airflow/example_dags/example_params_trigger_ui.py
[2026-09-17T01:11:45.825+0000] {processor.py:836} INFO - DAG(s) dict_keys(['example_params_trigger_ui']) retrieved from /home/vscode/.local/lib/python3.10/site-packages/airflow/example_dags/example_params_trigger_ui.py
[2026-09-17T01:11:45.857+0000] {logging_mixin.py:150} INFO - [2026-09-17T01:11:45.856+0000] {dag.py:2742} INFO - Sync 1 DAGs
[2026-09-17T01:11:45.871+0000] {logging_mixin.py:150} INFO - [2026-09-17T01:11:45.871+0000] {dag.py:3504} INFO - Setting next_dagrun for example_params_trigger_ui to None, run_after=None
[2026-09-17T01:11:45.894+0000] {processor.py:179} INFO - Processing /home/vscode/.local/lib/python3.10/site-packages/airflow/example_dags/example_params_trigger_ui.py took 0.086 seconds
[2026-09-17T01:12:28.363+0000] {processor.py:157} INFO - Started process (PID=31415) to work on /home/vscode/.local/lib/python3.10/site-packages/airflow/example_dags/example_params_trigger_ui.py
[2026-09-17T01:12:28.363+0000] {processor.py:826} INFO - Processing file /home/vscode/.local/lib/python3.10/site-packages/airflow/example_dags/example_params_trigger_ui.py for tasks to queue
[2026-09-17T01:12:28.364+0000] {logging_mixin.py:150} INFO - [2026-09-17T01:12:28.364+0000] {dagbag.py:541} INFO - Filling up the DagBag from /home/vscode/.local/lib/python3.10/site-packages/airflow/example_dags/example_params_trigger_ui.py
[2026-09-17T01:12:28.377+0000] {processor.py:836} INFO - DAG(s) dict_keys(['example_params_trigger_ui']) retrieved from /home/vscode/.local/lib/python3.10/site-packages/airflow/example_dags/example_params_trigger_ui.py
[2026-09-17T01:12:28.435+0000] {logging_mixin.py:150} INFO - [2026-09-17T01:12:28.434+0000] {dag.py:2742} INFO - Sync 1 DAGs
[2026-09-17T01:12:28.462+0000] {logging_mixin.py:150} INFO - [2026-09-17T01:12:28.462+0000] {dag.py:3504} INFO - Setting next_dagrun for example_params_trigger_ui to None, run_after=None
[2026-09-17T01:12:28.488+0000] {processor.py:179} INFO - Processing /home/vscode/.local/lib/python3.10/site-packages/airflow/example_dags/example_params_trigger_ui.py took 0.127 seconds
[2026-09-17T01:12:34.997+0000] {processor.py:157} INFO - Started process (PID=31474) to work on /home/vscode/.local/lib/python3.10/site-packages/airflow/example_dags/example_params_trigger_ui.py
[2026-09-17T01:12:34.997+0000] {processor.py:826} INFO - Processing file /home/vscode/.local/lib/python3.10/site-packages/airflow/example_dags/example_params_trigger_ui.py for tasks to queue
[2026-09-17T01:12:34.998+0000] {logging_mixin.py:150} INFO - [2026-09-17T01:12:34.998+0000] {dagbag.py:541} INFO - Filling up the DagBag from /home/vscode/.local/lib/python3.10/site-packages/airflow/example_dags/example_params_trigger_ui.py
[2026-09-17T01:12:35.014+0000] {processor.py:836} INFO - DAG(s) dict_keys(['example_params_trigger_ui']) retrieved from /home/vscode/.local/lib/python3.10/site-packages/airflow/example_dags/example_params_trigger_ui.py
[2026-09-17T01:12:35.046+0000] {logging_mixin.py:150} INFO - [2026-09-17T01:12:35.046+0000] {dag.py:2742} INFO - Sync 1 DAGs
[2026-09-17T01:12:35.061+0000] {logging_mixin.py:150} INFO - [2026-09-17T01:12:35.061+0000] {dag.py:3504} INFO - Setting next_dagrun for example_params_trigger_ui to None, run_after=None
[2026-09-17T01:12:35.084+0000] {processor.py:179} INFO - Processing /home/vscode/.local/lib/python3.10/site-packages/airflow/example_dags/example_params_trigger_ui.py took 0.091 seconds
[2026-09-17T01:13:14.941+0000] {processor.py:157} INFO - Started process (PID=31812) to work on /home/vscode/.local/lib/python3.10/site-packages/airflow/example_dags/example_params_trigger_ui.py
[2026-09-17T01:13:14.941+0000] {processor.py:826} INFO - Processing file /home/vscode/.local/lib/python3.10/site-packages/airflow/example_dags/example_params_trigger_ui.py for tasks to queue
[2026-09-17T01:13:14.942+0000] {logging_mixin.py:150} INFO - [2026-09-17T01:13:14.942+0000] {dagbag.py:541} INFO - Filling up the DagBag from /home/vscode/.local/lib/python3.10/site-packages/airflow/example_dags/example_params_trigger_ui.py
[2026-09-17T01:13:14.955+0000] {processor.py:836} INFO - DAG(s) dict_keys(['example_params_trigger_ui']) retrieved from /home/vscode/.local/lib/python3.10/site-packages/airflow/example_dags/example_params_trigger_ui.py
[2026-09-17T01:13:14.998+0000] {logging_mixin.py:150} INFO - [2026-09-17T01:13:14.997+0000] {dag.py:2742} INFO - Sync 1 DAGs
[2026-09-17T01:13:15.012+0000] {logging_mixin.py:150} INFO - [2026-09-17T01:13:15.012+0000] {dag.py:3504} INFO - Setting next_dagrun for example_params_trigger_ui to None, run_after=None
[2026-09-17T01:13:15.028+0000] {processor.py:179} INFO - Processing /home/vscode/.local/lib/python3.10/site-packages/airflow/example_dags/example_params_trigger_ui.py took 0.090 seconds
[2026-09-17T01:13:22.851+0000] {processor.py:157} INFO - Started process (PID=31882) to work on /home/vscode/.local/lib/python3.10/site-packages/airflow/example_dags/example_params_trigger_ui.py
[2026-09-17T01:13:22.852+0000] {processor.py:826} INFO - Processing file /home/vscode/.local/lib/python3.10/site-packages/airflow/example_dags/example_params_trigger_ui.py for tasks to queue
[2026-09-17T01:13:22.852+0000] {logging_mixin.py:150} INFO - [2026-09-17T01:13:22.852+0000] {dagbag.py:541} INFO - Filling up the DagBag from /home/vscode/.local/lib/python3.10/site-packages/airflow/example_dags/example_params_trigger_ui.py
[2026-09-17T01:13:22.866+0000] {processor.py:836} INFO - DAG(s) dict_keys(['example_params_trigger_ui']) retrieved from /home/vscode/.local/lib/python3.10/site-packages/airflow/example_dags/example_params_trigger_ui.py
[2026-09-17T01:13:22.903+0000] {logging_mixin.py:150} INFO - [2026-09-17T01:13:22.903+0000] {dag.py:2742} INFO - Sync 1 DAGs
[2026-09-17T01:13:22.920+0000] {logging_mixin.py:150} INFO - [2026-09-17T01:13:22.920+0000] {dag.py:3504} INFO - Setting next_dagrun for example_params_trigger_ui to None, run_after=None
[2026-09-17T01:13:22.937+0000] {processor.py:179} INFO - Processing /home/vscode/.local/lib/python3.10/site-packages/airflow/example_dags/example_params_trigger_ui.py took 0.088 seconds
[2026-09-17T01:14:00.136+0000] {processor.py:157} INFO - Started process (PID=32199) to work on /home/vscode/.local/lib/python3.10/site-packages/airflow/example_dags/example_params_trigger_ui.py
[2026-09-17T01:14:00.137+0000] {processor.py:826} INFO - Processing file /home/vscode/.local/lib/python3.10/site-packages/airflow/example_dags/example_params_trigger_ui.py for tasks to queue
[2026-09-17T01:14:00.138+0000] {logging_mixin.py:150} INFO - [2026-09-17T01:14:00.138+0000] {dagbag.py:541} INFO - Filling up the DagBag from /home/vscode/.local/lib/python3.10/site-packages/airflow/example_dags/example_params_trigger_ui.py
[2026-09-17T01:14:00.152+0000] {processor.py:836} INFO - DAG(s) dict_keys(['example_params_trigger_ui']) retrieved from /home/vscode/.local/lib/python3.10/site-packages/airflow/example_dags/example_params_trigger_ui.py
[2026-09-17T01:14:00.189+0000] {logging_mixin.py:150} INFO - [2026-09-17T01:14:00.189+0000] {dag.py:2742} INFO - Sync 1 DAGs
[2026-09-17T01:14:00.207+0000] {logging_mixin.py:150} INFO - [2026-09-17T01:14:00.207+0000] {dag.py:3504} INFO - Setting next_dagrun for example_params_trigger_ui to None, run_after=None
[2026-09-17T01:14:00.224+0000] {processor.py:179} INFO - Processing /home/vscode/.local/lib/python3.10/site-packages/airflow/example_dags/example_params_trigger_ui.py took 0.091 seconds
[2026-09-17T01:14:12.513+0000] {processor.py:157} INFO - Started process (PID=32301) to work on /home/vscode/.local/lib/python3.10/site-packages/airflow/example_dags/example_params_trigger_ui.py
[2026-09-17T01:14:12.514+0000] {processor.py:826} INFO - Processing file /home/vscode/.local/lib/python3.10/site-packages/airflow/example_dags/example_params_trigger_ui.py for tasks to queue
[2026-09-17T01:14:12.514+0000] {logging_mixin.py:150} INFO - [2026-09-17T01:14:12.514+0000] {dagbag.py:541} INFO - Filling up the DagBag from /home/vscode/.local/lib/python3.10/site-packages/airflow/example_dags/example_params_trigger_ui.py
[2026-09-17T01:14:12.528+0000] {processor.py:836} INFO - DAG(s) dict_keys(['example_params_trigger_ui']) retrieved from /home/vscode/.local/lib/python3.10/site-packages/airflow/example_dags/example_params_trigger_ui.py
[2026-09-17T01:14:12.561+0000] {logging_mixin.py:150} INFO - [2026-09-17T01:14:12.560+0000] {dag.py:2742} INFO - Sync 1 DAGs
[2026-09-17T01:14:12.575+0000] {logging_mixin.py:150} INFO - [2026-09-17T01:14:12.575+0000] {dag.py:3504} INFO - Setting next_dagrun for example_params_trigger_ui to None, run_after=None
[2026-09-17T01:14:12.595+0000] {processor.py:179} INFO - Processing /home/vscode/.local/lib/python3.10/site-packages/airflow/example_dags/example_params_trigger_ui.py took 0.084 seconds
[2026-09-17T01:14:48.974+0000] {processor.py:157} INFO - Started process (PID=32615) to work on /home/vscode/.local/lib/python3.10/site-packages/airflow/example_dags/example_params_trigger_ui.py
[2026-09-17T01:14:48.975+0000] {processor.py:826} INFO - Processing file /home/vscode/.local/lib/python3.10/site-packages/airflow/example_dags/example_params_trigger_ui.py for tasks to queue
[2026-09-17T01:14:48.976+0000] {logging_mixin.py:150} INFO - [2026-09-17T01:14:48.975+0000] {dagbag.py:541} INFO - Filling up the DagBag from /home/vscode/.local/lib/python3.10/site-packages/airflow/example_dags/example_params_trigger_ui.py
[2026-09-17T01:14:48.992+0000] {processor.py:836} INFO - DAG(s) dict_keys(['example_params_trigger_ui']) retrieved from /home/vscode/.local/lib/python3.10/site-packages/airflow/example_dags/example_params_trigger_ui.py
[2026-09-17T01:14:49.027+0000] {logging_mixin.py:150} INFO - [2026-09-17T01:14:49.027+0000] {dag.py:2742} INFO - Sync 1 DAGs
[2026-09-17T01:14:49.048+0000] {logging_mixin.py:150} INFO - [2026-09-17T01:14:49.048+0000] {dag.py:3504} INFO - Setting next_dagrun for example_params_trigger_ui to None, run_after=None
[2026-09-17T01:14:49.073+0000] {processor.py:179} INFO - Processing /home/vscode/.local/lib/python3.10/site-packages/airflow/example_dags/example_params_trigger_ui.py took 0.101 seconds
[2026-09-17T01:15:06.185+0000] {processor.py:157} INFO - Started process (PID=32753) to work on /home/vscode/.local/lib/python3.10/site-packages/airflow/example_dags/example_params_trigger_ui.py
[2026-09-17T01:15:06.186+0000] {processor.py:826} INFO - Processing file /home/vscode/.local/lib/python3.10/site-packages/airflow/example_dags/example_params_trigger_ui.py for tasks to queue
[2026-09-17T01:15:06.187+0000] {logging_mixin.py:150} INFO - [2026-09-17T01:15:06.186+0000] {dagbag.py:541} INFO - Filling up the DagBag from /home/vscode/.local/lib/python3.10/site-packages/airflow/example_dags/example_params_trigger_ui.py
[2026-09-17T01:15:06.204+0000] {processor.py:836} INFO - DAG(s) dict_keys(['example_params_trigger_ui']) retrieved from /home/vscode/.local/lib/python3.10/site-packages/airflow/example_dags/example_params_trigger_ui.py
[2026-09-17T01:15:06.259+0000] {logging_mixin.py:150} INFO - [2026-09-17T01:15:06.259+0000] {dag.py:2742} INFO - Sync 1 DAGs
[2026-09-17T01:15:06.279+0000] {logging_mixin.py:150} INFO - [2026-09-17T01:15:06.279+0000] {dag.py:3504} INFO - Setting next_dagrun for example_params_trigger_ui to None, run_after=None
[2026-09-17T01:15:06.299+0000] {processor.py:179} INFO - Processing /home/vscode/.local/lib/python3.10/site-packages/airflow/example_dags/example_params_trigger_ui.py took 0.117 seconds
[2026-09-17T01:15:31.828+0000] {processor.py:157} INFO - Started process (PID=32980) to work on /home/vscode/.local/lib/python3.10/site-packages/airflow/example_dags/example_params_trigger_ui.py
[2026-09-17T01:15:31.828+0000] {processor.py:826} INFO - Processing file /home/vscode/.local/lib/python3.10/site-packages/airflow/example_dags/example_params_trigger_ui.py for tasks to queue
[2026-09-17T01:15:31.829+0000] {logging_mixin.py:150} INFO - [2026-09-17T01:15:31.829+0000] {dagbag.py:541} INFO - Filling up the DagBag from /home/vscode/.local/lib/python3.10/site-packages/airflow/example_dags/example_params_trigger_ui.py
[2026-09-17T01:15:31.842+0000] {processor.py:836} INFO - DAG(s) dict_keys(['example_params_trigger_ui']) retrieved from /home/vscode/.local/lib/python3.10/site-packages/airflow/example_dags/example_params_trigger_ui.py
[2026-09-17T01:15:31.874+0000] {logging_mixin.py:150} INFO - [2026-09-17T01:15:31.874+0000] {dag.py:2742} INFO - Sync 1 DAGs
[2026-09-17T01:15:31.891+0000] {logging_mixin.py:150} INFO - [2026-09-17T01:15:31.891+0000] {dag.py:3504} INFO - Setting next_dagrun for example_params_trigger_ui to None, run_after=None
[2026-09-17T01:15:31.909+0000] {processor.py:179} INFO - Processing /home/vscode/.local/lib/python3.10/site-packages/airflow/example_dags/example_params_trigger_ui.py took 0.084 seconds
[2026-09-17T01:15:57.414+0000] {processor.py:157} INFO - Started process (PID=33223) to work on /home/vscode/.local/lib/python3.10/site-packages/airflow/example_dags/example_params_trigger_ui.py
[2026-09-17T01:15:57.415+0000] {processor.py:826} INFO - Processing file /home/vscode/.local/lib/python3.10/site-packages/airflow/example_dags/example_params_trigger_ui.py for tasks to queue
[2026-09-17T01:15:57.415+0000] {logging_mixin.py:150} INFO - [2026-09-17T01:15:57.415+0000] {dagbag.py:541} INFO - Filling up the DagBag from /home/vscode/.local/lib/python3.10/site-packages/airflow/example_dags/example_params_trigger_ui.py
[2026-09-17T01:15:57.428+0000] {processor.py:836} INFO - DAG(s) dict_keys(['example_params_trigger_ui']) retrieved from /home/vscode/.local/lib/python3.10/site-packages/airflow/example_dags/example_params_trigger_ui.py
[2026-09-17T01:15:57.461+0000] {logging_mixin.py:150} INFO - [2026-09-17T01:15:57.460+0000] {dag.py:2742} INFO - Sync 1 DAGs
[2026-09-17T01:15:57.476+0000] {logging_mixin.py:150} INFO - [2026-09-17T01:15:57.475+0000] {dag.py:3504} INFO - Setting next_dagrun for example_params_trigger_ui to None, run_after=None
[2026-09-17T01:15:57.492+0000] {processor.py:179} INFO - Processing /home/vscode/.local/lib/python3.10/site-packages/airflow/example_dags/example_params_trigger_ui.py took 0.082 seconds
[2026-09-17T01:16:21.385+0000] {processor.py:157} INFO - Started process (PID=33430) to work on /home/vscode/.local/lib/python3.10/site-packages/airflow/example_dags/example_params_trigger_ui.py
[2026-09-17T01:16:21.386+0000] {processor.py:826} INFO - Processing file /home/vscode/.local/lib/python3.10/site-packages/airflow/example_dags/example_params_trigger_ui.py for tasks to queue
[2026-09-17T01:16:21.387+0000] {logging_mixin.py:150} INFO - [2026-09-17T01:16:21.386+0000] {dagbag.py:541} INFO - Filling up the DagBag from /home/vscode/.local/lib/python3.10/site-packages/airflow/example_dags/example_params_trigger_ui.py
[2026-09-17T01:16:21.404+0000] {processor.py:836} INFO - DAG(s) dict_keys(['example_params_trigger_ui']) retrieved from /home/vscode/.local/lib/python3.10/site-packages/airflow/example_dags/example_params_trigger_ui.py
[2026-09-17T01:16:21.444+0000] {logging_mixin.py:150} INFO - [2026-09-17T01:16:21.444+0000] {dag.py:2742} INFO - Sync 1 DAGs
[2026-09-17T01:16:21.466+0000] {logging_mixin.py:150} INFO - [2026-09-17T01:16:21.466+0000] {dag.py:3504} INFO - Setting next_dagrun for example_params_trigger_ui to None, run_after=None
[2026-09-17T01:16:21.491+0000] {processor.py:179} INFO - Processing /home/vscode/.local/lib/python3.10/site-packages/airflow/example_dags/example_params_trigger_ui.py took 0.110 seconds
[2026-09-17T01:16:49.041+0000] {processor.py:157} INFO - Started process (PID=33677) to work on /home/vscode/.local/lib/python3.10/site-packages/airflow/example_dags/example_params_trigger_ui.py
[2026-09-17T01:16:49.041+0000] {processor.py:826} INFO - Processing file /home/vscode/.local/lib/python3.10/site-packages/airflow/example_dags/example_params_trigger_ui.py for tasks to queue
[2026-09-17T01:16:49.042+0000] {logging_mixin.py:150} INFO - [2026-09-17T01:16:49.042+0000] {dagbag.py:541} INFO - Filling up the DagBag from /home/vscode/.local/lib/python3.10/site-packages/airflow/example_dags/example_params_trigger_ui.py
[2026-09-17T01:16:49.062+0000] {processor.py:836} INFO - DAG(s) dict_keys(['example_params_trigger_ui']) retrieved from /home/vscode/.local/lib/python3.10/site-packages/airflow/example_dags/example_params_trigger_ui.py
[2026-09-17T01:16:49.105+0000] {logging_mixin.py:150} INFO - [2026-09-17T01:16:49.105+0000] {dag.py:2742} INFO - Sync 1 DAGs
[2026-09-17T01:16:49.120+0000] {logging_mixin.py:150} INFO - [2026-09-17T01:16:49.119+0000] {dag.py:3504} INFO - Setting next_dagrun for example_params_trigger_ui to None, run_after=None
[2026-09-17T01:16:49.138+0000] {processor.py:179} INFO - Processing /home/vscode/.local/lib/python3.10/site-packages/airflow/example_dags/example_params_trigger_ui.py took 0.100 seconds
[2026-09-17T01:17:10.561+0000] {processor.py:157} INFO - Started process (PID=33861) to work on /home/vscode/.local/lib/python3.10/site-packages/airflow/example_dags/example_params_trigger_ui.py
[2026-09-17T01:17:10.561+0000] {processor.py:826} INFO - Processing file /home/vscode/.local/lib/python3.10/site-packages/airflow/example_dags/example_params_trigger_ui.py for tasks to queue
[2026-09-17T01:17:10.562+0000] {logging_mixin.py:150} INFO - [2026-09-17T01:17:10.562+0000] {dagbag.py:541} INFO - Filling up the DagBag from /home/vscode/.local/lib/python3.10/site-packages/airflow/example_dags/example_params_trigger_ui.py
[2026-09-17T01:17:10.575+0000] {processor.py:836} INFO - DAG(s) dict_keys(['example_params_trigger_ui']) retrieved from /home/vscode/.local/lib/python3.10/site-packages/airflow/example_dags/example_params_trigger_ui.py
[2026-09-17T01:17:10.608+0000] {logging_mixin.py:150} INFO - [2026-09-17T01:17:10.608+0000] {dag.py:2742} INFO - Sync 1 DAGs
[2026-09-17T01:17:10.627+0000] {logging_mixin.py:150} INFO - [2026-09-17T01:17:10.627+0000] {dag.py:3504} INFO - Setting next_dagrun for example_params_trigger_ui to None, run_after=None
[2026-09-17T01:17:10.660+0000] {processor.py:179} INFO - Processing /home/vscode/.local/lib/python3.10/site-packages/airflow/example_dags/example_params_trigger_ui.py took 0.101 seconds
[2026-09-17T01:17:38.936+0000] {processor.py:157} INFO - Started process (PID=34105) to work on /home/vscode/.local/lib/python3.10/site-packages/airflow/example_dags/example_params_trigger_ui.py
[2026-09-17T01:17:38.937+0000] {processor.py:826} INFO - Processing file /home/vscode/.local/lib/python3.10/site-packages/airflow/example_dags/example_params_trigger_ui.py for tasks to queue
[2026-09-17T01:17:38.938+0000] {logging_mixin.py:150} INFO - [2026-09-17T01:17:38.937+0000] {dagbag.py:541} INFO - Filling up the DagBag from /home/vscode/.local/lib/python3.10/site-packages/airflow/example_dags/example_params_trigger_ui.py
[2026-09-17T01:17:38.951+0000] {processor.py:836} INFO - DAG(s) dict_keys(['example_params_trigger_ui']) retrieved from /home/vscode/.local/lib/python3.10/site-packages/airflow/example_dags/example_params_trigger_ui.py
[2026-09-17T01:17:38.985+0000] {logging_mixin.py:150} INFO - [2026-09-17T01:17:38.985+0000] {dag.py:2742} INFO - Sync 1 DAGs
[2026-09-17T01:17:39.004+0000] {logging_mixin.py:150} INFO - [2026-09-17T01:17:39.004+0000] {dag.py:3504} INFO - Setting next_dagrun for example_params_trigger_ui to None, run_after=None
[2026-09-17T01:17:39.022+0000] {processor.py:179} INFO - Processing /home/vscode/.local/lib/python3.10/site-packages/airflow/example_dags/example_params_trigger_ui.py took 0.088 seconds
[2026-09-17T01:17:56.705+0000] {processor.py:157} INFO - Started process (PID=34241) to work on /home/vscode/.local/lib/python3.10/site-packages/airflow/example_dags/example_params_trigger_ui.py
[2026-09-17T01:17:56.706+0000] {processor.py:826} INFO - Processing file /home/vscode/.local/lib/python3.10/site-packages/airflow/example_dags/example_params_trigger_ui.py for tasks to queue
[2026-09-17T01:17:56.707+0000] {logging_mixin.py:150} INFO - [2026-09-17T01:17:56.706+0000] {dagbag.py:541} INFO - Filling up the DagBag from /home/vscode/.local/lib/python3.10/site-packages/airflow/example_dags/example_params_trigger_ui.py
[2026-09-17T01:17:56.720+0000] {processor.py:836} INFO - DAG(s) dict_keys(['example_params_trigger_ui']) retrieved from /home/vscode/.local/lib/python3.10/site-packages/airflow/example_dags/example_params_trigger_ui.py
[2026-09-17T01:17:56.751+0000] {logging_mixin.py:150} INFO - [2026-09-17T01:17:56.751+0000] {dag.py:2742} INFO - Sync 1 DAGs
[2026-09-17T01:17:56.765+0000] {logging_mixin.py:150} INFO - [2026-09-17T01:17:56.765+0000] {dag.py:3504} INFO - Setting next_dagrun for example_params_trigger_ui to None, run_after=None
[2026-09-17T01:17:56.781+0000] {processor.py:179} INFO - Processing /home/vscode/.local/lib/python3.10/site-packages/airflow/example_dags/example_params_trigger_ui.py took 0.078 seconds
[2026-09-17T01:18:24.268+0000] {processor.py:157} INFO - Started process (PID=34478) to work on /home/vscode/.local/lib/python3.10/site-packages/airflow/example_dags/example_params_trigger_ui.py
[2026-09-17T01:18:24.269+0000] {processor.py:826} INFO - Processing file /home/vscode/.local/lib/python3.10/site-packages/airflow/example_dags/example_params_trigger_ui.py for tasks to queue
[2026-09-17T01:18:24.269+0000] {logging_mixin.py:150} INFO - [2026-09-17T01:18:24.269+0000] {dagbag.py:541} INFO - Filling up the DagBag from /home/vscode/.local/lib/python3.10/site-packages/airflow/example_dags/example_params_trigger_ui.py
[2026-09-17T01:18:24.283+0000] {processor.py:836} INFO - DAG(s) dict_keys(['example_params_trigger_ui']) retrieved from /home/vscode/.local/lib/python3.10/site-packages/airflow/example_dags/example_params_trigger_ui.py
[2026-09-17T01:18:24.318+0000] {logging_mixin.py:150} INFO - [2026-09-17T01:18:24.318+0000] {dag.py:2742} INFO - Sync 1 DAGs
[2026-09-17T01:18:24.341+0000] {logging_mixin.py:150} INFO - [2026-09-17T01:18:24.341+0000] {dag.py:3504} INFO - Setting next_dagrun for example_params_trigger_ui to None, run_after=None
[2026-09-17T01:18:24.361+0000] {processor.py:179} INFO - Processing /home/vscode/.local/lib/python3.10/site-packages/airflow/example_dags/example_params_trigger_ui.py took 0.096 seconds
[2026-09-17T01:18:45.449+0000] {processor.py:157} INFO - Started process (PID=34654) to work on /home/vscode/.local/lib/python3.10/site-packages/airflow/example_dags/example_params_trigger_ui.py
[2026-09-17T01:18:45.450+0000] {processor.py:826} INFO - Processing file /home/vscode/.local/lib/python3.10/site-packages/airflow/example_dags/example_params_trigger_ui.py for tasks to queue
[2026-09-17T01:18:45.451+0000] {logging_mixin.py:150} INFO - [2026-09-17T01:18:45.450+0000] {dagbag.py:541} INFO - Filling up the DagBag from /home/vscode/.local/lib/python3.10/site-packages/airflow/example_dags/example_params_trigger_ui.py
[2026-09-17T01:18:45.464+0000] {processor.py:836} INFO - DAG(s) dict_keys(['example_params_trigger_ui']) retrieved from /home/vscode/.local/lib/python3.10/site-packages/airflow/example_dags/example_params_trigger_ui.py
[2026-09-17T01:18:45.502+0000] {logging_mixin.py:150} INFO - [2026-09-17T01:18:45.502+0000] {dag.py:2742} INFO - Sync 1 DAGs
[2026-09-17T01:18:45.519+0000] {logging_mixin.py:150} INFO - [2026-09-17T01:18:45.518+0000] {dag.py:3504} INFO - Setting next_dagrun for example_params_trigger_ui to None, run_after=None
[2026-09-17T01:18:45.535+0000] {processor.py:179} INFO - Processing /home/vscode/.local/lib/python3.10/site-packages/airflow/example_dags/example_params_trigger_ui.py took 0.088 seconds
[2026-09-17T01:19:11.358+0000] {processor.py:157} INFO - Started process (PID=34879) to work on /home/vscode/.local/lib/python3.10/site-packages/airflow/example_dags/example_params_trigger_ui.py
[2026-09-17T01:19:11.359+0000] {processor.py:826} INFO - Processing file /home/vscode/.local/lib/python3.10/site-packages/airflow/example_dags/example_params_trigger_ui.py for tasks to queue
[2026-09-17T01:19:11.359+0000] {logging_mixin.py:150} INFO - [2026-09-17T01:19:11.359+0000] {dagbag.py:541} INFO - Filling up the DagBag from /home/vscode/.local/lib/python3.10/site-packages/airflow/example_dags/example_params_trigger_ui.py
[2026-09-17T01:19:11.372+0000] {processor.py:836} INFO - DAG(s) dict_keys(['example_params_trigger_ui']) retrieved from /home/vscode/.local/lib/python3.10/site-packages/airflow/example_dags/example_params_trigger_ui.py
[2026-09-17T01:19:11.411+0000] {logging_mixin.py:150} INFO - [2026-09-17T01:19:11.411+0000] {dag.py:2742} INFO - Sync 1 DAGs
[2026-09-17T01:19:11.433+0000] {logging_mixin.py:150} INFO - [2026-09-17T01:19:11.433+0000] {dag.py:3504} INFO - Setting next_dagrun for example_params_trigger_ui to None, run_after=None
[2026-09-17T01:19:11.479+0000] {processor.py:179} INFO - Processing /home/vscode/.local/lib/python3.10/site-packages/airflow/example_dags/example_params_trigger_ui.py took 0.124 seconds
[2026-09-17T01:19:33.198+0000] {processor.py:157} INFO - Started process (PID=35040) to work on /home/vscode/.local/lib/python3.10/site-packages/airflow/example_dags/example_params_trigger_ui.py
[2026-09-17T01:19:33.199+0000] {processor.py:826} INFO - Processing file /home/vscode/.local/lib/python3.10/site-packages/airflow/example_dags/example_params_trigger_ui.py for tasks to queue
[2026-09-17T01:19:33.199+0000] {logging_mixin.py:150} INFO - [2026-09-17T01:19:33.199+0000] {dagbag.py:541} INFO - Filling up the DagBag from /home/vscode/.local/lib/python3.10/site-packages/airflow/example_dags/example_params_trigger_ui.py
[2026-09-17T01:19:33.214+0000] {processor.py:836} INFO - DAG(s) dict_keys(['example_params_trigger_ui']) retrieved from /home/vscode/.local/lib/python3.10/site-packages/airflow/example_dags/example_params_trigger_ui.py
[2026-09-17T01:19:33.249+0000] {logging_mixin.py:150} INFO - [2026-09-17T01:19:33.248+0000] {dag.py:2742} INFO - Sync 1 DAGs
[2026-09-17T01:19:33.263+0000] {logging_mixin.py:150} INFO - [2026-09-17T01:19:33.263+0000] {dag.py:3504} INFO - Setting next_dagrun for example_params_trigger_ui to None, run_after=None
[2026-09-17T01:19:33.279+0000] {processor.py:179} INFO - Processing /home/vscode/.local/lib/python3.10/site-packages/airflow/example_dags/example_params_trigger_ui.py took 0.083 seconds
[2026-09-17T01:20:02.071+0000] {processor.py:157} INFO - Started process (PID=35341) to work on /home/vscode/.local/lib/python3.10/site-packages/airflow/example_dags/example_params_trigger_ui.py
[2026-09-17T01:20:02.071+0000] {processor.py:826} INFO - Processing file /home/vscode/.local/lib/python3.10/site-packages/airflow/example_dags/example_params_trigger_ui.py for tasks to queue
[2026-09-17T01:20:02.072+0000] {logging_mixin.py:150} INFO - [2026-09-17T01:20:02.072+0000] {dagbag.py:541} INFO - Filling up the DagBag from /home/vscode/.local/lib/python3.10/site-packages/airflow/example_dags/example_params_trigger_ui.py
[2026-09-17T01:20:02.088+0000] {processor.py:836} INFO - DAG(s) dict_keys(['example_params_trigger_ui']) retrieved from /home/vscode/.local/lib/python3.10/site-packages/airflow/example_dags/example_params_trigger_ui.py
[2026-09-17T01:20:02.134+0000] {logging_mixin.py:150} INFO - [2026-09-17T01:20:02.134+0000] {dag.py:2742} INFO - Sync 1 DAGs
[2026-09-17T01:20:02.160+0000] {logging_mixin.py:150} INFO - [2026-09-17T01:20:02.159+0000] {dag.py:3504} INFO - Setting next_dagrun for example_params_trigger_ui to None, run_after=None
[2026-09-17T01:20:02.181+0000] {processor.py:179} INFO - Processing /home/vscode/.local/lib/python3.10/site-packages/airflow/example_dags/example_params_trigger_ui.py took 0.113 seconds
[2026-09-17T01:20:22.781+0000] {processor.py:157} INFO - Started process (PID=35510) to work on /home/vscode/.local/lib/python3.10/site-packages/airflow/example_dags/example_params_trigger_ui.py
[2026-09-17T01:20:22.781+0000] {processor.py:826} INFO - Processing file /home/vscode/.local/lib/python3.10/site-packages/airflow/example_dags/example_params_trigger_ui.py for tasks to queue
[2026-09-17T01:20:22.783+0000] {logging_mixin.py:150} INFO - [2026-09-17T01:20:22.782+0000] {dagbag.py:541} INFO - Filling up the DagBag from /home/vscode/.local/lib/python3.10/site-packages/airflow/example_dags/example_params_trigger_ui.py
[2026-09-17T01:20:22.803+0000] {processor.py:836} INFO - DAG(s) dict_keys(['example_params_trigger_ui']) retrieved from /home/vscode/.local/lib/python3.10/site-packages/airflow/example_dags/example_params_trigger_ui.py
[2026-09-17T01:20:22.847+0000] {logging_mixin.py:150} INFO - [2026-09-17T01:20:22.847+0000] {dag.py:2742} INFO - Sync 1 DAGs
[2026-09-17T01:20:22.867+0000] {logging_mixin.py:150} INFO - [2026-09-17T01:20:22.866+0000] {dag.py:3504} INFO - Setting next_dagrun for example_params_trigger_ui to None, run_after=None
[2026-09-17T01:20:22.885+0000] {processor.py:179} INFO - Processing /home/vscode/.local/lib/python3.10/site-packages/airflow/example_dags/example_params_trigger_ui.py took 0.108 seconds
[2026-09-17T01:20:48.408+0000] {processor.py:157} INFO - Started process (PID=35742) to work on /home/vscode/.local/lib/python3.10/site-packages/airflow/example_dags/example_params_trigger_ui.py
[2026-09-17T01:20:48.409+0000] {processor.py:826} INFO - Processing file /home/vscode/.local/lib/python3.10/site-packages/airflow/example_dags/example_params_trigger_ui.py for tasks to queue
[2026-09-17T01:20:48.410+0000] {logging_mixin.py:150} INFO - [2026-09-17T01:20:48.410+0000] {dagbag.py:541} INFO - Filling up the DagBag from /home/vscode/.local/lib/python3.10/site-packages/airflow/example_dags/example_params_trigger_ui.py
[2026-09-17T01:20:48.427+0000] {processor.py:836} INFO - DAG(s) dict_keys(['example_params_trigger_ui']) retrieved from /home/vscode/.local/lib/python3.10/site-packages/airflow/example_dags/example_params_trigger_ui.py
[2026-09-17T01:20:48.460+0000] {logging_mixin.py:150} INFO - [2026-09-17T01:20:48.460+0000] {dag.py:2742} INFO - Sync 1 DAGs
[2026-09-17T01:20:48.477+0000] {logging_mixin.py:150} INFO - [2026-09-17T01:20:48.477+0000] {dag.py:3504} INFO - Setting next_dagrun for example_params_trigger_ui to None, run_after=None
[2026-09-17T01:20:48.497+0000] {processor.py:179} INFO - Processing /home/vscode/.local/lib/python3.10/site-packages/airflow/example_dags/example_params_trigger_ui.py took 0.093 seconds
[2026-09-17T01:21:11.245+0000] {processor.py:157} INFO - Started process (PID=36152) to work on /home/vscode/.local/lib/python3.10/site-packages/airflow/example_dags/example_params_trigger_ui.py
[2026-09-17T01:21:11.246+0000] {processor.py:826} INFO - Processing file /home/vscode/.local/lib/python3.10/site-packages/airflow/example_dags/example_params_trigger_ui.py for tasks to queue
[2026-09-17T01:21:11.247+0000] {logging_mixin.py:150} INFO - [2026-09-17T01:21:11.246+0000] {dagbag.py:541} INFO - Filling up the DagBag from /home/vscode/.local/lib/python3.10/site-packages/airflow/example_dags/example_params_trigger_ui.py
[2026-09-17T01:21:11.269+0000] {processor.py:836} INFO - DAG(s) dict_keys(['example_params_trigger_ui']) retrieved from /home/vscode/.local/lib/python3.10/site-packages/airflow/example_dags/example_params_trigger_ui.py
[2026-09-17T01:21:11.342+0000] {logging_mixin.py:150} INFO - [2026-09-17T01:21:11.342+0000] {dag.py:2742} INFO - Sync 1 DAGs
[2026-09-17T01:21:11.367+0000] {logging_mixin.py:150} INFO - [2026-09-17T01:21:11.367+0000] {dag.py:3504} INFO - Setting next_dagrun for example_params_trigger_ui to None, run_after=None
[2026-09-17T01:21:11.397+0000] {processor.py:179} INFO - Processing /home/vscode/.local/lib/python3.10/site-packages/airflow/example_dags/example_params_trigger_ui.py took 0.155 seconds
[2026-09-17T01:21:39.820+0000] {processor.py:157} INFO - Started process (PID=36485) to work on /home/vscode/.local/lib/python3.10/site-packages/airflow/example_dags/example_params_trigger_ui.py
[2026-09-17T01:21:39.821+0000] {processor.py:826} INFO - Processing file /home/vscode/.local/lib/python3.10/site-packages/airflow/example_dags/example_params_trigger_ui.py for tasks to queue
[2026-09-17T01:21:39.822+0000] {logging_mixin.py:150} INFO - [2026-09-17T01:21:39.821+0000] {dagbag.py:541} INFO - Filling up the DagBag from /home/vscode/.local/lib/python3.10/site-packages/airflow/example_dags/example_params_trigger_ui.py
[2026-09-17T01:21:39.839+0000] {processor.py:836} INFO - DAG(s) dict_keys(['example_params_trigger_ui']) retrieved from /home/vscode/.local/lib/python3.10/site-packages/airflow/example_dags/example_params_trigger_ui.py
[2026-09-17T01:21:39.879+0000] {logging_mixin.py:150} INFO - [2026-09-17T01:21:39.878+0000] {dag.py:2742} INFO - Sync 1 DAGs
[2026-09-17T01:21:39.933+0000] {logging_mixin.py:150} INFO - [2026-09-17T01:21:39.933+0000] {dag.py:3504} INFO - Setting next_dagrun for example_params_trigger_ui to None, run_after=None
[2026-09-17T01:21:39.994+0000] {processor.py:179} INFO - Processing /home/vscode/.local/lib/python3.10/site-packages/airflow/example_dags/example_params_trigger_ui.py took 0.176 seconds
[2026-09-17T01:22:00.376+0000] {processor.py:157} INFO - Started process (PID=36679) to work on /home/vscode/.local/lib/python3.10/site-packages/airflow/example_dags/example_params_trigger_ui.py
[2026-09-17T01:22:00.377+0000] {processor.py:826} INFO - Processing file /home/vscode/.local/lib/python3.10/site-packages/airflow/example_dags/example_params_trigger_ui.py for tasks to queue
[2026-09-17T01:22:00.377+0000] {logging_mixin.py:150} INFO - [2026-09-17T01:22:00.377+0000] {dagbag.py:541} INFO - Filling up the DagBag from /home/vscode/.local/lib/python3.10/site-packages/airflow/example_dags/example_params_trigger_ui.py
[2026-09-17T01:22:00.390+0000] {processor.py:836} INFO - DAG(s) dict_keys(['example_params_trigger_ui']) retrieved from /home/vscode/.local/lib/python3.10/site-packages/airflow/example_dags/example_params_trigger_ui.py
[2026-09-17T01:22:00.428+0000] {logging_mixin.py:150} INFO - [2026-09-17T01:22:00.428+0000] {dag.py:2742} INFO - Sync 1 DAGs
[2026-09-17T01:22:00.443+0000] {logging_mixin.py:150} INFO - [2026-09-17T01:22:00.443+0000] {dag.py:3504} INFO - Setting next_dagrun for example_params_trigger_ui to None, run_after=None
[2026-09-17T01:22:00.458+0000] {processor.py:179} INFO - Processing /home/vscode/.local/lib/python3.10/site-packages/airflow/example_dags/example_params_trigger_ui.py took 0.085 seconds
[2026-09-17T01:22:29.985+0000] {processor.py:157} INFO - Started process (PID=37160) to work on /home/vscode/.local/lib/python3.10/site-packages/airflow/example_dags/example_params_trigger_ui.py
[2026-09-17T01:22:29.985+0000] {processor.py:826} INFO - Processing file /home/vscode/.local/lib/python3.10/site-packages/airflow/example_dags/example_params_trigger_ui.py for tasks to queue
[2026-09-17T01:22:29.986+0000] {logging_mixin.py:150} INFO - [2026-09-17T01:22:29.986+0000] {dagbag.py:541} INFO - Filling up the DagBag from /home/vscode/.local/lib/python3.10/site-packages/airflow/example_dags/example_params_trigger_ui.py
[2026-09-17T01:22:30.001+0000] {processor.py:836} INFO - DAG(s) dict_keys(['example_params_trigger_ui']) retrieved from /home/vscode/.local/lib/python3.10/site-packages/airflow/example_dags/example_params_trigger_ui.py
[2026-09-17T01:22:30.034+0000] {logging_mixin.py:150} INFO - [2026-09-17T01:22:30.034+0000] {dag.py:2742} INFO - Sync 1 DAGs
[2026-09-17T01:22:30.051+0000] {logging_mixin.py:150} INFO - [2026-09-17T01:22:30.051+0000] {dag.py:3504} INFO - Setting next_dagrun for example_params_trigger_ui to None, run_after=None
[2026-09-17T01:22:30.068+0000] {processor.py:179} INFO - Processing /home/vscode/.local/lib/python3.10/site-packages/airflow/example_dags/example_params_trigger_ui.py took 0.086 seconds
[2026-09-17T01:22:46.756+0000] {processor.py:157} INFO - Started process (PID=37290) to work on /home/vscode/.local/lib/python3.10/site-packages/airflow/example_dags/example_params_trigger_ui.py
[2026-09-17T01:22:46.757+0000] {processor.py:826} INFO - Processing file /home/vscode/.local/lib/python3.10/site-packages/airflow/example_dags/example_params_trigger_ui.py for tasks to queue
[2026-09-17T01:22:46.757+0000] {logging_mixin.py:150} INFO - [2026-09-17T01:22:46.757+0000] {dagbag.py:541} INFO - Filling up the DagBag from /home/vscode/.local/lib/python3.10/site-packages/airflow/example_dags/example_params_trigger_ui.py
[2026-09-17T01:22:46.771+0000] {processor.py:836} INFO - DAG(s) dict_keys(['example_params_trigger_ui']) retrieved from /home/vscode/.local/lib/python3.10/site-packages/airflow/example_dags/example_params_trigger_ui.py
[2026-09-17T01:22:46.808+0000] {logging_mixin.py:150} INFO - [2026-09-17T01:22:46.807+0000] {dag.py:2742} INFO - Sync 1 DAGs
[2026-09-17T01:22:46.826+0000] {logging_mixin.py:150} INFO - [2026-09-17T01:22:46.826+0000] {dag.py:3504} INFO - Setting next_dagrun for example_params_trigger_ui to None, run_after=None
[2026-09-17T01:22:46.842+0000] {processor.py:179} INFO - Processing /home/vscode/.local/lib/python3.10/site-packages/airflow/example_dags/example_params_trigger_ui.py took 0.089 seconds
[2026-09-17T01:23:15.502+0000] {processor.py:157} INFO - Started process (PID=37552) to work on /home/vscode/.local/lib/python3.10/site-packages/airflow/example_dags/example_params_trigger_ui.py
[2026-09-17T01:23:15.503+0000] {processor.py:826} INFO - Processing file /home/vscode/.local/lib/python3.10/site-packages/airflow/example_dags/example_params_trigger_ui.py for tasks to queue
[2026-09-17T01:23:15.504+0000] {logging_mixin.py:150} INFO - [2026-09-17T01:23:15.503+0000] {dagbag.py:541} INFO - Filling up the DagBag from /home/vscode/.local/lib/python3.10/site-packages/airflow/example_dags/example_params_trigger_ui.py
[2026-09-17T01:23:15.525+0000] {processor.py:836} INFO - DAG(s) dict_keys(['example_params_trigger_ui']) retrieved from /home/vscode/.local/lib/python3.10/site-packages/airflow/example_dags/example_params_trigger_ui.py
[2026-09-17T01:23:15.567+0000] {logging_mixin.py:150} INFO - [2026-09-17T01:23:15.567+0000] {dag.py:2742} INFO - Sync 1 DAGs
[2026-09-17T01:23:15.583+0000] {logging_mixin.py:150} INFO - [2026-09-17T01:23:15.583+0000] {dag.py:3504} INFO - Setting next_dagrun for example_params_trigger_ui to None, run_after=None
[2026-09-17T01:23:15.606+0000] {processor.py:179} INFO - Processing /home/vscode/.local/lib/python3.10/site-packages/airflow/example_dags/example_params_trigger_ui.py took 0.109 seconds
[2026-09-17T01:23:36.911+0000] {processor.py:157} INFO - Started process (PID=37762) to work on /home/vscode/.local/lib/python3.10/site-packages/airflow/example_dags/example_params_trigger_ui.py
[2026-09-17T01:23:36.912+0000] {processor.py:826} INFO - Processing file /home/vscode/.local/lib/python3.10/site-packages/airflow/example_dags/example_params_trigger_ui.py for tasks to queue
[2026-09-17T01:23:36.913+0000] {logging_mixin.py:150} INFO - [2026-09-17T01:23:36.912+0000] {dagbag.py:541} INFO - Filling up the DagBag from /home/vscode/.local/lib/python3.10/site-packages/airflow/example_dags/example_params_trigger_ui.py
[2026-09-17T01:23:36.928+0000] {processor.py:836} INFO - DAG(s) dict_keys(['example_params_trigger_ui']) retrieved from /home/vscode/.local/lib/python3.10/site-packages/airflow/example_dags/example_params_trigger_ui.py
[2026-09-17T01:23:36.961+0000] {logging_mixin.py:150} INFO - [2026-09-17T01:23:36.961+0000] {dag.py:2742} INFO - Sync 1 DAGs
[2026-09-17T01:23:36.975+0000] {logging_mixin.py:150} INFO - [2026-09-17T01:23:36.975+0000] {dag.py:3504} INFO - Setting next_dagrun for example_params_trigger_ui to None, run_after=None
[2026-09-17T01:23:36.994+0000] {processor.py:179} INFO - Processing /home/vscode/.local/lib/python3.10/site-packages/airflow/example_dags/example_params_trigger_ui.py took 0.086 seconds
[2026-09-17T01:24:07.950+0000] {processor.py:157} INFO - Started process (PID=38012) to work on /home/vscode/.local/lib/python3.10/site-packages/airflow/example_dags/example_params_trigger_ui.py
[2026-09-17T01:24:07.951+0000] {processor.py:826} INFO - Processing file /home/vscode/.local/lib/python3.10/site-packages/airflow/example_dags/example_params_trigger_ui.py for tasks to queue
[2026-09-17T01:24:07.952+0000] {logging_mixin.py:150} INFO - [2026-09-17T01:24:07.951+0000] {dagbag.py:541} INFO - Filling up the DagBag from /home/vscode/.local/lib/python3.10/site-packages/airflow/example_dags/example_params_trigger_ui.py
[2026-09-17T01:24:07.968+0000] {processor.py:836} INFO - DAG(s) dict_keys(['example_params_trigger_ui']) retrieved from /home/vscode/.local/lib/python3.10/site-packages/airflow/example_dags/example_params_trigger_ui.py
[2026-09-17T01:24:08.010+0000] {logging_mixin.py:150} INFO - [2026-09-17T01:24:08.010+0000] {dag.py:2742} INFO - Sync 1 DAGs
[2026-09-17T01:24:08.024+0000] {logging_mixin.py:150} INFO - [2026-09-17T01:24:08.024+0000] {dag.py:3504} INFO - Setting next_dagrun for example_params_trigger_ui to None, run_after=None
[2026-09-17T01:24:08.043+0000] {processor.py:179} INFO - Processing /home/vscode/.local/lib/python3.10/site-packages/airflow/example_dags/example_params_trigger_ui.py took 0.095 seconds
[2026-09-17T01:24:24.861+0000] {processor.py:157} INFO - Started process (PID=38335) to work on /home/vscode/.local/lib/python3.10/site-packages/airflow/example_dags/example_params_trigger_ui.py
[2026-09-17T01:24:24.862+0000] {processor.py:826} INFO - Processing file /home/vscode/.local/lib/python3.10/site-packages/airflow/example_dags/example_params_trigger_ui.py for tasks to queue
[2026-09-17T01:24:24.865+0000] {logging_mixin.py:150} INFO - [2026-09-17T01:24:24.865+0000] {dagbag.py:541} INFO - Filling up the DagBag from /home/vscode/.local/lib/python3.10/site-packages/airflow/example_dags/example_params_trigger_ui.py
[2026-09-17T01:24:24.900+0000] {processor.py:836} INFO - DAG(s) dict_keys(['example_params_trigger_ui']) retrieved from /home/vscode/.local/lib/python3.10/site-packages/airflow/example_dags/example_params_trigger_ui.py
[2026-09-17T01:24:24.955+0000] {logging_mixin.py:150} INFO - [2026-09-17T01:24:24.955+0000] {dag.py:2742} INFO - Sync 1 DAGs
[2026-09-17T01:24:24.985+0000] {logging_mixin.py:150} INFO - [2026-09-17T01:24:24.984+0000] {dag.py:3504} INFO - Setting next_dagrun for example_params_trigger_ui to None, run_after=None
[2026-09-17T01:24:25.003+0000] {processor.py:179} INFO - Processing /home/vscode/.local/lib/python3.10/site-packages/airflow/example_dags/example_params_trigger_ui.py took 0.148 seconds
