[2026-09-17T00:55:24.250+0000] {processor.py:157} INFO - Started process (PID=21898) to work on /home/vscode/.local/lib/python3.10/site-packages/airflow/example_dags/example_task_group.py
[2026-09-17T00:55:24.251+0000] {processor.py:826} INFO - Processing file /home/vscode/.local/lib/python3.10/site-packages/airflow/example_dags/example_task_group.py for tasks to queue
[2026-09-17T00:55:24.252+0000] {logging_mixin.py:150} INFO - [2026-09-17T00:55:24.251+0000] {dagbag.py:541} INFO - Filling up the DagBag from /home/vscode/.local/lib/python3.10/site-packages/airflow/example_dags/example_task_group.py
[2026-09-17T00:55:24.264+0000] {processor.py:836} INFO - DAG(s) dict_keys(['example_task_group']) retrieved from /home/vscode/.local/lib/python3.10/site-packages/airflow/example_dags/example_task_group.py
[2026-09-17T00:55:24.399+0000] {logging_mixin.py:150} INFO - [2026-09-17T00:55:24.399+0000] {manager.py:504} INFO - Created Permission View: can delete on DAG:example_task_group
[2026-09-17T00:55:24.413+0000] {logging_mixin.py:150} INFO - [2026-09-17T00:55:24.413+0000] {manager.py:504} INFO - Created Permission View: can edit on DAG:example_task_group
[2026-09-17T00:55:24.424+0000] {logging_mixin.py:150} INFO - [2026-09-17T00:55:24.424+0000] {manager.py:504} INFO - Created Permission View: can read on DAG:example_task_group
[2026-09-17T00:55:24.436+0000] {logging_mixin.py:150} INFO - [2026-09-17T00:55:24.436+0000] {dag.py:2742} INFO - Sync 1 DAGs
[2026-09-17T00:55:24.447+0000] {logging_mixin.py:150} INFO - [2026-09-17T00:55:24.447+0000] {dag.py:2763} INFO - Creating ORM DAG for example_task_group
[2026-09-17T00:55:24.459+0000] {logging_mixin.py:150} INFO - [2026-09-17T00:55:24.459+0000] {dag.py:3504} INFO - Setting next_dagrun for example_task_group to 2026-09-16T00:55:24.458910+00:00, run_after=2026-09-17T00:55:24.458910+00:00
[2026-09-17T00:55:24.497+0000] {processor.py:179} INFO - Processing /home/vscode/.local/lib/python3.10/site-packages/airflow/example_dags/example_task_group.py took 0.251 seconds
[2026-09-17T00:55:55.412+0000] {processor.py:157} INFO - Started process (PID=22251) to work on /home/vscode/.local/lib/python3.10/site-packages/airflow/example_dags/example_task_group.py
[2026-09-17T00:55:55.413+0000] {processor.py:826} INFO - Processing file /home/vscode/.local/lib/python3.10/site-packages/airflow/example_dags/example_task_group.py for tasks to queue
[2026-09-17T00:55:55.415+0000] {logging_mixin.py:150} INFO - [2026-09-17T00:55:55.414+0000] {dagbag.py:541} INFO - Filling up the DagBag from /home/vscode/.local/lib/python3.10/site-packages/airflow/example_dags/example_task_group.py
[2026-09-17T00:55:55.427+0000] {processor.py:836} INFO - DAG(s) dict_keys(['example_task_group']) retrieved from /home/vscode/.local/lib/python3.10/site-packages/airflow/example_dags/example_task_group.py
[2026-09-17T00:55:55.448+0000] {logging_mixin.py:150} INFO - [2026-09-17T00:55:55.448+0000] {dag.py:2742} INFO - Sync 1 DAGs
[2026-09-17T00:55:55.471+0000] {logging_mixin.py:150} INFO - [2026-09-17T00:55:55.471+0000] {dag.py:3504} INFO - Setting next_dagrun for example_task_group to 2026-09-16T00:55:55.471126+00:00, run_after=2026-09-17T00:55:55.471126+00:00
[2026-09-17T00:55:55.495+0000] {processor.py:179} INFO - Processing /home/vscode/.local/lib/python3.10/site-packages/airflow/example_dags/example_task_group.py took 0.087 seconds
[2026-09-17T00:56:21.016+0000] {processor.py:157} INFO - Started process (PID=22461) to work on /home/vscode/.local/lib/python3.10/site-packages/airflow/example_dags/example_task_group.py
[2026-09-17T00:56:21.017+0000] {processor.py:826} INFO - Processing file /home/vscode/.local/lib/python3.10/site-packages/airflow/example_dags/example_task_group.py for tasks to queue
[2026-09-17T00:56:21.018+0000] {logging_mixin.py:150} INFO - [2026-09-17T00:56:21.017+0000] {dagbag.py:541} INFO - Filling up the DagBag from /home/vscode/.local/lib/python3.10/site-packages/airflow/example_dags/example_task_group.py
[2026-09-17T00:56:21.025+0000] {processor.py:836} INFO - DAG(s) dict_keys(['example_task_group']) retrieved from /home/vscode/.local/lib/python3.10/site-packages/airflow/example_dags/example_task_group.py
[2026-09-17T00:56:21.042+0000] {logging_mixin.py:150} INFO - [2026-09-17T00:56:21.042+0000] {dag.py:2742} INFO - Sync 1 DAGs
[2026-09-17T00:56:21.057+0000] {logging_mixin.py:150} INFO - [2026-09-17T00:56:21.057+0000] {dag.py:3504} INFO - Setting next_dagrun for example_task_group to 2026-09-16T00:56:21.057064+00:00, run_after=2026-09-17T00:56:21.057064+00:00
[2026-09-17T00:56:21.073+0000] {processor.py:179} INFO - Processing /home/vscode/.local/lib/python3.10/site-packages/airflow/example_dags/example_task_group.py took 0.059 seconds
[2026-09-17T00:56:42.872+0000] {processor.py:157} INFO - Started process (PID=22719) to work on /home/vscode/.local/lib/python3.10/site-packages/airflow/example_dags/example_task_group.py
[2026-09-17T00:56:42.873+0000] {processor.py:826} INFO - Processing file /home/vscode/.local/lib/python3.10/site-packages/airflow/example_dags/example_task_group.py for tasks to queue
[2026-09-17T00:56:42.875+0000] {logging_mixin.py:150} INFO - [2026-09-17T00:56:42.874+0000] {dagbag.py:541} INFO - Filling up the DagBag from /home/vscode/.local/lib/python3.10/site-packages/airflow/example_dags/example_task_group.py
[2026-09-17T00:56:42.898+0000] {processor.py:836} INFO - DAG(s) dict_keys(['example_task_group']) retrieved from /home/vscode/.local/lib/python3.10/site-packages/airflow/example_dags/example_task_group.py
[2026-09-17T00:56:42.938+0000] {logging_mixin.py:150} INFO - [2026-09-17T00:56:42.936+0000] {dag.py:2742} INFO - Sync 1 DAGs
[2026-09-17T00:56:42.975+0000] {logging_mixin.py:150} INFO - [2026-09-17T00:56:42.975+0000] {dag.py:3504} INFO - Setting next_dagrun for example_task_group to 2026-09-16T00:56:42.975063+00:00, run_after=2026-09-17T00:56:42.975063+00:00
[2026-09-17T00:56:43.000+0000] {processor.py:179} INFO - Processing /home/vscode/.local/lib/python3.10/site-packages/airflow/example_dags/example_task_group.py took 0.159 seconds
[2026-09-17T00:57:07.405+0000] {processor.py:157} INFO - Started process (PID=22898) to work on /home/vscode/.local/lib/python3.10/site-packages/airflow/example_dags/example_task_group.py
[2026-09-17T00:57:07.406+0000] {processor.py:826} INFO - Processing file /home/vscode/.local/lib/python3.10/site-packages/airflow/example_dags/example_task_group.py for tasks to queue
[2026-09-17T00:57:07.406+0000] {logging_mixin.py:150} INFO - [2026-09-17T00:57:07.406+0000] {dagbag.py:541} INFO - Filling up the DagBag from /home/vscode/.local/lib/python3.10/site-packages/airflow/example_dags/example_task_group.py
[2026-09-17T00:57:07.413+0000] {processor.py:836} INFO - DAG(s) dict_keys(['example_task_group']) retrieved from /home/vscode/.local/lib/python3.10/site-packages/airflow/example_dags/example_task_group.py
[2026-09-17T00:57:07.427+0000] {logging_mixin.py:150} INFO - [2026-09-17T00:57:07.426+0000] {dag.py:2742} INFO - Sync 1 DAGs
[2026-09-17T00:57:07.441+0000] {logging_mixin.py:150} INFO - [2026-09-17T00:57:07.441+0000] {dag.py:3504} INFO - Setting next_dagrun for example_task_group to 2026-09-16T00:57:07.441510+00:00, run_after=2026-09-17T00:57:07.441510+00:00
[2026-09-17T00:57:07.458+0000] {processor.py:179} INFO - Processing /home/vscode/.local/lib/python3.10/site-packages/airflow/example_dags/example_task_group.py took 0.056 seconds
[2026-09-17T00:57:35.121+0000] {processor.py:157} INFO - Started process (PID=23106) to work on /home/vscode/.local/lib/python3.10/site-packages/airflow/example_dags/example_task_group.py
[2026-09-17T00:57:35.122+0000] {processor.py:826} INFO - Processing file /home/vscode/.local/lib/python3.10/site-packages/airflow/example_dags/example_task_group.py for tasks to queue
[2026-09-17T00:57:35.123+0000] {logging_mixin.py:150} INFO - [2026-09-17T00:57:35.122+0000] {dagbag.py:541} INFO - Filling up the DagBag from /home/vscode/.local/lib/python3.10/site-packages/airflow/example_dags/example_task_group.py
[2026-09-17T00:57:35.130+0000] {processor.py:836} INFO - DAG(s) dict_keys(['example_task_group']) retrieved from /home/vscode/.local/lib/python3.10/site-packages/airflow/example_dags/example_task_group.py
[2026-09-17T00:57:35.143+0000] {logging_mixin.py:150} INFO - [2026-09-17T00:57:35.143+0000] {dag.py:2742} INFO - Sync 1 DAGs
[2026-09-17T00:57:35.158+0000] {logging_mixin.py:150} INFO - [2026-09-17T00:57:35.158+0000] {dag.py:3504} INFO - Setting next_dagrun for example_task_group to 2026-09-16T00:57:35.158267+00:00, run_after=2026-09-17T00:57:35.158267+00:00
[2026-09-17T00:57:35.179+0000] {processor.py:179} INFO - Processing /home/vscode/.local/lib/python3.10/site-packages/airflow/example_dags/example_task_group.py took 0.061 seconds
[2026-09-17T00:57:53.755+0000] {processor.py:157} INFO - Started process (PID=23261) to work on /home/vscode/.local/lib/python3.10/site-packages/airflow/example_dags/example_task_group.py
[2026-09-17T00:57:53.756+0000] {processor.py:826} INFO - Processing file /home/vscode/.local/lib/python3.10/site-packages/airflow/example_dags/example_task_group.py for tasks to queue
[2026-09-17T00:57:53.757+0000] {logging_mixin.py:150} INFO - [2026-09-17T00:57:53.756+0000] {dagbag.py:541} INFO - Filling up the DagBag from /home/vscode/.local/lib/python3.10/site-packages/airflow/example_dags/example_task_group.py
[2026-09-17T00:57:53.766+0000] {processor.py:836} INFO - DAG(s) dict_keys(['example_task_group']) retrieved from /home/vscode/.local/lib/python3.10/site-packages/airflow/example_dags/example_task_group.py
[2026-09-17T00:57:53.785+0000] {logging_mixin.py:150} INFO - [2026-09-17T00:57:53.785+0000] {dag.py:2742} INFO - Sync 1 DAGs
[2026-09-17T00:57:53.808+0000] {logging_mixin.py:150} INFO - [2026-09-17T00:57:53.807+0000] {dag.py:3504} INFO - Setting next_dagrun for example_task_group to 2026-09-16T00:57:53.807737+00:00, run_after=2026-09-17T00:57:53.807737+00:00
[2026-09-17T00:57:53.839+0000] {processor.py:179} INFO - Processing /home/vscode/.local/lib/python3.10/site-packages/airflow/example_dags/example_task_group.py took 0.087 seconds
[2026-09-17T00:58:11.291+0000] {processor.py:157} INFO - Started process (PID=23398) to work on /home/vscode/.local/lib/python3.10/site-packages/airflow/example_dags/example_task_group.py
[2026-09-17T00:58:11.292+0000] {processor.py:826} INFO - Processing file /home/vscode/.local/lib/python3.10/site-packages/airflow/example_dags/example_task_group.py for tasks to queue
[2026-09-17T00:58:11.293+0000] {logging_mixin.py:150} INFO - [2026-09-17T00:58:11.292+0000] {dagbag.py:541} INFO - Filling up the DagBag from /home/vscode/.local/lib/python3.10/site-packages/airflow/example_dags/example_task_group.py
[2026-09-17T00:58:11.302+0000] {processor.py:836} INFO - DAG(s) dict_keys(['example_task_group']) retrieved from /home/vscode/.local/lib/python3.10/site-packages/airflow/example_dags/example_task_group.py
[2026-09-17T00:58:11.316+0000] {logging_mixin.py:150} INFO - [2026-09-17T00:58:11.316+0000] {dag.py:2742} INFO - Sync 1 DAGs
[2026-09-17T00:58:11.338+0000] {logging_mixin.py:150} INFO - [2026-09-17T00:58:11.338+0000] {dag.py:3504} INFO - Setting next_dagrun for example_task_group to 2026-09-16T00:58:11.338105+00:00, run_after=2026-09-17T00:58:11.338105+00:00
[2026-09-17T00:58:11.365+0000] {processor.py:179} INFO - Processing /home/vscode/.local/lib/python3.10/site-packages/airflow/example_dags/example_task_group.py took 0.078 seconds
[2026-09-17T00:58:41.082+0000] {processor.py:157} INFO - Started process (PID=23719) to work on /home/vscode/.local/lib/python3.10/site-packages/airflow/example_dags/example_task_group.py
[2026-09-17T00:58:41.083+0000] {processor.py:826} INFO - Processing file /home/vscode/.local/lib/python3.10/site-packages/airflow/example_dags/example_task_group.py for tasks to queue
[2026-09-17T00:58:41.084+0000] {logging_mixin.py:150} INFO - [2026-09-17T00:58:41.084+0000] {dagbag.py:541} INFO - Filling up the DagBag from /home/vscode/.local/lib/python3.10/site-packages/airflow/example_dags/example_task_group.py
[2026-09-17T00:58:41.093+0000] {processor.py:836} INFO - DAG(s) dict_keys(['example_task_group']) retrieved from /home/vscode/.local/lib/python3.10/site-packages/airflow/example_dags/example_task_group.py
[2026-09-17T00:58:41.113+0000] {logging_mixin.py:150} INFO - [2026-09-17T00:58:41.113+0000] {dag.py:2742} INFO - Sync 1 DAGs
[2026-09-17T00:58:41.133+0000] {logging_mixin.py:150} INFO - [2026-09-17T00:58:41.133+0000] {dag.py:3504} INFO - Setting next_dagrun for example_task_group to 2026-09-16T00:58:41.132783+00:00, run_after=2026-09-17T00:58:41.132783+00:00
[2026-09-17T00:58:41.150+0000] {processor.py:179} INFO - Processing /home/vscode/.local/lib/python3.10/site-packages/airflow/example_dags/example_task_group.py took 0.070 seconds
[2026-09-17T00:59:02.778+0000] {processor.py:157} INFO - Started process (PID=24044) to work on /home/vscode/.local/lib/python3.10/site-packages/airflow/example_dags/example_task_group.py
[2026-09-17T00:59:02.782+0000] {processor.py:826} INFO - Processing file /home/vscode/.local/lib/python3.10/site-packages/airflow/example_dags/example_task_group.py for tasks to queue
[2026-09-17T00:59:02.784+0000] {logging_mixin.py:150} INFO - [2026-09-17T00:59:02.783+0000] {dagbag.py:541} INFO - Filling up the DagBag from /home/vscode/.local/lib/python3.10/site-packages/airflow/example_dags/example_task_group.py
[2026-09-17T00:59:02.797+0000] {processor.py:836} INFO - DAG(s) dict_keys(['example_task_group']) retrieved from /home/vscode/.local/lib/python3.10/site-packages/airflow/example_dags/example_task_group.py
[2026-09-17T00:59:02.816+0000] {logging_mixin.py:150} INFO - [2026-09-17T00:59:02.815+0000] {dag.py:2742} INFO - Sync 1 DAGs
[2026-09-17T00:59:02.835+0000] {logging_mixin.py:150} INFO - [2026-09-17T00:59:02.835+0000] {dag.py:3504} INFO - Setting next_dagrun for example_task_group to 2026-09-16T00:59:02.835408+00:00, run_after=2026-09-17T00:59:02.835408+00:00
[2026-09-17T00:59:02.858+0000] {processor.py:179} INFO - Processing /home/vscode/.local/lib/python3.10/site-packages/airflow/example_dags/example_task_group.py took 0.086 seconds
[2026-09-17T00:59:32.280+0000] {processor.py:157} INFO - Started process (PID=24365) to work on /home/vscode/.local/lib/python3.10/site-packages/airflow/example_dags/example_task_group.py
[2026-09-17T00:59:32.285+0000] {processor.py:826} INFO - Processing file /home/vscode/.local/lib/python3.10/site-packages/airflow/example_dags/example_task_group.py for tasks to queue
[2026-09-17T00:59:32.286+0000] {logging_mixin.py:150} INFO - [2026-09-17T00:59:32.286+0000] {dagbag.py:541} INFO - Filling up the DagBag from /home/vscode/.local/lib/python3.10/site-packages/airflow/example_dags/example_task_group.py
[2026-09-17T00:59:32.311+0000] {processor.py:836} INFO - DAG(s) dict_keys(['example_task_group']) retrieved from /home/vscode/.local/lib/python3.10/site-packages/airflow/example_dags/example_task_group.py
[2026-09-17T00:59:32.353+0000] {logging_mixin.py:150} INFO - [2026-09-17T00:59:32.353+0000] {dag.py:2742} INFO - Sync 1 DAGs
[2026-09-17T00:59:32.376+0000] {logging_mixin.py:150} INFO - [2026-09-17T00:59:32.376+0000] {dag.py:3504} INFO - Setting next_dagrun for example_task_group to 2026-09-16T00:59:32.375854+00:00, run_after=2026-09-17T00:59:32.375854+00:00
[2026-09-17T00:59:32.409+0000] {processor.py:179} INFO - Processing /home/vscode/.local/lib/python3.10/site-packages/airflow/example_dags/example_task_group.py took 0.134 seconds
[2026-09-17T00:59:42.282+0000] {processor.py:157} INFO - Started process (PID=24518) to work on /home/vscode/.local/lib/python3.10/site-packages/airflow/example_dags/example_task_group.py
[2026-09-17T00:59:42.283+0000] {processor.py:826} INFO - Processing file /home/vscode/.local/lib/python3.10/site-packages/airflow/example_dags/example_task_group.py for tasks to queue
[2026-09-17T00:59:42.283+0000] {logging_mixin.py:150} INFO - [2026-09-17T00:59:42.283+0000] {dagbag.py:541} INFO - Filling up the DagBag from /home/vscode/.local/lib/python3.10/site-packages/airflow/example_dags/example_task_group.py
[2026-09-17T00:59:42.293+0000] {processor.py:836} INFO - DAG(s) dict_keys(['example_task_group']) retrieved from /home/vscode/.local/lib/python3.10/site-packages/airflow/example_dags/example_task_group.py
[2026-09-17T00:59:42.309+0000] {logging_mixin.py:150} INFO - [2026-09-17T00:59:42.309+0000] {dag.py:2742} INFO - Sync 1 DAGs
[2026-09-17T00:59:42.324+0000] {logging_mixin.py:150} INFO - [2026-09-17T00:59:42.324+0000] {dag.py:3504} INFO - Setting next_dagrun for example_task_group to 2026-09-16T00:59:42.324354+00:00, run_after=2026-09-17T00:59:42.324354+00:00
[2026-09-17T00:59:42.341+0000] {processor.py:179} INFO - Processing /home/vscode/.local/lib/python3.10/site-packages/airflow/example_dags/example_task_group.py took 0.062 seconds
[2026-09-17T01:00:25.170+0000] {processor.py:157} INFO - Started process (PID=25168) to work on /home/vscode/.local/lib/python3.10/site-packages/airflow/example_dags/example_task_group.py
[2026-09-17T01:00:25.171+0000] {processor.py:826} INFO - Processing file /home/vscode/.local/lib/python3.10/site-packages/airflow/example_dags/example_task_group.py for tasks to queue
[2026-09-17T01:00:25.172+0000] {logging_mixin.py:150} INFO - [2026-09-17T01:00:25.171+0000] {dagbag.py:541} INFO - Filling up the DagBag from /home/vscode/.local/lib/python3.10/site-packages/airflow/example_dags/example_task_group.py
[2026-09-17T01:00:25.178+0000] {processor.py:836} INFO - DAG(s) dict_keys(['example_task_group']) retrieved from /home/vscode/.local/lib/python3.10/site-packages/airflow/example_dags/example_task_group.py
[2026-09-17T01:00:25.196+0000] {logging_mixin.py:150} INFO - [2026-09-17T01:00:25.196+0000] {dag.py:2742} INFO - Sync 1 DAGs
[2026-09-17T01:00:25.213+0000] {logging_mixin.py:150} INFO - [2026-09-17T01:00:25.212+0000] {dag.py:3504} INFO - Setting next_dagrun for example_task_group to 2026-09-16T01:00:25.212801+00:00, run_after=2026-09-17T01:00:25.212801+00:00
[2026-09-17T01:00:25.229+0000] {processor.py:179} INFO - Processing /home/vscode/.local/lib/python3.10/site-packages/airflow/example_dags/example_task_group.py took 0.062 seconds
[2026-09-17T01:00:32.343+0000] {processor.py:157} INFO - Started process (PID=25248) to work on /home/vscode/.local/lib/python3.10/site-packages/airflow/example_dags/example_task_group.py
[2026-09-17T01:00:32.344+0000] {processor.py:826} INFO - Processing file /home/vscode/.local/lib/python3.10/site-packages/airflow/example_dags/example_task_group.py for tasks to queue
[2026-09-17T01:00:32.345+0000] {logging_mixin.py:150} INFO - [2026-09-17T01:00:32.344+0000] {dagbag.py:541} INFO - Filling up the DagBag from /home/vscode/.local/lib/python3.10/site-packages/airflow/example_dags/example_task_group.py
[2026-09-17T01:00:32.351+0000] {processor.py:836} INFO - DAG(s) dict_keys(['example_task_group']) retrieved from /home/vscode/.local/lib/python3.10/site-packages/airflow/example_dags/example_task_group.py
[2026-09-17T01:00:32.364+0000] {logging_mixin.py:150} INFO - [2026-09-17T01:00:32.364+0000] {dag.py:2742} INFO - Sync 1 DAGs
[2026-09-17T01:00:32.379+0000] {logging_mixin.py:150} INFO - [2026-09-17T01:00:32.379+0000] {dag.py:3504} INFO - Setting next_dagrun for example_task_group to 2026-09-16T01:00:32.378905+00:00, run_after=2026-09-17T01:00:32.378905+00:00
[2026-09-17T01:00:32.401+0000] {processor.py:179} INFO - Processing /home/vscode/.local/lib/python3.10/site-packages/airflow/example_dags/example_task_group.py took 0.060 seconds
[2026-09-17T01:01:16.246+0000] {processor.py:157} INFO - Started process (PID=25643) to work on /home/vscode/.local/lib/python3.10/site-packages/airflow/example_dags/example_task_group.py
[2026-09-17T01:01:16.247+0000] {processor.py:826} INFO - Processing file /home/vscode/.local/lib/python3.10/site-packages/airflow/example_dags/example_task_group.py for tasks to queue
[2026-09-17T01:01:16.248+0000] {logging_mixin.py:150} INFO - [2026-09-17T01:01:16.247+0000] {dagbag.py:541} INFO - Filling up the DagBag from /home/vscode/.local/lib/python3.10/site-packages/airflow/example_dags/example_task_group.py
[2026-09-17T01:01:16.254+0000] {processor.py:836} INFO - DAG(s) dict_keys(['example_task_group']) retrieved from /home/vscode/.local/lib/python3.10/site-packages/airflow/example_dags/example_task_group.py
[2026-09-17T01:01:16.267+0000] {logging_mixin.py:150} INFO - [2026-09-17T01:01:16.267+0000] {dag.py:2742} INFO - Sync 1 DAGs
[2026-09-17T01:01:16.283+0000] {logging_mixin.py:150} INFO - [2026-09-17T01:01:16.282+0000] {dag.py:3504} INFO - Setting next_dagrun for example_task_group to 2026-09-16T01:01:16.282735+00:00, run_after=2026-09-17T01:01:16.282735+00:00
[2026-09-17T01:01:16.321+0000] {processor.py:179} INFO - Processing /home/vscode/.local/lib/python3.10/site-packages/airflow/example_dags/example_task_group.py took 0.077 seconds
[2026-09-17T01:01:22.490+0000] {processor.py:157} INFO - Started process (PID=25696) to work on /home/vscode/.local/lib/python3.10/site-packages/airflow/example_dags/example_task_group.py
[2026-09-17T01:01:22.491+0000] {processor.py:826} INFO - Processing file /home/vscode/.local/lib/python3.10/site-packages/airflow/example_dags/example_task_group.py for tasks to queue
[2026-09-17T01:01:22.492+0000] {logging_mixin.py:150} INFO - [2026-09-17T01:01:22.491+0000] {dagbag.py:541} INFO - Filling up the DagBag from /home/vscode/.local/lib/python3.10/site-packages/airflow/example_dags/example_task_group.py
[2026-09-17T01:01:22.501+0000] {processor.py:836} INFO - DAG(s) dict_keys(['example_task_group']) retrieved from /home/vscode/.local/lib/python3.10/site-packages/airflow/example_dags/example_task_group.py
[2026-09-17T01:01:22.514+0000] {logging_mixin.py:150} INFO - [2026-09-17T01:01:22.514+0000] {dag.py:2742} INFO - Sync 1 DAGs
[2026-09-17T01:01:22.529+0000] {logging_mixin.py:150} INFO - [2026-09-17T01:01:22.529+0000] {dag.py:3504} INFO - Setting next_dagrun for example_task_group to 2026-09-16T01:01:22.528942+00:00, run_after=2026-09-17T01:01:22.528942+00:00
[2026-09-17T01:01:22.561+0000] {processor.py:179} INFO - Processing /home/vscode/.local/lib/python3.10/site-packages/airflow/example_dags/example_task_group.py took 0.074 seconds
[2026-09-17T01:01:54.625+0000] {processor.py:157} INFO - Started process (PID=25954) to work on /home/vscode/.local/lib/python3.10/site-packages/airflow/example_dags/example_task_group.py
[2026-09-17T01:01:54.626+0000] {processor.py:826} INFO - Processing file /home/vscode/.local/lib/python3.10/site-packages/airflow/example_dags/example_task_group.py for tasks to queue
[2026-09-17T01:01:54.627+0000] {logging_mixin.py:150} INFO - [2026-09-17T01:01:54.626+0000] {dagbag.py:541} INFO - Filling up the DagBag from /home/vscode/.local/lib/python3.10/site-packages/airflow/example_dags/example_task_group.py
[2026-09-17T01:01:54.633+0000] {processor.py:836} INFO - DAG(s) dict_keys(['example_task_group']) retrieved from /home/vscode/.local/lib/python3.10/site-packages/airflow/example_dags/example_task_group.py
[2026-09-17T01:01:54.646+0000] {logging_mixin.py:150} INFO - [2026-09-17T01:01:54.646+0000] {dag.py:2742} INFO - Sync 1 DAGs
[2026-09-17T01:01:54.661+0000] {logging_mixin.py:150} INFO - [2026-09-17T01:01:54.660+0000] {dag.py:3504} INFO - Setting next_dagrun for example_task_group to 2026-09-16T01:01:54.660835+00:00, run_after=2026-09-17T01:01:54.660835+00:00
[2026-09-17T01:01:54.676+0000] {processor.py:179} INFO - Processing /home/vscode/.local/lib/python3.10/site-packages/airflow/example_dags/example_task_group.py took 0.055 seconds
[2026-09-17T01:02:07.825+0000] {processor.py:157} INFO - Started process (PID=26070) to work on /home/vscode/.local/lib/python3.10/site-packages/airflow/example_dags/example_task_group.py
[2026-09-17T01:02:07.826+0000] {processor.py:826} INFO - Processing file /home/vscode/.local/lib/python3.10/site-packages/airflow/example_dags/example_task_group.py for tasks to queue
[2026-09-17T01:02:07.827+0000] {logging_mixin.py:150} INFO - [2026-09-17T01:02:07.827+0000] {dagbag.py:541} INFO - Filling up the DagBag from /home/vscode/.local/lib/python3.10/site-packages/airflow/example_dags/example_task_group.py
[2026-09-17T01:02:07.834+0000] {processor.py:836} INFO - DAG(s) dict_keys(['example_task_group']) retrieved from /home/vscode/.local/lib/python3.10/site-packages/airflow/example_dags/example_task_group.py
[2026-09-17T01:02:07.846+0000] {logging_mixin.py:150} INFO - [2026-09-17T01:02:07.846+0000] {dag.py:2742} INFO - Sync 1 DAGs
[2026-09-17T01:02:07.865+0000] {logging_mixin.py:150} INFO - [2026-09-17T01:02:07.864+0000] {dag.py:3504} INFO - Setting next_dagrun for example_task_group to 2026-09-16T01:02:07.864756+00:00, run_after=2026-09-17T01:02:07.864756+00:00
[2026-09-17T01:02:07.882+0000] {processor.py:179} INFO - Processing /home/vscode/.local/lib/python3.10/site-packages/airflow/example_dags/example_task_group.py took 0.059 seconds
[2026-09-17T01:02:47.303+0000] {processor.py:157} INFO - Started process (PID=26413) to work on /home/vscode/.local/lib/python3.10/site-packages/airflow/example_dags/example_task_group.py
[2026-09-17T01:02:47.306+0000] {processor.py:826} INFO - Processing file /home/vscode/.local/lib/python3.10/site-packages/airflow/example_dags/example_task_group.py for tasks to queue
[2026-09-17T01:02:47.307+0000] {logging_mixin.py:150} INFO - [2026-09-17T01:02:47.306+0000] {dagbag.py:541} INFO - Filling up the DagBag from /home/vscode/.local/lib/python3.10/site-packages/airflow/example_dags/example_task_group.py
[2026-09-17T01:02:47.319+0000] {processor.py:836} INFO - DAG(s) dict_keys(['example_task_group']) retrieved from /home/vscode/.local/lib/python3.10/site-packages/airflow/example_dags/example_task_group.py
[2026-09-17T01:02:47.334+0000] {logging_mixin.py:150} INFO - [2026-09-17T01:02:47.334+0000] {dag.py:2742} INFO - Sync 1 DAGs
[2026-09-17T01:02:47.349+0000] {logging_mixin.py:150} INFO - [2026-09-17T01:02:47.349+0000] {dag.py:3504} INFO - Setting next_dagrun for example_task_group to 2026-09-16T01:02:47.349276+00:00, run_after=2026-09-17T01:02:47.349276+00:00
[2026-09-17T01:02:47.364+0000] {processor.py:179} INFO - Processing /home/vscode/.local/lib/python3.10/site-packages/airflow/example_dags/example_task_group.py took 0.066 seconds
[2026-09-17T01:02:52.572+0000] {processor.py:157} INFO - Started process (PID=26456) to work on /home/vscode/.local/lib/python3.10/site-packages/airflow/example_dags/example_task_group.py
[2026-09-17T01:02:52.573+0000] {processor.py:826} INFO - Processing file /home/vscode/.local/lib/python3.10/site-packages/airflow/example_dags/example_task_group.py for tasks to queue
[2026-09-17T01:02:52.574+0000] {logging_mixin.py:150} INFO - [2026-09-17T01:02:52.573+0000] {dagbag.py:541} INFO - Filling up the DagBag from /home/vscode/.local/lib/python3.10/site-packages/airflow/example_dags/example_task_group.py
[2026-09-17T01:02:52.580+0000] {processor.py:836} INFO - DAG(s) dict_keys(['example_task_group']) retrieved from /home/vscode/.local/lib/python3.10/site-packages/airflow/example_dags/example_task_group.py
[2026-09-17T01:02:52.597+0000] {logging_mixin.py:150} INFO - [2026-09-17T01:02:52.597+0000] {dag.py:2742} INFO - Sync 1 DAGs
[2026-09-17T01:02:52.612+0000] {logging_mixin.py:150} INFO - [2026-09-17T01:02:52.612+0000] {dag.py:3504} INFO - Setting next_dagrun for example_task_group to 2026-09-16T01:02:52.612603+00:00, run_after=2026-09-17T01:02:52.612603+00:00
[2026-09-17T01:02:52.634+0000] {processor.py:179} INFO - Processing /home/vscode/.local/lib/python3.10/site-packages/airflow/example_dags/example_task_group.py took 0.064 seconds
[2026-09-17T01:03:38.012+0000] {processor.py:157} INFO - Started process (PID=26845) to work on /home/vscode/.local/lib/python3.10/site-packages/airflow/example_dags/example_task_group.py
[2026-09-17T01:03:38.013+0000] {processor.py:826} INFO - Processing file /home/vscode/.local/lib/python3.10/site-packages/airflow/example_dags/example_task_group.py for tasks to queue
[2026-09-17T01:03:38.013+0000] {logging_mixin.py:150} INFO - [2026-09-17T01:03:38.013+0000] {dagbag.py:541} INFO - Filling up the DagBag from /home/vscode/.local/lib/python3.10/site-packages/airflow/example_dags/example_task_group.py
[2026-09-17T01:03:38.020+0000] {processor.py:836} INFO - DAG(s) dict_keys(['example_task_group']) retrieved from /home/vscode/.local/lib/python3.10/site-packages/airflow/example_dags/example_task_group.py
[2026-09-17T01:03:38.036+0000] {logging_mixin.py:150} INFO - [2026-09-17T01:03:38.036+0000] {dag.py:2742} INFO - Sync 1 DAGs
[2026-09-17T01:03:38.052+0000] {logging_mixin.py:150} INFO - [2026-09-17T01:03:38.051+0000] {dag.py:3504} INFO - Setting next_dagrun for example_task_group to 2026-09-16T01:03:38.051750+00:00, run_after=2026-09-17T01:03:38.051750+00:00
[2026-09-17T01:03:38.070+0000] {processor.py:179} INFO - Processing /home/vscode/.local/lib/python3.10/site-packages/airflow/example_dags/example_task_group.py took 0.061 seconds
[2026-09-17T01:03:40.986+0000] {processor.py:157} INFO - Started process (PID=26865) to work on /home/vscode/.local/lib/python3.10/site-packages/airflow/example_dags/example_task_group.py
[2026-09-17T01:03:40.987+0000] {processor.py:826} INFO - Processing file /home/vscode/.local/lib/python3.10/site-packages/airflow/example_dags/example_task_group.py for tasks to queue
[2026-09-17T01:03:40.988+0000] {logging_mixin.py:150} INFO - [2026-09-17T01:03:40.988+0000] {dagbag.py:541} INFO - Filling up the DagBag from /home/vscode/.local/lib/python3.10/site-packages/airflow/example_dags/example_task_group.py
[2026-09-17T01:03:40.996+0000] {processor.py:836} INFO - DAG(s) dict_keys(['example_task_group']) retrieved from /home/vscode/.local/lib/python3.10/site-packages/airflow/example_dags/example_task_group.py
[2026-09-17T01:03:41.010+0000] {logging_mixin.py:150} INFO - [2026-09-17T01:03:41.010+0000] {dag.py:2742} INFO - Sync 1 DAGs
[2026-09-17T01:03:41.025+0000] {logging_mixin.py:150} INFO - [2026-09-17T01:03:41.025+0000] {dag.py:3504} INFO - Setting next_dagrun for example_task_group to 2026-09-16T01:03:41.025350+00:00, run_after=2026-09-17T01:03:41.025350+00:00
[2026-09-17T01:03:41.043+0000] {processor.py:179} INFO - Processing /home/vscode/.local/lib/python3.10/site-packages/airflow/example_dags/example_task_group.py took 0.062 seconds
[2026-09-17T01:04:28.702+0000] {processor.py:157} INFO - Started process (PID=27268) to work on /home/vscode/.local/lib/python3.10/site-packages/airflow/example_dags/example_task_group.py
[2026-09-17T01:04:28.703+0000] {processor.py:826} INFO - Processing file /home/vscode/.local/lib/python3.10/site-packages/airflow/example_dags/example_task_group.py for tasks to queue
[2026-09-17T01:04:28.703+0000] {logging_mixin.py:150} INFO - [2026-09-17T01:04:28.703+0000] {dagbag.py:541} INFO - Filling up the DagBag from /home/vscode/.local/lib/python3.10/site-packages/airflow/example_dags/example_task_group.py
[2026-09-17T01:04:28.710+0000] {processor.py:836} INFO - DAG(s) dict_keys(['example_task_group']) retrieved from /home/vscode/.local/lib/python3.10/site-packages/airflow/example_dags/example_task_group.py
[2026-09-17T01:04:28.724+0000] {logging_mixin.py:150} INFO - [2026-09-17T01:04:28.724+0000] {dag.py:2742} INFO - Sync 1 DAGs
[2026-09-17T01:04:28.738+0000] {logging_mixin.py:150} INFO - [2026-09-17T01:04:28.738+0000] {dag.py:3504} INFO - Setting next_dagrun for example_task_group to 2026-09-16T01:04:28.738444+00:00, run_after=2026-09-17T01:04:28.738444+00:00
[2026-09-17T01:04:28.754+0000] {processor.py:179} INFO - Processing /home/vscode/.local/lib/python3.10/site-packages/airflow/example_dags/example_task_group.py took 0.055 seconds
[2026-09-17T01:04:34.803+0000] {processor.py:157} INFO - Started process (PID=27315) to work on /home/vscode/.local/lib/python3.10/site-packages/airflow/example_dags/example_task_group.py
[2026-09-17T01:04:34.804+0000] {processor.py:826} INFO - Processing file /home/vscode/.local/lib/python3.10/site-packages/airflow/example_dags/example_task_group.py for tasks to queue
[2026-09-17T01:04:34.804+0000] {logging_mixin.py:150} INFO - [2026-09-17T01:04:34.804+0000] {dagbag.py:541} INFO - Filling up the DagBag from /home/vscode/.local/lib/python3.10/site-packages/airflow/example_dags/example_task_group.py
[2026-09-17T01:04:34.811+0000] {processor.py:836} INFO - DAG(s) dict_keys(['example_task_group']) retrieved from /home/vscode/.local/lib/python3.10/site-packages/airflow/example_dags/example_task_group.py
[2026-09-17T01:04:34.824+0000] {logging_mixin.py:150} INFO - [2026-09-17T01:04:34.824+0000] {dag.py:2742} INFO - Sync 1 DAGs
[2026-09-17T01:04:34.839+0000] {logging_mixin.py:150} INFO - [2026-09-17T01:04:34.839+0000] {dag.py:3504} INFO - Setting next_dagrun for example_task_group to 2026-09-16T01:04:34.839034+00:00, run_after=2026-09-17T01:04:34.839034+00:00
[2026-09-17T01:04:34.856+0000] {processor.py:179} INFO - Processing /home/vscode/.local/lib/python3.10/site-packages/airflow/example_dags/example_task_group.py took 0.056 seconds
[2026-09-17T01:05:17.071+0000] {processor.py:157} INFO - Started process (PID=27676) to work on /home/vscode/.local/lib/python3.10/site-packages/airflow/example_dags/example_task_group.py
[2026-09-17T01:05:17.073+0000] {processor.py:826} INFO - Processing file /home/vscode/.local/lib/python3.10/site-packages/airflow/example_dags/example_task_group.py for tasks to queue
[2026-09-17T01:05:17.073+0000] {logging_mixin.py:150} INFO - [2026-09-17T01:05:17.073+0000] {dagbag.py:541} INFO - Filling up the DagBag from /home/vscode/.local/lib/python3.10/site-packages/airflow/example_dags/example_task_group.py
[2026-09-17T01:05:17.083+0000] {processor.py:836} INFO - DAG(s) dict_keys(['example_task_group']) retrieved from /home/vscode/.local/lib/python3.10/site-packages/airflow/example_dags/example_task_group.py
[2026-09-17T01:05:17.124+0000] {logging_mixin.py:150} INFO - [2026-09-17T01:05:17.124+0000] {dag.py:2742} INFO - Sync 1 DAGs
[2026-09-17T01:05:17.148+0000] {logging_mixin.py:150} INFO - [2026-09-17T01:05:17.148+0000] {dag.py:3504} INFO - Setting next_dagrun for example_task_group to 2026-09-16T01:05:17.148016+00:00, run_after=2026-09-17T01:05:17.148016+00:00
[2026-09-17T01:05:17.172+0000] {processor.py:179} INFO - Processing /home/vscode/.local/lib/python3.10/site-packages/airflow/example_dags/example_task_group.py took 0.104 seconds
[2026-09-17T01:05:23.168+0000] {processor.py:157} INFO - Started process (PID=27727) to work on /home/vscode/.local/lib/python3.10/site-packages/airflow/example_dags/example_task_group.py
[2026-09-17T01:05:23.169+0000] {processor.py:826} INFO - Processing file /home/vscode/.local/lib/python3.10/site-packages/airflow/example_dags/example_task_group.py for tasks to queue
[2026-09-17T01:05:23.169+0000] {logging_mixin.py:150} INFO - [2026-09-17T01:05:23.169+0000] {dagbag.py:541} INFO - Filling up the DagBag from /home/vscode/.local/lib/python3.10/site-packages/airflow/example_dags/example_task_group.py
[2026-09-17T01:05:23.176+0000] {processor.py:836} INFO - DAG(s) dict_keys(['example_task_group']) retrieved from /home/vscode/.local/lib/python3.10/site-packages/airflow/example_dags/example_task_group.py
[2026-09-17T01:05:23.193+0000] {logging_mixin.py:150} INFO - [2026-09-17T01:05:23.193+0000] {dag.py:2742} INFO - Sync 1 DAGs
[2026-09-17T01:05:23.214+0000] {logging_mixin.py:150} INFO - [2026-09-17T01:05:23.213+0000] {dag.py:3504} INFO - Setting next_dagrun for example_task_group to 2026-09-16T01:05:23.213621+00:00, run_after=2026-09-17T01:05:23.213621+00:00
[2026-09-17T01:05:23.231+0000] {processor.py:179} INFO - Processing /home/vscode/.local/lib/python3.10/site-packages/airflow/example_dags/example_task_group.py took 0.065 seconds
[2026-09-17T01:06:04.102+0000] {processor.py:157} INFO - Started process (PID=28110) to work on /home/vscode/.local/lib/python3.10/site-packages/airflow/example_dags/example_task_group.py
[2026-09-17T01:06:04.103+0000] {processor.py:826} INFO - Processing file /home/vscode/.local/lib/python3.10/site-packages/airflow/example_dags/example_task_group.py for tasks to queue
[2026-09-17T01:06:04.104+0000] {logging_mixin.py:150} INFO - [2026-09-17T01:06:04.103+0000] {dagbag.py:541} INFO - Filling up the DagBag from /home/vscode/.local/lib/python3.10/site-packages/airflow/example_dags/example_task_group.py
[2026-09-17T01:06:04.112+0000] {processor.py:836} INFO - DAG(s) dict_keys(['example_task_group']) retrieved from /home/vscode/.local/lib/python3.10/site-packages/airflow/example_dags/example_task_group.py
[2026-09-17T01:06:04.130+0000] {logging_mixin.py:150} INFO - [2026-09-17T01:06:04.129+0000] {dag.py:2742} INFO - Sync 1 DAGs
[2026-09-17T01:06:04.152+0000] {logging_mixin.py:150} INFO - [2026-09-17T01:06:04.152+0000] {dag.py:3504} INFO - Setting next_dagrun for example_task_group to 2026-09-16T01:06:04.151985+00:00, run_after=2026-09-17T01:06:04.151985+00:00
[2026-09-17T01:06:04.175+0000] {processor.py:179} INFO - Processing /home/vscode/.local/lib/python3.10/site-packages/airflow/example_dags/example_task_group.py took 0.076 seconds
[2026-09-17T01:06:13.430+0000] {processor.py:157} INFO - Started process (PID=28180) to work on /home/vscode/.local/lib/python3.10/site-packages/airflow/example_dags/example_task_group.py
[2026-09-17T01:06:13.430+0000] {processor.py:826} INFO - Processing file /home/vscode/.local/lib/python3.10/site-packages/airflow/example_dags/example_task_group.py for tasks to queue
[2026-09-17T01:06:13.431+0000] {logging_mixin.py:150} INFO - [2026-09-17T01:06:13.431+0000] {dagbag.py:541} INFO - Filling up the DagBag from /home/vscode/.local/lib/python3.10/site-packages/airflow/example_dags/example_task_group.py
[2026-09-17T01:06:13.438+0000] {processor.py:836} INFO - DAG(s) dict_keys(['example_task_group']) retrieved from /home/vscode/.local/lib/python3.10/site-packages/airflow/example_dags/example_task_group.py
[2026-09-17T01:06:13.456+0000] {logging_mixin.py:150} INFO - [2026-09-17T01:06:13.456+0000] {dag.py:2742} INFO - Sync 1 DAGs
[2026-09-17T01:06:13.482+0000] {logging_mixin.py:150} INFO - [2026-09-17T01:06:13.481+0000] {dag.py:3504} INFO - Setting next_dagrun for example_task_group to 2026-09-16T01:06:13.481350+00:00, run_after=2026-09-17T01:06:13.481350+00:00
[2026-09-17T01:06:13.521+0000] {processor.py:179} INFO - Processing /home/vscode/.local/lib/python3.10/site-packages/airflow/example_dags/example_task_group.py took 0.094 seconds
[2026-09-17T01:06:57.035+0000] {processor.py:157} INFO - Started process (PID=28557) to work on /home/vscode/.local/lib/python3.10/site-packages/airflow/example_dags/example_task_group.py
[2026-09-17T01:06:57.036+0000] {processor.py:826} INFO - Processing file /home/vscode/.local/lib/python3.10/site-packages/airflow/example_dags/example_task_group.py for tasks to queue
[2026-09-17T01:06:57.036+0000] {logging_mixin.py:150} INFO - [2026-09-17T01:06:57.036+0000] {dagbag.py:541} INFO - Filling up the DagBag from /home/vscode/.local/lib/python3.10/site-packages/airflow/example_dags/example_task_group.py
[2026-09-17T01:06:57.044+0000] {processor.py:836} INFO - DAG(s) dict_keys(['example_task_group']) retrieved from /home/vscode/.local/lib/python3.10/site-packages/airflow/example_dags/example_task_group.py
[2026-09-17T01:06:57.057+0000] {logging_mixin.py:150} INFO - [2026-09-17T01:06:57.056+0000] {dag.py:2742} INFO - Sync 1 DAGs
[2026-09-17T01:06:57.076+0000] {logging_mixin.py:150} INFO - [2026-09-17T01:06:57.076+0000] {dag.py:3504} INFO - Setting next_dagrun for example_task_group to 2026-09-16T01:06:57.076409+00:00, run_after=2026-09-17T01:06:57.076409+00:00
[2026-09-17T01:06:57.100+0000] {processor.py:179} INFO - Processing /home/vscode/.local/lib/python3.10/site-packages/airflow/example_dags/example_task_group.py took 0.068 seconds
[2026-09-17T01:07:02.507+0000] {processor.py:157} INFO - Started process (PID=28597) to work on /home/vscode/.local/lib/python3.10/site-packages/airflow/example_dags/example_task_group.py
[2026-09-17T01:07:02.508+0000] {processor.py:826} INFO - Processing file /home/vscode/.local/lib/python3.10/site-packages/airflow/example_dags/example_task_group.py for tasks to queue
[2026-09-17T01:07:02.509+0000] {logging_mixin.py:150} INFO - [2026-09-17T01:07:02.508+0000] {dagbag.py:541} INFO - Filling up the DagBag from /home/vscode/.local/lib/python3.10/site-packages/airflow/example_dags/example_task_group.py
[2026-09-17T01:07:02.515+0000] {processor.py:836} INFO - DAG(s) dict_keys(['example_task_group']) retrieved from /home/vscode/.local/lib/python3.10/site-packages/airflow/example_dags/example_task_group.py
[2026-09-17T01:07:02.530+0000] {logging_mixin.py:150} INFO - [2026-09-17T01:07:02.530+0000] {dag.py:2742} INFO - Sync 1 DAGs
[2026-09-17T01:07:02.547+0000] {logging_mixin.py:150} INFO - [2026-09-17T01:07:02.546+0000] {dag.py:3504} INFO - Setting next_dagrun for example_task_group to 2026-09-16T01:07:02.546706+00:00, run_after=2026-09-17T01:07:02.546706+00:00
[2026-09-17T01:07:02.566+0000] {processor.py:179} INFO - Processing /home/vscode/.local/lib/python3.10/site-packages/airflow/example_dags/example_task_group.py took 0.061 seconds
[2026-09-17T01:07:42.601+0000] {processor.py:157} INFO - Started process (PID=28940) to work on /home/vscode/.local/lib/python3.10/site-packages/airflow/example_dags/example_task_group.py
[2026-09-17T01:07:42.602+0000] {processor.py:826} INFO - Processing file /home/vscode/.local/lib/python3.10/site-packages/airflow/example_dags/example_task_group.py for tasks to queue
[2026-09-17T01:07:42.602+0000] {logging_mixin.py:150} INFO - [2026-09-17T01:07:42.602+0000] {dagbag.py:541} INFO - Filling up the DagBag from /home/vscode/.local/lib/python3.10/site-packages/airflow/example_dags/example_task_group.py
[2026-09-17T01:07:42.610+0000] {processor.py:836} INFO - DAG(s) dict_keys(['example_task_group']) retrieved from /home/vscode/.local/lib/python3.10/site-packages/airflow/example_dags/example_task_group.py
[2026-09-17T01:07:42.623+0000] {logging_mixin.py:150} INFO - [2026-09-17T01:07:42.623+0000] {dag.py:2742} INFO - Sync 1 DAGs
[2026-09-17T01:07:42.637+0000] {logging_mixin.py:150} INFO - [2026-09-17T01:07:42.637+0000] {dag.py:3504} INFO - Setting next_dagrun for example_task_group to 2026-09-16T01:07:42.637556+00:00, run_after=2026-09-17T01:07:42.637556+00:00
[2026-09-17T01:07:42.657+0000] {processor.py:179} INFO - Processing /home/vscode/.local/lib/python3.10/site-packages/airflow/example_dags/example_task_group.py took 0.059 seconds
[2026-09-17T01:07:54.816+0000] {processor.py:157} INFO - Started process (PID=29045) to work on /home/vscode/.local/lib/python3.10/site-packages/airflow/example_dags/example_task_group.py
[2026-09-17T01:07:54.816+0000] {processor.py:826} INFO - Processing file /home/vscode/.local/lib/python3.10/site-packages/airflow/example_dags/example_task_group.py for tasks to queue
[2026-09-17T01:07:54.817+0000] {logging_mixin.py:150} INFO - [2026-09-17T01:07:54.817+0000] {dagbag.py:541} INFO - Filling up the DagBag from /home/vscode/.local/lib/python3.10/site-packages/airflow/example_dags/example_task_group.py
[2026-09-17T01:07:54.824+0000] {processor.py:836} INFO - DAG(s) dict_keys(['example_task_group']) retrieved from /home/vscode/.local/lib/python3.10/site-packages/airflow/example_dags/example_task_group.py
[2026-09-17T01:07:54.837+0000] {logging_mixin.py:150} INFO - [2026-09-17T01:07:54.837+0000] {dag.py:2742} INFO - Sync 1 DAGs
[2026-09-17T01:07:54.857+0000] {logging_mixin.py:150} INFO - [2026-09-17T01:07:54.857+0000] {dag.py:3504} INFO - Setting next_dagrun for example_task_group to 2026-09-16T01:07:54.857239+00:00, run_after=2026-09-17T01:07:54.857239+00:00
[2026-09-17T01:07:54.876+0000] {processor.py:179} INFO - Processing /home/vscode/.local/lib/python3.10/site-packages/airflow/example_dags/example_task_group.py took 0.063 seconds
[2026-09-17T01:08:32.283+0000] {processor.py:157} INFO - Started process (PID=29363) to work on /home/vscode/.local/lib/python3.10/site-packages/airflow/example_dags/example_task_group.py
[2026-09-17T01:08:32.284+0000] {processor.py:826} INFO - Processing file /home/vscode/.local/lib/python3.10/site-packages/airflow/example_dags/example_task_group.py for tasks to queue
[2026-09-17T01:08:32.285+0000] {logging_mixin.py:150} INFO - [2026-09-17T01:08:32.285+0000] {dagbag.py:541} INFO - Filling up the DagBag from /home/vscode/.local/lib/python3.10/site-packages/airflow/example_dags/example_task_group.py
[2026-09-17T01:08:32.295+0000] {processor.py:836} INFO - DAG(s) dict_keys(['example_task_group']) retrieved from /home/vscode/.local/lib/python3.10/site-packages/airflow/example_dags/example_task_group.py
[2026-09-17T01:08:32.319+0000] {logging_mixin.py:150} INFO - [2026-09-17T01:08:32.319+0000] {dag.py:2742} INFO - Sync 1 DAGs
[2026-09-17T01:08:32.356+0000] {logging_mixin.py:150} INFO - [2026-09-17T01:08:32.355+0000] {dag.py:3504} INFO - Setting next_dagrun for example_task_group to 2026-09-16T01:08:32.355537+00:00, run_after=2026-09-17T01:08:32.355537+00:00
[2026-09-17T01:08:32.383+0000] {processor.py:179} INFO - Processing /home/vscode/.local/lib/python3.10/site-packages/airflow/example_dags/example_task_group.py took 0.103 seconds
[2026-09-17T01:08:42.285+0000] {processor.py:157} INFO - Started process (PID=29444) to work on /home/vscode/.local/lib/python3.10/site-packages/airflow/example_dags/example_task_group.py
[2026-09-17T01:08:42.285+0000] {processor.py:826} INFO - Processing file /home/vscode/.local/lib/python3.10/site-packages/airflow/example_dags/example_task_group.py for tasks to queue
[2026-09-17T01:08:42.286+0000] {logging_mixin.py:150} INFO - [2026-09-17T01:08:42.286+0000] {dagbag.py:541} INFO - Filling up the DagBag from /home/vscode/.local/lib/python3.10/site-packages/airflow/example_dags/example_task_group.py
[2026-09-17T01:08:42.292+0000] {processor.py:836} INFO - DAG(s) dict_keys(['example_task_group']) retrieved from /home/vscode/.local/lib/python3.10/site-packages/airflow/example_dags/example_task_group.py
[2026-09-17T01:08:42.306+0000] {logging_mixin.py:150} INFO - [2026-09-17T01:08:42.306+0000] {dag.py:2742} INFO - Sync 1 DAGs
[2026-09-17T01:08:42.325+0000] {logging_mixin.py:150} INFO - [2026-09-17T01:08:42.325+0000] {dag.py:3504} INFO - Setting next_dagrun for example_task_group to 2026-09-16T01:08:42.325097+00:00, run_after=2026-09-17T01:08:42.325097+00:00
[2026-09-17T01:08:42.342+0000] {processor.py:179} INFO - Processing /home/vscode/.local/lib/python3.10/site-packages/airflow/example_dags/example_task_group.py took 0.060 seconds
[2026-09-17T01:09:24.229+0000] {processor.py:157} INFO - Started process (PID=29803) to work on /home/vscode/.local/lib/python3.10/site-packages/airflow/example_dags/example_task_group.py
[2026-09-17T01:09:24.230+0000] {processor.py:826} INFO - Processing file /home/vscode/.local/lib/python3.10/site-packages/airflow/example_dags/example_task_group.py for tasks to queue
[2026-09-17T01:09:24.231+0000] {logging_mixin.py:150} INFO - [2026-09-17T01:09:24.230+0000] {dagbag.py:541} INFO - Filling up the DagBag from /home/vscode/.local/lib/python3.10/site-packages/airflow/example_dags/example_task_group.py
[2026-09-17T01:09:24.238+0000] {processor.py:836} INFO - DAG(s) dict_keys(['example_task_group']) retrieved from /home/vscode/.local/lib/python3.10/site-packages/airflow/example_dags/example_task_group.py
[2026-09-17T01:09:24.251+0000] {logging_mixin.py:150} INFO - [2026-09-17T01:09:24.251+0000] {dag.py:2742} INFO - Sync 1 DAGs
[2026-09-17T01:09:24.266+0000] {logging_mixin.py:150} INFO - [2026-09-17T01:09:24.265+0000] {dag.py:3504} INFO - Setting next_dagrun for example_task_group to 2026-09-16T01:09:24.265771+00:00, run_after=2026-09-17T01:09:24.265771+00:00
[2026-09-17T01:09:24.282+0000] {processor.py:179} INFO - Processing /home/vscode/.local/lib/python3.10/site-packages/airflow/example_dags/example_task_group.py took 0.057 seconds
[2026-09-17T01:09:30.899+0000] {processor.py:157} INFO - Started process (PID=29861) to work on /home/vscode/.local/lib/python3.10/site-packages/airflow/example_dags/example_task_group.py
[2026-09-17T01:09:30.900+0000] {processor.py:826} INFO - Processing file /home/vscode/.local/lib/python3.10/site-packages/airflow/example_dags/example_task_group.py for tasks to queue
[2026-09-17T01:09:30.901+0000] {logging_mixin.py:150} INFO - [2026-09-17T01:09:30.900+0000] {dagbag.py:541} INFO - Filling up the DagBag from /home/vscode/.local/lib/python3.10/site-packages/airflow/example_dags/example_task_group.py
[2026-09-17T01:09:30.909+0000] {processor.py:836} INFO - DAG(s) dict_keys(['example_task_group']) retrieved from /home/vscode/.local/lib/python3.10/site-packages/airflow/example_dags/example_task_group.py
[2026-09-17T01:09:30.923+0000] {logging_mixin.py:150} INFO - [2026-09-17T01:09:30.923+0000] {dag.py:2742} INFO - Sync 1 DAGs
[2026-09-17T01:09:30.939+0000] {logging_mixin.py:150} INFO - [2026-09-17T01:09:30.939+0000] {dag.py:3504} INFO - Setting next_dagrun for example_task_group to 2026-09-16T01:09:30.939239+00:00, run_after=2026-09-17T01:09:30.939239+00:00
[2026-09-17T01:09:30.957+0000] {processor.py:179} INFO - Processing /home/vscode/.local/lib/python3.10/site-packages/airflow/example_dags/example_task_group.py took 0.060 seconds
[2026-09-17T01:10:12.749+0000] {processor.py:157} INFO - Started process (PID=30223) to work on /home/vscode/.local/lib/python3.10/site-packages/airflow/example_dags/example_task_group.py
[2026-09-17T01:10:12.750+0000] {processor.py:826} INFO - Processing file /home/vscode/.local/lib/python3.10/site-packages/airflow/example_dags/example_task_group.py for tasks to queue
[2026-09-17T01:10:12.751+0000] {logging_mixin.py:150} INFO - [2026-09-17T01:10:12.750+0000] {dagbag.py:541} INFO - Filling up the DagBag from /home/vscode/.local/lib/python3.10/site-packages/airflow/example_dags/example_task_group.py
[2026-09-17T01:10:12.758+0000] {processor.py:836} INFO - DAG(s) dict_keys(['example_task_group']) retrieved from /home/vscode/.local/lib/python3.10/site-packages/airflow/example_dags/example_task_group.py
[2026-09-17T01:10:12.777+0000] {logging_mixin.py:150} INFO - [2026-09-17T01:10:12.776+0000] {dag.py:2742} INFO - Sync 1 DAGs
[2026-09-17T01:10:12.798+0000] {logging_mixin.py:150} INFO - [2026-09-17T01:10:12.798+0000] {dag.py:3504} INFO - Setting next_dagrun for example_task_group to 2026-09-16T01:10:12.798098+00:00, run_after=2026-09-17T01:10:12.798098+00:00
[2026-09-17T01:10:12.825+0000] {processor.py:179} INFO - Processing /home/vscode/.local/lib/python3.10/site-packages/airflow/example_dags/example_task_group.py took 0.078 seconds
[2026-09-17T01:10:13.601+0000] {processor.py:157} INFO - Started process (PID=30232) to work on /home/vscode/.local/lib/python3.10/site-packages/airflow/example_dags/example_task_group.py
[2026-09-17T01:10:13.602+0000] {processor.py:826} INFO - Processing file /home/vscode/.local/lib/python3.10/site-packages/airflow/example_dags/example_task_group.py for tasks to queue
[2026-09-17T01:10:13.603+0000] {logging_mixin.py:150} INFO - [2026-09-17T01:10:13.602+0000] {dagbag.py:541} INFO - Filling up the DagBag from /home/vscode/.local/lib/python3.10/site-packages/airflow/example_dags/example_task_group.py
[2026-09-17T01:10:13.609+0000] {processor.py:836} INFO - DAG(s) dict_keys(['example_task_group']) retrieved from /home/vscode/.local/lib/python3.10/site-packages/airflow/example_dags/example_task_group.py
[2026-09-17T01:10:13.624+0000] {logging_mixin.py:150} INFO - [2026-09-17T01:10:13.624+0000] {dag.py:2742} INFO - Sync 1 DAGs
[2026-09-17T01:10:13.642+0000] {logging_mixin.py:150} INFO - [2026-09-17T01:10:13.642+0000] {dag.py:3504} INFO - Setting next_dagrun for example_task_group to 2026-09-16T01:10:13.642030+00:00, run_after=2026-09-17T01:10:13.642030+00:00
[2026-09-17T01:10:13.659+0000] {processor.py:179} INFO - Processing /home/vscode/.local/lib/python3.10/site-packages/airflow/example_dags/example_task_group.py took 0.060 seconds
[2026-09-17T01:11:02.664+0000] {processor.py:157} INFO - Started process (PID=30684) to work on /home/vscode/.local/lib/python3.10/site-packages/airflow/example_dags/example_task_group.py
[2026-09-17T01:11:02.665+0000] {processor.py:826} INFO - Processing file /home/vscode/.local/lib/python3.10/site-packages/airflow/example_dags/example_task_group.py for tasks to queue
[2026-09-17T01:11:02.665+0000] {logging_mixin.py:150} INFO - [2026-09-17T01:11:02.665+0000] {dagbag.py:541} INFO - Filling up the DagBag from /home/vscode/.local/lib/python3.10/site-packages/airflow/example_dags/example_task_group.py
[2026-09-17T01:11:02.672+0000] {processor.py:836} INFO - DAG(s) dict_keys(['example_task_group']) retrieved from /home/vscode/.local/lib/python3.10/site-packages/airflow/example_dags/example_task_group.py
[2026-09-17T01:11:02.687+0000] {logging_mixin.py:150} INFO - [2026-09-17T01:11:02.686+0000] {dag.py:2742} INFO - Sync 1 DAGs
[2026-09-17T01:11:02.705+0000] {logging_mixin.py:150} INFO - [2026-09-17T01:11:02.705+0000] {dag.py:3504} INFO - Setting next_dagrun for example_task_group to 2026-09-16T01:11:02.705682+00:00, run_after=2026-09-17T01:11:02.705682+00:00
[2026-09-17T01:11:02.739+0000] {processor.py:179} INFO - Processing /home/vscode/.local/lib/python3.10/site-packages/airflow/example_dags/example_task_group.py took 0.077 seconds
[2026-09-17T01:11:05.722+0000] {processor.py:157} INFO - Started process (PID=30714) to work on /home/vscode/.local/lib/python3.10/site-packages/airflow/example_dags/example_task_group.py
[2026-09-17T01:11:05.722+0000] {processor.py:826} INFO - Processing file /home/vscode/.local/lib/python3.10/site-packages/airflow/example_dags/example_task_group.py for tasks to queue
[2026-09-17T01:11:05.723+0000] {logging_mixin.py:150} INFO - [2026-09-17T01:11:05.723+0000] {dagbag.py:541} INFO - Filling up the DagBag from /home/vscode/.local/lib/python3.10/site-packages/airflow/example_dags/example_task_group.py
[2026-09-17T01:11:05.732+0000] {processor.py:836} INFO - DAG(s) dict_keys(['example_task_group']) retrieved from /home/vscode/.local/lib/python3.10/site-packages/airflow/example_dags/example_task_group.py
[2026-09-17T01:11:05.787+0000] {logging_mixin.py:150} INFO - [2026-09-17T01:11:05.787+0000] {dag.py:2742} INFO - Sync 1 DAGs
[2026-09-17T01:11:05.830+0000] {logging_mixin.py:150} INFO - [2026-09-17T01:11:05.830+0000] {dag.py:3504} INFO - Setting next_dagrun for example_task_group to 2026-09-16T01:11:05.829707+00:00, run_after=2026-09-17T01:11:05.829707+00:00
[2026-09-17T01:11:05.859+0000] {processor.py:179} INFO - Processing /home/vscode/.local/lib/python3.10/site-packages/airflow/example_dags/example_task_group.py took 0.142 seconds
[2026-09-17T01:11:53.402+0000] {processor.py:157} INFO - Started process (PID=31119) to work on /home/vscode/.local/lib/python3.10/site-packages/airflow/example_dags/example_task_group.py
[2026-09-17T01:11:53.404+0000] {processor.py:826} INFO - Processing file /home/vscode/.local/lib/python3.10/site-packages/airflow/example_dags/example_task_group.py for tasks to queue
[2026-09-17T01:11:53.405+0000] {logging_mixin.py:150} INFO - [2026-09-17T01:11:53.404+0000] {dagbag.py:541} INFO - Filling up the DagBag from /home/vscode/.local/lib/python3.10/site-packages/airflow/example_dags/example_task_group.py
[2026-09-17T01:11:53.417+0000] {processor.py:836} INFO - DAG(s) dict_keys(['example_task_group']) retrieved from /home/vscode/.local/lib/python3.10/site-packages/airflow/example_dags/example_task_group.py
[2026-09-17T01:11:53.435+0000] {logging_mixin.py:150} INFO - [2026-09-17T01:11:53.435+0000] {dag.py:2742} INFO - Sync 1 DAGs
[2026-09-17T01:11:53.449+0000] {logging_mixin.py:150} INFO - [2026-09-17T01:11:53.449+0000] {dag.py:3504} INFO - Setting next_dagrun for example_task_group to 2026-09-16T01:11:53.449319+00:00, run_after=2026-09-17T01:11:53.449319+00:00
[2026-09-17T01:11:53.466+0000] {processor.py:179} INFO - Processing /home/vscode/.local/lib/python3.10/site-packages/airflow/example_dags/example_task_group.py took 0.067 seconds
[2026-09-17T01:11:55.103+0000] {processor.py:157} INFO - Started process (PID=31129) to work on /home/vscode/.local/lib/python3.10/site-packages/airflow/example_dags/example_task_group.py
[2026-09-17T01:11:55.105+0000] {processor.py:826} INFO - Processing file /home/vscode/.local/lib/python3.10/site-packages/airflow/example_dags/example_task_group.py for tasks to queue
[2026-09-17T01:11:55.106+0000] {logging_mixin.py:150} INFO - [2026-09-17T01:11:55.106+0000] {dagbag.py:541} INFO - Filling up the DagBag from /home/vscode/.local/lib/python3.10/site-packages/airflow/example_dags/example_task_group.py
[2026-09-17T01:11:55.130+0000] {processor.py:836} INFO - DAG(s) dict_keys(['example_task_group']) retrieved from /home/vscode/.local/lib/python3.10/site-packages/airflow/example_dags/example_task_group.py
[2026-09-17T01:11:55.153+0000] {logging_mixin.py:150} INFO - [2026-09-17T01:11:55.153+0000] {dag.py:2742} INFO - Sync 1 DAGs
[2026-09-17T01:11:55.177+0000] {logging_mixin.py:150} INFO - [2026-09-17T01:11:55.177+0000] {dag.py:3504} INFO - Setting next_dagrun for example_task_group to 2026-09-16T01:11:55.177510+00:00, run_after=2026-09-17T01:11:55.177510+00:00
[2026-09-17T01:11:55.202+0000] {processor.py:179} INFO - Processing /home/vscode/.local/lib/python3.10/site-packages/airflow/example_dags/example_task_group.py took 0.103 seconds
[2026-09-17T01:12:42.078+0000] {processor.py:157} INFO - Started process (PID=31537) to work on /home/vscode/.local/lib/python3.10/site-packages/airflow/example_dags/example_task_group.py
[2026-09-17T01:12:42.078+0000] {processor.py:826} INFO - Processing file /home/vscode/.local/lib/python3.10/site-packages/airflow/example_dags/example_task_group.py for tasks to queue
[2026-09-17T01:12:42.079+0000] {logging_mixin.py:150} INFO - [2026-09-17T01:12:42.079+0000] {dagbag.py:541} INFO - Filling up the DagBag from /home/vscode/.local/lib/python3.10/site-packages/airflow/example_dags/example_task_group.py
[2026-09-17T01:12:42.087+0000] {processor.py:836} INFO - DAG(s) dict_keys(['example_task_group']) retrieved from /home/vscode/.local/lib/python3.10/site-packages/airflow/example_dags/example_task_group.py
[2026-09-17T01:12:42.105+0000] {logging_mixin.py:150} INFO - [2026-09-17T01:12:42.105+0000] {dag.py:2742} INFO - Sync 1 DAGs
[2026-09-17T01:12:42.127+0000] {logging_mixin.py:150} INFO - [2026-09-17T01:12:42.127+0000] {dag.py:3504} INFO - Setting next_dagrun for example_task_group to 2026-09-16T01:12:42.127027+00:00, run_after=2026-09-17T01:12:42.127027+00:00
[2026-09-17T01:12:42.144+0000] {processor.py:179} INFO - Processing /home/vscode/.local/lib/python3.10/site-packages/airflow/example_dags/example_task_group.py took 0.069 seconds
[2026-09-17T01:12:44.154+0000] {processor.py:157} INFO - Started process (PID=31550) to work on /home/vscode/.local/lib/python3.10/site-packages/airflow/example_dags/example_task_group.py
[2026-09-17T01:12:44.155+0000] {processor.py:826} INFO - Processing file /home/vscode/.local/lib/python3.10/site-packages/airflow/example_dags/example_task_group.py for tasks to queue
[2026-09-17T01:12:44.155+0000] {logging_mixin.py:150} INFO - [2026-09-17T01:12:44.155+0000] {dagbag.py:541} INFO - Filling up the DagBag from /home/vscode/.local/lib/python3.10/site-packages/airflow/example_dags/example_task_group.py
[2026-09-17T01:12:44.162+0000] {processor.py:836} INFO - DAG(s) dict_keys(['example_task_group']) retrieved from /home/vscode/.local/lib/python3.10/site-packages/airflow/example_dags/example_task_group.py
[2026-09-17T01:12:44.177+0000] {logging_mixin.py:150} INFO - [2026-09-17T01:12:44.176+0000] {dag.py:2742} INFO - Sync 1 DAGs
[2026-09-17T01:12:44.197+0000] {logging_mixin.py:150} INFO - [2026-09-17T01:12:44.196+0000] {dag.py:3504} INFO - Setting next_dagrun for example_task_group to 2026-09-16T01:12:44.196591+00:00, run_after=2026-09-17T01:12:44.196591+00:00
[2026-09-17T01:12:44.214+0000] {processor.py:179} INFO - Processing /home/vscode/.local/lib/python3.10/site-packages/airflow/example_dags/example_task_group.py took 0.063 seconds
[2026-09-17T01:13:27.684+0000] {processor.py:157} INFO - Started process (PID=31927) to work on /home/vscode/.local/lib/python3.10/site-packages/airflow/example_dags/example_task_group.py
[2026-09-17T01:13:27.685+0000] {processor.py:826} INFO - Processing file /home/vscode/.local/lib/python3.10/site-packages/airflow/example_dags/example_task_group.py for tasks to queue
[2026-09-17T01:13:27.686+0000] {logging_mixin.py:150} INFO - [2026-09-17T01:13:27.686+0000] {dagbag.py:541} INFO - Filling up the DagBag from /home/vscode/.local/lib/python3.10/site-packages/airflow/example_dags/example_task_group.py
[2026-09-17T01:13:27.696+0000] {processor.py:836} INFO - DAG(s) dict_keys(['example_task_group']) retrieved from /home/vscode/.local/lib/python3.10/site-packages/airflow/example_dags/example_task_group.py
[2026-09-17T01:13:27.721+0000] {logging_mixin.py:150} INFO - [2026-09-17T01:13:27.720+0000] {dag.py:2742} INFO - Sync 1 DAGs
[2026-09-17T01:13:27.745+0000] {logging_mixin.py:150} INFO - [2026-09-17T01:13:27.745+0000] {dag.py:3504} INFO - Setting next_dagrun for example_task_group to 2026-09-16T01:13:27.744018+00:00, run_after=2026-09-17T01:13:27.744018+00:00
[2026-09-17T01:13:27.767+0000] {processor.py:179} INFO - Processing /home/vscode/.local/lib/python3.10/site-packages/airflow/example_dags/example_task_group.py took 0.086 seconds
[2026-09-17T01:13:35.217+0000] {processor.py:157} INFO - Started process (PID=31986) to work on /home/vscode/.local/lib/python3.10/site-packages/airflow/example_dags/example_task_group.py
[2026-09-17T01:13:35.218+0000] {processor.py:826} INFO - Processing file /home/vscode/.local/lib/python3.10/site-packages/airflow/example_dags/example_task_group.py for tasks to queue
[2026-09-17T01:13:35.218+0000] {logging_mixin.py:150} INFO - [2026-09-17T01:13:35.218+0000] {dagbag.py:541} INFO - Filling up the DagBag from /home/vscode/.local/lib/python3.10/site-packages/airflow/example_dags/example_task_group.py
[2026-09-17T01:13:35.225+0000] {processor.py:836} INFO - DAG(s) dict_keys(['example_task_group']) retrieved from /home/vscode/.local/lib/python3.10/site-packages/airflow/example_dags/example_task_group.py
[2026-09-17T01:13:35.238+0000] {logging_mixin.py:150} INFO - [2026-09-17T01:13:35.238+0000] {dag.py:2742} INFO - Sync 1 DAGs
[2026-09-17T01:13:35.253+0000] {logging_mixin.py:150} INFO - [2026-09-17T01:13:35.253+0000] {dag.py:3504} INFO - Setting next_dagrun for example_task_group to 2026-09-16T01:13:35.253704+00:00, run_after=2026-09-17T01:13:35.253704+00:00
[2026-09-17T01:13:35.270+0000] {processor.py:179} INFO - Processing /home/vscode/.local/lib/python3.10/site-packages/airflow/example_dags/example_task_group.py took 0.057 seconds
[2026-09-17T01:14:13.806+0000] {processor.py:157} INFO - Started process (PID=32310) to work on /home/vscode/.local/lib/python3.10/site-packages/airflow/example_dags/example_task_group.py
[2026-09-17T01:14:13.807+0000] {processor.py:826} INFO - Processing file /home/vscode/.local/lib/python3.10/site-packages/airflow/example_dags/example_task_group.py for tasks to queue
[2026-09-17T01:14:13.808+0000] {logging_mixin.py:150} INFO - [2026-09-17T01:14:13.807+0000] {dagbag.py:541} INFO - Filling up the DagBag from /home/vscode/.local/lib/python3.10/site-packages/airflow/example_dags/example_task_group.py
[2026-09-17T01:14:13.814+0000] {processor.py:836} INFO - DAG(s) dict_keys(['example_task_group']) retrieved from /home/vscode/.local/lib/python3.10/site-packages/airflow/example_dags/example_task_group.py
[2026-09-17T01:14:13.828+0000] {logging_mixin.py:150} INFO - [2026-09-17T01:14:13.827+0000] {dag.py:2742} INFO - Sync 1 DAGs
[2026-09-17T01:14:13.842+0000] {logging_mixin.py:150} INFO - [2026-09-17T01:14:13.842+0000] {dag.py:3504} INFO - Setting next_dagrun for example_task_group to 2026-09-16T01:14:13.842337+00:00, run_after=2026-09-17T01:14:13.842337+00:00
[2026-09-17T01:14:13.858+0000] {processor.py:179} INFO - Processing /home/vscode/.local/lib/python3.10/site-packages/airflow/example_dags/example_task_group.py took 0.054 seconds
[2026-09-17T01:14:23.188+0000] {processor.py:157} INFO - Started process (PID=32391) to work on /home/vscode/.local/lib/python3.10/site-packages/airflow/example_dags/example_task_group.py
[2026-09-17T01:14:23.189+0000] {processor.py:826} INFO - Processing file /home/vscode/.local/lib/python3.10/site-packages/airflow/example_dags/example_task_group.py for tasks to queue
[2026-09-17T01:14:23.190+0000] {logging_mixin.py:150} INFO - [2026-09-17T01:14:23.189+0000] {dagbag.py:541} INFO - Filling up the DagBag from /home/vscode/.local/lib/python3.10/site-packages/airflow/example_dags/example_task_group.py
[2026-09-17T01:14:23.198+0000] {processor.py:836} INFO - DAG(s) dict_keys(['example_task_group']) retrieved from /home/vscode/.local/lib/python3.10/site-packages/airflow/example_dags/example_task_group.py
[2026-09-17T01:14:23.212+0000] {logging_mixin.py:150} INFO - [2026-09-17T01:14:23.212+0000] {dag.py:2742} INFO - Sync 1 DAGs
[2026-09-17T01:14:23.228+0000] {logging_mixin.py:150} INFO - [2026-09-17T01:14:23.227+0000] {dag.py:3504} INFO - Setting next_dagrun for example_task_group to 2026-09-16T01:14:23.227726+00:00, run_after=2026-09-17T01:14:23.227726+00:00
[2026-09-17T01:14:23.244+0000] {processor.py:179} INFO - Processing /home/vscode/.local/lib/python3.10/site-packages/airflow/example_dags/example_task_group.py took 0.060 seconds
[2026-09-17T01:15:01.401+0000] {processor.py:157} INFO - Started process (PID=32715) to work on /home/vscode/.local/lib/python3.10/site-packages/airflow/example_dags/example_task_group.py
[2026-09-17T01:15:01.402+0000] {processor.py:826} INFO - Processing file /home/vscode/.local/lib/python3.10/site-packages/airflow/example_dags/example_task_group.py for tasks to queue
[2026-09-17T01:15:01.402+0000] {logging_mixin.py:150} INFO - [2026-09-17T01:15:01.402+0000] {dagbag.py:541} INFO - Filling up the DagBag from /home/vscode/.local/lib/python3.10/site-packages/airflow/example_dags/example_task_group.py
[2026-09-17T01:15:01.409+0000] {processor.py:836} INFO - DAG(s) dict_keys(['example_task_group']) retrieved from /home/vscode/.local/lib/python3.10/site-packages/airflow/example_dags/example_task_group.py
[2026-09-17T01:15:01.423+0000] {logging_mixin.py:150} INFO - [2026-09-17T01:15:01.423+0000] {dag.py:2742} INFO - Sync 1 DAGs
[2026-09-17T01:15:01.439+0000] {logging_mixin.py:150} INFO - [2026-09-17T01:15:01.439+0000] {dag.py:3504} INFO - Setting next_dagrun for example_task_group to 2026-09-16T01:15:01.439245+00:00, run_after=2026-09-17T01:15:01.439245+00:00
[2026-09-17T01:15:01.456+0000] {processor.py:179} INFO - Processing /home/vscode/.local/lib/python3.10/site-packages/airflow/example_dags/example_task_group.py took 0.058 seconds
[2026-09-17T01:15:18.069+0000] {processor.py:157} INFO - Started process (PID=32861) to work on /home/vscode/.local/lib/python3.10/site-packages/airflow/example_dags/example_task_group.py
[2026-09-17T01:15:18.070+0000] {processor.py:826} INFO - Processing file /home/vscode/.local/lib/python3.10/site-packages/airflow/example_dags/example_task_group.py for tasks to queue
[2026-09-17T01:15:18.071+0000] {logging_mixin.py:150} INFO - [2026-09-17T01:15:18.071+0000] {dagbag.py:541} INFO - Filling up the DagBag from /home/vscode/.local/lib/python3.10/site-packages/airflow/example_dags/example_task_group.py
[2026-09-17T01:15:18.081+0000] {processor.py:836} INFO - DAG(s) dict_keys(['example_task_group']) retrieved from /home/vscode/.local/lib/python3.10/site-packages/airflow/example_dags/example_task_group.py
[2026-09-17T01:15:18.100+0000] {logging_mixin.py:150} INFO - [2026-09-17T01:15:18.100+0000] {dag.py:2742} INFO - Sync 1 DAGs
[2026-09-17T01:15:18.122+0000] {logging_mixin.py:150} INFO - [2026-09-17T01:15:18.121+0000] {dag.py:3504} INFO - Setting next_dagrun for example_task_group to 2026-09-16T01:15:18.121559+00:00, run_after=2026-09-17T01:15:18.121559+00:00
[2026-09-17T01:15:18.140+0000] {processor.py:179} INFO - Processing /home/vscode/.local/lib/python3.10/site-packages/airflow/example_dags/example_task_group.py took 0.075 seconds
[2026-09-17T01:15:42.002+0000] {processor.py:157} INFO - Started process (PID=33064) to work on /home/vscode/.local/lib/python3.10/site-packages/airflow/example_dags/example_task_group.py
[2026-09-17T01:15:42.003+0000] {processor.py:826} INFO - Processing file /home/vscode/.local/lib/python3.10/site-packages/airflow/example_dags/example_task_group.py for tasks to queue
[2026-09-17T01:15:42.003+0000] {logging_mixin.py:150} INFO - [2026-09-17T01:15:42.003+0000] {dagbag.py:541} INFO - Filling up the DagBag from /home/vscode/.local/lib/python3.10/site-packages/airflow/example_dags/example_task_group.py
[2026-09-17T01:15:42.009+0000] {processor.py:836} INFO - DAG(s) dict_keys(['example_task_group']) retrieved from /home/vscode/.local/lib/python3.10/site-packages/airflow/example_dags/example_task_group.py
[2026-09-17T01:15:42.023+0000] {logging_mixin.py:150} INFO - [2026-09-17T01:15:42.023+0000] {dag.py:2742} INFO - Sync 1 DAGs
[2026-09-17T01:15:42.039+0000] {logging_mixin.py:150} INFO - [2026-09-17T01:15:42.039+0000] {dag.py:3504} INFO - Setting next_dagrun for example_task_group to 2026-09-16T01:15:42.039222+00:00, run_after=2026-09-17T01:15:42.039222+00:00
[2026-09-17T01:15:42.056+0000] {processor.py:179} INFO - Processing /home/vscode/.local/lib/python3.10/site-packages/airflow/example_dags/example_task_group.py took 0.057 seconds
[2026-09-17T01:16:09.099+0000] {processor.py:157} INFO - Started process (PID=33336) to work on /home/vscode/.local/lib/python3.10/site-packages/airflow/example_dags/example_task_group.py
[2026-09-17T01:16:09.100+0000] {processor.py:826} INFO - Processing file /home/vscode/.local/lib/python3.10/site-packages/airflow/example_dags/example_task_group.py for tasks to queue
[2026-09-17T01:16:09.101+0000] {logging_mixin.py:150} INFO - [2026-09-17T01:16:09.100+0000] {dagbag.py:541} INFO - Filling up the DagBag from /home/vscode/.local/lib/python3.10/site-packages/airflow/example_dags/example_task_group.py
[2026-09-17T01:16:09.108+0000] {processor.py:836} INFO - DAG(s) dict_keys(['example_task_group']) retrieved from /home/vscode/.local/lib/python3.10/site-packages/airflow/example_dags/example_task_group.py
[2026-09-17T01:16:09.123+0000] {logging_mixin.py:150} INFO - [2026-09-17T01:16:09.123+0000] {dag.py:2742} INFO - Sync 1 DAGs
[2026-09-17T01:16:09.138+0000] {logging_mixin.py:150} INFO - [2026-09-17T01:16:09.138+0000] {dag.py:3504} INFO - Setting next_dagrun for example_task_group to 2026-09-16T01:16:09.138598+00:00, run_after=2026-09-17T01:16:09.138598+00:00
[2026-09-17T01:16:09.157+0000] {processor.py:179} INFO - Processing /home/vscode/.local/lib/python3.10/site-packages/airflow/example_dags/example_task_group.py took 0.061 seconds
[2026-09-17T01:16:32.866+0000] {processor.py:157} INFO - Started process (PID=33534) to work on /home/vscode/.local/lib/python3.10/site-packages/airflow/example_dags/example_task_group.py
[2026-09-17T01:16:32.866+0000] {processor.py:826} INFO - Processing file /home/vscode/.local/lib/python3.10/site-packages/airflow/example_dags/example_task_group.py for tasks to queue
[2026-09-17T01:16:32.867+0000] {logging_mixin.py:150} INFO - [2026-09-17T01:16:32.867+0000] {dagbag.py:541} INFO - Filling up the DagBag from /home/vscode/.local/lib/python3.10/site-packages/airflow/example_dags/example_task_group.py
[2026-09-17T01:16:32.874+0000] {processor.py:836} INFO - DAG(s) dict_keys(['example_task_group']) retrieved from /home/vscode/.local/lib/python3.10/site-packages/airflow/example_dags/example_task_group.py
[2026-09-17T01:16:32.889+0000] {logging_mixin.py:150} INFO - [2026-09-17T01:16:32.889+0000] {dag.py:2742} INFO - Sync 1 DAGs
[2026-09-17T01:16:32.907+0000] {logging_mixin.py:150} INFO - [2026-09-17T01:16:32.907+0000] {dag.py:3504} INFO - Setting next_dagrun for example_task_group to 2026-09-16T01:16:32.907102+00:00, run_after=2026-09-17T01:16:32.907102+00:00
[2026-09-17T01:16:32.924+0000] {processor.py:179} INFO - Processing /home/vscode/.local/lib/python3.10/site-packages/airflow/example_dags/example_task_group.py took 0.060 seconds
[2026-09-17T01:16:59.402+0000] {processor.py:157} INFO - Started process (PID=33766) to work on /home/vscode/.local/lib/python3.10/site-packages/airflow/example_dags/example_task_group.py
[2026-09-17T01:16:59.403+0000] {processor.py:826} INFO - Processing file /home/vscode/.local/lib/python3.10/site-packages/airflow/example_dags/example_task_group.py for tasks to queue
[2026-09-17T01:16:59.404+0000] {logging_mixin.py:150} INFO - [2026-09-17T01:16:59.403+0000] {dagbag.py:541} INFO - Filling up the DagBag from /home/vscode/.local/lib/python3.10/site-packages/airflow/example_dags/example_task_group.py
[2026-09-17T01:16:59.410+0000] {processor.py:836} INFO - DAG(s) dict_keys(['example_task_group']) retrieved from /home/vscode/.local/lib/python3.10/site-packages/airflow/example_dags/example_task_group.py
[2026-09-17T01:16:59.424+0000] {logging_mixin.py:150} INFO - [2026-09-17T01:16:59.424+0000] {dag.py:2742} INFO - Sync 1 DAGs
[2026-09-17T01:16:59.439+0000] {logging_mixin.py:150} INFO - [2026-09-17T01:16:59.439+0000] {dag.py:3504} INFO - Setting next_dagrun for example_task_group to 2026-09-16T01:16:59.438927+00:00, run_after=2026-09-17T01:16:59.438927+00:00
[2026-09-17T01:16:59.456+0000] {processor.py:179} INFO - Processing /home/vscode/.local/lib/python3.10/site-packages/airflow/example_dags/example_task_group.py took 0.057 seconds
[2026-09-17T01:17:18.941+0000] {processor.py:157} INFO - Started process (PID=33931) to work on /home/vscode/.local/lib/python3.10/site-packages/airflow/example_dags/example_task_group.py
[2026-09-17T01:17:18.944+0000] {processor.py:826} INFO - Processing file /home/vscode/.local/lib/python3.10/site-packages/airflow/example_dags/example_task_group.py for tasks to queue
[2026-09-17T01:17:18.945+0000] {logging_mixin.py:150} INFO - [2026-09-17T01:17:18.944+0000] {dagbag.py:541} INFO - Filling up the DagBag from /home/vscode/.local/lib/python3.10/site-packages/airflow/example_dags/example_task_group.py
[2026-09-17T01:17:18.954+0000] {processor.py:836} INFO - DAG(s) dict_keys(['example_task_group']) retrieved from /home/vscode/.local/lib/python3.10/site-packages/airflow/example_dags/example_task_group.py
[2026-09-17T01:17:18.971+0000] {logging_mixin.py:150} INFO - [2026-09-17T01:17:18.971+0000] {dag.py:2742} INFO - Sync 1 DAGs
[2026-09-17T01:17:18.992+0000] {logging_mixin.py:150} INFO - [2026-09-17T01:17:18.992+0000] {dag.py:3504} INFO - Setting next_dagrun for example_task_group to 2026-09-16T01:17:18.992007+00:00, run_after=2026-09-17T01:17:18.992007+00:00
[2026-09-17T01:17:19.020+0000] {processor.py:179} INFO - Processing /home/vscode/.local/lib/python3.10/site-packages/airflow/example_dags/example_task_group.py took 0.083 seconds
[2026-09-17T01:17:48.844+0000] {processor.py:157} INFO - Started process (PID=34177) to work on /home/vscode/.local/lib/python3.10/site-packages/airflow/example_dags/example_task_group.py
[2026-09-17T01:17:48.845+0000] {processor.py:826} INFO - Processing file /home/vscode/.local/lib/python3.10/site-packages/airflow/example_dags/example_task_group.py for tasks to queue
[2026-09-17T01:17:48.845+0000] {logging_mixin.py:150} INFO - [2026-09-17T01:17:48.845+0000] {dagbag.py:541} INFO - Filling up the DagBag from /home/vscode/.local/lib/python3.10/site-packages/airflow/example_dags/example_task_group.py
[2026-09-17T01:17:48.855+0000] {processor.py:836} INFO - DAG(s) dict_keys(['example_task_group']) retrieved from /home/vscode/.local/lib/python3.10/site-packages/airflow/example_dags/example_task_group.py
[2026-09-17T01:17:48.870+0000] {logging_mixin.py:150} INFO - [2026-09-17T01:17:48.870+0000] {dag.py:2742} INFO - Sync 1 DAGs
[2026-09-17T01:17:48.886+0000] {logging_mixin.py:150} INFO - [2026-09-17T01:17:48.886+0000] {dag.py:3504} INFO - Setting next_dagrun for example_task_group to 2026-09-16T01:17:48.885886+00:00, run_after=2026-09-17T01:17:48.885886+00:00
[2026-09-17T01:17:48.905+0000] {processor.py:179} INFO - Processing /home/vscode/.local/lib/python3.10/site-packages/airflow/example_dags/example_task_group.py took 0.063 seconds
[2026-09-17T01:18:08.596+0000] {processor.py:157} INFO - Started process (PID=34341) to work on /home/vscode/.local/lib/python3.10/site-packages/airflow/example_dags/example_task_group.py
[2026-09-17T01:18:08.597+0000] {processor.py:826} INFO - Processing file /home/vscode/.local/lib/python3.10/site-packages/airflow/example_dags/example_task_group.py for tasks to queue
[2026-09-17T01:18:08.597+0000] {logging_mixin.py:150} INFO - [2026-09-17T01:18:08.597+0000] {dagbag.py:541} INFO - Filling up the DagBag from /home/vscode/.local/lib/python3.10/site-packages/airflow/example_dags/example_task_group.py
[2026-09-17T01:18:08.604+0000] {processor.py:836} INFO - DAG(s) dict_keys(['example_task_group']) retrieved from /home/vscode/.local/lib/python3.10/site-packages/airflow/example_dags/example_task_group.py
[2026-09-17T01:18:08.618+0000] {logging_mixin.py:150} INFO - [2026-09-17T01:18:08.618+0000] {dag.py:2742} INFO - Sync 1 DAGs
[2026-09-17T01:18:08.637+0000] {logging_mixin.py:150} INFO - [2026-09-17T01:18:08.637+0000] {dag.py:3504} INFO - Setting next_dagrun for example_task_group to 2026-09-16T01:18:08.637323+00:00, run_after=2026-09-17T01:18:08.637323+00:00
[2026-09-17T01:18:08.655+0000] {processor.py:179} INFO - Processing /home/vscode/.local/lib/python3.10/site-packages/airflow/example_dags/example_task_group.py took 0.062 seconds
[2026-09-17T01:18:34.096+0000] {processor.py:157} INFO - Started process (PID=34560) to work on /home/vscode/.local/lib/python3.10/site-packages/airflow/example_dags/example_task_group.py
[2026-09-17T01:18:34.097+0000] {processor.py:826} INFO - Processing file /home/vscode/.local/lib/python3.10/site-packages/airflow/example_dags/example_task_group.py for tasks to queue
[2026-09-17T01:18:34.098+0000] {logging_mixin.py:150} INFO - [2026-09-17T01:18:34.098+0000] {dagbag.py:541} INFO - Filling up the DagBag from /home/vscode/.local/lib/python3.10/site-packages/airflow/example_dags/example_task_group.py
[2026-09-17T01:18:34.104+0000] {processor.py:836} INFO - DAG(s) dict_keys(['example_task_group']) retrieved from /home/vscode/.local/lib/python3.10/site-packages/airflow/example_dags/example_task_group.py
[2026-09-17T01:18:34.118+0000] {logging_mixin.py:150} INFO - [2026-09-17T01:18:34.118+0000] {dag.py:2742} INFO - Sync 1 DAGs
[2026-09-17T01:18:34.133+0000] {logging_mixin.py:150} INFO - [2026-09-17T01:18:34.133+0000] {dag.py:3504} INFO - Setting next_dagrun for example_task_group to 2026-09-16T01:18:34.133013+00:00, run_after=2026-09-17T01:18:34.133013+00:00
[2026-09-17T01:18:34.150+0000] {processor.py:179} INFO - Processing /home/vscode/.local/lib/python3.10/site-packages/airflow/example_dags/example_task_group.py took 0.057 seconds
[2026-09-17T01:18:55.760+0000] {processor.py:157} INFO - Started process (PID=34743) to work on /home/vscode/.local/lib/python3.10/site-packages/airflow/example_dags/example_task_group.py
[2026-09-17T01:18:55.761+0000] {processor.py:826} INFO - Processing file /home/vscode/.local/lib/python3.10/site-packages/airflow/example_dags/example_task_group.py for tasks to queue
[2026-09-17T01:18:55.761+0000] {logging_mixin.py:150} INFO - [2026-09-17T01:18:55.761+0000] {dagbag.py:541} INFO - Filling up the DagBag from /home/vscode/.local/lib/python3.10/site-packages/airflow/example_dags/example_task_group.py
[2026-09-17T01:18:55.768+0000] {processor.py:836} INFO - DAG(s) dict_keys(['example_task_group']) retrieved from /home/vscode/.local/lib/python3.10/site-packages/airflow/example_dags/example_task_group.py
[2026-09-17T01:18:55.780+0000] {logging_mixin.py:150} INFO - [2026-09-17T01:18:55.780+0000] {dag.py:2742} INFO - Sync 1 DAGs
[2026-09-17T01:18:55.795+0000] {logging_mixin.py:150} INFO - [2026-09-17T01:18:55.795+0000] {dag.py:3504} INFO - Setting next_dagrun for example_task_group to 2026-09-16T01:18:55.794913+00:00, run_after=2026-09-17T01:18:55.794913+00:00
[2026-09-17T01:18:55.811+0000] {processor.py:179} INFO - Processing /home/vscode/.local/lib/python3.10/site-packages/airflow/example_dags/example_task_group.py took 0.053 seconds
[2026-09-17T01:19:23.293+0000] {processor.py:157} INFO - Started process (PID=34966) to work on /home/vscode/.local/lib/python3.10/site-packages/airflow/example_dags/example_task_group.py
[2026-09-17T01:19:23.296+0000] {processor.py:826} INFO - Processing file /home/vscode/.local/lib/python3.10/site-packages/airflow/example_dags/example_task_group.py for tasks to queue
[2026-09-17T01:19:23.297+0000] {logging_mixin.py:150} INFO - [2026-09-17T01:19:23.297+0000] {dagbag.py:541} INFO - Filling up the DagBag from /home/vscode/.local/lib/python3.10/site-packages/airflow/example_dags/example_task_group.py
[2026-09-17T01:19:23.305+0000] {processor.py:836} INFO - DAG(s) dict_keys(['example_task_group']) retrieved from /home/vscode/.local/lib/python3.10/site-packages/airflow/example_dags/example_task_group.py
[2026-09-17T01:19:23.332+0000] {logging_mixin.py:150} INFO - [2026-09-17T01:19:23.332+0000] {dag.py:2742} INFO - Sync 1 DAGs
[2026-09-17T01:19:23.347+0000] {logging_mixin.py:150} INFO - [2026-09-17T01:19:23.347+0000] {dag.py:3504} INFO - Setting next_dagrun for example_task_group to 2026-09-16T01:19:23.347102+00:00, run_after=2026-09-17T01:19:23.347102+00:00
[2026-09-17T01:19:23.364+0000] {processor.py:179} INFO - Processing /home/vscode/.local/lib/python3.10/site-packages/airflow/example_dags/example_task_group.py took 0.074 seconds
[2026-09-17T01:19:43.344+0000] {processor.py:157} INFO - Started process (PID=35120) to work on /home/vscode/.local/lib/python3.10/site-packages/airflow/example_dags/example_task_group.py
[2026-09-17T01:19:43.345+0000] {processor.py:826} INFO - Processing file /home/vscode/.local/lib/python3.10/site-packages/airflow/example_dags/example_task_group.py for tasks to queue
[2026-09-17T01:19:43.346+0000] {logging_mixin.py:150} INFO - [2026-09-17T01:19:43.345+0000] {dagbag.py:541} INFO - Filling up the DagBag from /home/vscode/.local/lib/python3.10/site-packages/airflow/example_dags/example_task_group.py
[2026-09-17T01:19:43.353+0000] {processor.py:836} INFO - DAG(s) dict_keys(['example_task_group']) retrieved from /home/vscode/.local/lib/python3.10/site-packages/airflow/example_dags/example_task_group.py
[2026-09-17T01:19:43.368+0000] {logging_mixin.py:150} INFO - [2026-09-17T01:19:43.368+0000] {dag.py:2742} INFO - Sync 1 DAGs
[2026-09-17T01:19:43.383+0000] {logging_mixin.py:150} INFO - [2026-09-17T01:19:43.383+0000] {dag.py:3504} INFO - Setting next_dagrun for example_task_group to 2026-09-16T01:19:43.383249+00:00, run_after=2026-09-17T01:19:43.383249+00:00
[2026-09-17T01:19:43.406+0000] {processor.py:179} INFO - Processing /home/vscode/.local/lib/python3.10/site-packages/airflow/example_dags/example_task_group.py took 0.064 seconds
[2026-09-17T01:20:12.384+0000] {processor.py:157} INFO - Started process (PID=35419) to work on /home/vscode/.local/lib/python3.10/site-packages/airflow/example_dags/example_task_group.py
[2026-09-17T01:20:12.384+0000] {processor.py:826} INFO - Processing file /home/vscode/.local/lib/python3.10/site-packages/airflow/example_dags/example_task_group.py for tasks to queue
[2026-09-17T01:20:12.385+0000] {logging_mixin.py:150} INFO - [2026-09-17T01:20:12.385+0000] {dagbag.py:541} INFO - Filling up the DagBag from /home/vscode/.local/lib/python3.10/site-packages/airflow/example_dags/example_task_group.py
[2026-09-17T01:20:12.393+0000] {processor.py:836} INFO - DAG(s) dict_keys(['example_task_group']) retrieved from /home/vscode/.local/lib/python3.10/site-packages/airflow/example_dags/example_task_group.py
[2026-09-17T01:20:12.411+0000] {logging_mixin.py:150} INFO - [2026-09-17T01:20:12.410+0000] {dag.py:2742} INFO - Sync 1 DAGs
[2026-09-17T01:20:12.434+0000] {logging_mixin.py:150} INFO - [2026-09-17T01:20:12.434+0000] {dag.py:3504} INFO - Setting next_dagrun for example_task_group to 2026-09-16T01:20:12.434556+00:00, run_after=2026-09-17T01:20:12.434556+00:00
[2026-09-17T01:20:12.476+0000] {processor.py:179} INFO - Processing /home/vscode/.local/lib/python3.10/site-packages/airflow/example_dags/example_task_group.py took 0.096 seconds
[2026-09-17T01:20:32.455+0000] {processor.py:157} INFO - Started process (PID=35583) to work on /home/vscode/.local/lib/python3.10/site-packages/airflow/example_dags/example_task_group.py
[2026-09-17T01:20:32.455+0000] {processor.py:826} INFO - Processing file /home/vscode/.local/lib/python3.10/site-packages/airflow/example_dags/example_task_group.py for tasks to queue
[2026-09-17T01:20:32.456+0000] {logging_mixin.py:150} INFO - [2026-09-17T01:20:32.456+0000] {dagbag.py:541} INFO - Filling up the DagBag from /home/vscode/.local/lib/python3.10/site-packages/airflow/example_dags/example_task_group.py
[2026-09-17T01:20:32.462+0000] {processor.py:836} INFO - DAG(s) dict_keys(['example_task_group']) retrieved from /home/vscode/.local/lib/python3.10/site-packages/airflow/example_dags/example_task_group.py
[2026-09-17T01:20:32.476+0000] {logging_mixin.py:150} INFO - [2026-09-17T01:20:32.475+0000] {dag.py:2742} INFO - Sync 1 DAGs
[2026-09-17T01:20:32.493+0000] {logging_mixin.py:150} INFO - [2026-09-17T01:20:32.493+0000] {dag.py:3504} INFO - Setting next_dagrun for example_task_group to 2026-09-16T01:20:32.493172+00:00, run_after=2026-09-17T01:20:32.493172+00:00
[2026-09-17T01:20:32.509+0000] {processor.py:179} INFO - Processing /home/vscode/.local/lib/python3.10/site-packages/airflow/example_dags/example_task_group.py took 0.057 seconds
[2026-09-17T01:20:59.842+0000] {processor.py:157} INFO - Started process (PID=35916) to work on /home/vscode/.local/lib/python3.10/site-packages/airflow/example_dags/example_task_group.py
[2026-09-17T01:20:59.842+0000] {processor.py:826} INFO - Processing file /home/vscode/.local/lib/python3.10/site-packages/airflow/example_dags/example_task_group.py for tasks to queue
[2026-09-17T01:20:59.843+0000] {logging_mixin.py:150} INFO - [2026-09-17T01:20:59.843+0000] {dagbag.py:541} INFO - Filling up the DagBag from /home/vscode/.local/lib/python3.10/site-packages/airflow/example_dags/example_task_group.py
[2026-09-17T01:20:59.849+0000] {processor.py:836} INFO - DAG(s) dict_keys(['example_task_group']) retrieved from /home/vscode/.local/lib/python3.10/site-packages/airflow/example_dags/example_task_group.py
[2026-09-17T01:20:59.863+0000] {logging_mixin.py:150} INFO - [2026-09-17T01:20:59.862+0000] {dag.py:2742} INFO - Sync 1 DAGs
[2026-09-17T01:20:59.877+0000] {logging_mixin.py:150} INFO - [2026-09-17T01:20:59.877+0000] {dag.py:3504} INFO - Setting next_dagrun for example_task_group to 2026-09-16T01:20:59.877726+00:00, run_after=2026-09-17T01:20:59.877726+00:00
[2026-09-17T01:20:59.899+0000] {processor.py:179} INFO - Processing /home/vscode/.local/lib/python3.10/site-packages/airflow/example_dags/example_task_group.py took 0.060 seconds
[2026-09-17T01:21:21.025+0000] {processor.py:157} INFO - Started process (PID=36235) to work on /home/vscode/.local/lib/python3.10/site-packages/airflow/example_dags/example_task_group.py
[2026-09-17T01:21:21.026+0000] {processor.py:826} INFO - Processing file /home/vscode/.local/lib/python3.10/site-packages/airflow/example_dags/example_task_group.py for tasks to queue
[2026-09-17T01:21:21.027+0000] {logging_mixin.py:150} INFO - [2026-09-17T01:21:21.026+0000] {dagbag.py:541} INFO - Filling up the DagBag from /home/vscode/.local/lib/python3.10/site-packages/airflow/example_dags/example_task_group.py
[2026-09-17T01:21:21.033+0000] {processor.py:836} INFO - DAG(s) dict_keys(['example_task_group']) retrieved from /home/vscode/.local/lib/python3.10/site-packages/airflow/example_dags/example_task_group.py
[2026-09-17T01:21:21.046+0000] {logging_mixin.py:150} INFO - [2026-09-17T01:21:21.046+0000] {dag.py:2742} INFO - Sync 1 DAGs
[2026-09-17T01:21:21.060+0000] {logging_mixin.py:150} INFO - [2026-09-17T01:21:21.060+0000] {dag.py:3504} INFO - Setting next_dagrun for example_task_group to 2026-09-16T01:21:21.060656+00:00, run_after=2026-09-17T01:21:21.060656+00:00
[2026-09-17T01:21:21.076+0000] {processor.py:179} INFO - Processing /home/vscode/.local/lib/python3.10/site-packages/airflow/example_dags/example_task_group.py took 0.054 seconds
[2026-09-17T01:21:49.229+0000] {processor.py:157} INFO - Started process (PID=36598) to work on /home/vscode/.local/lib/python3.10/site-packages/airflow/example_dags/example_task_group.py
[2026-09-17T01:21:49.230+0000] {processor.py:826} INFO - Processing file /home/vscode/.local/lib/python3.10/site-packages/airflow/example_dags/example_task_group.py for tasks to queue
[2026-09-17T01:21:49.231+0000] {logging_mixin.py:150} INFO - [2026-09-17T01:21:49.230+0000] {dagbag.py:541} INFO - Filling up the DagBag from /home/vscode/.local/lib/python3.10/site-packages/airflow/example_dags/example_task_group.py
[2026-09-17T01:21:49.237+0000] {processor.py:836} INFO - DAG(s) dict_keys(['example_task_group']) retrieved from /home/vscode/.local/lib/python3.10/site-packages/airflow/example_dags/example_task_group.py
[2026-09-17T01:21:49.254+0000] {logging_mixin.py:150} INFO - [2026-09-17T01:21:49.254+0000] {dag.py:2742} INFO - Sync 1 DAGs
[2026-09-17T01:21:49.269+0000] {logging_mixin.py:150} INFO - [2026-09-17T01:21:49.269+0000] {dag.py:3504} INFO - Setting next_dagrun for example_task_group to 2026-09-16T01:21:49.269313+00:00, run_after=2026-09-17T01:21:49.269313+00:00
[2026-09-17T01:21:49.287+0000] {processor.py:179} INFO - Processing /home/vscode/.local/lib/python3.10/site-packages/airflow/example_dags/example_task_group.py took 0.060 seconds
[2026-09-17T01:22:10.679+0000] {processor.py:157} INFO - Started process (PID=36844) to work on /home/vscode/.local/lib/python3.10/site-packages/airflow/example_dags/example_task_group.py
[2026-09-17T01:22:10.680+0000] {processor.py:826} INFO - Processing file /home/vscode/.local/lib/python3.10/site-packages/airflow/example_dags/example_task_group.py for tasks to queue
[2026-09-17T01:22:10.681+0000] {logging_mixin.py:150} INFO - [2026-09-17T01:22:10.680+0000] {dagbag.py:541} INFO - Filling up the DagBag from /home/vscode/.local/lib/python3.10/site-packages/airflow/example_dags/example_task_group.py
[2026-09-17T01:22:10.689+0000] {processor.py:836} INFO - DAG(s) dict_keys(['example_task_group']) retrieved from /home/vscode/.local/lib/python3.10/site-packages/airflow/example_dags/example_task_group.py
[2026-09-17T01:22:10.705+0000] {logging_mixin.py:150} INFO - [2026-09-17T01:22:10.705+0000] {dag.py:2742} INFO - Sync 1 DAGs
[2026-09-17T01:22:10.719+0000] {logging_mixin.py:150} INFO - [2026-09-17T01:22:10.719+0000] {dag.py:3504} INFO - Setting next_dagrun for example_task_group to 2026-09-16T01:22:10.719298+00:00, run_after=2026-09-17T01:22:10.719298+00:00
[2026-09-17T01:22:10.735+0000] {processor.py:179} INFO - Processing /home/vscode/.local/lib/python3.10/site-packages/airflow/example_dags/example_task_group.py took 0.060 seconds
[2026-09-17T01:22:41.780+0000] {processor.py:157} INFO - Started process (PID=37250) to work on /home/vscode/.local/lib/python3.10/site-packages/airflow/example_dags/example_task_group.py
[2026-09-17T01:22:41.781+0000] {processor.py:826} INFO - Processing file /home/vscode/.local/lib/python3.10/site-packages/airflow/example_dags/example_task_group.py for tasks to queue
[2026-09-17T01:22:41.781+0000] {logging_mixin.py:150} INFO - [2026-09-17T01:22:41.781+0000] {dagbag.py:541} INFO - Filling up the DagBag from /home/vscode/.local/lib/python3.10/site-packages/airflow/example_dags/example_task_group.py
[2026-09-17T01:22:41.790+0000] {processor.py:836} INFO - DAG(s) dict_keys(['example_task_group']) retrieved from /home/vscode/.local/lib/python3.10/site-packages/airflow/example_dags/example_task_group.py
[2026-09-17T01:22:41.805+0000] {logging_mixin.py:150} INFO - [2026-09-17T01:22:41.805+0000] {dag.py:2742} INFO - Sync 1 DAGs
[2026-09-17T01:22:41.821+0000] {logging_mixin.py:150} INFO - [2026-09-17T01:22:41.821+0000] {dag.py:3504} INFO - Setting next_dagrun for example_task_group to 2026-09-16T01:22:41.820987+00:00, run_after=2026-09-17T01:22:41.820987+00:00
[2026-09-17T01:22:41.840+0000] {processor.py:179} INFO - Processing /home/vscode/.local/lib/python3.10/site-packages/airflow/example_dags/example_task_group.py took 0.062 seconds
[2026-09-17T01:22:55.905+0000] {processor.py:157} INFO - Started process (PID=37366) to work on /home/vscode/.local/lib/python3.10/site-packages/airflow/example_dags/example_task_group.py
[2026-09-17T01:22:55.906+0000] {processor.py:826} INFO - Processing file /home/vscode/.local/lib/python3.10/site-packages/airflow/example_dags/example_task_group.py for tasks to queue
[2026-09-17T01:22:55.907+0000] {logging_mixin.py:150} INFO - [2026-09-17T01:22:55.906+0000] {dagbag.py:541} INFO - Filling up the DagBag from /home/vscode/.local/lib/python3.10/site-packages/airflow/example_dags/example_task_group.py
[2026-09-17T01:22:55.915+0000] {processor.py:836} INFO - DAG(s) dict_keys(['example_task_group']) retrieved from /home/vscode/.local/lib/python3.10/site-packages/airflow/example_dags/example_task_group.py
[2026-09-17T01:22:55.939+0000] {logging_mixin.py:150} INFO - [2026-09-17T01:22:55.939+0000] {dag.py:2742} INFO - Sync 1 DAGs
[2026-09-17T01:22:55.967+0000] {logging_mixin.py:150} INFO - [2026-09-17T01:22:55.966+0000] {dag.py:3504} INFO - Setting next_dagrun for example_task_group to 2026-09-16T01:22:55.966239+00:00, run_after=2026-09-17T01:22:55.966239+00:00
[2026-09-17T01:22:55.992+0000] {processor.py:179} INFO - Processing /home/vscode/.local/lib/python3.10/site-packages/airflow/example_dags/example_task_group.py took 0.090 seconds
[2026-09-17T01:23:26.658+0000] {processor.py:157} INFO - Started process (PID=37682) to work on /home/vscode/.local/lib/python3.10/site-packages/airflow/example_dags/example_task_group.py
[2026-09-17T01:23:26.659+0000] {processor.py:826} INFO - Processing file /home/vscode/.local/lib/python3.10/site-packages/airflow/example_dags/example_task_group.py for tasks to queue
[2026-09-17T01:23:26.660+0000] {logging_mixin.py:150} INFO - [2026-09-17T01:23:26.659+0000] {dagbag.py:541} INFO - Filling up the DagBag from /home/vscode/.local/lib/python3.10/site-packages/airflow/example_dags/example_task_group.py
[2026-09-17T01:23:26.667+0000] {processor.py:836} INFO - DAG(s) dict_keys(['example_task_group']) retrieved from /home/vscode/.local/lib/python3.10/site-packages/airflow/example_dags/example_task_group.py
[2026-09-17T01:23:26.686+0000] {logging_mixin.py:150} INFO - [2026-09-17T01:23:26.685+0000] {dag.py:2742} INFO - Sync 1 DAGs
[2026-09-17T01:23:26.702+0000] {logging_mixin.py:150} INFO - [2026-09-17T01:23:26.702+0000] {dag.py:3504} INFO - Setting next_dagrun for example_task_group to 2026-09-16T01:23:26.702622+00:00, run_after=2026-09-17T01:23:26.702622+00:00
[2026-09-17T01:23:26.729+0000] {processor.py:179} INFO - Processing /home/vscode/.local/lib/python3.10/site-packages/airflow/example_dags/example_task_group.py took 0.075 seconds
[2026-09-17T01:23:33.358+0000] {processor.py:157} INFO - Started process (PID=37735) to work on /home/vscode/.local/lib/python3.10/site-packages/airflow/example_dags/example_task_group.py
[2026-09-17T01:23:33.358+0000] {processor.py:826} INFO - Processing file /home/vscode/.local/lib/python3.10/site-packages/airflow/example_dags/example_task_group.py for tasks to queue
[2026-09-17T01:23:33.359+0000] {logging_mixin.py:150} INFO - [2026-09-17T01:23:33.359+0000] {dagbag.py:541} INFO - Filling up the DagBag from /home/vscode/.local/lib/python3.10/site-packages/airflow/example_dags/example_task_group.py
[2026-09-17T01:23:33.366+0000] {processor.py:836} INFO - DAG(s) dict_keys(['example_task_group']) retrieved from /home/vscode/.local/lib/python3.10/site-packages/airflow/example_dags/example_task_group.py
[2026-09-17T01:23:33.382+0000] {logging_mixin.py:150} INFO - [2026-09-17T01:23:33.382+0000] {dag.py:2742} INFO - Sync 1 DAGs
[2026-09-17T01:23:33.403+0000] {logging_mixin.py:150} INFO - [2026-09-17T01:23:33.402+0000] {dag.py:3504} INFO - Setting next_dagrun for example_task_group to 2026-09-16T01:23:33.402694+00:00, run_after=2026-09-17T01:23:33.402694+00:00
[2026-09-17T01:23:33.428+0000] {processor.py:179} INFO - Processing /home/vscode/.local/lib/python3.10/site-packages/airflow/example_dags/example_task_group.py took 0.073 seconds
[2026-09-17T01:24:18.287+0000] {processor.py:157} INFO - Started process (PID=38251) to work on /home/vscode/.local/lib/python3.10/site-packages/airflow/example_dags/example_task_group.py
[2026-09-17T01:24:18.288+0000] {processor.py:826} INFO - Processing file /home/vscode/.local/lib/python3.10/site-packages/airflow/example_dags/example_task_group.py for tasks to queue
[2026-09-17T01:24:18.289+0000] {logging_mixin.py:150} INFO - [2026-09-17T01:24:18.288+0000] {dagbag.py:541} INFO - Filling up the DagBag from /home/vscode/.local/lib/python3.10/site-packages/airflow/example_dags/example_task_group.py
[2026-09-17T01:24:18.298+0000] {processor.py:836} INFO - DAG(s) dict_keys(['example_task_group']) retrieved from /home/vscode/.local/lib/python3.10/site-packages/airflow/example_dags/example_task_group.py
[2026-09-17T01:24:18.312+0000] {logging_mixin.py:150} INFO - [2026-09-17T01:24:18.312+0000] {dag.py:2742} INFO - Sync 1 DAGs
[2026-09-17T01:24:18.326+0000] {logging_mixin.py:150} INFO - [2026-09-17T01:24:18.326+0000] {dag.py:3504} INFO - Setting next_dagrun for example_task_group to 2026-09-16T01:24:18.326668+00:00, run_after=2026-09-17T01:24:18.326668+00:00
[2026-09-17T01:24:18.343+0000] {processor.py:179} INFO - Processing /home/vscode/.local/lib/python3.10/site-packages/airflow/example_dags/example_task_group.py took 0.059 seconds
[2026-09-17T01:24:22.068+0000] {processor.py:157} INFO - Started process (PID=38292) to work on /home/vscode/.local/lib/python3.10/site-packages/airflow/example_dags/example_task_group.py
[2026-09-17T01:24:22.069+0000] {processor.py:826} INFO - Processing file /home/vscode/.local/lib/python3.10/site-packages/airflow/example_dags/example_task_group.py for tasks to queue
[2026-09-17T01:24:22.070+0000] {logging_mixin.py:150} INFO - [2026-09-17T01:24:22.069+0000] {dagbag.py:541} INFO - Filling up the DagBag from /home/vscode/.local/lib/python3.10/site-packages/airflow/example_dags/example_task_group.py
[2026-09-17T01:24:22.076+0000] {processor.py:836} INFO - DAG(s) dict_keys(['example_task_group']) retrieved from /home/vscode/.local/lib/python3.10/site-packages/airflow/example_dags/example_task_group.py
[2026-09-17T01:24:22.095+0000] {logging_mixin.py:150} INFO - [2026-09-17T01:24:22.094+0000] {dag.py:2742} INFO - Sync 1 DAGs
[2026-09-17T01:24:22.113+0000] {logging_mixin.py:150} INFO - [2026-09-17T01:24:22.113+0000] {dag.py:3504} INFO - Setting next_dagrun for example_task_group to 2026-09-16T01:24:22.113209+00:00, run_after=2026-09-17T01:24:22.113209+00:00
[2026-09-17T01:24:22.130+0000] {processor.py:179} INFO - Processing /home/vscode/.local/lib/python3.10/site-packages/airflow/example_dags/example_task_group.py took 0.064 seconds
