[2026-09-17T00:56:03.824+0000] {processor.py:157} INFO - Started process (PID=22326) to work on /home/vscode/.local/lib/python3.10/site-packages/airflow/example_dags/example_bash_operator.py
[2026-09-17T00:56:03.825+0000] {processor.py:826} INFO - Processing file /home/vscode/.local/lib/python3.10/site-packages/airflow/example_dags/example_bash_operator.py for tasks to queue
[2026-09-17T00:56:03.826+0000] {logging_mixin.py:150} INFO - [2026-09-17T00:56:03.826+0000] {dagbag.py:541} INFO - Filling up the DagBag from /home/vscode/.local/lib/python3.10/site-packages/airflow/example_dags/example_bash_operator.py
[2026-09-17T00:56:03.840+0000] {processor.py:836} INFO - DAG(s) dict_keys(['example_bash_operator']) retrieved from /home/vscode/.local/lib/python3.10/site-packages/airflow/example_dags/example_bash_operator.py
[2026-09-17T00:56:04.006+0000] {logging_mixin.py:150} INFO - [2026-09-17T00:56:04.006+0000] {manager.py:504} INFO - Created Permission View: can delete on DAG:example_bash_operator
[2026-09-17T00:56:04.019+0000] {logging_mixin.py:150} INFO - [2026-09-17T00:56:04.019+0000] {manager.py:504} INFO - Created Permission View: can edit on DAG:example_bash_operator
[2026-09-17T00:56:04.028+0000] {logging_mixin.py:150} INFO - [2026-09-17T00:56:04.028+0000] {manager.py:504} INFO - Created Permission View: can read on DAG:example_bash_operator
[2026-09-17T00:56:04.044+0000] {logging_mixin.py:150} INFO - [2026-09-17T00:56:04.044+0000] {dag.py:2742} INFO - Sync 1 DAGs
[2026-09-17T00:56:04.055+0000] {logging_mixin.py:150} INFO - [2026-09-17T00:56:04.055+0000] {dag.py:2763} INFO - Creating ORM DAG for example_bash_operator
[2026-09-17T00:56:04.068+0000] {logging_mixin.py:150} INFO - [2026-09-17T00:56:04.068+0000] {dag.py:3504} INFO - Setting next_dagrun for example_bash_operator to 2026-09-16T00:00:00+00:00, run_after=2026-09-17T00:00:00+00:00
[2026-09-17T00:56:04.097+0000] {processor.py:179} INFO - Processing /home/vscode/.local/lib/python3.10/site-packages/airflow/example_dags/example_bash_operator.py took 0.278 seconds
[2026-09-17T00:56:26.921+0000] {processor.py:157} INFO - Started process (PID=22505) to work on /home/vscode/.local/lib/python3.10/site-packages/airflow/example_dags/example_bash_operator.py
[2026-09-17T00:56:26.921+0000] {processor.py:826} INFO - Processing file /home/vscode/.local/lib/python3.10/site-packages/airflow/example_dags/example_bash_operator.py for tasks to queue
[2026-09-17T00:56:26.922+0000] {logging_mixin.py:150} INFO - [2026-09-17T00:56:26.922+0000] {dagbag.py:541} INFO - Filling up the DagBag from /home/vscode/.local/lib/python3.10/site-packages/airflow/example_dags/example_bash_operator.py
[2026-09-17T00:56:26.931+0000] {processor.py:836} INFO - DAG(s) dict_keys(['example_bash_operator']) retrieved from /home/vscode/.local/lib/python3.10/site-packages/airflow/example_dags/example_bash_operator.py
[2026-09-17T00:56:26.938+0000] {logging_mixin.py:150} INFO - [2026-09-17T00:56:26.938+0000] {dag.py:2742} INFO - Sync 1 DAGs
[2026-09-17T00:56:26.960+0000] {logging_mixin.py:150} INFO - [2026-09-17T00:56:26.960+0000] {dag.py:3504} INFO - Setting next_dagrun for example_bash_operator to 2026-09-16T00:00:00+00:00, run_after=2026-09-17T00:00:00+00:00
[2026-09-17T00:56:26.982+0000] {processor.py:179} INFO - Processing /home/vscode/.local/lib/python3.10/site-packages/airflow/example_dags/example_bash_operator.py took 0.064 seconds
[2026-09-17T00:57:08.851+0000] {processor.py:157} INFO - Started process (PID=22906) to work on /home/vscode/.local/lib/python3.10/site-packages/airflow/example_dags/example_bash_operator.py
[2026-09-17T00:57:08.852+0000] {processor.py:826} INFO - Processing file /home/vscode/.local/lib/python3.10/site-packages/airflow/example_dags/example_bash_operator.py for tasks to queue
[2026-09-17T00:57:08.855+0000] {logging_mixin.py:150} INFO - [2026-09-17T00:57:08.854+0000] {dagbag.py:541} INFO - Filling up the DagBag from /home/vscode/.local/lib/python3.10/site-packages/airflow/example_dags/example_bash_operator.py
[2026-09-17T00:57:08.878+0000] {processor.py:836} INFO - DAG(s) dict_keys(['example_bash_operator']) retrieved from /home/vscode/.local/lib/python3.10/site-packages/airflow/example_dags/example_bash_operator.py
[2026-09-17T00:57:08.917+0000] {logging_mixin.py:150} INFO - [2026-09-17T00:57:08.917+0000] {dag.py:2742} INFO - Sync 1 DAGs
[2026-09-17T00:57:08.963+0000] {logging_mixin.py:150} INFO - [2026-09-17T00:57:08.962+0000] {dag.py:3504} INFO - Setting next_dagrun for example_bash_operator to 2026-09-16T00:00:00+00:00, run_after=2026-09-17T00:00:00+00:00
[2026-09-17T00:57:08.987+0000] {processor.py:179} INFO - Processing /home/vscode/.local/lib/python3.10/site-packages/airflow/example_dags/example_bash_operator.py took 0.148 seconds
[2026-09-17T00:57:26.386+0000] {processor.py:157} INFO - Started process (PID=23046) to work on /home/vscode/.local/lib/python3.10/site-packages/airflow/example_dags/example_bash_operator.py
[2026-09-17T00:57:26.387+0000] {processor.py:826} INFO - Processing file /home/vscode/.local/lib/python3.10/site-packages/airflow/example_dags/example_bash_operator.py for tasks to queue
[2026-09-17T00:57:26.388+0000] {logging_mixin.py:150} INFO - [2026-09-17T00:57:26.387+0000] {dagbag.py:541} INFO - Filling up the DagBag from /home/vscode/.local/lib/python3.10/site-packages/airflow/example_dags/example_bash_operator.py
[2026-09-17T00:57:26.401+0000] {processor.py:836} INFO - DAG(s) dict_keys(['example_bash_operator']) retrieved from /home/vscode/.local/lib/python3.10/site-packages/airflow/example_dags/example_bash_operator.py
[2026-09-17T00:57:26.421+0000] {logging_mixin.py:150} INFO - [2026-09-17T00:57:26.421+0000] {dag.py:2742} INFO - Sync 1 DAGs
[2026-09-17T00:57:26.440+0000] {logging_mixin.py:150} INFO - [2026-09-17T00:57:26.440+0000] {dag.py:3504} INFO - Setting next_dagrun for example_bash_operator to 2026-09-16T00:00:00+00:00, run_after=2026-09-17T00:00:00+00:00
[2026-09-17T00:57:26.462+0000] {processor.py:179} INFO - Processing /home/vscode/.local/lib/python3.10/site-packages/airflow/example_dags/example_bash_operator.py took 0.079 seconds
[2026-09-17T00:58:01.024+0000] {processor.py:157} INFO - Started process (PID=23313) to work on /home/vscode/.local/lib/python3.10/site-packages/airflow/example_dags/example_bash_operator.py
[2026-09-17T00:58:01.025+0000] {processor.py:826} INFO - Processing file /home/vscode/.local/lib/python3.10/site-packages/airflow/example_dags/example_bash_operator.py for tasks to queue
[2026-09-17T00:58:01.026+0000] {logging_mixin.py:150} INFO - [2026-09-17T00:58:01.026+0000] {dagbag.py:541} INFO - Filling up the DagBag from /home/vscode/.local/lib/python3.10/site-packages/airflow/example_dags/example_bash_operator.py
[2026-09-17T00:58:01.038+0000] {processor.py:836} INFO - DAG(s) dict_keys(['example_bash_operator']) retrieved from /home/vscode/.local/lib/python3.10/site-packages/airflow/example_dags/example_bash_operator.py
[2026-09-17T00:58:01.069+0000] {logging_mixin.py:150} INFO - [2026-09-17T00:58:01.068+0000] {dag.py:2742} INFO - Sync 1 DAGs
[2026-09-17T00:58:01.094+0000] {logging_mixin.py:150} INFO - [2026-09-17T00:58:01.094+0000] {dag.py:3504} INFO - Setting next_dagrun for example_bash_operator to 2026-09-16T00:00:00+00:00, run_after=2026-09-17T00:00:00+00:00
[2026-09-17T00:58:01.115+0000] {processor.py:179} INFO - Processing /home/vscode/.local/lib/python3.10/site-packages/airflow/example_dags/example_bash_operator.py took 0.094 seconds
[2026-09-17T00:58:19.890+0000] {processor.py:157} INFO - Started process (PID=23508) to work on /home/vscode/.local/lib/python3.10/site-packages/airflow/example_dags/example_bash_operator.py
[2026-09-17T00:58:19.891+0000] {processor.py:826} INFO - Processing file /home/vscode/.local/lib/python3.10/site-packages/airflow/example_dags/example_bash_operator.py for tasks to queue
[2026-09-17T00:58:19.891+0000] {logging_mixin.py:150} INFO - [2026-09-17T00:58:19.891+0000] {dagbag.py:541} INFO - Filling up the DagBag from /home/vscode/.local/lib/python3.10/site-packages/airflow/example_dags/example_bash_operator.py
[2026-09-17T00:58:19.903+0000] {processor.py:836} INFO - DAG(s) dict_keys(['example_bash_operator']) retrieved from /home/vscode/.local/lib/python3.10/site-packages/airflow/example_dags/example_bash_operator.py
[2026-09-17T00:58:19.923+0000] {logging_mixin.py:150} INFO - [2026-09-17T00:58:19.922+0000] {dag.py:2742} INFO - Sync 1 DAGs
[2026-09-17T00:58:19.938+0000] {logging_mixin.py:150} INFO - [2026-09-17T00:58:19.938+0000] {dag.py:3504} INFO - Setting next_dagrun for example_bash_operator to 2026-09-16T00:00:00+00:00, run_after=2026-09-17T00:00:00+00:00
[2026-09-17T00:58:19.955+0000] {processor.py:179} INFO - Processing /home/vscode/.local/lib/python3.10/site-packages/airflow/example_dags/example_bash_operator.py took 0.068 seconds
[2026-09-17T00:58:50.009+0000] {processor.py:157} INFO - Started process (PID=23853) to work on /home/vscode/.local/lib/python3.10/site-packages/airflow/example_dags/example_bash_operator.py
[2026-09-17T00:58:50.010+0000] {processor.py:826} INFO - Processing file /home/vscode/.local/lib/python3.10/site-packages/airflow/example_dags/example_bash_operator.py for tasks to queue
[2026-09-17T00:58:50.011+0000] {logging_mixin.py:150} INFO - [2026-09-17T00:58:50.010+0000] {dagbag.py:541} INFO - Filling up the DagBag from /home/vscode/.local/lib/python3.10/site-packages/airflow/example_dags/example_bash_operator.py
[2026-09-17T00:58:50.020+0000] {processor.py:836} INFO - DAG(s) dict_keys(['example_bash_operator']) retrieved from /home/vscode/.local/lib/python3.10/site-packages/airflow/example_dags/example_bash_operator.py
[2026-09-17T00:58:50.039+0000] {logging_mixin.py:150} INFO - [2026-09-17T00:58:50.039+0000] {dag.py:2742} INFO - Sync 1 DAGs
[2026-09-17T00:58:50.061+0000] {logging_mixin.py:150} INFO - [2026-09-17T00:58:50.060+0000] {dag.py:3504} INFO - Setting next_dagrun for example_bash_operator to 2026-09-16T00:00:00+00:00, run_after=2026-09-17T00:00:00+00:00
[2026-09-17T00:58:50.078+0000] {processor.py:179} INFO - Processing /home/vscode/.local/lib/python3.10/site-packages/airflow/example_dags/example_bash_operator.py took 0.071 seconds
[2026-09-17T00:59:13.087+0000] {processor.py:157} INFO - Started process (PID=24132) to work on /home/vscode/.local/lib/python3.10/site-packages/airflow/example_dags/example_bash_operator.py
[2026-09-17T00:59:13.088+0000] {processor.py:826} INFO - Processing file /home/vscode/.local/lib/python3.10/site-packages/airflow/example_dags/example_bash_operator.py for tasks to queue
[2026-09-17T00:59:13.089+0000] {logging_mixin.py:150} INFO - [2026-09-17T00:59:13.088+0000] {dagbag.py:541} INFO - Filling up the DagBag from /home/vscode/.local/lib/python3.10/site-packages/airflow/example_dags/example_bash_operator.py
[2026-09-17T00:59:13.098+0000] {processor.py:836} INFO - DAG(s) dict_keys(['example_bash_operator']) retrieved from /home/vscode/.local/lib/python3.10/site-packages/airflow/example_dags/example_bash_operator.py
[2026-09-17T00:59:13.117+0000] {logging_mixin.py:150} INFO - [2026-09-17T00:59:13.116+0000] {dag.py:2742} INFO - Sync 1 DAGs
[2026-09-17T00:59:13.132+0000] {logging_mixin.py:150} INFO - [2026-09-17T00:59:13.132+0000] {dag.py:3504} INFO - Setting next_dagrun for example_bash_operator to 2026-09-16T00:00:00+00:00, run_after=2026-09-17T00:00:00+00:00
[2026-09-17T00:59:13.149+0000] {processor.py:179} INFO - Processing /home/vscode/.local/lib/python3.10/site-packages/airflow/example_dags/example_bash_operator.py took 0.064 seconds
[2026-09-17T00:59:40.255+0000] {processor.py:157} INFO - Started process (PID=24496) to work on /home/vscode/.local/lib/python3.10/site-packages/airflow/example_dags/example_bash_operator.py
[2026-09-17T00:59:40.256+0000] {processor.py:826} INFO - Processing file /home/vscode/.local/lib/python3.10/site-packages/airflow/example_dags/example_bash_operator.py for tasks to queue
[2026-09-17T00:59:40.257+0000] {logging_mixin.py:150} INFO - [2026-09-17T00:59:40.257+0000] {dagbag.py:541} INFO - Filling up the DagBag from /home/vscode/.local/lib/python3.10/site-packages/airflow/example_dags/example_bash_operator.py
[2026-09-17T00:59:40.271+0000] {processor.py:836} INFO - DAG(s) dict_keys(['example_bash_operator']) retrieved from /home/vscode/.local/lib/python3.10/site-packages/airflow/example_dags/example_bash_operator.py
[2026-09-17T00:59:40.304+0000] {logging_mixin.py:150} INFO - [2026-09-17T00:59:40.304+0000] {dag.py:2742} INFO - Sync 1 DAGs
[2026-09-17T00:59:40.351+0000] {logging_mixin.py:150} INFO - [2026-09-17T00:59:40.351+0000] {dag.py:3504} INFO - Setting next_dagrun for example_bash_operator to 2026-09-16T00:00:00+00:00, run_after=2026-09-17T00:00:00+00:00
[2026-09-17T00:59:40.392+0000] {processor.py:179} INFO - Processing /home/vscode/.local/lib/python3.10/site-packages/airflow/example_dags/example_bash_operator.py took 0.140 seconds
[2026-09-17T01:00:06.340+0000] {processor.py:157} INFO - Started process (PID=24891) to work on /home/vscode/.local/lib/python3.10/site-packages/airflow/example_dags/example_bash_operator.py
[2026-09-17T01:00:06.341+0000] {processor.py:826} INFO - Processing file /home/vscode/.local/lib/python3.10/site-packages/airflow/example_dags/example_bash_operator.py for tasks to queue
[2026-09-17T01:00:06.342+0000] {logging_mixin.py:150} INFO - [2026-09-17T01:00:06.341+0000] {dagbag.py:541} INFO - Filling up the DagBag from /home/vscode/.local/lib/python3.10/site-packages/airflow/example_dags/example_bash_operator.py
[2026-09-17T01:00:06.351+0000] {processor.py:836} INFO - DAG(s) dict_keys(['example_bash_operator']) retrieved from /home/vscode/.local/lib/python3.10/site-packages/airflow/example_dags/example_bash_operator.py
[2026-09-17T01:00:06.369+0000] {logging_mixin.py:150} INFO - [2026-09-17T01:00:06.369+0000] {dag.py:2742} INFO - Sync 1 DAGs
[2026-09-17T01:00:06.387+0000] {logging_mixin.py:150} INFO - [2026-09-17T01:00:06.386+0000] {dag.py:3504} INFO - Setting next_dagrun for example_bash_operator to 2026-09-16T00:00:00+00:00, run_after=2026-09-17T00:00:00+00:00
[2026-09-17T01:00:06.406+0000] {processor.py:179} INFO - Processing /home/vscode/.local/lib/python3.10/site-packages/airflow/example_dags/example_bash_operator.py took 0.068 seconds
[2026-09-17T01:00:34.475+0000] {processor.py:157} INFO - Started process (PID=25265) to work on /home/vscode/.local/lib/python3.10/site-packages/airflow/example_dags/example_bash_operator.py
[2026-09-17T01:00:34.475+0000] {processor.py:826} INFO - Processing file /home/vscode/.local/lib/python3.10/site-packages/airflow/example_dags/example_bash_operator.py for tasks to queue
[2026-09-17T01:00:34.476+0000] {logging_mixin.py:150} INFO - [2026-09-17T01:00:34.476+0000] {dagbag.py:541} INFO - Filling up the DagBag from /home/vscode/.local/lib/python3.10/site-packages/airflow/example_dags/example_bash_operator.py
[2026-09-17T01:00:34.486+0000] {processor.py:836} INFO - DAG(s) dict_keys(['example_bash_operator']) retrieved from /home/vscode/.local/lib/python3.10/site-packages/airflow/example_dags/example_bash_operator.py
[2026-09-17T01:00:34.509+0000] {logging_mixin.py:150} INFO - [2026-09-17T01:00:34.509+0000] {dag.py:2742} INFO - Sync 1 DAGs
[2026-09-17T01:00:34.524+0000] {logging_mixin.py:150} INFO - [2026-09-17T01:00:34.524+0000] {dag.py:3504} INFO - Setting next_dagrun for example_bash_operator to 2026-09-16T00:00:00+00:00, run_after=2026-09-17T00:00:00+00:00
[2026-09-17T01:00:34.540+0000] {processor.py:179} INFO - Processing /home/vscode/.local/lib/python3.10/site-packages/airflow/example_dags/example_bash_operator.py took 0.068 seconds
[2026-09-17T01:00:55.711+0000] {processor.py:157} INFO - Started process (PID=25471) to work on /home/vscode/.local/lib/python3.10/site-packages/airflow/example_dags/example_bash_operator.py
[2026-09-17T01:00:55.712+0000] {processor.py:826} INFO - Processing file /home/vscode/.local/lib/python3.10/site-packages/airflow/example_dags/example_bash_operator.py for tasks to queue
[2026-09-17T01:00:55.712+0000] {logging_mixin.py:150} INFO - [2026-09-17T01:00:55.712+0000] {dagbag.py:541} INFO - Filling up the DagBag from /home/vscode/.local/lib/python3.10/site-packages/airflow/example_dags/example_bash_operator.py
[2026-09-17T01:00:55.722+0000] {processor.py:836} INFO - DAG(s) dict_keys(['example_bash_operator']) retrieved from /home/vscode/.local/lib/python3.10/site-packages/airflow/example_dags/example_bash_operator.py
[2026-09-17T01:00:55.742+0000] {logging_mixin.py:150} INFO - [2026-09-17T01:00:55.742+0000] {dag.py:2742} INFO - Sync 1 DAGs
[2026-09-17T01:00:55.758+0000] {logging_mixin.py:150} INFO - [2026-09-17T01:00:55.758+0000] {dag.py:3504} INFO - Setting next_dagrun for example_bash_operator to 2026-09-16T00:00:00+00:00, run_after=2026-09-17T00:00:00+00:00
[2026-09-17T01:00:55.774+0000] {processor.py:179} INFO - Processing /home/vscode/.local/lib/python3.10/site-packages/airflow/example_dags/example_bash_operator.py took 0.065 seconds
[2026-09-17T01:01:26.391+0000] {processor.py:157} INFO - Started process (PID=25732) to work on /home/vscode/.local/lib/python3.10/site-packages/airflow/example_dags/example_bash_operator.py
[2026-09-17T01:01:26.392+0000] {processor.py:826} INFO - Processing file /home/vscode/.local/lib/python3.10/site-packages/airflow/example_dags/example_bash_operator.py for tasks to queue
[2026-09-17T01:01:26.393+0000] {logging_mixin.py:150} INFO - [2026-09-17T01:01:26.392+0000] {dagbag.py:541} INFO - Filling up the DagBag from /home/vscode/.local/lib/python3.10/site-packages/airflow/example_dags/example_bash_operator.py
[2026-09-17T01:01:26.407+0000] {processor.py:836} INFO - DAG(s) dict_keys(['example_bash_operator']) retrieved from /home/vscode/.local/lib/python3.10/site-packages/airflow/example_dags/example_bash_operator.py
[2026-09-17T01:01:26.437+0000] {logging_mixin.py:150} INFO - [2026-09-17T01:01:26.436+0000] {dag.py:2742} INFO - Sync 1 DAGs
[2026-09-17T01:01:26.456+0000] {logging_mixin.py:150} INFO - [2026-09-17T01:01:26.456+0000] {dag.py:3504} INFO - Setting next_dagrun for example_bash_operator to 2026-09-16T00:00:00+00:00, run_after=2026-09-17T00:00:00+00:00
[2026-09-17T01:01:26.472+0000] {processor.py:179} INFO - Processing /home/vscode/.local/lib/python3.10/site-packages/airflow/example_dags/example_bash_operator.py took 0.084 seconds
[2026-09-17T01:01:45.035+0000] {processor.py:157} INFO - Started process (PID=25879) to work on /home/vscode/.local/lib/python3.10/site-packages/airflow/example_dags/example_bash_operator.py
[2026-09-17T01:01:45.036+0000] {processor.py:826} INFO - Processing file /home/vscode/.local/lib/python3.10/site-packages/airflow/example_dags/example_bash_operator.py for tasks to queue
[2026-09-17T01:01:45.037+0000] {logging_mixin.py:150} INFO - [2026-09-17T01:01:45.037+0000] {dagbag.py:541} INFO - Filling up the DagBag from /home/vscode/.local/lib/python3.10/site-packages/airflow/example_dags/example_bash_operator.py
[2026-09-17T01:01:45.051+0000] {processor.py:836} INFO - DAG(s) dict_keys(['example_bash_operator']) retrieved from /home/vscode/.local/lib/python3.10/site-packages/airflow/example_dags/example_bash_operator.py
[2026-09-17T01:01:45.077+0000] {logging_mixin.py:150} INFO - [2026-09-17T01:01:45.077+0000] {dag.py:2742} INFO - Sync 1 DAGs
[2026-09-17T01:01:45.097+0000] {logging_mixin.py:150} INFO - [2026-09-17T01:01:45.097+0000] {dag.py:3504} INFO - Setting next_dagrun for example_bash_operator to 2026-09-16T00:00:00+00:00, run_after=2026-09-17T00:00:00+00:00
[2026-09-17T01:01:45.116+0000] {processor.py:179} INFO - Processing /home/vscode/.local/lib/python3.10/site-packages/airflow/example_dags/example_bash_operator.py took 0.084 seconds
[2026-09-17T01:02:19.184+0000] {processor.py:157} INFO - Started process (PID=26165) to work on /home/vscode/.local/lib/python3.10/site-packages/airflow/example_dags/example_bash_operator.py
[2026-09-17T01:02:19.186+0000] {processor.py:826} INFO - Processing file /home/vscode/.local/lib/python3.10/site-packages/airflow/example_dags/example_bash_operator.py for tasks to queue
[2026-09-17T01:02:19.186+0000] {logging_mixin.py:150} INFO - [2026-09-17T01:02:19.186+0000] {dagbag.py:541} INFO - Filling up the DagBag from /home/vscode/.local/lib/python3.10/site-packages/airflow/example_dags/example_bash_operator.py
[2026-09-17T01:02:19.198+0000] {processor.py:836} INFO - DAG(s) dict_keys(['example_bash_operator']) retrieved from /home/vscode/.local/lib/python3.10/site-packages/airflow/example_dags/example_bash_operator.py
[2026-09-17T01:02:19.225+0000] {logging_mixin.py:150} INFO - [2026-09-17T01:02:19.224+0000] {dag.py:2742} INFO - Sync 1 DAGs
[2026-09-17T01:02:19.241+0000] {logging_mixin.py:150} INFO - [2026-09-17T01:02:19.241+0000] {dag.py:3504} INFO - Setting next_dagrun for example_bash_operator to 2026-09-16T00:00:00+00:00, run_after=2026-09-17T00:00:00+00:00
[2026-09-17T01:02:19.258+0000] {processor.py:179} INFO - Processing /home/vscode/.local/lib/python3.10/site-packages/airflow/example_dags/example_bash_operator.py took 0.078 seconds
[2026-09-17T01:02:29.714+0000] {processor.py:157} INFO - Started process (PID=26256) to work on /home/vscode/.local/lib/python3.10/site-packages/airflow/example_dags/example_bash_operator.py
[2026-09-17T01:02:29.715+0000] {processor.py:826} INFO - Processing file /home/vscode/.local/lib/python3.10/site-packages/airflow/example_dags/example_bash_operator.py for tasks to queue
[2026-09-17T01:02:29.716+0000] {logging_mixin.py:150} INFO - [2026-09-17T01:02:29.715+0000] {dagbag.py:541} INFO - Filling up the DagBag from /home/vscode/.local/lib/python3.10/site-packages/airflow/example_dags/example_bash_operator.py
[2026-09-17T01:02:29.726+0000] {processor.py:836} INFO - DAG(s) dict_keys(['example_bash_operator']) retrieved from /home/vscode/.local/lib/python3.10/site-packages/airflow/example_dags/example_bash_operator.py
[2026-09-17T01:02:29.746+0000] {logging_mixin.py:150} INFO - [2026-09-17T01:02:29.746+0000] {dag.py:2742} INFO - Sync 1 DAGs
[2026-09-17T01:02:29.762+0000] {logging_mixin.py:150} INFO - [2026-09-17T01:02:29.762+0000] {dag.py:3504} INFO - Setting next_dagrun for example_bash_operator to 2026-09-16T00:00:00+00:00, run_after=2026-09-17T00:00:00+00:00
[2026-09-17T01:02:29.780+0000] {processor.py:179} INFO - Processing /home/vscode/.local/lib/python3.10/site-packages/airflow/example_dags/example_bash_operator.py took 0.069 seconds
[2026-09-17T01:03:13.164+0000] {processor.py:157} INFO - Started process (PID=26633) to work on /home/vscode/.local/lib/python3.10/site-packages/airflow/example_dags/example_bash_operator.py
[2026-09-17T01:03:13.164+0000] {processor.py:826} INFO - Processing file /home/vscode/.local/lib/python3.10/site-packages/airflow/example_dags/example_bash_operator.py for tasks to queue
[2026-09-17T01:03:13.165+0000] {logging_mixin.py:150} INFO - [2026-09-17T01:03:13.165+0000] {dagbag.py:541} INFO - Filling up the DagBag from /home/vscode/.local/lib/python3.10/site-packages/airflow/example_dags/example_bash_operator.py
[2026-09-17T01:03:13.174+0000] {processor.py:836} INFO - DAG(s) dict_keys(['example_bash_operator']) retrieved from /home/vscode/.local/lib/python3.10/site-packages/airflow/example_dags/example_bash_operator.py
[2026-09-17T01:03:13.202+0000] {logging_mixin.py:150} INFO - [2026-09-17T01:03:13.202+0000] {dag.py:2742} INFO - Sync 1 DAGs
[2026-09-17T01:03:13.218+0000] {logging_mixin.py:150} INFO - [2026-09-17T01:03:13.217+0000] {dag.py:3504} INFO - Setting next_dagrun for example_bash_operator to 2026-09-16T00:00:00+00:00, run_after=2026-09-17T00:00:00+00:00
[2026-09-17T01:03:13.234+0000] {processor.py:179} INFO - Processing /home/vscode/.local/lib/python3.10/site-packages/airflow/example_dags/example_bash_operator.py took 0.073 seconds
[2026-09-17T01:03:17.268+0000] {processor.py:157} INFO - Started process (PID=26660) to work on /home/vscode/.local/lib/python3.10/site-packages/airflow/example_dags/example_bash_operator.py
[2026-09-17T01:03:17.269+0000] {processor.py:826} INFO - Processing file /home/vscode/.local/lib/python3.10/site-packages/airflow/example_dags/example_bash_operator.py for tasks to queue
[2026-09-17T01:03:17.269+0000] {logging_mixin.py:150} INFO - [2026-09-17T01:03:17.269+0000] {dagbag.py:541} INFO - Filling up the DagBag from /home/vscode/.local/lib/python3.10/site-packages/airflow/example_dags/example_bash_operator.py
[2026-09-17T01:03:17.278+0000] {processor.py:836} INFO - DAG(s) dict_keys(['example_bash_operator']) retrieved from /home/vscode/.local/lib/python3.10/site-packages/airflow/example_dags/example_bash_operator.py
[2026-09-17T01:03:17.310+0000] {logging_mixin.py:150} INFO - [2026-09-17T01:03:17.310+0000] {dag.py:2742} INFO - Sync 1 DAGs
[2026-09-17T01:03:17.326+0000] {logging_mixin.py:150} INFO - [2026-09-17T01:03:17.326+0000] {dag.py:3504} INFO - Setting next_dagrun for example_bash_operator to 2026-09-16T00:00:00+00:00, run_after=2026-09-17T00:00:00+00:00
[2026-09-17T01:03:17.342+0000] {processor.py:179} INFO - Processing /home/vscode/.local/lib/python3.10/site-packages/airflow/example_dags/example_bash_operator.py took 0.077 seconds
[2026-09-17T01:04:02.331+0000] {processor.py:157} INFO - Started process (PID=27047) to work on /home/vscode/.local/lib/python3.10/site-packages/airflow/example_dags/example_bash_operator.py
[2026-09-17T01:04:02.333+0000] {processor.py:826} INFO - Processing file /home/vscode/.local/lib/python3.10/site-packages/airflow/example_dags/example_bash_operator.py for tasks to queue
[2026-09-17T01:04:02.342+0000] {logging_mixin.py:150} INFO - [2026-09-17T01:04:02.338+0000] {dagbag.py:541} INFO - Filling up the DagBag from /home/vscode/.local/lib/python3.10/site-packages/airflow/example_dags/example_bash_operator.py
[2026-09-17T01:04:02.388+0000] {processor.py:836} INFO - DAG(s) dict_keys(['example_bash_operator']) retrieved from /home/vscode/.local/lib/python3.10/site-packages/airflow/example_dags/example_bash_operator.py
[2026-09-17T01:04:02.488+0000] {logging_mixin.py:150} INFO - [2026-09-17T01:04:02.487+0000] {dag.py:2742} INFO - Sync 1 DAGs
[2026-09-17T01:04:02.512+0000] {logging_mixin.py:150} INFO - [2026-09-17T01:04:02.512+0000] {dag.py:3504} INFO - Setting next_dagrun for example_bash_operator to 2026-09-16T00:00:00+00:00, run_after=2026-09-17T00:00:00+00:00
[2026-09-17T01:04:02.528+0000] {processor.py:179} INFO - Processing /home/vscode/.local/lib/python3.10/site-packages/airflow/example_dags/example_bash_operator.py took 0.203 seconds
[2026-09-17T01:04:07.158+0000] {processor.py:157} INFO - Started process (PID=27087) to work on /home/vscode/.local/lib/python3.10/site-packages/airflow/example_dags/example_bash_operator.py
[2026-09-17T01:04:07.159+0000] {processor.py:826} INFO - Processing file /home/vscode/.local/lib/python3.10/site-packages/airflow/example_dags/example_bash_operator.py for tasks to queue
[2026-09-17T01:04:07.159+0000] {logging_mixin.py:150} INFO - [2026-09-17T01:04:07.159+0000] {dagbag.py:541} INFO - Filling up the DagBag from /home/vscode/.local/lib/python3.10/site-packages/airflow/example_dags/example_bash_operator.py
[2026-09-17T01:04:07.168+0000] {processor.py:836} INFO - DAG(s) dict_keys(['example_bash_operator']) retrieved from /home/vscode/.local/lib/python3.10/site-packages/airflow/example_dags/example_bash_operator.py
[2026-09-17T01:04:07.189+0000] {logging_mixin.py:150} INFO - [2026-09-17T01:04:07.189+0000] {dag.py:2742} INFO - Sync 1 DAGs
[2026-09-17T01:04:07.212+0000] {logging_mixin.py:150} INFO - [2026-09-17T01:04:07.212+0000] {dag.py:3504} INFO - Setting next_dagrun for example_bash_operator to 2026-09-16T00:00:00+00:00, run_after=2026-09-17T00:00:00+00:00
[2026-09-17T01:04:07.229+0000] {processor.py:179} INFO - Processing /home/vscode/.local/lib/python3.10/site-packages/airflow/example_dags/example_bash_operator.py took 0.073 seconds
[2026-09-17T01:04:52.357+0000] {processor.py:157} INFO - Started process (PID=27461) to work on /home/vscode/.local/lib/python3.10/site-packages/airflow/example_dags/example_bash_operator.py
[2026-09-17T01:04:52.357+0000] {processor.py:826} INFO - Processing file /home/vscode/.local/lib/python3.10/site-packages/airflow/example_dags/example_bash_operator.py for tasks to queue
[2026-09-17T01:04:52.358+0000] {logging_mixin.py:150} INFO - [2026-09-17T01:04:52.358+0000] {dagbag.py:541} INFO - Filling up the DagBag from /home/vscode/.local/lib/python3.10/site-packages/airflow/example_dags/example_bash_operator.py
[2026-09-17T01:04:52.367+0000] {processor.py:836} INFO - DAG(s) dict_keys(['example_bash_operator']) retrieved from /home/vscode/.local/lib/python3.10/site-packages/airflow/example_dags/example_bash_operator.py
[2026-09-17T01:04:52.397+0000] {logging_mixin.py:150} INFO - [2026-09-17T01:04:52.397+0000] {dag.py:2742} INFO - Sync 1 DAGs
[2026-09-17T01:04:52.422+0000] {logging_mixin.py:150} INFO - [2026-09-17T01:04:52.422+0000] {dag.py:3504} INFO - Setting next_dagrun for example_bash_operator to 2026-09-16T00:00:00+00:00, run_after=2026-09-17T00:00:00+00:00
[2026-09-17T01:04:52.444+0000] {processor.py:179} INFO - Processing /home/vscode/.local/lib/python3.10/site-packages/airflow/example_dags/example_bash_operator.py took 0.090 seconds
[2026-09-17T01:04:59.167+0000] {processor.py:157} INFO - Started process (PID=27523) to work on /home/vscode/.local/lib/python3.10/site-packages/airflow/example_dags/example_bash_operator.py
[2026-09-17T01:04:59.167+0000] {processor.py:826} INFO - Processing file /home/vscode/.local/lib/python3.10/site-packages/airflow/example_dags/example_bash_operator.py for tasks to queue
[2026-09-17T01:04:59.168+0000] {logging_mixin.py:150} INFO - [2026-09-17T01:04:59.168+0000] {dagbag.py:541} INFO - Filling up the DagBag from /home/vscode/.local/lib/python3.10/site-packages/airflow/example_dags/example_bash_operator.py
[2026-09-17T01:04:59.177+0000] {processor.py:836} INFO - DAG(s) dict_keys(['example_bash_operator']) retrieved from /home/vscode/.local/lib/python3.10/site-packages/airflow/example_dags/example_bash_operator.py
[2026-09-17T01:04:59.204+0000] {logging_mixin.py:150} INFO - [2026-09-17T01:04:59.204+0000] {dag.py:2742} INFO - Sync 1 DAGs
[2026-09-17T01:04:59.230+0000] {logging_mixin.py:150} INFO - [2026-09-17T01:04:59.230+0000] {dag.py:3504} INFO - Setting next_dagrun for example_bash_operator to 2026-09-16T00:00:00+00:00, run_after=2026-09-17T00:00:00+00:00
[2026-09-17T01:04:59.247+0000] {processor.py:179} INFO - Processing /home/vscode/.local/lib/python3.10/site-packages/airflow/example_dags/example_bash_operator.py took 0.084 seconds
[2026-09-17T01:05:40.093+0000] {processor.py:157} INFO - Started process (PID=27866) to work on /home/vscode/.local/lib/python3.10/site-packages/airflow/example_dags/example_bash_operator.py
[2026-09-17T01:05:40.094+0000] {processor.py:826} INFO - Processing file /home/vscode/.local/lib/python3.10/site-packages/airflow/example_dags/example_bash_operator.py for tasks to queue
[2026-09-17T01:05:40.095+0000] {logging_mixin.py:150} INFO - [2026-09-17T01:05:40.094+0000] {dagbag.py:541} INFO - Filling up the DagBag from /home/vscode/.local/lib/python3.10/site-packages/airflow/example_dags/example_bash_operator.py
[2026-09-17T01:05:40.106+0000] {processor.py:836} INFO - DAG(s) dict_keys(['example_bash_operator']) retrieved from /home/vscode/.local/lib/python3.10/site-packages/airflow/example_dags/example_bash_operator.py
[2026-09-17T01:05:40.128+0000] {logging_mixin.py:150} INFO - [2026-09-17T01:05:40.128+0000] {dag.py:2742} INFO - Sync 1 DAGs
[2026-09-17T01:05:40.143+0000] {logging_mixin.py:150} INFO - [2026-09-17T01:05:40.143+0000] {dag.py:3504} INFO - Setting next_dagrun for example_bash_operator to 2026-09-16T00:00:00+00:00, run_after=2026-09-17T00:00:00+00:00
[2026-09-17T01:05:40.163+0000] {processor.py:179} INFO - Processing /home/vscode/.local/lib/python3.10/site-packages/airflow/example_dags/example_bash_operator.py took 0.073 seconds
[2026-09-17T01:05:48.460+0000] {processor.py:157} INFO - Started process (PID=27978) to work on /home/vscode/.local/lib/python3.10/site-packages/airflow/example_dags/example_bash_operator.py
[2026-09-17T01:05:48.461+0000] {processor.py:826} INFO - Processing file /home/vscode/.local/lib/python3.10/site-packages/airflow/example_dags/example_bash_operator.py for tasks to queue
[2026-09-17T01:05:48.461+0000] {logging_mixin.py:150} INFO - [2026-09-17T01:05:48.461+0000] {dagbag.py:541} INFO - Filling up the DagBag from /home/vscode/.local/lib/python3.10/site-packages/airflow/example_dags/example_bash_operator.py
[2026-09-17T01:05:48.470+0000] {processor.py:836} INFO - DAG(s) dict_keys(['example_bash_operator']) retrieved from /home/vscode/.local/lib/python3.10/site-packages/airflow/example_dags/example_bash_operator.py
[2026-09-17T01:05:48.492+0000] {logging_mixin.py:150} INFO - [2026-09-17T01:05:48.491+0000] {dag.py:2742} INFO - Sync 1 DAGs
[2026-09-17T01:05:48.509+0000] {logging_mixin.py:150} INFO - [2026-09-17T01:05:48.509+0000] {dag.py:3504} INFO - Setting next_dagrun for example_bash_operator to 2026-09-16T00:00:00+00:00, run_after=2026-09-17T00:00:00+00:00
[2026-09-17T01:05:48.526+0000] {processor.py:179} INFO - Processing /home/vscode/.local/lib/python3.10/site-packages/airflow/example_dags/example_bash_operator.py took 0.068 seconds
[2026-09-17T01:06:28.746+0000] {processor.py:157} INFO - Started process (PID=28311) to work on /home/vscode/.local/lib/python3.10/site-packages/airflow/example_dags/example_bash_operator.py
[2026-09-17T01:06:28.747+0000] {processor.py:826} INFO - Processing file /home/vscode/.local/lib/python3.10/site-packages/airflow/example_dags/example_bash_operator.py for tasks to queue
[2026-09-17T01:06:28.748+0000] {logging_mixin.py:150} INFO - [2026-09-17T01:06:28.747+0000] {dagbag.py:541} INFO - Filling up the DagBag from /home/vscode/.local/lib/python3.10/site-packages/airflow/example_dags/example_bash_operator.py
[2026-09-17T01:06:28.760+0000] {processor.py:836} INFO - DAG(s) dict_keys(['example_bash_operator']) retrieved from /home/vscode/.local/lib/python3.10/site-packages/airflow/example_dags/example_bash_operator.py
[2026-09-17T01:06:28.792+0000] {logging_mixin.py:150} INFO - [2026-09-17T01:06:28.792+0000] {dag.py:2742} INFO - Sync 1 DAGs
[2026-09-17T01:06:28.818+0000] {logging_mixin.py:150} INFO - [2026-09-17T01:06:28.818+0000] {dag.py:3504} INFO - Setting next_dagrun for example_bash_operator to 2026-09-16T00:00:00+00:00, run_after=2026-09-17T00:00:00+00:00
[2026-09-17T01:06:28.857+0000] {processor.py:179} INFO - Processing /home/vscode/.local/lib/python3.10/site-packages/airflow/example_dags/example_bash_operator.py took 0.114 seconds
[2026-09-17T01:06:36.690+0000] {processor.py:157} INFO - Started process (PID=28387) to work on /home/vscode/.local/lib/python3.10/site-packages/airflow/example_dags/example_bash_operator.py
[2026-09-17T01:06:36.691+0000] {processor.py:826} INFO - Processing file /home/vscode/.local/lib/python3.10/site-packages/airflow/example_dags/example_bash_operator.py for tasks to queue
[2026-09-17T01:06:36.692+0000] {logging_mixin.py:150} INFO - [2026-09-17T01:06:36.691+0000] {dagbag.py:541} INFO - Filling up the DagBag from /home/vscode/.local/lib/python3.10/site-packages/airflow/example_dags/example_bash_operator.py
[2026-09-17T01:06:36.705+0000] {processor.py:836} INFO - DAG(s) dict_keys(['example_bash_operator']) retrieved from /home/vscode/.local/lib/python3.10/site-packages/airflow/example_dags/example_bash_operator.py
[2026-09-17T01:06:36.731+0000] {logging_mixin.py:150} INFO - [2026-09-17T01:06:36.731+0000] {dag.py:2742} INFO - Sync 1 DAGs
[2026-09-17T01:06:36.753+0000] {logging_mixin.py:150} INFO - [2026-09-17T01:06:36.753+0000] {dag.py:3504} INFO - Setting next_dagrun for example_bash_operator to 2026-09-16T00:00:00+00:00, run_after=2026-09-17T00:00:00+00:00
[2026-09-17T01:06:36.783+0000] {processor.py:179} INFO - Processing /home/vscode/.local/lib/python3.10/site-packages/airflow/example_dags/example_bash_operator.py took 0.096 seconds
[2026-09-17T01:07:19.913+0000] {processor.py:157} INFO - Started process (PID=28750) to work on /home/vscode/.local/lib/python3.10/site-packages/airflow/example_dags/example_bash_operator.py
[2026-09-17T01:07:19.916+0000] {processor.py:826} INFO - Processing file /home/vscode/.local/lib/python3.10/site-packages/airflow/example_dags/example_bash_operator.py for tasks to queue
[2026-09-17T01:07:19.918+0000] {logging_mixin.py:150} INFO - [2026-09-17T01:07:19.917+0000] {dagbag.py:541} INFO - Filling up the DagBag from /home/vscode/.local/lib/python3.10/site-packages/airflow/example_dags/example_bash_operator.py
[2026-09-17T01:07:19.935+0000] {processor.py:836} INFO - DAG(s) dict_keys(['example_bash_operator']) retrieved from /home/vscode/.local/lib/python3.10/site-packages/airflow/example_dags/example_bash_operator.py
[2026-09-17T01:07:19.971+0000] {logging_mixin.py:150} INFO - [2026-09-17T01:07:19.971+0000] {dag.py:2742} INFO - Sync 1 DAGs
[2026-09-17T01:07:20.002+0000] {logging_mixin.py:150} INFO - [2026-09-17T01:07:20.001+0000] {dag.py:3504} INFO - Setting next_dagrun for example_bash_operator to 2026-09-16T00:00:00+00:00, run_after=2026-09-17T00:00:00+00:00
[2026-09-17T01:07:20.047+0000] {processor.py:179} INFO - Processing /home/vscode/.local/lib/python3.10/site-packages/airflow/example_dags/example_bash_operator.py took 0.139 seconds
[2026-09-17T01:07:28.228+0000] {processor.py:157} INFO - Started process (PID=28821) to work on /home/vscode/.local/lib/python3.10/site-packages/airflow/example_dags/example_bash_operator.py
[2026-09-17T01:07:28.229+0000] {processor.py:826} INFO - Processing file /home/vscode/.local/lib/python3.10/site-packages/airflow/example_dags/example_bash_operator.py for tasks to queue
[2026-09-17T01:07:28.229+0000] {logging_mixin.py:150} INFO - [2026-09-17T01:07:28.229+0000] {dagbag.py:541} INFO - Filling up the DagBag from /home/vscode/.local/lib/python3.10/site-packages/airflow/example_dags/example_bash_operator.py
[2026-09-17T01:07:28.238+0000] {processor.py:836} INFO - DAG(s) dict_keys(['example_bash_operator']) retrieved from /home/vscode/.local/lib/python3.10/site-packages/airflow/example_dags/example_bash_operator.py
[2026-09-17T01:07:28.257+0000] {logging_mixin.py:150} INFO - [2026-09-17T01:07:28.257+0000] {dag.py:2742} INFO - Sync 1 DAGs
[2026-09-17T01:07:28.274+0000] {logging_mixin.py:150} INFO - [2026-09-17T01:07:28.274+0000] {dag.py:3504} INFO - Setting next_dagrun for example_bash_operator to 2026-09-16T00:00:00+00:00, run_after=2026-09-17T00:00:00+00:00
[2026-09-17T01:07:28.293+0000] {processor.py:179} INFO - Processing /home/vscode/.local/lib/python3.10/site-packages/airflow/example_dags/example_bash_operator.py took 0.068 seconds
[2026-09-17T01:08:08.626+0000] {processor.py:157} INFO - Started process (PID=29160) to work on /home/vscode/.local/lib/python3.10/site-packages/airflow/example_dags/example_bash_operator.py
[2026-09-17T01:08:08.630+0000] {processor.py:826} INFO - Processing file /home/vscode/.local/lib/python3.10/site-packages/airflow/example_dags/example_bash_operator.py for tasks to queue
[2026-09-17T01:08:08.633+0000] {logging_mixin.py:150} INFO - [2026-09-17T01:08:08.631+0000] {dagbag.py:541} INFO - Filling up the DagBag from /home/vscode/.local/lib/python3.10/site-packages/airflow/example_dags/example_bash_operator.py
[2026-09-17T01:08:08.647+0000] {processor.py:836} INFO - DAG(s) dict_keys(['example_bash_operator']) retrieved from /home/vscode/.local/lib/python3.10/site-packages/airflow/example_dags/example_bash_operator.py
[2026-09-17T01:08:08.680+0000] {logging_mixin.py:150} INFO - [2026-09-17T01:08:08.680+0000] {dag.py:2742} INFO - Sync 1 DAGs
[2026-09-17T01:08:08.703+0000] {logging_mixin.py:150} INFO - [2026-09-17T01:08:08.703+0000] {dag.py:3504} INFO - Setting next_dagrun for example_bash_operator to 2026-09-16T00:00:00+00:00, run_after=2026-09-17T00:00:00+00:00
[2026-09-17T01:08:08.727+0000] {processor.py:179} INFO - Processing /home/vscode/.local/lib/python3.10/site-packages/airflow/example_dags/example_bash_operator.py took 0.106 seconds
[2026-09-17T01:08:18.793+0000] {processor.py:157} INFO - Started process (PID=29250) to work on /home/vscode/.local/lib/python3.10/site-packages/airflow/example_dags/example_bash_operator.py
[2026-09-17T01:08:18.796+0000] {processor.py:826} INFO - Processing file /home/vscode/.local/lib/python3.10/site-packages/airflow/example_dags/example_bash_operator.py for tasks to queue
[2026-09-17T01:08:18.797+0000] {logging_mixin.py:150} INFO - [2026-09-17T01:08:18.796+0000] {dagbag.py:541} INFO - Filling up the DagBag from /home/vscode/.local/lib/python3.10/site-packages/airflow/example_dags/example_bash_operator.py
[2026-09-17T01:08:18.809+0000] {processor.py:836} INFO - DAG(s) dict_keys(['example_bash_operator']) retrieved from /home/vscode/.local/lib/python3.10/site-packages/airflow/example_dags/example_bash_operator.py
[2026-09-17T01:08:18.841+0000] {logging_mixin.py:150} INFO - [2026-09-17T01:08:18.840+0000] {dag.py:2742} INFO - Sync 1 DAGs
[2026-09-17T01:08:18.861+0000] {logging_mixin.py:150} INFO - [2026-09-17T01:08:18.861+0000] {dag.py:3504} INFO - Setting next_dagrun for example_bash_operator to 2026-09-16T00:00:00+00:00, run_after=2026-09-17T00:00:00+00:00
[2026-09-17T01:08:18.879+0000] {processor.py:179} INFO - Processing /home/vscode/.local/lib/python3.10/site-packages/airflow/example_dags/example_bash_operator.py took 0.093 seconds
[2026-09-17T01:08:56.647+0000] {processor.py:157} INFO - Started process (PID=29576) to work on /home/vscode/.local/lib/python3.10/site-packages/airflow/example_dags/example_bash_operator.py
[2026-09-17T01:08:56.650+0000] {processor.py:826} INFO - Processing file /home/vscode/.local/lib/python3.10/site-packages/airflow/example_dags/example_bash_operator.py for tasks to queue
[2026-09-17T01:08:56.650+0000] {logging_mixin.py:150} INFO - [2026-09-17T01:08:56.650+0000] {dagbag.py:541} INFO - Filling up the DagBag from /home/vscode/.local/lib/python3.10/site-packages/airflow/example_dags/example_bash_operator.py
[2026-09-17T01:08:56.662+0000] {processor.py:836} INFO - DAG(s) dict_keys(['example_bash_operator']) retrieved from /home/vscode/.local/lib/python3.10/site-packages/airflow/example_dags/example_bash_operator.py
[2026-09-17T01:08:56.691+0000] {logging_mixin.py:150} INFO - [2026-09-17T01:08:56.691+0000] {dag.py:2742} INFO - Sync 1 DAGs
[2026-09-17T01:08:56.710+0000] {logging_mixin.py:150} INFO - [2026-09-17T01:08:56.709+0000] {dag.py:3504} INFO - Setting next_dagrun for example_bash_operator to 2026-09-16T00:00:00+00:00, run_after=2026-09-17T00:00:00+00:00
[2026-09-17T01:08:56.726+0000] {processor.py:179} INFO - Processing /home/vscode/.local/lib/python3.10/site-packages/airflow/example_dags/example_bash_operator.py took 0.082 seconds
[2026-09-17T01:09:05.368+0000] {processor.py:157} INFO - Started process (PID=29653) to work on /home/vscode/.local/lib/python3.10/site-packages/airflow/example_dags/example_bash_operator.py
[2026-09-17T01:09:05.369+0000] {processor.py:826} INFO - Processing file /home/vscode/.local/lib/python3.10/site-packages/airflow/example_dags/example_bash_operator.py for tasks to queue
[2026-09-17T01:09:05.370+0000] {logging_mixin.py:150} INFO - [2026-09-17T01:09:05.369+0000] {dagbag.py:541} INFO - Filling up the DagBag from /home/vscode/.local/lib/python3.10/site-packages/airflow/example_dags/example_bash_operator.py
[2026-09-17T01:09:05.379+0000] {processor.py:836} INFO - DAG(s) dict_keys(['example_bash_operator']) retrieved from /home/vscode/.local/lib/python3.10/site-packages/airflow/example_dags/example_bash_operator.py
[2026-09-17T01:09:05.407+0000] {logging_mixin.py:150} INFO - [2026-09-17T01:09:05.407+0000] {dag.py:2742} INFO - Sync 1 DAGs
[2026-09-17T01:09:05.423+0000] {logging_mixin.py:150} INFO - [2026-09-17T01:09:05.423+0000] {dag.py:3504} INFO - Setting next_dagrun for example_bash_operator to 2026-09-16T00:00:00+00:00, run_after=2026-09-17T00:00:00+00:00
[2026-09-17T01:09:05.441+0000] {processor.py:179} INFO - Processing /home/vscode/.local/lib/python3.10/site-packages/airflow/example_dags/example_bash_operator.py took 0.075 seconds
[2026-09-17T01:09:48.537+0000] {processor.py:157} INFO - Started process (PID=30018) to work on /home/vscode/.local/lib/python3.10/site-packages/airflow/example_dags/example_bash_operator.py
[2026-09-17T01:09:48.538+0000] {processor.py:826} INFO - Processing file /home/vscode/.local/lib/python3.10/site-packages/airflow/example_dags/example_bash_operator.py for tasks to queue
[2026-09-17T01:09:48.539+0000] {logging_mixin.py:150} INFO - [2026-09-17T01:09:48.539+0000] {dagbag.py:541} INFO - Filling up the DagBag from /home/vscode/.local/lib/python3.10/site-packages/airflow/example_dags/example_bash_operator.py
[2026-09-17T01:09:48.552+0000] {processor.py:836} INFO - DAG(s) dict_keys(['example_bash_operator']) retrieved from /home/vscode/.local/lib/python3.10/site-packages/airflow/example_dags/example_bash_operator.py
[2026-09-17T01:09:48.584+0000] {logging_mixin.py:150} INFO - [2026-09-17T01:09:48.584+0000] {dag.py:2742} INFO - Sync 1 DAGs
[2026-09-17T01:09:48.608+0000] {logging_mixin.py:150} INFO - [2026-09-17T01:09:48.607+0000] {dag.py:3504} INFO - Setting next_dagrun for example_bash_operator to 2026-09-16T00:00:00+00:00, run_after=2026-09-17T00:00:00+00:00
[2026-09-17T01:09:48.632+0000] {processor.py:179} INFO - Processing /home/vscode/.local/lib/python3.10/site-packages/airflow/example_dags/example_bash_operator.py took 0.098 seconds
[2026-09-17T01:09:53.317+0000] {processor.py:157} INFO - Started process (PID=30055) to work on /home/vscode/.local/lib/python3.10/site-packages/airflow/example_dags/example_bash_operator.py
[2026-09-17T01:09:53.317+0000] {processor.py:826} INFO - Processing file /home/vscode/.local/lib/python3.10/site-packages/airflow/example_dags/example_bash_operator.py for tasks to queue
[2026-09-17T01:09:53.318+0000] {logging_mixin.py:150} INFO - [2026-09-17T01:09:53.318+0000] {dagbag.py:541} INFO - Filling up the DagBag from /home/vscode/.local/lib/python3.10/site-packages/airflow/example_dags/example_bash_operator.py
[2026-09-17T01:09:53.327+0000] {processor.py:836} INFO - DAG(s) dict_keys(['example_bash_operator']) retrieved from /home/vscode/.local/lib/python3.10/site-packages/airflow/example_dags/example_bash_operator.py
[2026-09-17T01:09:53.345+0000] {logging_mixin.py:150} INFO - [2026-09-17T01:09:53.345+0000] {dag.py:2742} INFO - Sync 1 DAGs
[2026-09-17T01:09:53.361+0000] {logging_mixin.py:150} INFO - [2026-09-17T01:09:53.361+0000] {dag.py:3504} INFO - Setting next_dagrun for example_bash_operator to 2026-09-16T00:00:00+00:00, run_after=2026-09-17T00:00:00+00:00
[2026-09-17T01:09:53.377+0000] {processor.py:179} INFO - Processing /home/vscode/.local/lib/python3.10/site-packages/airflow/example_dags/example_bash_operator.py took 0.063 seconds
[2026-09-17T01:10:38.370+0000] {processor.py:157} INFO - Started process (PID=30445) to work on /home/vscode/.local/lib/python3.10/site-packages/airflow/example_dags/example_bash_operator.py
[2026-09-17T01:10:38.370+0000] {processor.py:826} INFO - Processing file /home/vscode/.local/lib/python3.10/site-packages/airflow/example_dags/example_bash_operator.py for tasks to queue
[2026-09-17T01:10:38.371+0000] {logging_mixin.py:150} INFO - [2026-09-17T01:10:38.371+0000] {dagbag.py:541} INFO - Filling up the DagBag from /home/vscode/.local/lib/python3.10/site-packages/airflow/example_dags/example_bash_operator.py
[2026-09-17T01:10:38.380+0000] {processor.py:836} INFO - DAG(s) dict_keys(['example_bash_operator']) retrieved from /home/vscode/.local/lib/python3.10/site-packages/airflow/example_dags/example_bash_operator.py
[2026-09-17T01:10:38.407+0000] {logging_mixin.py:150} INFO - [2026-09-17T01:10:38.406+0000] {dag.py:2742} INFO - Sync 1 DAGs
[2026-09-17T01:10:38.424+0000] {logging_mixin.py:150} INFO - [2026-09-17T01:10:38.424+0000] {dag.py:3504} INFO - Setting next_dagrun for example_bash_operator to 2026-09-16T00:00:00+00:00, run_after=2026-09-17T00:00:00+00:00
[2026-09-17T01:10:38.442+0000] {processor.py:179} INFO - Processing /home/vscode/.local/lib/python3.10/site-packages/airflow/example_dags/example_bash_operator.py took 0.075 seconds
[2026-09-17T01:10:40.877+0000] {processor.py:157} INFO - Started process (PID=30458) to work on /home/vscode/.local/lib/python3.10/site-packages/airflow/example_dags/example_bash_operator.py
[2026-09-17T01:10:40.878+0000] {processor.py:826} INFO - Processing file /home/vscode/.local/lib/python3.10/site-packages/airflow/example_dags/example_bash_operator.py for tasks to queue
[2026-09-17T01:10:40.878+0000] {logging_mixin.py:150} INFO - [2026-09-17T01:10:40.878+0000] {dagbag.py:541} INFO - Filling up the DagBag from /home/vscode/.local/lib/python3.10/site-packages/airflow/example_dags/example_bash_operator.py
[2026-09-17T01:10:40.890+0000] {processor.py:836} INFO - DAG(s) dict_keys(['example_bash_operator']) retrieved from /home/vscode/.local/lib/python3.10/site-packages/airflow/example_dags/example_bash_operator.py
[2026-09-17T01:10:40.912+0000] {logging_mixin.py:150} INFO - [2026-09-17T01:10:40.912+0000] {dag.py:2742} INFO - Sync 1 DAGs
[2026-09-17T01:10:40.930+0000] {logging_mixin.py:150} INFO - [2026-09-17T01:10:40.929+0000] {dag.py:3504} INFO - Setting next_dagrun for example_bash_operator to 2026-09-16T00:00:00+00:00, run_after=2026-09-17T00:00:00+00:00
[2026-09-17T01:10:40.948+0000] {processor.py:179} INFO - Processing /home/vscode/.local/lib/python3.10/site-packages/airflow/example_dags/example_bash_operator.py took 0.073 seconds
[2026-09-17T01:11:26.412+0000] {processor.py:157} INFO - Started process (PID=30890) to work on /home/vscode/.local/lib/python3.10/site-packages/airflow/example_dags/example_bash_operator.py
[2026-09-17T01:11:26.416+0000] {processor.py:826} INFO - Processing file /home/vscode/.local/lib/python3.10/site-packages/airflow/example_dags/example_bash_operator.py for tasks to queue
[2026-09-17T01:11:26.417+0000] {logging_mixin.py:150} INFO - [2026-09-17T01:11:26.416+0000] {dagbag.py:541} INFO - Filling up the DagBag from /home/vscode/.local/lib/python3.10/site-packages/airflow/example_dags/example_bash_operator.py
[2026-09-17T01:11:26.442+0000] {processor.py:836} INFO - DAG(s) dict_keys(['example_bash_operator']) retrieved from /home/vscode/.local/lib/python3.10/site-packages/airflow/example_dags/example_bash_operator.py
[2026-09-17T01:11:26.495+0000] {logging_mixin.py:150} INFO - [2026-09-17T01:11:26.495+0000] {dag.py:2742} INFO - Sync 1 DAGs
[2026-09-17T01:11:26.515+0000] {logging_mixin.py:150} INFO - [2026-09-17T01:11:26.515+0000] {dag.py:3504} INFO - Setting next_dagrun for example_bash_operator to 2026-09-16T00:00:00+00:00, run_after=2026-09-17T00:00:00+00:00
[2026-09-17T01:11:26.530+0000] {processor.py:179} INFO - Processing /home/vscode/.local/lib/python3.10/site-packages/airflow/example_dags/example_bash_operator.py took 0.125 seconds
[2026-09-17T01:11:32.653+0000] {processor.py:157} INFO - Started process (PID=30933) to work on /home/vscode/.local/lib/python3.10/site-packages/airflow/example_dags/example_bash_operator.py
[2026-09-17T01:11:32.654+0000] {processor.py:826} INFO - Processing file /home/vscode/.local/lib/python3.10/site-packages/airflow/example_dags/example_bash_operator.py for tasks to queue
[2026-09-17T01:11:32.654+0000] {logging_mixin.py:150} INFO - [2026-09-17T01:11:32.654+0000] {dagbag.py:541} INFO - Filling up the DagBag from /home/vscode/.local/lib/python3.10/site-packages/airflow/example_dags/example_bash_operator.py
[2026-09-17T01:11:32.670+0000] {processor.py:836} INFO - DAG(s) dict_keys(['example_bash_operator']) retrieved from /home/vscode/.local/lib/python3.10/site-packages/airflow/example_dags/example_bash_operator.py
[2026-09-17T01:11:32.759+0000] {logging_mixin.py:150} INFO - [2026-09-17T01:11:32.759+0000] {dag.py:2742} INFO - Sync 1 DAGs
[2026-09-17T01:11:32.787+0000] {logging_mixin.py:150} INFO - [2026-09-17T01:11:32.787+0000] {dag.py:3504} INFO - Setting next_dagrun for example_bash_operator to 2026-09-16T00:00:00+00:00, run_after=2026-09-17T00:00:00+00:00
[2026-09-17T01:11:32.819+0000] {processor.py:179} INFO - Processing /home/vscode/.local/lib/python3.10/site-packages/airflow/example_dags/example_bash_operator.py took 0.169 seconds
[2026-09-17T01:12:17.960+0000] {processor.py:157} INFO - Started process (PID=31332) to work on /home/vscode/.local/lib/python3.10/site-packages/airflow/example_dags/example_bash_operator.py
[2026-09-17T01:12:17.961+0000] {processor.py:826} INFO - Processing file /home/vscode/.local/lib/python3.10/site-packages/airflow/example_dags/example_bash_operator.py for tasks to queue
[2026-09-17T01:12:17.962+0000] {logging_mixin.py:150} INFO - [2026-09-17T01:12:17.961+0000] {dagbag.py:541} INFO - Filling up the DagBag from /home/vscode/.local/lib/python3.10/site-packages/airflow/example_dags/example_bash_operator.py
[2026-09-17T01:12:17.973+0000] {processor.py:836} INFO - DAG(s) dict_keys(['example_bash_operator']) retrieved from /home/vscode/.local/lib/python3.10/site-packages/airflow/example_dags/example_bash_operator.py
[2026-09-17T01:12:17.998+0000] {logging_mixin.py:150} INFO - [2026-09-17T01:12:17.998+0000] {dag.py:2742} INFO - Sync 1 DAGs
[2026-09-17T01:12:18.021+0000] {logging_mixin.py:150} INFO - [2026-09-17T01:12:18.021+0000] {dag.py:3504} INFO - Setting next_dagrun for example_bash_operator to 2026-09-16T00:00:00+00:00, run_after=2026-09-17T00:00:00+00:00
[2026-09-17T01:12:18.039+0000] {processor.py:179} INFO - Processing /home/vscode/.local/lib/python3.10/site-packages/airflow/example_dags/example_bash_operator.py took 0.083 seconds
[2026-09-17T01:12:20.993+0000] {processor.py:157} INFO - Started process (PID=31357) to work on /home/vscode/.local/lib/python3.10/site-packages/airflow/example_dags/example_bash_operator.py
[2026-09-17T01:12:20.994+0000] {processor.py:826} INFO - Processing file /home/vscode/.local/lib/python3.10/site-packages/airflow/example_dags/example_bash_operator.py for tasks to queue
[2026-09-17T01:12:20.995+0000] {logging_mixin.py:150} INFO - [2026-09-17T01:12:20.995+0000] {dagbag.py:541} INFO - Filling up the DagBag from /home/vscode/.local/lib/python3.10/site-packages/airflow/example_dags/example_bash_operator.py
[2026-09-17T01:12:21.005+0000] {processor.py:836} INFO - DAG(s) dict_keys(['example_bash_operator']) retrieved from /home/vscode/.local/lib/python3.10/site-packages/airflow/example_dags/example_bash_operator.py
[2026-09-17T01:12:21.024+0000] {logging_mixin.py:150} INFO - [2026-09-17T01:12:21.024+0000] {dag.py:2742} INFO - Sync 1 DAGs
[2026-09-17T01:12:21.040+0000] {logging_mixin.py:150} INFO - [2026-09-17T01:12:21.040+0000] {dag.py:3504} INFO - Setting next_dagrun for example_bash_operator to 2026-09-16T00:00:00+00:00, run_after=2026-09-17T00:00:00+00:00
[2026-09-17T01:12:21.056+0000] {processor.py:179} INFO - Processing /home/vscode/.local/lib/python3.10/site-packages/airflow/example_dags/example_bash_operator.py took 0.066 seconds
[2026-09-17T01:13:05.803+0000] {processor.py:157} INFO - Started process (PID=31736) to work on /home/vscode/.local/lib/python3.10/site-packages/airflow/example_dags/example_bash_operator.py
[2026-09-17T01:13:05.804+0000] {processor.py:826} INFO - Processing file /home/vscode/.local/lib/python3.10/site-packages/airflow/example_dags/example_bash_operator.py for tasks to queue
[2026-09-17T01:13:05.804+0000] {logging_mixin.py:150} INFO - [2026-09-17T01:13:05.804+0000] {dagbag.py:541} INFO - Filling up the DagBag from /home/vscode/.local/lib/python3.10/site-packages/airflow/example_dags/example_bash_operator.py
[2026-09-17T01:13:05.815+0000] {processor.py:836} INFO - DAG(s) dict_keys(['example_bash_operator']) retrieved from /home/vscode/.local/lib/python3.10/site-packages/airflow/example_dags/example_bash_operator.py
[2026-09-17T01:13:05.834+0000] {logging_mixin.py:150} INFO - [2026-09-17T01:13:05.834+0000] {dag.py:2742} INFO - Sync 1 DAGs
[2026-09-17T01:13:05.849+0000] {logging_mixin.py:150} INFO - [2026-09-17T01:13:05.849+0000] {dag.py:3504} INFO - Setting next_dagrun for example_bash_operator to 2026-09-16T00:00:00+00:00, run_after=2026-09-17T00:00:00+00:00
[2026-09-17T01:13:05.867+0000] {processor.py:179} INFO - Processing /home/vscode/.local/lib/python3.10/site-packages/airflow/example_dags/example_bash_operator.py took 0.067 seconds
[2026-09-17T01:13:08.564+0000] {processor.py:157} INFO - Started process (PID=31763) to work on /home/vscode/.local/lib/python3.10/site-packages/airflow/example_dags/example_bash_operator.py
[2026-09-17T01:13:08.564+0000] {processor.py:826} INFO - Processing file /home/vscode/.local/lib/python3.10/site-packages/airflow/example_dags/example_bash_operator.py for tasks to queue
[2026-09-17T01:13:08.565+0000] {logging_mixin.py:150} INFO - [2026-09-17T01:13:08.565+0000] {dagbag.py:541} INFO - Filling up the DagBag from /home/vscode/.local/lib/python3.10/site-packages/airflow/example_dags/example_bash_operator.py
[2026-09-17T01:13:08.573+0000] {processor.py:836} INFO - DAG(s) dict_keys(['example_bash_operator']) retrieved from /home/vscode/.local/lib/python3.10/site-packages/airflow/example_dags/example_bash_operator.py
[2026-09-17T01:13:08.598+0000] {logging_mixin.py:150} INFO - [2026-09-17T01:13:08.598+0000] {dag.py:2742} INFO - Sync 1 DAGs
[2026-09-17T01:13:08.618+0000] {logging_mixin.py:150} INFO - [2026-09-17T01:13:08.618+0000] {dag.py:3504} INFO - Setting next_dagrun for example_bash_operator to 2026-09-16T00:00:00+00:00, run_after=2026-09-17T00:00:00+00:00
[2026-09-17T01:13:08.648+0000] {processor.py:179} INFO - Processing /home/vscode/.local/lib/python3.10/site-packages/airflow/example_dags/example_bash_operator.py took 0.086 seconds
[2026-09-17T01:13:49.138+0000] {processor.py:157} INFO - Started process (PID=32103) to work on /home/vscode/.local/lib/python3.10/site-packages/airflow/example_dags/example_bash_operator.py
[2026-09-17T01:13:49.139+0000] {processor.py:826} INFO - Processing file /home/vscode/.local/lib/python3.10/site-packages/airflow/example_dags/example_bash_operator.py for tasks to queue
[2026-09-17T01:13:49.140+0000] {logging_mixin.py:150} INFO - [2026-09-17T01:13:49.139+0000] {dagbag.py:541} INFO - Filling up the DagBag from /home/vscode/.local/lib/python3.10/site-packages/airflow/example_dags/example_bash_operator.py
[2026-09-17T01:13:49.152+0000] {processor.py:836} INFO - DAG(s) dict_keys(['example_bash_operator']) retrieved from /home/vscode/.local/lib/python3.10/site-packages/airflow/example_dags/example_bash_operator.py
[2026-09-17T01:13:49.178+0000] {logging_mixin.py:150} INFO - [2026-09-17T01:13:49.178+0000] {dag.py:2742} INFO - Sync 1 DAGs
[2026-09-17T01:13:49.201+0000] {logging_mixin.py:150} INFO - [2026-09-17T01:13:49.201+0000] {dag.py:3504} INFO - Setting next_dagrun for example_bash_operator to 2026-09-16T00:00:00+00:00, run_after=2026-09-17T00:00:00+00:00
[2026-09-17T01:13:49.224+0000] {processor.py:179} INFO - Processing /home/vscode/.local/lib/python3.10/site-packages/airflow/example_dags/example_bash_operator.py took 0.090 seconds
[2026-09-17T01:13:59.933+0000] {processor.py:157} INFO - Started process (PID=32198) to work on /home/vscode/.local/lib/python3.10/site-packages/airflow/example_dags/example_bash_operator.py
[2026-09-17T01:13:59.934+0000] {processor.py:826} INFO - Processing file /home/vscode/.local/lib/python3.10/site-packages/airflow/example_dags/example_bash_operator.py for tasks to queue
[2026-09-17T01:13:59.935+0000] {logging_mixin.py:150} INFO - [2026-09-17T01:13:59.935+0000] {dagbag.py:541} INFO - Filling up the DagBag from /home/vscode/.local/lib/python3.10/site-packages/airflow/example_dags/example_bash_operator.py
[2026-09-17T01:13:59.944+0000] {processor.py:836} INFO - DAG(s) dict_keys(['example_bash_operator']) retrieved from /home/vscode/.local/lib/python3.10/site-packages/airflow/example_dags/example_bash_operator.py
[2026-09-17T01:13:59.962+0000] {logging_mixin.py:150} INFO - [2026-09-17T01:13:59.962+0000] {dag.py:2742} INFO - Sync 1 DAGs
[2026-09-17T01:13:59.979+0000] {logging_mixin.py:150} INFO - [2026-09-17T01:13:59.979+0000] {dag.py:3504} INFO - Setting next_dagrun for example_bash_operator to 2026-09-16T00:00:00+00:00, run_after=2026-09-17T00:00:00+00:00
[2026-09-17T01:14:00.002+0000] {processor.py:179} INFO - Processing /home/vscode/.local/lib/python3.10/site-packages/airflow/example_dags/example_bash_operator.py took 0.071 seconds
[2026-09-17T01:14:38.827+0000] {processor.py:157} INFO - Started process (PID=32525) to work on /home/vscode/.local/lib/python3.10/site-packages/airflow/example_dags/example_bash_operator.py
[2026-09-17T01:14:38.827+0000] {processor.py:826} INFO - Processing file /home/vscode/.local/lib/python3.10/site-packages/airflow/example_dags/example_bash_operator.py for tasks to queue
[2026-09-17T01:14:38.828+0000] {logging_mixin.py:150} INFO - [2026-09-17T01:14:38.828+0000] {dagbag.py:541} INFO - Filling up the DagBag from /home/vscode/.local/lib/python3.10/site-packages/airflow/example_dags/example_bash_operator.py
[2026-09-17T01:14:38.837+0000] {processor.py:836} INFO - DAG(s) dict_keys(['example_bash_operator']) retrieved from /home/vscode/.local/lib/python3.10/site-packages/airflow/example_dags/example_bash_operator.py
[2026-09-17T01:14:38.855+0000] {logging_mixin.py:150} INFO - [2026-09-17T01:14:38.855+0000] {dag.py:2742} INFO - Sync 1 DAGs
[2026-09-17T01:14:38.871+0000] {logging_mixin.py:150} INFO - [2026-09-17T01:14:38.871+0000] {dag.py:3504} INFO - Setting next_dagrun for example_bash_operator to 2026-09-16T00:00:00+00:00, run_after=2026-09-17T00:00:00+00:00
[2026-09-17T01:14:38.900+0000] {processor.py:179} INFO - Processing /home/vscode/.local/lib/python3.10/site-packages/airflow/example_dags/example_bash_operator.py took 0.076 seconds
[2026-09-17T01:14:50.194+0000] {processor.py:157} INFO - Started process (PID=32624) to work on /home/vscode/.local/lib/python3.10/site-packages/airflow/example_dags/example_bash_operator.py
[2026-09-17T01:14:50.195+0000] {processor.py:826} INFO - Processing file /home/vscode/.local/lib/python3.10/site-packages/airflow/example_dags/example_bash_operator.py for tasks to queue
[2026-09-17T01:14:50.196+0000] {logging_mixin.py:150} INFO - [2026-09-17T01:14:50.196+0000] {dagbag.py:541} INFO - Filling up the DagBag from /home/vscode/.local/lib/python3.10/site-packages/airflow/example_dags/example_bash_operator.py
[2026-09-17T01:14:50.208+0000] {processor.py:836} INFO - DAG(s) dict_keys(['example_bash_operator']) retrieved from /home/vscode/.local/lib/python3.10/site-packages/airflow/example_dags/example_bash_operator.py
[2026-09-17T01:14:50.239+0000] {logging_mixin.py:150} INFO - [2026-09-17T01:14:50.239+0000] {dag.py:2742} INFO - Sync 1 DAGs
[2026-09-17T01:14:50.263+0000] {logging_mixin.py:150} INFO - [2026-09-17T01:14:50.263+0000] {dag.py:3504} INFO - Setting next_dagrun for example_bash_operator to 2026-09-16T00:00:00+00:00, run_after=2026-09-17T00:00:00+00:00
[2026-09-17T01:14:50.287+0000] {processor.py:179} INFO - Processing /home/vscode/.local/lib/python3.10/site-packages/airflow/example_dags/example_bash_operator.py took 0.096 seconds
[2026-09-17T01:15:22.085+0000] {processor.py:157} INFO - Started process (PID=32893) to work on /home/vscode/.local/lib/python3.10/site-packages/airflow/example_dags/example_bash_operator.py
[2026-09-17T01:15:22.085+0000] {processor.py:826} INFO - Processing file /home/vscode/.local/lib/python3.10/site-packages/airflow/example_dags/example_bash_operator.py for tasks to queue
[2026-09-17T01:15:22.086+0000] {logging_mixin.py:150} INFO - [2026-09-17T01:15:22.086+0000] {dagbag.py:541} INFO - Filling up the DagBag from /home/vscode/.local/lib/python3.10/site-packages/airflow/example_dags/example_bash_operator.py
[2026-09-17T01:15:22.096+0000] {processor.py:836} INFO - DAG(s) dict_keys(['example_bash_operator']) retrieved from /home/vscode/.local/lib/python3.10/site-packages/airflow/example_dags/example_bash_operator.py
[2026-09-17T01:15:22.120+0000] {logging_mixin.py:150} INFO - [2026-09-17T01:15:22.120+0000] {dag.py:2742} INFO - Sync 1 DAGs
[2026-09-17T01:15:22.137+0000] {logging_mixin.py:150} INFO - [2026-09-17T01:15:22.137+0000] {dag.py:3504} INFO - Setting next_dagrun for example_bash_operator to 2026-09-16T00:00:00+00:00, run_after=2026-09-17T00:00:00+00:00
[2026-09-17T01:15:22.153+0000] {processor.py:179} INFO - Processing /home/vscode/.local/lib/python3.10/site-packages/airflow/example_dags/example_bash_operator.py took 0.072 seconds
[2026-09-17T01:15:43.447+0000] {processor.py:157} INFO - Started process (PID=33107) to work on /home/vscode/.local/lib/python3.10/site-packages/airflow/example_dags/example_bash_operator.py
[2026-09-17T01:15:43.448+0000] {processor.py:826} INFO - Processing file /home/vscode/.local/lib/python3.10/site-packages/airflow/example_dags/example_bash_operator.py for tasks to queue
[2026-09-17T01:15:43.449+0000] {logging_mixin.py:150} INFO - [2026-09-17T01:15:43.448+0000] {dagbag.py:541} INFO - Filling up the DagBag from /home/vscode/.local/lib/python3.10/site-packages/airflow/example_dags/example_bash_operator.py
[2026-09-17T01:15:43.458+0000] {processor.py:836} INFO - DAG(s) dict_keys(['example_bash_operator']) retrieved from /home/vscode/.local/lib/python3.10/site-packages/airflow/example_dags/example_bash_operator.py
[2026-09-17T01:15:43.476+0000] {logging_mixin.py:150} INFO - [2026-09-17T01:15:43.476+0000] {dag.py:2742} INFO - Sync 1 DAGs
[2026-09-17T01:15:43.495+0000] {logging_mixin.py:150} INFO - [2026-09-17T01:15:43.495+0000] {dag.py:3504} INFO - Setting next_dagrun for example_bash_operator to 2026-09-16T00:00:00+00:00, run_after=2026-09-17T00:00:00+00:00
[2026-09-17T01:15:43.514+0000] {processor.py:179} INFO - Processing /home/vscode/.local/lib/python3.10/site-packages/airflow/example_dags/example_bash_operator.py took 0.070 seconds
[2026-09-17T01:16:08.995+0000] {processor.py:157} INFO - Started process (PID=33335) to work on /home/vscode/.local/lib/python3.10/site-packages/airflow/example_dags/example_bash_operator.py
[2026-09-17T01:16:09.001+0000] {processor.py:826} INFO - Processing file /home/vscode/.local/lib/python3.10/site-packages/airflow/example_dags/example_bash_operator.py for tasks to queue
[2026-09-17T01:16:09.002+0000] {logging_mixin.py:150} INFO - [2026-09-17T01:16:09.002+0000] {dagbag.py:541} INFO - Filling up the DagBag from /home/vscode/.local/lib/python3.10/site-packages/airflow/example_dags/example_bash_operator.py
[2026-09-17T01:16:09.022+0000] {processor.py:836} INFO - DAG(s) dict_keys(['example_bash_operator']) retrieved from /home/vscode/.local/lib/python3.10/site-packages/airflow/example_dags/example_bash_operator.py
[2026-09-17T01:16:09.051+0000] {logging_mixin.py:150} INFO - [2026-09-17T01:16:09.051+0000] {dag.py:2742} INFO - Sync 1 DAGs
[2026-09-17T01:16:09.067+0000] {logging_mixin.py:150} INFO - [2026-09-17T01:16:09.067+0000] {dag.py:3504} INFO - Setting next_dagrun for example_bash_operator to 2026-09-16T00:00:00+00:00, run_after=2026-09-17T00:00:00+00:00
[2026-09-17T01:16:09.091+0000] {processor.py:179} INFO - Processing /home/vscode/.local/lib/python3.10/site-packages/airflow/example_dags/example_bash_operator.py took 0.099 seconds
[2026-09-17T01:16:35.342+0000] {processor.py:157} INFO - Started process (PID=33547) to work on /home/vscode/.local/lib/python3.10/site-packages/airflow/example_dags/example_bash_operator.py
[2026-09-17T01:16:35.343+0000] {processor.py:826} INFO - Processing file /home/vscode/.local/lib/python3.10/site-packages/airflow/example_dags/example_bash_operator.py for tasks to queue
[2026-09-17T01:16:35.344+0000] {logging_mixin.py:150} INFO - [2026-09-17T01:16:35.344+0000] {dagbag.py:541} INFO - Filling up the DagBag from /home/vscode/.local/lib/python3.10/site-packages/airflow/example_dags/example_bash_operator.py
[2026-09-17T01:16:35.357+0000] {processor.py:836} INFO - DAG(s) dict_keys(['example_bash_operator']) retrieved from /home/vscode/.local/lib/python3.10/site-packages/airflow/example_dags/example_bash_operator.py
[2026-09-17T01:16:35.380+0000] {logging_mixin.py:150} INFO - [2026-09-17T01:16:35.380+0000] {dag.py:2742} INFO - Sync 1 DAGs
[2026-09-17T01:16:35.396+0000] {logging_mixin.py:150} INFO - [2026-09-17T01:16:35.396+0000] {dag.py:3504} INFO - Setting next_dagrun for example_bash_operator to 2026-09-16T00:00:00+00:00, run_after=2026-09-17T00:00:00+00:00
[2026-09-17T01:16:35.413+0000] {processor.py:179} INFO - Processing /home/vscode/.local/lib/python3.10/site-packages/airflow/example_dags/example_bash_operator.py took 0.074 seconds
[2026-09-17T01:17:00.045+0000] {processor.py:157} INFO - Started process (PID=33771) to work on /home/vscode/.local/lib/python3.10/site-packages/airflow/example_dags/example_bash_operator.py
[2026-09-17T01:17:00.046+0000] {processor.py:826} INFO - Processing file /home/vscode/.local/lib/python3.10/site-packages/airflow/example_dags/example_bash_operator.py for tasks to queue
[2026-09-17T01:17:00.046+0000] {logging_mixin.py:150} INFO - [2026-09-17T01:17:00.046+0000] {dagbag.py:541} INFO - Filling up the DagBag from /home/vscode/.local/lib/python3.10/site-packages/airflow/example_dags/example_bash_operator.py
[2026-09-17T01:17:00.055+0000] {processor.py:836} INFO - DAG(s) dict_keys(['example_bash_operator']) retrieved from /home/vscode/.local/lib/python3.10/site-packages/airflow/example_dags/example_bash_operator.py
[2026-09-17T01:17:00.083+0000] {logging_mixin.py:150} INFO - [2026-09-17T01:17:00.083+0000] {dag.py:2742} INFO - Sync 1 DAGs
[2026-09-17T01:17:00.109+0000] {logging_mixin.py:150} INFO - [2026-09-17T01:17:00.109+0000] {dag.py:3504} INFO - Setting next_dagrun for example_bash_operator to 2026-09-16T00:00:00+00:00, run_after=2026-09-17T00:00:00+00:00
[2026-09-17T01:17:00.128+0000] {processor.py:179} INFO - Processing /home/vscode/.local/lib/python3.10/site-packages/airflow/example_dags/example_bash_operator.py took 0.086 seconds
[2026-09-17T01:17:24.832+0000] {processor.py:157} INFO - Started process (PID=33976) to work on /home/vscode/.local/lib/python3.10/site-packages/airflow/example_dags/example_bash_operator.py
[2026-09-17T01:17:24.832+0000] {processor.py:826} INFO - Processing file /home/vscode/.local/lib/python3.10/site-packages/airflow/example_dags/example_bash_operator.py for tasks to queue
[2026-09-17T01:17:24.833+0000] {logging_mixin.py:150} INFO - [2026-09-17T01:17:24.833+0000] {dagbag.py:541} INFO - Filling up the DagBag from /home/vscode/.local/lib/python3.10/site-packages/airflow/example_dags/example_bash_operator.py
[2026-09-17T01:17:24.842+0000] {processor.py:836} INFO - DAG(s) dict_keys(['example_bash_operator']) retrieved from /home/vscode/.local/lib/python3.10/site-packages/airflow/example_dags/example_bash_operator.py
[2026-09-17T01:17:24.860+0000] {logging_mixin.py:150} INFO - [2026-09-17T01:17:24.860+0000] {dag.py:2742} INFO - Sync 1 DAGs
[2026-09-17T01:17:24.876+0000] {logging_mixin.py:150} INFO - [2026-09-17T01:17:24.875+0000] {dag.py:3504} INFO - Setting next_dagrun for example_bash_operator to 2026-09-16T00:00:00+00:00, run_after=2026-09-17T00:00:00+00:00
[2026-09-17T01:17:24.898+0000] {processor.py:179} INFO - Processing /home/vscode/.local/lib/python3.10/site-packages/airflow/example_dags/example_bash_operator.py took 0.068 seconds
[2026-09-17T01:17:44.695+0000] {processor.py:157} INFO - Started process (PID=34146) to work on /home/vscode/.local/lib/python3.10/site-packages/airflow/example_dags/example_bash_operator.py
[2026-09-17T01:17:44.696+0000] {processor.py:826} INFO - Processing file /home/vscode/.local/lib/python3.10/site-packages/airflow/example_dags/example_bash_operator.py for tasks to queue
[2026-09-17T01:17:44.696+0000] {logging_mixin.py:150} INFO - [2026-09-17T01:17:44.696+0000] {dagbag.py:541} INFO - Filling up the DagBag from /home/vscode/.local/lib/python3.10/site-packages/airflow/example_dags/example_bash_operator.py
[2026-09-17T01:17:44.705+0000] {processor.py:836} INFO - DAG(s) dict_keys(['example_bash_operator']) retrieved from /home/vscode/.local/lib/python3.10/site-packages/airflow/example_dags/example_bash_operator.py
[2026-09-17T01:17:44.725+0000] {logging_mixin.py:150} INFO - [2026-09-17T01:17:44.725+0000] {dag.py:2742} INFO - Sync 1 DAGs
[2026-09-17T01:17:44.741+0000] {logging_mixin.py:150} INFO - [2026-09-17T01:17:44.740+0000] {dag.py:3504} INFO - Setting next_dagrun for example_bash_operator to 2026-09-16T00:00:00+00:00, run_after=2026-09-17T00:00:00+00:00
[2026-09-17T01:17:44.759+0000] {processor.py:179} INFO - Processing /home/vscode/.local/lib/python3.10/site-packages/airflow/example_dags/example_bash_operator.py took 0.067 seconds
[2026-09-17T01:18:12.385+0000] {processor.py:157} INFO - Started process (PID=34383) to work on /home/vscode/.local/lib/python3.10/site-packages/airflow/example_dags/example_bash_operator.py
[2026-09-17T01:18:12.386+0000] {processor.py:826} INFO - Processing file /home/vscode/.local/lib/python3.10/site-packages/airflow/example_dags/example_bash_operator.py for tasks to queue
[2026-09-17T01:18:12.387+0000] {logging_mixin.py:150} INFO - [2026-09-17T01:18:12.387+0000] {dagbag.py:541} INFO - Filling up the DagBag from /home/vscode/.local/lib/python3.10/site-packages/airflow/example_dags/example_bash_operator.py
[2026-09-17T01:18:12.398+0000] {processor.py:836} INFO - DAG(s) dict_keys(['example_bash_operator']) retrieved from /home/vscode/.local/lib/python3.10/site-packages/airflow/example_dags/example_bash_operator.py
[2026-09-17T01:18:12.419+0000] {logging_mixin.py:150} INFO - [2026-09-17T01:18:12.419+0000] {dag.py:2742} INFO - Sync 1 DAGs
[2026-09-17T01:18:12.434+0000] {logging_mixin.py:150} INFO - [2026-09-17T01:18:12.434+0000] {dag.py:3504} INFO - Setting next_dagrun for example_bash_operator to 2026-09-16T00:00:00+00:00, run_after=2026-09-17T00:00:00+00:00
[2026-09-17T01:18:12.451+0000] {processor.py:179} INFO - Processing /home/vscode/.local/lib/python3.10/site-packages/airflow/example_dags/example_bash_operator.py took 0.068 seconds
[2026-09-17T01:18:36.188+0000] {processor.py:157} INFO - Started process (PID=34577) to work on /home/vscode/.local/lib/python3.10/site-packages/airflow/example_dags/example_bash_operator.py
[2026-09-17T01:18:36.189+0000] {processor.py:826} INFO - Processing file /home/vscode/.local/lib/python3.10/site-packages/airflow/example_dags/example_bash_operator.py for tasks to queue
[2026-09-17T01:18:36.190+0000] {logging_mixin.py:150} INFO - [2026-09-17T01:18:36.189+0000] {dagbag.py:541} INFO - Filling up the DagBag from /home/vscode/.local/lib/python3.10/site-packages/airflow/example_dags/example_bash_operator.py
[2026-09-17T01:18:36.200+0000] {processor.py:836} INFO - DAG(s) dict_keys(['example_bash_operator']) retrieved from /home/vscode/.local/lib/python3.10/site-packages/airflow/example_dags/example_bash_operator.py
[2026-09-17T01:18:36.223+0000] {logging_mixin.py:150} INFO - [2026-09-17T01:18:36.223+0000] {dag.py:2742} INFO - Sync 1 DAGs
[2026-09-17T01:18:36.239+0000] {logging_mixin.py:150} INFO - [2026-09-17T01:18:36.239+0000] {dag.py:3504} INFO - Setting next_dagrun for example_bash_operator to 2026-09-16T00:00:00+00:00, run_after=2026-09-17T00:00:00+00:00
[2026-09-17T01:18:36.257+0000] {processor.py:179} INFO - Processing /home/vscode/.local/lib/python3.10/site-packages/airflow/example_dags/example_bash_operator.py took 0.072 seconds
[2026-09-17T01:18:58.190+0000] {processor.py:157} INFO - Started process (PID=34757) to work on /home/vscode/.local/lib/python3.10/site-packages/airflow/example_dags/example_bash_operator.py
[2026-09-17T01:18:58.190+0000] {processor.py:826} INFO - Processing file /home/vscode/.local/lib/python3.10/site-packages/airflow/example_dags/example_bash_operator.py for tasks to queue
[2026-09-17T01:18:58.191+0000] {logging_mixin.py:150} INFO - [2026-09-17T01:18:58.191+0000] {dagbag.py:541} INFO - Filling up the DagBag from /home/vscode/.local/lib/python3.10/site-packages/airflow/example_dags/example_bash_operator.py
[2026-09-17T01:18:58.200+0000] {processor.py:836} INFO - DAG(s) dict_keys(['example_bash_operator']) retrieved from /home/vscode/.local/lib/python3.10/site-packages/airflow/example_dags/example_bash_operator.py
[2026-09-17T01:18:58.224+0000] {logging_mixin.py:150} INFO - [2026-09-17T01:18:58.224+0000] {dag.py:2742} INFO - Sync 1 DAGs
[2026-09-17T01:18:58.250+0000] {logging_mixin.py:150} INFO - [2026-09-17T01:18:58.250+0000] {dag.py:3504} INFO - Setting next_dagrun for example_bash_operator to 2026-09-16T00:00:00+00:00, run_after=2026-09-17T00:00:00+00:00
[2026-09-17T01:18:58.275+0000] {processor.py:179} INFO - Processing /home/vscode/.local/lib/python3.10/site-packages/airflow/example_dags/example_bash_operator.py took 0.087 seconds
[2026-09-17T01:19:24.192+0000] {processor.py:157} INFO - Started process (PID=34971) to work on /home/vscode/.local/lib/python3.10/site-packages/airflow/example_dags/example_bash_operator.py
[2026-09-17T01:19:24.193+0000] {processor.py:826} INFO - Processing file /home/vscode/.local/lib/python3.10/site-packages/airflow/example_dags/example_bash_operator.py for tasks to queue
[2026-09-17T01:19:24.194+0000] {logging_mixin.py:150} INFO - [2026-09-17T01:19:24.193+0000] {dagbag.py:541} INFO - Filling up the DagBag from /home/vscode/.local/lib/python3.10/site-packages/airflow/example_dags/example_bash_operator.py
[2026-09-17T01:19:24.205+0000] {processor.py:836} INFO - DAG(s) dict_keys(['example_bash_operator']) retrieved from /home/vscode/.local/lib/python3.10/site-packages/airflow/example_dags/example_bash_operator.py
[2026-09-17T01:19:24.224+0000] {logging_mixin.py:150} INFO - [2026-09-17T01:19:24.224+0000] {dag.py:2742} INFO - Sync 1 DAGs
[2026-09-17T01:19:24.242+0000] {logging_mixin.py:150} INFO - [2026-09-17T01:19:24.242+0000] {dag.py:3504} INFO - Setting next_dagrun for example_bash_operator to 2026-09-16T00:00:00+00:00, run_after=2026-09-17T00:00:00+00:00
[2026-09-17T01:19:24.264+0000] {processor.py:179} INFO - Processing /home/vscode/.local/lib/python3.10/site-packages/airflow/example_dags/example_bash_operator.py took 0.075 seconds
[2026-09-17T01:19:49.704+0000] {processor.py:157} INFO - Started process (PID=35164) to work on /home/vscode/.local/lib/python3.10/site-packages/airflow/example_dags/example_bash_operator.py
[2026-09-17T01:19:49.706+0000] {processor.py:826} INFO - Processing file /home/vscode/.local/lib/python3.10/site-packages/airflow/example_dags/example_bash_operator.py for tasks to queue
[2026-09-17T01:19:49.707+0000] {logging_mixin.py:150} INFO - [2026-09-17T01:19:49.706+0000] {dagbag.py:541} INFO - Filling up the DagBag from /home/vscode/.local/lib/python3.10/site-packages/airflow/example_dags/example_bash_operator.py
[2026-09-17T01:19:49.722+0000] {processor.py:836} INFO - DAG(s) dict_keys(['example_bash_operator']) retrieved from /home/vscode/.local/lib/python3.10/site-packages/airflow/example_dags/example_bash_operator.py
[2026-09-17T01:19:49.752+0000] {logging_mixin.py:150} INFO - [2026-09-17T01:19:49.752+0000] {dag.py:2742} INFO - Sync 1 DAGs
[2026-09-17T01:19:49.781+0000] {logging_mixin.py:150} INFO - [2026-09-17T01:19:49.781+0000] {dag.py:3504} INFO - Setting next_dagrun for example_bash_operator to 2026-09-16T00:00:00+00:00, run_after=2026-09-17T00:00:00+00:00
[2026-09-17T01:19:49.800+0000] {processor.py:179} INFO - Processing /home/vscode/.local/lib/python3.10/site-packages/airflow/example_dags/example_bash_operator.py took 0.100 seconds
[2026-09-17T01:20:12.247+0000] {processor.py:157} INFO - Started process (PID=35417) to work on /home/vscode/.local/lib/python3.10/site-packages/airflow/example_dags/example_bash_operator.py
[2026-09-17T01:20:12.248+0000] {processor.py:826} INFO - Processing file /home/vscode/.local/lib/python3.10/site-packages/airflow/example_dags/example_bash_operator.py for tasks to queue
[2026-09-17T01:20:12.249+0000] {logging_mixin.py:150} INFO - [2026-09-17T01:20:12.248+0000] {dagbag.py:541} INFO - Filling up the DagBag from /home/vscode/.local/lib/python3.10/site-packages/airflow/example_dags/example_bash_operator.py
[2026-09-17T01:20:12.258+0000] {processor.py:836} INFO - DAG(s) dict_keys(['example_bash_operator']) retrieved from /home/vscode/.local/lib/python3.10/site-packages/airflow/example_dags/example_bash_operator.py
[2026-09-17T01:20:12.276+0000] {logging_mixin.py:150} INFO - [2026-09-17T01:20:12.276+0000] {dag.py:2742} INFO - Sync 1 DAGs
[2026-09-17T01:20:12.294+0000] {logging_mixin.py:150} INFO - [2026-09-17T01:20:12.294+0000] {dag.py:3504} INFO - Setting next_dagrun for example_bash_operator to 2026-09-16T00:00:00+00:00, run_after=2026-09-17T00:00:00+00:00
[2026-09-17T01:20:12.324+0000] {processor.py:179} INFO - Processing /home/vscode/.local/lib/python3.10/site-packages/airflow/example_dags/example_bash_operator.py took 0.080 seconds
[2026-09-17T01:20:36.403+0000] {processor.py:157} INFO - Started process (PID=35606) to work on /home/vscode/.local/lib/python3.10/site-packages/airflow/example_dags/example_bash_operator.py
[2026-09-17T01:20:36.404+0000] {processor.py:826} INFO - Processing file /home/vscode/.local/lib/python3.10/site-packages/airflow/example_dags/example_bash_operator.py for tasks to queue
[2026-09-17T01:20:36.405+0000] {logging_mixin.py:150} INFO - [2026-09-17T01:20:36.404+0000] {dagbag.py:541} INFO - Filling up the DagBag from /home/vscode/.local/lib/python3.10/site-packages/airflow/example_dags/example_bash_operator.py
[2026-09-17T01:20:36.414+0000] {processor.py:836} INFO - DAG(s) dict_keys(['example_bash_operator']) retrieved from /home/vscode/.local/lib/python3.10/site-packages/airflow/example_dags/example_bash_operator.py
[2026-09-17T01:20:36.438+0000] {logging_mixin.py:150} INFO - [2026-09-17T01:20:36.438+0000] {dag.py:2742} INFO - Sync 1 DAGs
[2026-09-17T01:20:36.459+0000] {logging_mixin.py:150} INFO - [2026-09-17T01:20:36.459+0000] {dag.py:3504} INFO - Setting next_dagrun for example_bash_operator to 2026-09-16T00:00:00+00:00, run_after=2026-09-17T00:00:00+00:00
[2026-09-17T01:20:36.482+0000] {processor.py:179} INFO - Processing /home/vscode/.local/lib/python3.10/site-packages/airflow/example_dags/example_bash_operator.py took 0.081 seconds
[2026-09-17T01:21:00.478+0000] {processor.py:157} INFO - Started process (PID=35930) to work on /home/vscode/.local/lib/python3.10/site-packages/airflow/example_dags/example_bash_operator.py
[2026-09-17T01:21:00.479+0000] {processor.py:826} INFO - Processing file /home/vscode/.local/lib/python3.10/site-packages/airflow/example_dags/example_bash_operator.py for tasks to queue
[2026-09-17T01:21:00.480+0000] {logging_mixin.py:150} INFO - [2026-09-17T01:21:00.479+0000] {dagbag.py:541} INFO - Filling up the DagBag from /home/vscode/.local/lib/python3.10/site-packages/airflow/example_dags/example_bash_operator.py
[2026-09-17T01:21:00.498+0000] {processor.py:836} INFO - DAG(s) dict_keys(['example_bash_operator']) retrieved from /home/vscode/.local/lib/python3.10/site-packages/airflow/example_dags/example_bash_operator.py
[2026-09-17T01:21:00.518+0000] {logging_mixin.py:150} INFO - [2026-09-17T01:21:00.517+0000] {dag.py:2742} INFO - Sync 1 DAGs
[2026-09-17T01:21:00.537+0000] {logging_mixin.py:150} INFO - [2026-09-17T01:21:00.537+0000] {dag.py:3504} INFO - Setting next_dagrun for example_bash_operator to 2026-09-16T00:00:00+00:00, run_after=2026-09-17T00:00:00+00:00
[2026-09-17T01:21:00.555+0000] {processor.py:179} INFO - Processing /home/vscode/.local/lib/python3.10/site-packages/airflow/example_dags/example_bash_operator.py took 0.081 seconds
[2026-09-17T01:21:25.816+0000] {processor.py:157} INFO - Started process (PID=36269) to work on /home/vscode/.local/lib/python3.10/site-packages/airflow/example_dags/example_bash_operator.py
[2026-09-17T01:21:25.817+0000] {processor.py:826} INFO - Processing file /home/vscode/.local/lib/python3.10/site-packages/airflow/example_dags/example_bash_operator.py for tasks to queue
[2026-09-17T01:21:25.818+0000] {logging_mixin.py:150} INFO - [2026-09-17T01:21:25.817+0000] {dagbag.py:541} INFO - Filling up the DagBag from /home/vscode/.local/lib/python3.10/site-packages/airflow/example_dags/example_bash_operator.py
[2026-09-17T01:21:25.827+0000] {processor.py:836} INFO - DAG(s) dict_keys(['example_bash_operator']) retrieved from /home/vscode/.local/lib/python3.10/site-packages/airflow/example_dags/example_bash_operator.py
[2026-09-17T01:21:25.847+0000] {logging_mixin.py:150} INFO - [2026-09-17T01:21:25.847+0000] {dag.py:2742} INFO - Sync 1 DAGs
[2026-09-17T01:21:25.864+0000] {logging_mixin.py:150} INFO - [2026-09-17T01:21:25.864+0000] {dag.py:3504} INFO - Setting next_dagrun for example_bash_operator to 2026-09-16T00:00:00+00:00, run_after=2026-09-17T00:00:00+00:00
[2026-09-17T01:21:25.880+0000] {processor.py:179} INFO - Processing /home/vscode/.local/lib/python3.10/site-packages/airflow/example_dags/example_bash_operator.py took 0.066 seconds
[2026-09-17T01:21:48.824+0000] {processor.py:157} INFO - Started process (PID=36596) to work on /home/vscode/.local/lib/python3.10/site-packages/airflow/example_dags/example_bash_operator.py
[2026-09-17T01:21:48.825+0000] {processor.py:826} INFO - Processing file /home/vscode/.local/lib/python3.10/site-packages/airflow/example_dags/example_bash_operator.py for tasks to queue
[2026-09-17T01:21:48.826+0000] {logging_mixin.py:150} INFO - [2026-09-17T01:21:48.825+0000] {dagbag.py:541} INFO - Filling up the DagBag from /home/vscode/.local/lib/python3.10/site-packages/airflow/example_dags/example_bash_operator.py
[2026-09-17T01:21:48.838+0000] {processor.py:836} INFO - DAG(s) dict_keys(['example_bash_operator']) retrieved from /home/vscode/.local/lib/python3.10/site-packages/airflow/example_dags/example_bash_operator.py
[2026-09-17T01:21:48.870+0000] {logging_mixin.py:150} INFO - [2026-09-17T01:21:48.870+0000] {dag.py:2742} INFO - Sync 1 DAGs
[2026-09-17T01:21:48.897+0000] {logging_mixin.py:150} INFO - [2026-09-17T01:21:48.897+0000] {dag.py:3504} INFO - Setting next_dagrun for example_bash_operator to 2026-09-16T00:00:00+00:00, run_after=2026-09-17T00:00:00+00:00
[2026-09-17T01:21:48.977+0000] {processor.py:179} INFO - Processing /home/vscode/.local/lib/python3.10/site-packages/airflow/example_dags/example_bash_operator.py took 0.156 seconds
[2026-09-17T01:22:14.717+0000] {processor.py:157} INFO - Started process (PID=36885) to work on /home/vscode/.local/lib/python3.10/site-packages/airflow/example_dags/example_bash_operator.py
[2026-09-17T01:22:14.717+0000] {processor.py:826} INFO - Processing file /home/vscode/.local/lib/python3.10/site-packages/airflow/example_dags/example_bash_operator.py for tasks to queue
[2026-09-17T01:22:14.718+0000] {logging_mixin.py:150} INFO - [2026-09-17T01:22:14.718+0000] {dagbag.py:541} INFO - Filling up the DagBag from /home/vscode/.local/lib/python3.10/site-packages/airflow/example_dags/example_bash_operator.py
[2026-09-17T01:22:14.727+0000] {processor.py:836} INFO - DAG(s) dict_keys(['example_bash_operator']) retrieved from /home/vscode/.local/lib/python3.10/site-packages/airflow/example_dags/example_bash_operator.py
[2026-09-17T01:22:14.745+0000] {logging_mixin.py:150} INFO - [2026-09-17T01:22:14.745+0000] {dag.py:2742} INFO - Sync 1 DAGs
[2026-09-17T01:22:14.761+0000] {logging_mixin.py:150} INFO - [2026-09-17T01:22:14.761+0000] {dag.py:3504} INFO - Setting next_dagrun for example_bash_operator to 2026-09-16T00:00:00+00:00, run_after=2026-09-17T00:00:00+00:00
[2026-09-17T01:22:14.783+0000] {processor.py:179} INFO - Processing /home/vscode/.local/lib/python3.10/site-packages/airflow/example_dags/example_bash_operator.py took 0.068 seconds
[2026-09-17T01:22:37.553+0000] {processor.py:157} INFO - Started process (PID=37212) to work on /home/vscode/.local/lib/python3.10/site-packages/airflow/example_dags/example_bash_operator.py
[2026-09-17T01:22:37.553+0000] {processor.py:826} INFO - Processing file /home/vscode/.local/lib/python3.10/site-packages/airflow/example_dags/example_bash_operator.py for tasks to queue
[2026-09-17T01:22:37.554+0000] {logging_mixin.py:150} INFO - [2026-09-17T01:22:37.554+0000] {dagbag.py:541} INFO - Filling up the DagBag from /home/vscode/.local/lib/python3.10/site-packages/airflow/example_dags/example_bash_operator.py
[2026-09-17T01:22:37.564+0000] {processor.py:836} INFO - DAG(s) dict_keys(['example_bash_operator']) retrieved from /home/vscode/.local/lib/python3.10/site-packages/airflow/example_dags/example_bash_operator.py
[2026-09-17T01:22:37.583+0000] {logging_mixin.py:150} INFO - [2026-09-17T01:22:37.583+0000] {dag.py:2742} INFO - Sync 1 DAGs
[2026-09-17T01:22:37.599+0000] {logging_mixin.py:150} INFO - [2026-09-17T01:22:37.599+0000] {dag.py:3504} INFO - Setting next_dagrun for example_bash_operator to 2026-09-16T00:00:00+00:00, run_after=2026-09-17T00:00:00+00:00
[2026-09-17T01:22:37.617+0000] {processor.py:179} INFO - Processing /home/vscode/.local/lib/python3.10/site-packages/airflow/example_dags/example_bash_operator.py took 0.068 seconds
[2026-09-17T01:23:04.172+0000] {processor.py:157} INFO - Started process (PID=37431) to work on /home/vscode/.local/lib/python3.10/site-packages/airflow/example_dags/example_bash_operator.py
[2026-09-17T01:23:04.173+0000] {processor.py:826} INFO - Processing file /home/vscode/.local/lib/python3.10/site-packages/airflow/example_dags/example_bash_operator.py for tasks to queue
[2026-09-17T01:23:04.173+0000] {logging_mixin.py:150} INFO - [2026-09-17T01:23:04.173+0000] {dagbag.py:541} INFO - Filling up the DagBag from /home/vscode/.local/lib/python3.10/site-packages/airflow/example_dags/example_bash_operator.py
[2026-09-17T01:23:04.182+0000] {processor.py:836} INFO - DAG(s) dict_keys(['example_bash_operator']) retrieved from /home/vscode/.local/lib/python3.10/site-packages/airflow/example_dags/example_bash_operator.py
[2026-09-17T01:23:04.201+0000] {logging_mixin.py:150} INFO - [2026-09-17T01:23:04.201+0000] {dag.py:2742} INFO - Sync 1 DAGs
[2026-09-17T01:23:04.220+0000] {logging_mixin.py:150} INFO - [2026-09-17T01:23:04.219+0000] {dag.py:3504} INFO - Setting next_dagrun for example_bash_operator to 2026-09-16T00:00:00+00:00, run_after=2026-09-17T00:00:00+00:00
[2026-09-17T01:23:04.237+0000] {processor.py:179} INFO - Processing /home/vscode/.local/lib/python3.10/site-packages/airflow/example_dags/example_bash_operator.py took 0.067 seconds
[2026-09-17T01:23:25.564+0000] {processor.py:157} INFO - Started process (PID=37668) to work on /home/vscode/.local/lib/python3.10/site-packages/airflow/example_dags/example_bash_operator.py
[2026-09-17T01:23:25.566+0000] {processor.py:826} INFO - Processing file /home/vscode/.local/lib/python3.10/site-packages/airflow/example_dags/example_bash_operator.py for tasks to queue
[2026-09-17T01:23:25.567+0000] {logging_mixin.py:150} INFO - [2026-09-17T01:23:25.567+0000] {dagbag.py:541} INFO - Filling up the DagBag from /home/vscode/.local/lib/python3.10/site-packages/airflow/example_dags/example_bash_operator.py
[2026-09-17T01:23:25.582+0000] {processor.py:836} INFO - DAG(s) dict_keys(['example_bash_operator']) retrieved from /home/vscode/.local/lib/python3.10/site-packages/airflow/example_dags/example_bash_operator.py
[2026-09-17T01:23:25.612+0000] {logging_mixin.py:150} INFO - [2026-09-17T01:23:25.612+0000] {dag.py:2742} INFO - Sync 1 DAGs
[2026-09-17T01:23:25.637+0000] {logging_mixin.py:150} INFO - [2026-09-17T01:23:25.637+0000] {dag.py:3504} INFO - Setting next_dagrun for example_bash_operator to 2026-09-16T00:00:00+00:00, run_after=2026-09-17T00:00:00+00:00
[2026-09-17T01:23:25.664+0000] {processor.py:179} INFO - Processing /home/vscode/.local/lib/python3.10/site-packages/airflow/example_dags/example_bash_operator.py took 0.106 seconds
[2026-09-17T01:23:53.758+0000] {processor.py:157} INFO - Started process (PID=37890) to work on /home/vscode/.local/lib/python3.10/site-packages/airflow/example_dags/example_bash_operator.py
[2026-09-17T01:23:53.758+0000] {processor.py:826} INFO - Processing file /home/vscode/.local/lib/python3.10/site-packages/airflow/example_dags/example_bash_operator.py for tasks to queue
[2026-09-17T01:23:53.759+0000] {logging_mixin.py:150} INFO - [2026-09-17T01:23:53.759+0000] {dagbag.py:541} INFO - Filling up the DagBag from /home/vscode/.local/lib/python3.10/site-packages/airflow/example_dags/example_bash_operator.py
[2026-09-17T01:23:53.768+0000] {processor.py:836} INFO - DAG(s) dict_keys(['example_bash_operator']) retrieved from /home/vscode/.local/lib/python3.10/site-packages/airflow/example_dags/example_bash_operator.py
[2026-09-17T01:23:53.788+0000] {logging_mixin.py:150} INFO - [2026-09-17T01:23:53.788+0000] {dag.py:2742} INFO - Sync 1 DAGs
[2026-09-17T01:23:53.806+0000] {logging_mixin.py:150} INFO - [2026-09-17T01:23:53.806+0000] {dag.py:3504} INFO - Setting next_dagrun for example_bash_operator to 2026-09-16T00:00:00+00:00, run_after=2026-09-17T00:00:00+00:00
[2026-09-17T01:23:53.823+0000] {processor.py:179} INFO - Processing /home/vscode/.local/lib/python3.10/site-packages/airflow/example_dags/example_bash_operator.py took 0.068 seconds
[2026-09-17T01:24:14.534+0000] {processor.py:157} INFO - Started process (PID=38201) to work on /home/vscode/.local/lib/python3.10/site-packages/airflow/example_dags/example_bash_operator.py
[2026-09-17T01:24:14.535+0000] {processor.py:826} INFO - Processing file /home/vscode/.local/lib/python3.10/site-packages/airflow/example_dags/example_bash_operator.py for tasks to queue
[2026-09-17T01:24:14.535+0000] {logging_mixin.py:150} INFO - [2026-09-17T01:24:14.535+0000] {dagbag.py:541} INFO - Filling up the DagBag from /home/vscode/.local/lib/python3.10/site-packages/airflow/example_dags/example_bash_operator.py
[2026-09-17T01:24:14.547+0000] {processor.py:836} INFO - DAG(s) dict_keys(['example_bash_operator']) retrieved from /home/vscode/.local/lib/python3.10/site-packages/airflow/example_dags/example_bash_operator.py
[2026-09-17T01:24:14.575+0000] {logging_mixin.py:150} INFO - [2026-09-17T01:24:14.575+0000] {dag.py:2742} INFO - Sync 1 DAGs
[2026-09-17T01:24:14.600+0000] {logging_mixin.py:150} INFO - [2026-09-17T01:24:14.600+0000] {dag.py:3504} INFO - Setting next_dagrun for example_bash_operator to 2026-09-16T00:00:00+00:00, run_after=2026-09-17T00:00:00+00:00
[2026-09-17T01:24:14.623+0000] {processor.py:179} INFO - Processing /home/vscode/.local/lib/python3.10/site-packages/airflow/example_dags/example_bash_operator.py took 0.092 seconds
