[2026-09-17T00:55:32.292+0000] {processor.py:157} INFO - Started process (PID=21955) to work on /home/vscode/.local/lib/python3.10/site-packages/airflow/example_dags/example_sensor_decorator.py
[2026-09-17T00:55:32.306+0000] {processor.py:826} INFO - Processing file /home/vscode/.local/lib/python3.10/site-packages/airflow/example_dags/example_sensor_decorator.py for tasks to queue
[2026-09-17T00:55:32.308+0000] {logging_mixin.py:150} INFO - [2026-09-17T00:55:32.308+0000] {dagbag.py:541} INFO - Filling up the DagBag from /home/vscode/.local/lib/python3.10/site-packages/airflow/example_dags/example_sensor_decorator.py
[2026-09-17T00:55:32.364+0000] {processor.py:836} INFO - DAG(s) dict_keys(['example_sensor_decorator']) retrieved from /home/vscode/.local/lib/python3.10/site-packages/airflow/example_dags/example_sensor_decorator.py
[2026-09-17T00:55:32.612+0000] {logging_mixin.py:150} INFO - [2026-09-17T00:55:32.612+0000] {manager.py:504} INFO - Created Permission View: can delete on DAG:example_sensor_decorator
[2026-09-17T00:55:32.629+0000] {logging_mixin.py:150} INFO - [2026-09-17T00:55:32.629+0000] {manager.py:504} INFO - Created Permission View: can edit on DAG:example_sensor_decorator
[2026-09-17T00:55:32.638+0000] {logging_mixin.py:150} INFO - [2026-09-17T00:55:32.637+0000] {manager.py:504} INFO - Created Permission View: can read on DAG:example_sensor_decorator
[2026-09-17T00:55:32.649+0000] {logging_mixin.py:150} INFO - [2026-09-17T00:55:32.649+0000] {dag.py:2742} INFO - Sync 1 DAGs
[2026-09-17T00:55:32.660+0000] {logging_mixin.py:150} INFO - [2026-09-17T00:55:32.659+0000] {dag.py:2763} INFO - Creating ORM DAG for example_sensor_decorator
[2026-09-17T00:55:32.670+0000] {logging_mixin.py:150} INFO - [2026-09-17T00:55:32.670+0000] {dag.py:3504} INFO - Setting next_dagrun for example_sensor_decorator to None, run_after=None
[2026-09-17T00:55:32.694+0000] {processor.py:179} INFO - Processing /home/vscode/.local/lib/python3.10/site-packages/airflow/example_dags/example_sensor_decorator.py took 0.417 seconds
[2026-09-17T00:56:02.336+0000] {processor.py:157} INFO - Started process (PID=22312) to work on /home/vscode/.local/lib/python3.10/site-packages/airflow/example_dags/example_sensor_decorator.py
[2026-09-17T00:56:02.336+0000] {processor.py:826} INFO - Processing file /home/vscode/.local/lib/python3.10/site-packages/airflow/example_dags/example_sensor_decorator.py for tasks to queue
[2026-09-17T00:56:02.341+0000] {logging_mixin.py:150} INFO - [2026-09-17T00:56:02.337+0000] {dagbag.py:541} INFO - Filling up the DagBag from /home/vscode/.local/lib/python3.10/site-packages/airflow/example_dags/example_sensor_decorator.py
[2026-09-17T00:56:02.361+0000] {processor.py:836} INFO - DAG(s) dict_keys(['example_sensor_decorator']) retrieved from /home/vscode/.local/lib/python3.10/site-packages/airflow/example_dags/example_sensor_decorator.py
[2026-09-17T00:56:02.388+0000] {logging_mixin.py:150} INFO - [2026-09-17T00:56:02.388+0000] {dag.py:2742} INFO - Sync 1 DAGs
[2026-09-17T00:56:02.504+0000] {logging_mixin.py:150} INFO - [2026-09-17T00:56:02.504+0000] {dag.py:3504} INFO - Setting next_dagrun for example_sensor_decorator to None, run_after=None
[2026-09-17T00:56:02.554+0000] {processor.py:179} INFO - Processing /home/vscode/.local/lib/python3.10/site-packages/airflow/example_dags/example_sensor_decorator.py took 0.226 seconds
[2026-09-17T00:56:28.459+0000] {processor.py:157} INFO - Started process (PID=22523) to work on /home/vscode/.local/lib/python3.10/site-packages/airflow/example_dags/example_sensor_decorator.py
[2026-09-17T00:56:28.460+0000] {processor.py:826} INFO - Processing file /home/vscode/.local/lib/python3.10/site-packages/airflow/example_dags/example_sensor_decorator.py for tasks to queue
[2026-09-17T00:56:28.461+0000] {logging_mixin.py:150} INFO - [2026-09-17T00:56:28.461+0000] {dagbag.py:541} INFO - Filling up the DagBag from /home/vscode/.local/lib/python3.10/site-packages/airflow/example_dags/example_sensor_decorator.py
[2026-09-17T00:56:28.468+0000] {processor.py:836} INFO - DAG(s) dict_keys(['example_sensor_decorator']) retrieved from /home/vscode/.local/lib/python3.10/site-packages/airflow/example_dags/example_sensor_decorator.py
[2026-09-17T00:56:28.485+0000] {logging_mixin.py:150} INFO - [2026-09-17T00:56:28.485+0000] {dag.py:2742} INFO - Sync 1 DAGs
[2026-09-17T00:56:28.504+0000] {logging_mixin.py:150} INFO - [2026-09-17T00:56:28.504+0000] {dag.py:3504} INFO - Setting next_dagrun for example_sensor_decorator to None, run_after=None
[2026-09-17T00:56:28.529+0000] {processor.py:179} INFO - Processing /home/vscode/.local/lib/python3.10/site-packages/airflow/example_dags/example_sensor_decorator.py took 0.076 seconds
[2026-09-17T00:56:50.532+0000] {processor.py:157} INFO - Started process (PID=22781) to work on /home/vscode/.local/lib/python3.10/site-packages/airflow/example_dags/example_sensor_decorator.py
[2026-09-17T00:56:50.533+0000] {processor.py:826} INFO - Processing file /home/vscode/.local/lib/python3.10/site-packages/airflow/example_dags/example_sensor_decorator.py for tasks to queue
[2026-09-17T00:56:50.534+0000] {logging_mixin.py:150} INFO - [2026-09-17T00:56:50.533+0000] {dagbag.py:541} INFO - Filling up the DagBag from /home/vscode/.local/lib/python3.10/site-packages/airflow/example_dags/example_sensor_decorator.py
[2026-09-17T00:56:50.540+0000] {processor.py:836} INFO - DAG(s) dict_keys(['example_sensor_decorator']) retrieved from /home/vscode/.local/lib/python3.10/site-packages/airflow/example_dags/example_sensor_decorator.py
[2026-09-17T00:56:50.553+0000] {logging_mixin.py:150} INFO - [2026-09-17T00:56:50.553+0000] {dag.py:2742} INFO - Sync 1 DAGs
[2026-09-17T00:56:50.567+0000] {logging_mixin.py:150} INFO - [2026-09-17T00:56:50.567+0000] {dag.py:3504} INFO - Setting next_dagrun for example_sensor_decorator to None, run_after=None
[2026-09-17T00:56:50.588+0000] {processor.py:179} INFO - Processing /home/vscode/.local/lib/python3.10/site-packages/airflow/example_dags/example_sensor_decorator.py took 0.059 seconds
[2026-09-17T00:57:17.934+0000] {processor.py:157} INFO - Started process (PID=22977) to work on /home/vscode/.local/lib/python3.10/site-packages/airflow/example_dags/example_sensor_decorator.py
[2026-09-17T00:57:17.935+0000] {processor.py:826} INFO - Processing file /home/vscode/.local/lib/python3.10/site-packages/airflow/example_dags/example_sensor_decorator.py for tasks to queue
[2026-09-17T00:57:17.936+0000] {logging_mixin.py:150} INFO - [2026-09-17T00:57:17.936+0000] {dagbag.py:541} INFO - Filling up the DagBag from /home/vscode/.local/lib/python3.10/site-packages/airflow/example_dags/example_sensor_decorator.py
[2026-09-17T00:57:17.943+0000] {processor.py:836} INFO - DAG(s) dict_keys(['example_sensor_decorator']) retrieved from /home/vscode/.local/lib/python3.10/site-packages/airflow/example_dags/example_sensor_decorator.py
[2026-09-17T00:57:17.960+0000] {logging_mixin.py:150} INFO - [2026-09-17T00:57:17.959+0000] {dag.py:2742} INFO - Sync 1 DAGs
[2026-09-17T00:57:17.991+0000] {logging_mixin.py:150} INFO - [2026-09-17T00:57:17.991+0000] {dag.py:3504} INFO - Setting next_dagrun for example_sensor_decorator to None, run_after=None
[2026-09-17T00:57:18.032+0000] {processor.py:179} INFO - Processing /home/vscode/.local/lib/python3.10/site-packages/airflow/example_dags/example_sensor_decorator.py took 0.102 seconds
[2026-09-17T00:57:40.751+0000] {processor.py:157} INFO - Started process (PID=23156) to work on /home/vscode/.local/lib/python3.10/site-packages/airflow/example_dags/example_sensor_decorator.py
[2026-09-17T00:57:40.752+0000] {processor.py:826} INFO - Processing file /home/vscode/.local/lib/python3.10/site-packages/airflow/example_dags/example_sensor_decorator.py for tasks to queue
[2026-09-17T00:57:40.752+0000] {logging_mixin.py:150} INFO - [2026-09-17T00:57:40.752+0000] {dagbag.py:541} INFO - Filling up the DagBag from /home/vscode/.local/lib/python3.10/site-packages/airflow/example_dags/example_sensor_decorator.py
[2026-09-17T00:57:40.758+0000] {processor.py:836} INFO - DAG(s) dict_keys(['example_sensor_decorator']) retrieved from /home/vscode/.local/lib/python3.10/site-packages/airflow/example_dags/example_sensor_decorator.py
[2026-09-17T00:57:40.775+0000] {logging_mixin.py:150} INFO - [2026-09-17T00:57:40.775+0000] {dag.py:2742} INFO - Sync 1 DAGs
[2026-09-17T00:57:40.796+0000] {logging_mixin.py:150} INFO - [2026-09-17T00:57:40.795+0000] {dag.py:3504} INFO - Setting next_dagrun for example_sensor_decorator to None, run_after=None
[2026-09-17T00:57:40.813+0000] {processor.py:179} INFO - Processing /home/vscode/.local/lib/python3.10/site-packages/airflow/example_dags/example_sensor_decorator.py took 0.065 seconds
[2026-09-17T00:58:07.817+0000] {processor.py:157} INFO - Started process (PID=23363) to work on /home/vscode/.local/lib/python3.10/site-packages/airflow/example_dags/example_sensor_decorator.py
[2026-09-17T00:58:07.818+0000] {processor.py:826} INFO - Processing file /home/vscode/.local/lib/python3.10/site-packages/airflow/example_dags/example_sensor_decorator.py for tasks to queue
[2026-09-17T00:58:07.818+0000] {logging_mixin.py:150} INFO - [2026-09-17T00:58:07.818+0000] {dagbag.py:541} INFO - Filling up the DagBag from /home/vscode/.local/lib/python3.10/site-packages/airflow/example_dags/example_sensor_decorator.py
[2026-09-17T00:58:07.823+0000] {processor.py:836} INFO - DAG(s) dict_keys(['example_sensor_decorator']) retrieved from /home/vscode/.local/lib/python3.10/site-packages/airflow/example_dags/example_sensor_decorator.py
[2026-09-17T00:58:07.836+0000] {logging_mixin.py:150} INFO - [2026-09-17T00:58:07.836+0000] {dag.py:2742} INFO - Sync 1 DAGs
[2026-09-17T00:58:07.850+0000] {logging_mixin.py:150} INFO - [2026-09-17T00:58:07.850+0000] {dag.py:3504} INFO - Setting next_dagrun for example_sensor_decorator to None, run_after=None
[2026-09-17T00:58:07.867+0000] {processor.py:179} INFO - Processing /home/vscode/.local/lib/python3.10/site-packages/airflow/example_dags/example_sensor_decorator.py took 0.052 seconds
[2026-09-17T00:58:31.925+0000] {processor.py:157} INFO - Started process (PID=23648) to work on /home/vscode/.local/lib/python3.10/site-packages/airflow/example_dags/example_sensor_decorator.py
[2026-09-17T00:58:31.926+0000] {processor.py:826} INFO - Processing file /home/vscode/.local/lib/python3.10/site-packages/airflow/example_dags/example_sensor_decorator.py for tasks to queue
[2026-09-17T00:58:31.926+0000] {logging_mixin.py:150} INFO - [2026-09-17T00:58:31.926+0000] {dagbag.py:541} INFO - Filling up the DagBag from /home/vscode/.local/lib/python3.10/site-packages/airflow/example_dags/example_sensor_decorator.py
[2026-09-17T00:58:31.932+0000] {processor.py:836} INFO - DAG(s) dict_keys(['example_sensor_decorator']) retrieved from /home/vscode/.local/lib/python3.10/site-packages/airflow/example_dags/example_sensor_decorator.py
[2026-09-17T00:58:31.945+0000] {logging_mixin.py:150} INFO - [2026-09-17T00:58:31.944+0000] {dag.py:2742} INFO - Sync 1 DAGs
[2026-09-17T00:58:31.959+0000] {logging_mixin.py:150} INFO - [2026-09-17T00:58:31.959+0000] {dag.py:3504} INFO - Setting next_dagrun for example_sensor_decorator to None, run_after=None
[2026-09-17T00:58:31.975+0000] {processor.py:179} INFO - Processing /home/vscode/.local/lib/python3.10/site-packages/airflow/example_dags/example_sensor_decorator.py took 0.053 seconds
[2026-09-17T00:58:56.235+0000] {processor.py:157} INFO - Started process (PID=23924) to work on /home/vscode/.local/lib/python3.10/site-packages/airflow/example_dags/example_sensor_decorator.py
[2026-09-17T00:58:56.236+0000] {processor.py:826} INFO - Processing file /home/vscode/.local/lib/python3.10/site-packages/airflow/example_dags/example_sensor_decorator.py for tasks to queue
[2026-09-17T00:58:56.237+0000] {logging_mixin.py:150} INFO - [2026-09-17T00:58:56.237+0000] {dagbag.py:541} INFO - Filling up the DagBag from /home/vscode/.local/lib/python3.10/site-packages/airflow/example_dags/example_sensor_decorator.py
[2026-09-17T00:58:56.244+0000] {processor.py:836} INFO - DAG(s) dict_keys(['example_sensor_decorator']) retrieved from /home/vscode/.local/lib/python3.10/site-packages/airflow/example_dags/example_sensor_decorator.py
[2026-09-17T00:58:56.288+0000] {logging_mixin.py:150} INFO - [2026-09-17T00:58:56.288+0000] {dag.py:2742} INFO - Sync 1 DAGs
[2026-09-17T00:58:56.333+0000] {logging_mixin.py:150} INFO - [2026-09-17T00:58:56.333+0000] {dag.py:3504} INFO - Setting next_dagrun for example_sensor_decorator to None, run_after=None
[2026-09-17T00:58:56.372+0000] {processor.py:179} INFO - Processing /home/vscode/.local/lib/python3.10/site-packages/airflow/example_dags/example_sensor_decorator.py took 0.140 seconds
[2026-09-17T00:59:27.564+0000] {processor.py:157} INFO - Started process (PID=24322) to work on /home/vscode/.local/lib/python3.10/site-packages/airflow/example_dags/example_sensor_decorator.py
[2026-09-17T00:59:27.565+0000] {processor.py:826} INFO - Processing file /home/vscode/.local/lib/python3.10/site-packages/airflow/example_dags/example_sensor_decorator.py for tasks to queue
[2026-09-17T00:59:27.566+0000] {logging_mixin.py:150} INFO - [2026-09-17T00:59:27.565+0000] {dagbag.py:541} INFO - Filling up the DagBag from /home/vscode/.local/lib/python3.10/site-packages/airflow/example_dags/example_sensor_decorator.py
[2026-09-17T00:59:27.571+0000] {processor.py:836} INFO - DAG(s) dict_keys(['example_sensor_decorator']) retrieved from /home/vscode/.local/lib/python3.10/site-packages/airflow/example_dags/example_sensor_decorator.py
[2026-09-17T00:59:27.584+0000] {logging_mixin.py:150} INFO - [2026-09-17T00:59:27.583+0000] {dag.py:2742} INFO - Sync 1 DAGs
[2026-09-17T00:59:27.599+0000] {logging_mixin.py:150} INFO - [2026-09-17T00:59:27.598+0000] {dag.py:3504} INFO - Setting next_dagrun for example_sensor_decorator to None, run_after=None
[2026-09-17T00:59:27.617+0000] {processor.py:179} INFO - Processing /home/vscode/.local/lib/python3.10/site-packages/airflow/example_dags/example_sensor_decorator.py took 0.055 seconds
[2026-09-17T00:59:46.966+0000] {processor.py:157} INFO - Started process (PID=24564) to work on /home/vscode/.local/lib/python3.10/site-packages/airflow/example_dags/example_sensor_decorator.py
[2026-09-17T00:59:46.967+0000] {processor.py:826} INFO - Processing file /home/vscode/.local/lib/python3.10/site-packages/airflow/example_dags/example_sensor_decorator.py for tasks to queue
[2026-09-17T00:59:46.968+0000] {logging_mixin.py:150} INFO - [2026-09-17T00:59:46.967+0000] {dagbag.py:541} INFO - Filling up the DagBag from /home/vscode/.local/lib/python3.10/site-packages/airflow/example_dags/example_sensor_decorator.py
[2026-09-17T00:59:46.975+0000] {processor.py:836} INFO - DAG(s) dict_keys(['example_sensor_decorator']) retrieved from /home/vscode/.local/lib/python3.10/site-packages/airflow/example_dags/example_sensor_decorator.py
[2026-09-17T00:59:46.991+0000] {logging_mixin.py:150} INFO - [2026-09-17T00:59:46.991+0000] {dag.py:2742} INFO - Sync 1 DAGs
[2026-09-17T00:59:47.010+0000] {logging_mixin.py:150} INFO - [2026-09-17T00:59:47.009+0000] {dag.py:3504} INFO - Setting next_dagrun for example_sensor_decorator to None, run_after=None
[2026-09-17T00:59:47.029+0000] {processor.py:179} INFO - Processing /home/vscode/.local/lib/python3.10/site-packages/airflow/example_dags/example_sensor_decorator.py took 0.066 seconds
[2026-09-17T01:00:17.809+0000] {processor.py:157} INFO - Started process (PID=25054) to work on /home/vscode/.local/lib/python3.10/site-packages/airflow/example_dags/example_sensor_decorator.py
[2026-09-17T01:00:17.810+0000] {processor.py:826} INFO - Processing file /home/vscode/.local/lib/python3.10/site-packages/airflow/example_dags/example_sensor_decorator.py for tasks to queue
[2026-09-17T01:00:17.810+0000] {logging_mixin.py:150} INFO - [2026-09-17T01:00:17.810+0000] {dagbag.py:541} INFO - Filling up the DagBag from /home/vscode/.local/lib/python3.10/site-packages/airflow/example_dags/example_sensor_decorator.py
[2026-09-17T01:00:17.817+0000] {processor.py:836} INFO - DAG(s) dict_keys(['example_sensor_decorator']) retrieved from /home/vscode/.local/lib/python3.10/site-packages/airflow/example_dags/example_sensor_decorator.py
[2026-09-17T01:00:17.834+0000] {logging_mixin.py:150} INFO - [2026-09-17T01:00:17.834+0000] {dag.py:2742} INFO - Sync 1 DAGs
[2026-09-17T01:00:17.849+0000] {logging_mixin.py:150} INFO - [2026-09-17T01:00:17.849+0000] {dag.py:3504} INFO - Setting next_dagrun for example_sensor_decorator to None, run_after=None
[2026-09-17T01:00:17.866+0000] {processor.py:179} INFO - Processing /home/vscode/.local/lib/python3.10/site-packages/airflow/example_dags/example_sensor_decorator.py took 0.060 seconds
[2026-09-17T01:00:31.041+0000] {processor.py:157} INFO - Started process (PID=25238) to work on /home/vscode/.local/lib/python3.10/site-packages/airflow/example_dags/example_sensor_decorator.py
[2026-09-17T01:00:31.042+0000] {processor.py:826} INFO - Processing file /home/vscode/.local/lib/python3.10/site-packages/airflow/example_dags/example_sensor_decorator.py for tasks to queue
[2026-09-17T01:00:31.042+0000] {logging_mixin.py:150} INFO - [2026-09-17T01:00:31.042+0000] {dagbag.py:541} INFO - Filling up the DagBag from /home/vscode/.local/lib/python3.10/site-packages/airflow/example_dags/example_sensor_decorator.py
[2026-09-17T01:00:31.048+0000] {processor.py:836} INFO - DAG(s) dict_keys(['example_sensor_decorator']) retrieved from /home/vscode/.local/lib/python3.10/site-packages/airflow/example_dags/example_sensor_decorator.py
[2026-09-17T01:00:31.060+0000] {logging_mixin.py:150} INFO - [2026-09-17T01:00:31.060+0000] {dag.py:2742} INFO - Sync 1 DAGs
[2026-09-17T01:00:31.074+0000] {logging_mixin.py:150} INFO - [2026-09-17T01:00:31.074+0000] {dag.py:3504} INFO - Setting next_dagrun for example_sensor_decorator to None, run_after=None
[2026-09-17T01:00:31.097+0000] {processor.py:179} INFO - Processing /home/vscode/.local/lib/python3.10/site-packages/airflow/example_dags/example_sensor_decorator.py took 0.059 seconds
[2026-09-17T01:01:08.163+0000] {processor.py:157} INFO - Started process (PID=25572) to work on /home/vscode/.local/lib/python3.10/site-packages/airflow/example_dags/example_sensor_decorator.py
[2026-09-17T01:01:08.164+0000] {processor.py:826} INFO - Processing file /home/vscode/.local/lib/python3.10/site-packages/airflow/example_dags/example_sensor_decorator.py for tasks to queue
[2026-09-17T01:01:08.164+0000] {logging_mixin.py:150} INFO - [2026-09-17T01:01:08.164+0000] {dagbag.py:541} INFO - Filling up the DagBag from /home/vscode/.local/lib/python3.10/site-packages/airflow/example_dags/example_sensor_decorator.py
[2026-09-17T01:01:08.170+0000] {processor.py:836} INFO - DAG(s) dict_keys(['example_sensor_decorator']) retrieved from /home/vscode/.local/lib/python3.10/site-packages/airflow/example_dags/example_sensor_decorator.py
[2026-09-17T01:01:08.185+0000] {logging_mixin.py:150} INFO - [2026-09-17T01:01:08.185+0000] {dag.py:2742} INFO - Sync 1 DAGs
[2026-09-17T01:01:08.206+0000] {logging_mixin.py:150} INFO - [2026-09-17T01:01:08.206+0000] {dag.py:3504} INFO - Setting next_dagrun for example_sensor_decorator to None, run_after=None
[2026-09-17T01:01:08.222+0000] {processor.py:179} INFO - Processing /home/vscode/.local/lib/python3.10/site-packages/airflow/example_dags/example_sensor_decorator.py took 0.062 seconds
[2026-09-17T01:01:23.739+0000] {processor.py:157} INFO - Started process (PID=25713) to work on /home/vscode/.local/lib/python3.10/site-packages/airflow/example_dags/example_sensor_decorator.py
[2026-09-17T01:01:23.740+0000] {processor.py:826} INFO - Processing file /home/vscode/.local/lib/python3.10/site-packages/airflow/example_dags/example_sensor_decorator.py for tasks to queue
[2026-09-17T01:01:23.740+0000] {logging_mixin.py:150} INFO - [2026-09-17T01:01:23.740+0000] {dagbag.py:541} INFO - Filling up the DagBag from /home/vscode/.local/lib/python3.10/site-packages/airflow/example_dags/example_sensor_decorator.py
[2026-09-17T01:01:23.746+0000] {processor.py:836} INFO - DAG(s) dict_keys(['example_sensor_decorator']) retrieved from /home/vscode/.local/lib/python3.10/site-packages/airflow/example_dags/example_sensor_decorator.py
[2026-09-17T01:01:23.761+0000] {logging_mixin.py:150} INFO - [2026-09-17T01:01:23.760+0000] {dag.py:2742} INFO - Sync 1 DAGs
[2026-09-17T01:01:23.780+0000] {logging_mixin.py:150} INFO - [2026-09-17T01:01:23.780+0000] {dag.py:3504} INFO - Setting next_dagrun for example_sensor_decorator to None, run_after=None
[2026-09-17T01:01:23.802+0000] {processor.py:179} INFO - Processing /home/vscode/.local/lib/python3.10/site-packages/airflow/example_dags/example_sensor_decorator.py took 0.066 seconds
[2026-09-17T01:01:55.897+0000] {processor.py:157} INFO - Started process (PID=25971) to work on /home/vscode/.local/lib/python3.10/site-packages/airflow/example_dags/example_sensor_decorator.py
[2026-09-17T01:01:55.897+0000] {processor.py:826} INFO - Processing file /home/vscode/.local/lib/python3.10/site-packages/airflow/example_dags/example_sensor_decorator.py for tasks to queue
[2026-09-17T01:01:55.898+0000] {logging_mixin.py:150} INFO - [2026-09-17T01:01:55.898+0000] {dagbag.py:541} INFO - Filling up the DagBag from /home/vscode/.local/lib/python3.10/site-packages/airflow/example_dags/example_sensor_decorator.py
[2026-09-17T01:01:55.904+0000] {processor.py:836} INFO - DAG(s) dict_keys(['example_sensor_decorator']) retrieved from /home/vscode/.local/lib/python3.10/site-packages/airflow/example_dags/example_sensor_decorator.py
[2026-09-17T01:01:55.918+0000] {logging_mixin.py:150} INFO - [2026-09-17T01:01:55.917+0000] {dag.py:2742} INFO - Sync 1 DAGs
[2026-09-17T01:01:55.932+0000] {logging_mixin.py:150} INFO - [2026-09-17T01:01:55.932+0000] {dag.py:3504} INFO - Setting next_dagrun for example_sensor_decorator to None, run_after=None
[2026-09-17T01:01:55.947+0000] {processor.py:179} INFO - Processing /home/vscode/.local/lib/python3.10/site-packages/airflow/example_dags/example_sensor_decorator.py took 0.054 seconds
[2026-09-17T01:02:16.320+0000] {processor.py:157} INFO - Started process (PID=26138) to work on /home/vscode/.local/lib/python3.10/site-packages/airflow/example_dags/example_sensor_decorator.py
[2026-09-17T01:02:16.321+0000] {processor.py:826} INFO - Processing file /home/vscode/.local/lib/python3.10/site-packages/airflow/example_dags/example_sensor_decorator.py for tasks to queue
[2026-09-17T01:02:16.322+0000] {logging_mixin.py:150} INFO - [2026-09-17T01:02:16.321+0000] {dagbag.py:541} INFO - Filling up the DagBag from /home/vscode/.local/lib/python3.10/site-packages/airflow/example_dags/example_sensor_decorator.py
[2026-09-17T01:02:16.327+0000] {processor.py:836} INFO - DAG(s) dict_keys(['example_sensor_decorator']) retrieved from /home/vscode/.local/lib/python3.10/site-packages/airflow/example_dags/example_sensor_decorator.py
[2026-09-17T01:02:16.340+0000] {logging_mixin.py:150} INFO - [2026-09-17T01:02:16.339+0000] {dag.py:2742} INFO - Sync 1 DAGs
[2026-09-17T01:02:16.357+0000] {logging_mixin.py:150} INFO - [2026-09-17T01:02:16.357+0000] {dag.py:3504} INFO - Setting next_dagrun for example_sensor_decorator to None, run_after=None
[2026-09-17T01:02:16.376+0000] {processor.py:179} INFO - Processing /home/vscode/.local/lib/python3.10/site-packages/airflow/example_dags/example_sensor_decorator.py took 0.058 seconds
[2026-09-17T01:02:40.002+0000] {processor.py:157} INFO - Started process (PID=26344) to work on /home/vscode/.local/lib/python3.10/site-packages/airflow/example_dags/example_sensor_decorator.py
[2026-09-17T01:02:40.005+0000] {processor.py:826} INFO - Processing file /home/vscode/.local/lib/python3.10/site-packages/airflow/example_dags/example_sensor_decorator.py for tasks to queue
[2026-09-17T01:02:40.006+0000] {logging_mixin.py:150} INFO - [2026-09-17T01:02:40.005+0000] {dagbag.py:541} INFO - Filling up the DagBag from /home/vscode/.local/lib/python3.10/site-packages/airflow/example_dags/example_sensor_decorator.py
[2026-09-17T01:02:40.013+0000] {processor.py:836} INFO - DAG(s) dict_keys(['example_sensor_decorator']) retrieved from /home/vscode/.local/lib/python3.10/site-packages/airflow/example_dags/example_sensor_decorator.py
[2026-09-17T01:02:40.027+0000] {logging_mixin.py:150} INFO - [2026-09-17T01:02:40.027+0000] {dag.py:2742} INFO - Sync 1 DAGs
[2026-09-17T01:02:40.046+0000] {logging_mixin.py:150} INFO - [2026-09-17T01:02:40.046+0000] {dag.py:3504} INFO - Setting next_dagrun for example_sensor_decorator to None, run_after=None
[2026-09-17T01:02:40.062+0000] {processor.py:179} INFO - Processing /home/vscode/.local/lib/python3.10/site-packages/airflow/example_dags/example_sensor_decorator.py took 0.064 seconds
[2026-09-17T01:03:09.720+0000] {processor.py:157} INFO - Started process (PID=26594) to work on /home/vscode/.local/lib/python3.10/site-packages/airflow/example_dags/example_sensor_decorator.py
[2026-09-17T01:03:09.721+0000] {processor.py:826} INFO - Processing file /home/vscode/.local/lib/python3.10/site-packages/airflow/example_dags/example_sensor_decorator.py for tasks to queue
[2026-09-17T01:03:09.722+0000] {logging_mixin.py:150} INFO - [2026-09-17T01:03:09.721+0000] {dagbag.py:541} INFO - Filling up the DagBag from /home/vscode/.local/lib/python3.10/site-packages/airflow/example_dags/example_sensor_decorator.py
[2026-09-17T01:03:09.729+0000] {processor.py:836} INFO - DAG(s) dict_keys(['example_sensor_decorator']) retrieved from /home/vscode/.local/lib/python3.10/site-packages/airflow/example_dags/example_sensor_decorator.py
[2026-09-17T01:03:09.748+0000] {logging_mixin.py:150} INFO - [2026-09-17T01:03:09.748+0000] {dag.py:2742} INFO - Sync 1 DAGs
[2026-09-17T01:03:09.769+0000] {logging_mixin.py:150} INFO - [2026-09-17T01:03:09.769+0000] {dag.py:3504} INFO - Setting next_dagrun for example_sensor_decorator to None, run_after=None
[2026-09-17T01:03:09.793+0000] {processor.py:179} INFO - Processing /home/vscode/.local/lib/python3.10/site-packages/airflow/example_dags/example_sensor_decorator.py took 0.076 seconds
[2026-09-17T01:03:27.746+0000] {processor.py:157} INFO - Started process (PID=26754) to work on /home/vscode/.local/lib/python3.10/site-packages/airflow/example_dags/example_sensor_decorator.py
[2026-09-17T01:03:27.747+0000] {processor.py:826} INFO - Processing file /home/vscode/.local/lib/python3.10/site-packages/airflow/example_dags/example_sensor_decorator.py for tasks to queue
[2026-09-17T01:03:27.748+0000] {logging_mixin.py:150} INFO - [2026-09-17T01:03:27.748+0000] {dagbag.py:541} INFO - Filling up the DagBag from /home/vscode/.local/lib/python3.10/site-packages/airflow/example_dags/example_sensor_decorator.py
[2026-09-17T01:03:27.757+0000] {processor.py:836} INFO - DAG(s) dict_keys(['example_sensor_decorator']) retrieved from /home/vscode/.local/lib/python3.10/site-packages/airflow/example_dags/example_sensor_decorator.py
[2026-09-17T01:03:27.774+0000] {logging_mixin.py:150} INFO - [2026-09-17T01:03:27.774+0000] {dag.py:2742} INFO - Sync 1 DAGs
[2026-09-17T01:03:27.792+0000] {logging_mixin.py:150} INFO - [2026-09-17T01:03:27.792+0000] {dag.py:3504} INFO - Setting next_dagrun for example_sensor_decorator to None, run_after=None
[2026-09-17T01:03:27.810+0000] {processor.py:179} INFO - Processing /home/vscode/.local/lib/python3.10/site-packages/airflow/example_dags/example_sensor_decorator.py took 0.067 seconds
[2026-09-17T01:03:58.887+0000] {processor.py:157} INFO - Started process (PID=27017) to work on /home/vscode/.local/lib/python3.10/site-packages/airflow/example_dags/example_sensor_decorator.py
[2026-09-17T01:03:58.888+0000] {processor.py:826} INFO - Processing file /home/vscode/.local/lib/python3.10/site-packages/airflow/example_dags/example_sensor_decorator.py for tasks to queue
[2026-09-17T01:03:58.889+0000] {logging_mixin.py:150} INFO - [2026-09-17T01:03:58.889+0000] {dagbag.py:541} INFO - Filling up the DagBag from /home/vscode/.local/lib/python3.10/site-packages/airflow/example_dags/example_sensor_decorator.py
[2026-09-17T01:03:58.896+0000] {processor.py:836} INFO - DAG(s) dict_keys(['example_sensor_decorator']) retrieved from /home/vscode/.local/lib/python3.10/site-packages/airflow/example_dags/example_sensor_decorator.py
[2026-09-17T01:03:58.910+0000] {logging_mixin.py:150} INFO - [2026-09-17T01:03:58.910+0000] {dag.py:2742} INFO - Sync 1 DAGs
[2026-09-17T01:03:58.925+0000] {logging_mixin.py:150} INFO - [2026-09-17T01:03:58.925+0000] {dag.py:3504} INFO - Setting next_dagrun for example_sensor_decorator to None, run_after=None
[2026-09-17T01:03:58.942+0000] {processor.py:179} INFO - Processing /home/vscode/.local/lib/python3.10/site-packages/airflow/example_dags/example_sensor_decorator.py took 0.057 seconds
[2026-09-17T01:04:19.581+0000] {processor.py:157} INFO - Started process (PID=27194) to work on /home/vscode/.local/lib/python3.10/site-packages/airflow/example_dags/example_sensor_decorator.py
[2026-09-17T01:04:19.583+0000] {processor.py:826} INFO - Processing file /home/vscode/.local/lib/python3.10/site-packages/airflow/example_dags/example_sensor_decorator.py for tasks to queue
[2026-09-17T01:04:19.584+0000] {logging_mixin.py:150} INFO - [2026-09-17T01:04:19.584+0000] {dagbag.py:541} INFO - Filling up the DagBag from /home/vscode/.local/lib/python3.10/site-packages/airflow/example_dags/example_sensor_decorator.py
[2026-09-17T01:04:19.591+0000] {processor.py:836} INFO - DAG(s) dict_keys(['example_sensor_decorator']) retrieved from /home/vscode/.local/lib/python3.10/site-packages/airflow/example_dags/example_sensor_decorator.py
[2026-09-17T01:04:19.606+0000] {logging_mixin.py:150} INFO - [2026-09-17T01:04:19.606+0000] {dag.py:2742} INFO - Sync 1 DAGs
[2026-09-17T01:04:19.621+0000] {logging_mixin.py:150} INFO - [2026-09-17T01:04:19.621+0000] {dag.py:3504} INFO - Setting next_dagrun for example_sensor_decorator to None, run_after=None
[2026-09-17T01:04:19.638+0000] {processor.py:179} INFO - Processing /home/vscode/.local/lib/python3.10/site-packages/airflow/example_dags/example_sensor_decorator.py took 0.061 seconds
[2026-09-17T01:04:48.924+0000] {processor.py:157} INFO - Started process (PID=27434) to work on /home/vscode/.local/lib/python3.10/site-packages/airflow/example_dags/example_sensor_decorator.py
[2026-09-17T01:04:48.925+0000] {processor.py:826} INFO - Processing file /home/vscode/.local/lib/python3.10/site-packages/airflow/example_dags/example_sensor_decorator.py for tasks to queue
[2026-09-17T01:04:48.926+0000] {logging_mixin.py:150} INFO - [2026-09-17T01:04:48.925+0000] {dagbag.py:541} INFO - Filling up the DagBag from /home/vscode/.local/lib/python3.10/site-packages/airflow/example_dags/example_sensor_decorator.py
[2026-09-17T01:04:48.934+0000] {processor.py:836} INFO - DAG(s) dict_keys(['example_sensor_decorator']) retrieved from /home/vscode/.local/lib/python3.10/site-packages/airflow/example_dags/example_sensor_decorator.py
[2026-09-17T01:04:48.954+0000] {logging_mixin.py:150} INFO - [2026-09-17T01:04:48.954+0000] {dag.py:2742} INFO - Sync 1 DAGs
[2026-09-17T01:04:48.976+0000] {logging_mixin.py:150} INFO - [2026-09-17T01:04:48.976+0000] {dag.py:3504} INFO - Setting next_dagrun for example_sensor_decorator to None, run_after=None
[2026-09-17T01:04:49.006+0000] {processor.py:179} INFO - Processing /home/vscode/.local/lib/python3.10/site-packages/airflow/example_dags/example_sensor_decorator.py took 0.085 seconds
[2026-09-17T01:05:09.457+0000] {processor.py:157} INFO - Started process (PID=27609) to work on /home/vscode/.local/lib/python3.10/site-packages/airflow/example_dags/example_sensor_decorator.py
[2026-09-17T01:05:09.458+0000] {processor.py:826} INFO - Processing file /home/vscode/.local/lib/python3.10/site-packages/airflow/example_dags/example_sensor_decorator.py for tasks to queue
[2026-09-17T01:05:09.458+0000] {logging_mixin.py:150} INFO - [2026-09-17T01:05:09.458+0000] {dagbag.py:541} INFO - Filling up the DagBag from /home/vscode/.local/lib/python3.10/site-packages/airflow/example_dags/example_sensor_decorator.py
[2026-09-17T01:05:09.464+0000] {processor.py:836} INFO - DAG(s) dict_keys(['example_sensor_decorator']) retrieved from /home/vscode/.local/lib/python3.10/site-packages/airflow/example_dags/example_sensor_decorator.py
[2026-09-17T01:05:09.476+0000] {logging_mixin.py:150} INFO - [2026-09-17T01:05:09.476+0000] {dag.py:2742} INFO - Sync 1 DAGs
[2026-09-17T01:05:09.494+0000] {logging_mixin.py:150} INFO - [2026-09-17T01:05:09.493+0000] {dag.py:3504} INFO - Setting next_dagrun for example_sensor_decorator to None, run_after=None
[2026-09-17T01:05:09.512+0000] {processor.py:179} INFO - Processing /home/vscode/.local/lib/python3.10/site-packages/airflow/example_dags/example_sensor_decorator.py took 0.057 seconds
[2026-09-17T01:05:38.375+0000] {processor.py:157} INFO - Started process (PID=27854) to work on /home/vscode/.local/lib/python3.10/site-packages/airflow/example_dags/example_sensor_decorator.py
[2026-09-17T01:05:38.376+0000] {processor.py:826} INFO - Processing file /home/vscode/.local/lib/python3.10/site-packages/airflow/example_dags/example_sensor_decorator.py for tasks to queue
[2026-09-17T01:05:38.376+0000] {logging_mixin.py:150} INFO - [2026-09-17T01:05:38.376+0000] {dagbag.py:541} INFO - Filling up the DagBag from /home/vscode/.local/lib/python3.10/site-packages/airflow/example_dags/example_sensor_decorator.py
[2026-09-17T01:05:38.382+0000] {processor.py:836} INFO - DAG(s) dict_keys(['example_sensor_decorator']) retrieved from /home/vscode/.local/lib/python3.10/site-packages/airflow/example_dags/example_sensor_decorator.py
[2026-09-17T01:05:38.401+0000] {logging_mixin.py:150} INFO - [2026-09-17T01:05:38.401+0000] {dag.py:2742} INFO - Sync 1 DAGs
[2026-09-17T01:05:38.415+0000] {logging_mixin.py:150} INFO - [2026-09-17T01:05:38.415+0000] {dag.py:3504} INFO - Setting next_dagrun for example_sensor_decorator to None, run_after=None
[2026-09-17T01:05:38.432+0000] {processor.py:179} INFO - Processing /home/vscode/.local/lib/python3.10/site-packages/airflow/example_dags/example_sensor_decorator.py took 0.059 seconds
[2026-09-17T01:06:00.983+0000] {processor.py:157} INFO - Started process (PID=28084) to work on /home/vscode/.local/lib/python3.10/site-packages/airflow/example_dags/example_sensor_decorator.py
[2026-09-17T01:06:00.984+0000] {processor.py:826} INFO - Processing file /home/vscode/.local/lib/python3.10/site-packages/airflow/example_dags/example_sensor_decorator.py for tasks to queue
[2026-09-17T01:06:00.985+0000] {logging_mixin.py:150} INFO - [2026-09-17T01:06:00.985+0000] {dagbag.py:541} INFO - Filling up the DagBag from /home/vscode/.local/lib/python3.10/site-packages/airflow/example_dags/example_sensor_decorator.py
[2026-09-17T01:06:00.991+0000] {processor.py:836} INFO - DAG(s) dict_keys(['example_sensor_decorator']) retrieved from /home/vscode/.local/lib/python3.10/site-packages/airflow/example_dags/example_sensor_decorator.py
[2026-09-17T01:06:01.006+0000] {logging_mixin.py:150} INFO - [2026-09-17T01:06:01.006+0000] {dag.py:2742} INFO - Sync 1 DAGs
[2026-09-17T01:06:01.020+0000] {logging_mixin.py:150} INFO - [2026-09-17T01:06:01.020+0000] {dag.py:3504} INFO - Setting next_dagrun for example_sensor_decorator to None, run_after=None
[2026-09-17T01:06:01.037+0000] {processor.py:179} INFO - Processing /home/vscode/.local/lib/python3.10/site-packages/airflow/example_dags/example_sensor_decorator.py took 0.057 seconds
[2026-09-17T01:06:25.951+0000] {processor.py:157} INFO - Started process (PID=28297) to work on /home/vscode/.local/lib/python3.10/site-packages/airflow/example_dags/example_sensor_decorator.py
[2026-09-17T01:06:25.952+0000] {processor.py:826} INFO - Processing file /home/vscode/.local/lib/python3.10/site-packages/airflow/example_dags/example_sensor_decorator.py for tasks to queue
[2026-09-17T01:06:25.952+0000] {logging_mixin.py:150} INFO - [2026-09-17T01:06:25.952+0000] {dagbag.py:541} INFO - Filling up the DagBag from /home/vscode/.local/lib/python3.10/site-packages/airflow/example_dags/example_sensor_decorator.py
[2026-09-17T01:06:25.957+0000] {processor.py:836} INFO - DAG(s) dict_keys(['example_sensor_decorator']) retrieved from /home/vscode/.local/lib/python3.10/site-packages/airflow/example_dags/example_sensor_decorator.py
[2026-09-17T01:06:25.970+0000] {logging_mixin.py:150} INFO - [2026-09-17T01:06:25.970+0000] {dag.py:2742} INFO - Sync 1 DAGs
[2026-09-17T01:06:25.990+0000] {logging_mixin.py:150} INFO - [2026-09-17T01:06:25.990+0000] {dag.py:3504} INFO - Setting next_dagrun for example_sensor_decorator to None, run_after=None
[2026-09-17T01:06:26.010+0000] {processor.py:179} INFO - Processing /home/vscode/.local/lib/python3.10/site-packages/airflow/example_dags/example_sensor_decorator.py took 0.061 seconds
[2026-09-17T01:06:49.248+0000] {processor.py:157} INFO - Started process (PID=28487) to work on /home/vscode/.local/lib/python3.10/site-packages/airflow/example_dags/example_sensor_decorator.py
[2026-09-17T01:06:49.248+0000] {processor.py:826} INFO - Processing file /home/vscode/.local/lib/python3.10/site-packages/airflow/example_dags/example_sensor_decorator.py for tasks to queue
[2026-09-17T01:06:49.249+0000] {logging_mixin.py:150} INFO - [2026-09-17T01:06:49.249+0000] {dagbag.py:541} INFO - Filling up the DagBag from /home/vscode/.local/lib/python3.10/site-packages/airflow/example_dags/example_sensor_decorator.py
[2026-09-17T01:06:49.254+0000] {processor.py:836} INFO - DAG(s) dict_keys(['example_sensor_decorator']) retrieved from /home/vscode/.local/lib/python3.10/site-packages/airflow/example_dags/example_sensor_decorator.py
[2026-09-17T01:06:49.266+0000] {logging_mixin.py:150} INFO - [2026-09-17T01:06:49.266+0000] {dag.py:2742} INFO - Sync 1 DAGs
[2026-09-17T01:06:49.281+0000] {logging_mixin.py:150} INFO - [2026-09-17T01:06:49.281+0000] {dag.py:3504} INFO - Setting next_dagrun for example_sensor_decorator to None, run_after=None
[2026-09-17T01:06:49.297+0000] {processor.py:179} INFO - Processing /home/vscode/.local/lib/python3.10/site-packages/airflow/example_dags/example_sensor_decorator.py took 0.052 seconds
[2026-09-17T01:07:17.042+0000] {processor.py:157} INFO - Started process (PID=28725) to work on /home/vscode/.local/lib/python3.10/site-packages/airflow/example_dags/example_sensor_decorator.py
[2026-09-17T01:07:17.042+0000] {processor.py:826} INFO - Processing file /home/vscode/.local/lib/python3.10/site-packages/airflow/example_dags/example_sensor_decorator.py for tasks to queue
[2026-09-17T01:07:17.043+0000] {logging_mixin.py:150} INFO - [2026-09-17T01:07:17.043+0000] {dagbag.py:541} INFO - Filling up the DagBag from /home/vscode/.local/lib/python3.10/site-packages/airflow/example_dags/example_sensor_decorator.py
[2026-09-17T01:07:17.049+0000] {processor.py:836} INFO - DAG(s) dict_keys(['example_sensor_decorator']) retrieved from /home/vscode/.local/lib/python3.10/site-packages/airflow/example_dags/example_sensor_decorator.py
[2026-09-17T01:07:17.067+0000] {logging_mixin.py:150} INFO - [2026-09-17T01:07:17.067+0000] {dag.py:2742} INFO - Sync 1 DAGs
[2026-09-17T01:07:17.096+0000] {logging_mixin.py:150} INFO - [2026-09-17T01:07:17.095+0000] {dag.py:3504} INFO - Setting next_dagrun for example_sensor_decorator to None, run_after=None
[2026-09-17T01:07:17.132+0000] {processor.py:179} INFO - Processing /home/vscode/.local/lib/python3.10/site-packages/airflow/example_dags/example_sensor_decorator.py took 0.093 seconds
[2026-09-17T01:07:41.286+0000] {processor.py:157} INFO - Started process (PID=28923) to work on /home/vscode/.local/lib/python3.10/site-packages/airflow/example_dags/example_sensor_decorator.py
[2026-09-17T01:07:41.290+0000] {processor.py:826} INFO - Processing file /home/vscode/.local/lib/python3.10/site-packages/airflow/example_dags/example_sensor_decorator.py for tasks to queue
[2026-09-17T01:07:41.290+0000] {logging_mixin.py:150} INFO - [2026-09-17T01:07:41.290+0000] {dagbag.py:541} INFO - Filling up the DagBag from /home/vscode/.local/lib/python3.10/site-packages/airflow/example_dags/example_sensor_decorator.py
[2026-09-17T01:07:41.298+0000] {processor.py:836} INFO - DAG(s) dict_keys(['example_sensor_decorator']) retrieved from /home/vscode/.local/lib/python3.10/site-packages/airflow/example_dags/example_sensor_decorator.py
[2026-09-17T01:07:41.318+0000] {logging_mixin.py:150} INFO - [2026-09-17T01:07:41.318+0000] {dag.py:2742} INFO - Sync 1 DAGs
[2026-09-17T01:07:41.336+0000] {logging_mixin.py:150} INFO - [2026-09-17T01:07:41.336+0000] {dag.py:3504} INFO - Setting next_dagrun for example_sensor_decorator to None, run_after=None
[2026-09-17T01:07:41.353+0000] {processor.py:179} INFO - Processing /home/vscode/.local/lib/python3.10/site-packages/airflow/example_dags/example_sensor_decorator.py took 0.070 seconds
[2026-09-17T01:08:05.188+0000] {processor.py:157} INFO - Started process (PID=29134) to work on /home/vscode/.local/lib/python3.10/site-packages/airflow/example_dags/example_sensor_decorator.py
[2026-09-17T01:08:05.189+0000] {processor.py:826} INFO - Processing file /home/vscode/.local/lib/python3.10/site-packages/airflow/example_dags/example_sensor_decorator.py for tasks to queue
[2026-09-17T01:08:05.190+0000] {logging_mixin.py:150} INFO - [2026-09-17T01:08:05.190+0000] {dagbag.py:541} INFO - Filling up the DagBag from /home/vscode/.local/lib/python3.10/site-packages/airflow/example_dags/example_sensor_decorator.py
[2026-09-17T01:08:05.196+0000] {processor.py:836} INFO - DAG(s) dict_keys(['example_sensor_decorator']) retrieved from /home/vscode/.local/lib/python3.10/site-packages/airflow/example_dags/example_sensor_decorator.py
[2026-09-17T01:08:05.209+0000] {logging_mixin.py:150} INFO - [2026-09-17T01:08:05.209+0000] {dag.py:2742} INFO - Sync 1 DAGs
[2026-09-17T01:08:05.223+0000] {logging_mixin.py:150} INFO - [2026-09-17T01:08:05.223+0000] {dag.py:3504} INFO - Setting next_dagrun for example_sensor_decorator to None, run_after=None
[2026-09-17T01:08:05.243+0000] {processor.py:179} INFO - Processing /home/vscode/.local/lib/python3.10/site-packages/airflow/example_dags/example_sensor_decorator.py took 0.058 seconds
[2026-09-17T01:08:29.720+0000] {processor.py:157} INFO - Started process (PID=29341) to work on /home/vscode/.local/lib/python3.10/site-packages/airflow/example_dags/example_sensor_decorator.py
[2026-09-17T01:08:29.720+0000] {processor.py:826} INFO - Processing file /home/vscode/.local/lib/python3.10/site-packages/airflow/example_dags/example_sensor_decorator.py for tasks to queue
[2026-09-17T01:08:29.721+0000] {logging_mixin.py:150} INFO - [2026-09-17T01:08:29.721+0000] {dagbag.py:541} INFO - Filling up the DagBag from /home/vscode/.local/lib/python3.10/site-packages/airflow/example_dags/example_sensor_decorator.py
[2026-09-17T01:08:29.726+0000] {processor.py:836} INFO - DAG(s) dict_keys(['example_sensor_decorator']) retrieved from /home/vscode/.local/lib/python3.10/site-packages/airflow/example_dags/example_sensor_decorator.py
[2026-09-17T01:08:29.739+0000] {logging_mixin.py:150} INFO - [2026-09-17T01:08:29.739+0000] {dag.py:2742} INFO - Sync 1 DAGs
[2026-09-17T01:08:29.753+0000] {logging_mixin.py:150} INFO - [2026-09-17T01:08:29.753+0000] {dag.py:3504} INFO - Setting next_dagrun for example_sensor_decorator to None, run_after=None
[2026-09-17T01:08:29.769+0000] {processor.py:179} INFO - Processing /home/vscode/.local/lib/python3.10/site-packages/airflow/example_dags/example_sensor_decorator.py took 0.052 seconds
[2026-09-17T01:08:53.796+0000] {processor.py:157} INFO - Started process (PID=29551) to work on /home/vscode/.local/lib/python3.10/site-packages/airflow/example_dags/example_sensor_decorator.py
[2026-09-17T01:08:53.797+0000] {processor.py:826} INFO - Processing file /home/vscode/.local/lib/python3.10/site-packages/airflow/example_dags/example_sensor_decorator.py for tasks to queue
[2026-09-17T01:08:53.798+0000] {logging_mixin.py:150} INFO - [2026-09-17T01:08:53.797+0000] {dagbag.py:541} INFO - Filling up the DagBag from /home/vscode/.local/lib/python3.10/site-packages/airflow/example_dags/example_sensor_decorator.py
[2026-09-17T01:08:53.804+0000] {processor.py:836} INFO - DAG(s) dict_keys(['example_sensor_decorator']) retrieved from /home/vscode/.local/lib/python3.10/site-packages/airflow/example_dags/example_sensor_decorator.py
[2026-09-17T01:08:53.820+0000] {logging_mixin.py:150} INFO - [2026-09-17T01:08:53.820+0000] {dag.py:2742} INFO - Sync 1 DAGs
[2026-09-17T01:08:53.835+0000] {logging_mixin.py:150} INFO - [2026-09-17T01:08:53.835+0000] {dag.py:3504} INFO - Setting next_dagrun for example_sensor_decorator to None, run_after=None
[2026-09-17T01:08:53.851+0000] {processor.py:179} INFO - Processing /home/vscode/.local/lib/python3.10/site-packages/airflow/example_dags/example_sensor_decorator.py took 0.058 seconds
[2026-09-17T01:09:16.034+0000] {processor.py:157} INFO - Started process (PID=29743) to work on /home/vscode/.local/lib/python3.10/site-packages/airflow/example_dags/example_sensor_decorator.py
[2026-09-17T01:09:16.035+0000] {processor.py:826} INFO - Processing file /home/vscode/.local/lib/python3.10/site-packages/airflow/example_dags/example_sensor_decorator.py for tasks to queue
[2026-09-17T01:09:16.036+0000] {logging_mixin.py:150} INFO - [2026-09-17T01:09:16.036+0000] {dagbag.py:541} INFO - Filling up the DagBag from /home/vscode/.local/lib/python3.10/site-packages/airflow/example_dags/example_sensor_decorator.py
[2026-09-17T01:09:16.044+0000] {processor.py:836} INFO - DAG(s) dict_keys(['example_sensor_decorator']) retrieved from /home/vscode/.local/lib/python3.10/site-packages/airflow/example_dags/example_sensor_decorator.py
[2026-09-17T01:09:16.063+0000] {logging_mixin.py:150} INFO - [2026-09-17T01:09:16.063+0000] {dag.py:2742} INFO - Sync 1 DAGs
[2026-09-17T01:09:16.084+0000] {logging_mixin.py:150} INFO - [2026-09-17T01:09:16.084+0000] {dag.py:3504} INFO - Setting next_dagrun for example_sensor_decorator to None, run_after=None
[2026-09-17T01:09:16.107+0000] {processor.py:179} INFO - Processing /home/vscode/.local/lib/python3.10/site-packages/airflow/example_dags/example_sensor_decorator.py took 0.076 seconds
[2026-09-17T01:09:46.800+0000] {processor.py:157} INFO - Started process (PID=30003) to work on /home/vscode/.local/lib/python3.10/site-packages/airflow/example_dags/example_sensor_decorator.py
[2026-09-17T01:09:46.801+0000] {processor.py:826} INFO - Processing file /home/vscode/.local/lib/python3.10/site-packages/airflow/example_dags/example_sensor_decorator.py for tasks to queue
[2026-09-17T01:09:46.802+0000] {logging_mixin.py:150} INFO - [2026-09-17T01:09:46.801+0000] {dagbag.py:541} INFO - Filling up the DagBag from /home/vscode/.local/lib/python3.10/site-packages/airflow/example_dags/example_sensor_decorator.py
[2026-09-17T01:09:46.809+0000] {processor.py:836} INFO - DAG(s) dict_keys(['example_sensor_decorator']) retrieved from /home/vscode/.local/lib/python3.10/site-packages/airflow/example_dags/example_sensor_decorator.py
[2026-09-17T01:09:46.843+0000] {logging_mixin.py:150} INFO - [2026-09-17T01:09:46.843+0000] {dag.py:2742} INFO - Sync 1 DAGs
[2026-09-17T01:09:46.861+0000] {logging_mixin.py:150} INFO - [2026-09-17T01:09:46.861+0000] {dag.py:3504} INFO - Setting next_dagrun for example_sensor_decorator to None, run_after=None
[2026-09-17T01:09:46.883+0000] {processor.py:179} INFO - Processing /home/vscode/.local/lib/python3.10/site-packages/airflow/example_dags/example_sensor_decorator.py took 0.087 seconds
[2026-09-17T01:10:03.457+0000] {processor.py:157} INFO - Started process (PID=30143) to work on /home/vscode/.local/lib/python3.10/site-packages/airflow/example_dags/example_sensor_decorator.py
[2026-09-17T01:10:03.458+0000] {processor.py:826} INFO - Processing file /home/vscode/.local/lib/python3.10/site-packages/airflow/example_dags/example_sensor_decorator.py for tasks to queue
[2026-09-17T01:10:03.459+0000] {logging_mixin.py:150} INFO - [2026-09-17T01:10:03.458+0000] {dagbag.py:541} INFO - Filling up the DagBag from /home/vscode/.local/lib/python3.10/site-packages/airflow/example_dags/example_sensor_decorator.py
[2026-09-17T01:10:03.464+0000] {processor.py:836} INFO - DAG(s) dict_keys(['example_sensor_decorator']) retrieved from /home/vscode/.local/lib/python3.10/site-packages/airflow/example_dags/example_sensor_decorator.py
[2026-09-17T01:10:03.477+0000] {logging_mixin.py:150} INFO - [2026-09-17T01:10:03.477+0000] {dag.py:2742} INFO - Sync 1 DAGs
[2026-09-17T01:10:03.495+0000] {logging_mixin.py:150} INFO - [2026-09-17T01:10:03.495+0000] {dag.py:3504} INFO - Setting next_dagrun for example_sensor_decorator to None, run_after=None
[2026-09-17T01:10:03.513+0000] {processor.py:179} INFO - Processing /home/vscode/.local/lib/python3.10/site-packages/airflow/example_dags/example_sensor_decorator.py took 0.058 seconds
[2026-09-17T01:10:35.175+0000] {processor.py:157} INFO - Started process (PID=30408) to work on /home/vscode/.local/lib/python3.10/site-packages/airflow/example_dags/example_sensor_decorator.py
[2026-09-17T01:10:35.176+0000] {processor.py:826} INFO - Processing file /home/vscode/.local/lib/python3.10/site-packages/airflow/example_dags/example_sensor_decorator.py for tasks to queue
[2026-09-17T01:10:35.176+0000] {logging_mixin.py:150} INFO - [2026-09-17T01:10:35.176+0000] {dagbag.py:541} INFO - Filling up the DagBag from /home/vscode/.local/lib/python3.10/site-packages/airflow/example_dags/example_sensor_decorator.py
[2026-09-17T01:10:35.181+0000] {processor.py:836} INFO - DAG(s) dict_keys(['example_sensor_decorator']) retrieved from /home/vscode/.local/lib/python3.10/site-packages/airflow/example_dags/example_sensor_decorator.py
[2026-09-17T01:10:35.194+0000] {logging_mixin.py:150} INFO - [2026-09-17T01:10:35.194+0000] {dag.py:2742} INFO - Sync 1 DAGs
[2026-09-17T01:10:35.209+0000] {logging_mixin.py:150} INFO - [2026-09-17T01:10:35.209+0000] {dag.py:3504} INFO - Setting next_dagrun for example_sensor_decorator to None, run_after=None
[2026-09-17T01:10:35.228+0000] {processor.py:179} INFO - Processing /home/vscode/.local/lib/python3.10/site-packages/airflow/example_dags/example_sensor_decorator.py took 0.055 seconds
[2026-09-17T01:10:51.294+0000] {processor.py:157} INFO - Started process (PID=30588) to work on /home/vscode/.local/lib/python3.10/site-packages/airflow/example_dags/example_sensor_decorator.py
[2026-09-17T01:10:51.295+0000] {processor.py:826} INFO - Processing file /home/vscode/.local/lib/python3.10/site-packages/airflow/example_dags/example_sensor_decorator.py for tasks to queue
[2026-09-17T01:10:51.296+0000] {logging_mixin.py:150} INFO - [2026-09-17T01:10:51.295+0000] {dagbag.py:541} INFO - Filling up the DagBag from /home/vscode/.local/lib/python3.10/site-packages/airflow/example_dags/example_sensor_decorator.py
[2026-09-17T01:10:51.302+0000] {processor.py:836} INFO - DAG(s) dict_keys(['example_sensor_decorator']) retrieved from /home/vscode/.local/lib/python3.10/site-packages/airflow/example_dags/example_sensor_decorator.py
[2026-09-17T01:10:51.315+0000] {logging_mixin.py:150} INFO - [2026-09-17T01:10:51.315+0000] {dag.py:2742} INFO - Sync 1 DAGs
[2026-09-17T01:10:51.333+0000] {logging_mixin.py:150} INFO - [2026-09-17T01:10:51.332+0000] {dag.py:3504} INFO - Setting next_dagrun for example_sensor_decorator to None, run_after=None
[2026-09-17T01:10:51.350+0000] {processor.py:179} INFO - Processing /home/vscode/.local/lib/python3.10/site-packages/airflow/example_dags/example_sensor_decorator.py took 0.059 seconds
[2026-09-17T01:11:23.545+0000] {processor.py:157} INFO - Started process (PID=30865) to work on /home/vscode/.local/lib/python3.10/site-packages/airflow/example_dags/example_sensor_decorator.py
[2026-09-17T01:11:23.546+0000] {processor.py:826} INFO - Processing file /home/vscode/.local/lib/python3.10/site-packages/airflow/example_dags/example_sensor_decorator.py for tasks to queue
[2026-09-17T01:11:23.547+0000] {logging_mixin.py:150} INFO - [2026-09-17T01:11:23.547+0000] {dagbag.py:541} INFO - Filling up the DagBag from /home/vscode/.local/lib/python3.10/site-packages/airflow/example_dags/example_sensor_decorator.py
[2026-09-17T01:11:23.553+0000] {processor.py:836} INFO - DAG(s) dict_keys(['example_sensor_decorator']) retrieved from /home/vscode/.local/lib/python3.10/site-packages/airflow/example_dags/example_sensor_decorator.py
[2026-09-17T01:11:23.567+0000] {logging_mixin.py:150} INFO - [2026-09-17T01:11:23.567+0000] {dag.py:2742} INFO - Sync 1 DAGs
[2026-09-17T01:11:23.586+0000] {logging_mixin.py:150} INFO - [2026-09-17T01:11:23.585+0000] {dag.py:3504} INFO - Setting next_dagrun for example_sensor_decorator to None, run_after=None
[2026-09-17T01:11:23.611+0000] {processor.py:179} INFO - Processing /home/vscode/.local/lib/python3.10/site-packages/airflow/example_dags/example_sensor_decorator.py took 0.069 seconds
[2026-09-17T01:11:42.708+0000] {processor.py:157} INFO - Started process (PID=31021) to work on /home/vscode/.local/lib/python3.10/site-packages/airflow/example_dags/example_sensor_decorator.py
[2026-09-17T01:11:42.709+0000] {processor.py:826} INFO - Processing file /home/vscode/.local/lib/python3.10/site-packages/airflow/example_dags/example_sensor_decorator.py for tasks to queue
[2026-09-17T01:11:42.710+0000] {logging_mixin.py:150} INFO - [2026-09-17T01:11:42.709+0000] {dagbag.py:541} INFO - Filling up the DagBag from /home/vscode/.local/lib/python3.10/site-packages/airflow/example_dags/example_sensor_decorator.py
[2026-09-17T01:11:42.715+0000] {processor.py:836} INFO - DAG(s) dict_keys(['example_sensor_decorator']) retrieved from /home/vscode/.local/lib/python3.10/site-packages/airflow/example_dags/example_sensor_decorator.py
[2026-09-17T01:11:42.727+0000] {logging_mixin.py:150} INFO - [2026-09-17T01:11:42.727+0000] {dag.py:2742} INFO - Sync 1 DAGs
[2026-09-17T01:11:42.741+0000] {logging_mixin.py:150} INFO - [2026-09-17T01:11:42.741+0000] {dag.py:3504} INFO - Setting next_dagrun for example_sensor_decorator to None, run_after=None
[2026-09-17T01:11:42.757+0000] {processor.py:179} INFO - Processing /home/vscode/.local/lib/python3.10/site-packages/airflow/example_dags/example_sensor_decorator.py took 0.052 seconds
[2026-09-17T01:12:15.514+0000] {processor.py:157} INFO - Started process (PID=31308) to work on /home/vscode/.local/lib/python3.10/site-packages/airflow/example_dags/example_sensor_decorator.py
[2026-09-17T01:12:15.516+0000] {processor.py:826} INFO - Processing file /home/vscode/.local/lib/python3.10/site-packages/airflow/example_dags/example_sensor_decorator.py for tasks to queue
[2026-09-17T01:12:15.517+0000] {logging_mixin.py:150} INFO - [2026-09-17T01:12:15.516+0000] {dagbag.py:541} INFO - Filling up the DagBag from /home/vscode/.local/lib/python3.10/site-packages/airflow/example_dags/example_sensor_decorator.py
[2026-09-17T01:12:15.524+0000] {processor.py:836} INFO - DAG(s) dict_keys(['example_sensor_decorator']) retrieved from /home/vscode/.local/lib/python3.10/site-packages/airflow/example_dags/example_sensor_decorator.py
[2026-09-17T01:12:15.542+0000] {logging_mixin.py:150} INFO - [2026-09-17T01:12:15.542+0000] {dag.py:2742} INFO - Sync 1 DAGs
[2026-09-17T01:12:15.567+0000] {logging_mixin.py:150} INFO - [2026-09-17T01:12:15.567+0000] {dag.py:3504} INFO - Setting next_dagrun for example_sensor_decorator to None, run_after=None
[2026-09-17T01:12:15.593+0000] {processor.py:179} INFO - Processing /home/vscode/.local/lib/python3.10/site-packages/airflow/example_dags/example_sensor_decorator.py took 0.085 seconds
[2026-09-17T01:12:31.609+0000] {processor.py:157} INFO - Started process (PID=31446) to work on /home/vscode/.local/lib/python3.10/site-packages/airflow/example_dags/example_sensor_decorator.py
[2026-09-17T01:12:31.610+0000] {processor.py:826} INFO - Processing file /home/vscode/.local/lib/python3.10/site-packages/airflow/example_dags/example_sensor_decorator.py for tasks to queue
[2026-09-17T01:12:31.611+0000] {logging_mixin.py:150} INFO - [2026-09-17T01:12:31.611+0000] {dagbag.py:541} INFO - Filling up the DagBag from /home/vscode/.local/lib/python3.10/site-packages/airflow/example_dags/example_sensor_decorator.py
[2026-09-17T01:12:31.617+0000] {processor.py:836} INFO - DAG(s) dict_keys(['example_sensor_decorator']) retrieved from /home/vscode/.local/lib/python3.10/site-packages/airflow/example_dags/example_sensor_decorator.py
[2026-09-17T01:12:31.630+0000] {logging_mixin.py:150} INFO - [2026-09-17T01:12:31.630+0000] {dag.py:2742} INFO - Sync 1 DAGs
[2026-09-17T01:12:31.644+0000] {logging_mixin.py:150} INFO - [2026-09-17T01:12:31.644+0000] {dag.py:3504} INFO - Setting next_dagrun for example_sensor_decorator to None, run_after=None
[2026-09-17T01:12:31.660+0000] {processor.py:179} INFO - Processing /home/vscode/.local/lib/python3.10/site-packages/airflow/example_dags/example_sensor_decorator.py took 0.053 seconds
[2026-09-17T01:13:02.902+0000] {processor.py:157} INFO - Started process (PID=31715) to work on /home/vscode/.local/lib/python3.10/site-packages/airflow/example_dags/example_sensor_decorator.py
[2026-09-17T01:13:02.903+0000] {processor.py:826} INFO - Processing file /home/vscode/.local/lib/python3.10/site-packages/airflow/example_dags/example_sensor_decorator.py for tasks to queue
[2026-09-17T01:13:02.904+0000] {logging_mixin.py:150} INFO - [2026-09-17T01:13:02.904+0000] {dagbag.py:541} INFO - Filling up the DagBag from /home/vscode/.local/lib/python3.10/site-packages/airflow/example_dags/example_sensor_decorator.py
[2026-09-17T01:13:02.909+0000] {processor.py:836} INFO - DAG(s) dict_keys(['example_sensor_decorator']) retrieved from /home/vscode/.local/lib/python3.10/site-packages/airflow/example_dags/example_sensor_decorator.py
[2026-09-17T01:13:02.922+0000] {logging_mixin.py:150} INFO - [2026-09-17T01:13:02.922+0000] {dag.py:2742} INFO - Sync 1 DAGs
[2026-09-17T01:13:02.939+0000] {logging_mixin.py:150} INFO - [2026-09-17T01:13:02.938+0000] {dag.py:3504} INFO - Setting next_dagrun for example_sensor_decorator to None, run_after=None
[2026-09-17T01:13:02.966+0000] {processor.py:179} INFO - Processing /home/vscode/.local/lib/python3.10/site-packages/airflow/example_dags/example_sensor_decorator.py took 0.066 seconds
[2026-09-17T01:13:18.736+0000] {processor.py:157} INFO - Started process (PID=31852) to work on /home/vscode/.local/lib/python3.10/site-packages/airflow/example_dags/example_sensor_decorator.py
[2026-09-17T01:13:18.737+0000] {processor.py:826} INFO - Processing file /home/vscode/.local/lib/python3.10/site-packages/airflow/example_dags/example_sensor_decorator.py for tasks to queue
[2026-09-17T01:13:18.738+0000] {logging_mixin.py:150} INFO - [2026-09-17T01:13:18.737+0000] {dagbag.py:541} INFO - Filling up the DagBag from /home/vscode/.local/lib/python3.10/site-packages/airflow/example_dags/example_sensor_decorator.py
[2026-09-17T01:13:18.743+0000] {processor.py:836} INFO - DAG(s) dict_keys(['example_sensor_decorator']) retrieved from /home/vscode/.local/lib/python3.10/site-packages/airflow/example_dags/example_sensor_decorator.py
[2026-09-17T01:13:18.756+0000] {logging_mixin.py:150} INFO - [2026-09-17T01:13:18.755+0000] {dag.py:2742} INFO - Sync 1 DAGs
[2026-09-17T01:13:18.775+0000] {logging_mixin.py:150} INFO - [2026-09-17T01:13:18.775+0000] {dag.py:3504} INFO - Setting next_dagrun for example_sensor_decorator to None, run_after=None
[2026-09-17T01:13:18.804+0000] {processor.py:179} INFO - Processing /home/vscode/.local/lib/python3.10/site-packages/airflow/example_dags/example_sensor_decorator.py took 0.070 seconds
[2026-09-17T01:13:45.905+0000] {processor.py:157} INFO - Started process (PID=32077) to work on /home/vscode/.local/lib/python3.10/site-packages/airflow/example_dags/example_sensor_decorator.py
[2026-09-17T01:13:45.906+0000] {processor.py:826} INFO - Processing file /home/vscode/.local/lib/python3.10/site-packages/airflow/example_dags/example_sensor_decorator.py for tasks to queue
[2026-09-17T01:13:45.907+0000] {logging_mixin.py:150} INFO - [2026-09-17T01:13:45.906+0000] {dagbag.py:541} INFO - Filling up the DagBag from /home/vscode/.local/lib/python3.10/site-packages/airflow/example_dags/example_sensor_decorator.py
[2026-09-17T01:13:45.912+0000] {processor.py:836} INFO - DAG(s) dict_keys(['example_sensor_decorator']) retrieved from /home/vscode/.local/lib/python3.10/site-packages/airflow/example_dags/example_sensor_decorator.py
[2026-09-17T01:13:45.925+0000] {logging_mixin.py:150} INFO - [2026-09-17T01:13:45.925+0000] {dag.py:2742} INFO - Sync 1 DAGs
[2026-09-17T01:13:45.946+0000] {logging_mixin.py:150} INFO - [2026-09-17T01:13:45.946+0000] {dag.py:3504} INFO - Setting next_dagrun for example_sensor_decorator to None, run_after=None
[2026-09-17T01:13:45.972+0000] {processor.py:179} INFO - Processing /home/vscode/.local/lib/python3.10/site-packages/airflow/example_dags/example_sensor_decorator.py took 0.070 seconds
[2026-09-17T01:14:08.468+0000] {processor.py:157} INFO - Started process (PID=32271) to work on /home/vscode/.local/lib/python3.10/site-packages/airflow/example_dags/example_sensor_decorator.py
[2026-09-17T01:14:08.469+0000] {processor.py:826} INFO - Processing file /home/vscode/.local/lib/python3.10/site-packages/airflow/example_dags/example_sensor_decorator.py for tasks to queue
[2026-09-17T01:14:08.470+0000] {logging_mixin.py:150} INFO - [2026-09-17T01:14:08.469+0000] {dagbag.py:541} INFO - Filling up the DagBag from /home/vscode/.local/lib/python3.10/site-packages/airflow/example_dags/example_sensor_decorator.py
[2026-09-17T01:14:08.475+0000] {processor.py:836} INFO - DAG(s) dict_keys(['example_sensor_decorator']) retrieved from /home/vscode/.local/lib/python3.10/site-packages/airflow/example_dags/example_sensor_decorator.py
[2026-09-17T01:14:08.491+0000] {logging_mixin.py:150} INFO - [2026-09-17T01:14:08.491+0000] {dag.py:2742} INFO - Sync 1 DAGs
[2026-09-17T01:14:08.512+0000] {logging_mixin.py:150} INFO - [2026-09-17T01:14:08.512+0000] {dag.py:3504} INFO - Setting next_dagrun for example_sensor_decorator to None, run_after=None
[2026-09-17T01:14:08.530+0000] {processor.py:179} INFO - Processing /home/vscode/.local/lib/python3.10/site-packages/airflow/example_dags/example_sensor_decorator.py took 0.064 seconds
[2026-09-17T01:14:36.233+0000] {processor.py:157} INFO - Started process (PID=32505) to work on /home/vscode/.local/lib/python3.10/site-packages/airflow/example_dags/example_sensor_decorator.py
[2026-09-17T01:14:36.234+0000] {processor.py:826} INFO - Processing file /home/vscode/.local/lib/python3.10/site-packages/airflow/example_dags/example_sensor_decorator.py for tasks to queue
[2026-09-17T01:14:36.235+0000] {logging_mixin.py:150} INFO - [2026-09-17T01:14:36.234+0000] {dagbag.py:541} INFO - Filling up the DagBag from /home/vscode/.local/lib/python3.10/site-packages/airflow/example_dags/example_sensor_decorator.py
[2026-09-17T01:14:36.242+0000] {processor.py:836} INFO - DAG(s) dict_keys(['example_sensor_decorator']) retrieved from /home/vscode/.local/lib/python3.10/site-packages/airflow/example_dags/example_sensor_decorator.py
[2026-09-17T01:14:36.260+0000] {logging_mixin.py:150} INFO - [2026-09-17T01:14:36.260+0000] {dag.py:2742} INFO - Sync 1 DAGs
[2026-09-17T01:14:36.275+0000] {logging_mixin.py:150} INFO - [2026-09-17T01:14:36.275+0000] {dag.py:3504} INFO - Setting next_dagrun for example_sensor_decorator to None, run_after=None
[2026-09-17T01:14:36.294+0000] {processor.py:179} INFO - Processing /home/vscode/.local/lib/python3.10/site-packages/airflow/example_dags/example_sensor_decorator.py took 0.064 seconds
[2026-09-17T01:15:01.479+0000] {processor.py:157} INFO - Started process (PID=32716) to work on /home/vscode/.local/lib/python3.10/site-packages/airflow/example_dags/example_sensor_decorator.py
[2026-09-17T01:15:01.479+0000] {processor.py:826} INFO - Processing file /home/vscode/.local/lib/python3.10/site-packages/airflow/example_dags/example_sensor_decorator.py for tasks to queue
[2026-09-17T01:15:01.480+0000] {logging_mixin.py:150} INFO - [2026-09-17T01:15:01.480+0000] {dagbag.py:541} INFO - Filling up the DagBag from /home/vscode/.local/lib/python3.10/site-packages/airflow/example_dags/example_sensor_decorator.py
[2026-09-17T01:15:01.486+0000] {processor.py:836} INFO - DAG(s) dict_keys(['example_sensor_decorator']) retrieved from /home/vscode/.local/lib/python3.10/site-packages/airflow/example_dags/example_sensor_decorator.py
[2026-09-17T01:15:01.509+0000] {logging_mixin.py:150} INFO - [2026-09-17T01:15:01.509+0000] {dag.py:2742} INFO - Sync 1 DAGs
[2026-09-17T01:15:01.540+0000] {logging_mixin.py:150} INFO - [2026-09-17T01:15:01.540+0000] {dag.py:3504} INFO - Setting next_dagrun for example_sensor_decorator to None, run_after=None
[2026-09-17T01:15:01.560+0000] {processor.py:179} INFO - Processing /home/vscode/.local/lib/python3.10/site-packages/airflow/example_dags/example_sensor_decorator.py took 0.084 seconds
[2026-09-17T01:15:19.411+0000] {processor.py:157} INFO - Started process (PID=32877) to work on /home/vscode/.local/lib/python3.10/site-packages/airflow/example_dags/example_sensor_decorator.py
[2026-09-17T01:15:19.412+0000] {processor.py:826} INFO - Processing file /home/vscode/.local/lib/python3.10/site-packages/airflow/example_dags/example_sensor_decorator.py for tasks to queue
[2026-09-17T01:15:19.413+0000] {logging_mixin.py:150} INFO - [2026-09-17T01:15:19.412+0000] {dagbag.py:541} INFO - Filling up the DagBag from /home/vscode/.local/lib/python3.10/site-packages/airflow/example_dags/example_sensor_decorator.py
[2026-09-17T01:15:19.418+0000] {processor.py:836} INFO - DAG(s) dict_keys(['example_sensor_decorator']) retrieved from /home/vscode/.local/lib/python3.10/site-packages/airflow/example_dags/example_sensor_decorator.py
[2026-09-17T01:15:19.430+0000] {logging_mixin.py:150} INFO - [2026-09-17T01:15:19.430+0000] {dag.py:2742} INFO - Sync 1 DAGs
[2026-09-17T01:15:19.445+0000] {logging_mixin.py:150} INFO - [2026-09-17T01:15:19.445+0000] {dag.py:3504} INFO - Setting next_dagrun for example_sensor_decorator to None, run_after=None
[2026-09-17T01:15:19.461+0000] {processor.py:179} INFO - Processing /home/vscode/.local/lib/python3.10/site-packages/airflow/example_dags/example_sensor_decorator.py took 0.052 seconds
[2026-09-17T01:15:52.841+0000] {processor.py:157} INFO - Started process (PID=33193) to work on /home/vscode/.local/lib/python3.10/site-packages/airflow/example_dags/example_sensor_decorator.py
[2026-09-17T01:15:52.842+0000] {processor.py:826} INFO - Processing file /home/vscode/.local/lib/python3.10/site-packages/airflow/example_dags/example_sensor_decorator.py for tasks to queue
[2026-09-17T01:15:52.843+0000] {logging_mixin.py:150} INFO - [2026-09-17T01:15:52.842+0000] {dagbag.py:541} INFO - Filling up the DagBag from /home/vscode/.local/lib/python3.10/site-packages/airflow/example_dags/example_sensor_decorator.py
[2026-09-17T01:15:52.848+0000] {processor.py:836} INFO - DAG(s) dict_keys(['example_sensor_decorator']) retrieved from /home/vscode/.local/lib/python3.10/site-packages/airflow/example_dags/example_sensor_decorator.py
[2026-09-17T01:15:52.860+0000] {logging_mixin.py:150} INFO - [2026-09-17T01:15:52.860+0000] {dag.py:2742} INFO - Sync 1 DAGs
[2026-09-17T01:15:52.874+0000] {logging_mixin.py:150} INFO - [2026-09-17T01:15:52.874+0000] {dag.py:3504} INFO - Setting next_dagrun for example_sensor_decorator to None, run_after=None
[2026-09-17T01:15:52.893+0000] {processor.py:179} INFO - Processing /home/vscode/.local/lib/python3.10/site-packages/airflow/example_dags/example_sensor_decorator.py took 0.054 seconds
[2026-09-17T01:16:03.421+0000] {processor.py:157} INFO - Started process (PID=33282) to work on /home/vscode/.local/lib/python3.10/site-packages/airflow/example_dags/example_sensor_decorator.py
[2026-09-17T01:16:03.422+0000] {processor.py:826} INFO - Processing file /home/vscode/.local/lib/python3.10/site-packages/airflow/example_dags/example_sensor_decorator.py for tasks to queue
[2026-09-17T01:16:03.423+0000] {logging_mixin.py:150} INFO - [2026-09-17T01:16:03.422+0000] {dagbag.py:541} INFO - Filling up the DagBag from /home/vscode/.local/lib/python3.10/site-packages/airflow/example_dags/example_sensor_decorator.py
[2026-09-17T01:16:03.432+0000] {processor.py:836} INFO - DAG(s) dict_keys(['example_sensor_decorator']) retrieved from /home/vscode/.local/lib/python3.10/site-packages/airflow/example_dags/example_sensor_decorator.py
[2026-09-17T01:16:03.446+0000] {logging_mixin.py:150} INFO - [2026-09-17T01:16:03.445+0000] {dag.py:2742} INFO - Sync 1 DAGs
[2026-09-17T01:16:03.460+0000] {logging_mixin.py:150} INFO - [2026-09-17T01:16:03.460+0000] {dag.py:3504} INFO - Setting next_dagrun for example_sensor_decorator to None, run_after=None
[2026-09-17T01:16:03.483+0000] {processor.py:179} INFO - Processing /home/vscode/.local/lib/python3.10/site-packages/airflow/example_dags/example_sensor_decorator.py took 0.066 seconds
[2026-09-17T01:16:44.487+0000] {processor.py:157} INFO - Started process (PID=33635) to work on /home/vscode/.local/lib/python3.10/site-packages/airflow/example_dags/example_sensor_decorator.py
[2026-09-17T01:16:44.488+0000] {processor.py:826} INFO - Processing file /home/vscode/.local/lib/python3.10/site-packages/airflow/example_dags/example_sensor_decorator.py for tasks to queue
[2026-09-17T01:16:44.489+0000] {logging_mixin.py:150} INFO - [2026-09-17T01:16:44.488+0000] {dagbag.py:541} INFO - Filling up the DagBag from /home/vscode/.local/lib/python3.10/site-packages/airflow/example_dags/example_sensor_decorator.py
[2026-09-17T01:16:44.495+0000] {processor.py:836} INFO - DAG(s) dict_keys(['example_sensor_decorator']) retrieved from /home/vscode/.local/lib/python3.10/site-packages/airflow/example_dags/example_sensor_decorator.py
[2026-09-17T01:16:44.510+0000] {logging_mixin.py:150} INFO - [2026-09-17T01:16:44.510+0000] {dag.py:2742} INFO - Sync 1 DAGs
[2026-09-17T01:16:44.526+0000] {logging_mixin.py:150} INFO - [2026-09-17T01:16:44.526+0000] {dag.py:3504} INFO - Setting next_dagrun for example_sensor_decorator to None, run_after=None
[2026-09-17T01:16:44.543+0000] {processor.py:179} INFO - Processing /home/vscode/.local/lib/python3.10/site-packages/airflow/example_dags/example_sensor_decorator.py took 0.059 seconds
[2026-09-17T01:16:54.900+0000] {processor.py:157} INFO - Started process (PID=33724) to work on /home/vscode/.local/lib/python3.10/site-packages/airflow/example_dags/example_sensor_decorator.py
[2026-09-17T01:16:54.901+0000] {processor.py:826} INFO - Processing file /home/vscode/.local/lib/python3.10/site-packages/airflow/example_dags/example_sensor_decorator.py for tasks to queue
[2026-09-17T01:16:54.902+0000] {logging_mixin.py:150} INFO - [2026-09-17T01:16:54.901+0000] {dagbag.py:541} INFO - Filling up the DagBag from /home/vscode/.local/lib/python3.10/site-packages/airflow/example_dags/example_sensor_decorator.py
[2026-09-17T01:16:54.909+0000] {processor.py:836} INFO - DAG(s) dict_keys(['example_sensor_decorator']) retrieved from /home/vscode/.local/lib/python3.10/site-packages/airflow/example_dags/example_sensor_decorator.py
[2026-09-17T01:16:54.931+0000] {logging_mixin.py:150} INFO - [2026-09-17T01:16:54.931+0000] {dag.py:2742} INFO - Sync 1 DAGs
[2026-09-17T01:16:54.954+0000] {logging_mixin.py:150} INFO - [2026-09-17T01:16:54.954+0000] {dag.py:3504} INFO - Setting next_dagrun for example_sensor_decorator to None, run_after=None
[2026-09-17T01:16:54.970+0000] {processor.py:179} INFO - Processing /home/vscode/.local/lib/python3.10/site-packages/airflow/example_dags/example_sensor_decorator.py took 0.073 seconds
[2026-09-17T01:17:35.702+0000] {processor.py:157} INFO - Started process (PID=34066) to work on /home/vscode/.local/lib/python3.10/site-packages/airflow/example_dags/example_sensor_decorator.py
[2026-09-17T01:17:35.705+0000] {processor.py:826} INFO - Processing file /home/vscode/.local/lib/python3.10/site-packages/airflow/example_dags/example_sensor_decorator.py for tasks to queue
[2026-09-17T01:17:35.705+0000] {logging_mixin.py:150} INFO - [2026-09-17T01:17:35.705+0000] {dagbag.py:541} INFO - Filling up the DagBag from /home/vscode/.local/lib/python3.10/site-packages/airflow/example_dags/example_sensor_decorator.py
[2026-09-17T01:17:35.711+0000] {processor.py:836} INFO - DAG(s) dict_keys(['example_sensor_decorator']) retrieved from /home/vscode/.local/lib/python3.10/site-packages/airflow/example_dags/example_sensor_decorator.py
[2026-09-17T01:17:35.723+0000] {logging_mixin.py:150} INFO - [2026-09-17T01:17:35.723+0000] {dag.py:2742} INFO - Sync 1 DAGs
[2026-09-17T01:17:35.738+0000] {logging_mixin.py:150} INFO - [2026-09-17T01:17:35.738+0000] {dag.py:3504} INFO - Setting next_dagrun for example_sensor_decorator to None, run_after=None
[2026-09-17T01:17:35.758+0000] {processor.py:179} INFO - Processing /home/vscode/.local/lib/python3.10/site-packages/airflow/example_dags/example_sensor_decorator.py took 0.060 seconds
[2026-09-17T01:17:38.320+0000] {processor.py:157} INFO - Started process (PID=34087) to work on /home/vscode/.local/lib/python3.10/site-packages/airflow/example_dags/example_sensor_decorator.py
[2026-09-17T01:17:38.320+0000] {processor.py:826} INFO - Processing file /home/vscode/.local/lib/python3.10/site-packages/airflow/example_dags/example_sensor_decorator.py for tasks to queue
[2026-09-17T01:17:38.321+0000] {logging_mixin.py:150} INFO - [2026-09-17T01:17:38.321+0000] {dagbag.py:541} INFO - Filling up the DagBag from /home/vscode/.local/lib/python3.10/site-packages/airflow/example_dags/example_sensor_decorator.py
[2026-09-17T01:17:38.326+0000] {processor.py:836} INFO - DAG(s) dict_keys(['example_sensor_decorator']) retrieved from /home/vscode/.local/lib/python3.10/site-packages/airflow/example_dags/example_sensor_decorator.py
[2026-09-17T01:17:38.341+0000] {logging_mixin.py:150} INFO - [2026-09-17T01:17:38.341+0000] {dag.py:2742} INFO - Sync 1 DAGs
[2026-09-17T01:17:38.356+0000] {logging_mixin.py:150} INFO - [2026-09-17T01:17:38.356+0000] {dag.py:3504} INFO - Setting next_dagrun for example_sensor_decorator to None, run_after=None
[2026-09-17T01:17:38.372+0000] {processor.py:179} INFO - Processing /home/vscode/.local/lib/python3.10/site-packages/airflow/example_dags/example_sensor_decorator.py took 0.055 seconds
[2026-09-17T01:18:21.175+0000] {processor.py:157} INFO - Started process (PID=34457) to work on /home/vscode/.local/lib/python3.10/site-packages/airflow/example_dags/example_sensor_decorator.py
[2026-09-17T01:18:21.176+0000] {processor.py:826} INFO - Processing file /home/vscode/.local/lib/python3.10/site-packages/airflow/example_dags/example_sensor_decorator.py for tasks to queue
[2026-09-17T01:18:21.177+0000] {logging_mixin.py:150} INFO - [2026-09-17T01:18:21.177+0000] {dagbag.py:541} INFO - Filling up the DagBag from /home/vscode/.local/lib/python3.10/site-packages/airflow/example_dags/example_sensor_decorator.py
[2026-09-17T01:18:21.184+0000] {processor.py:836} INFO - DAG(s) dict_keys(['example_sensor_decorator']) retrieved from /home/vscode/.local/lib/python3.10/site-packages/airflow/example_dags/example_sensor_decorator.py
[2026-09-17T01:18:21.200+0000] {logging_mixin.py:150} INFO - [2026-09-17T01:18:21.200+0000] {dag.py:2742} INFO - Sync 1 DAGs
[2026-09-17T01:18:21.221+0000] {logging_mixin.py:150} INFO - [2026-09-17T01:18:21.221+0000] {dag.py:3504} INFO - Setting next_dagrun for example_sensor_decorator to None, run_after=None
[2026-09-17T01:18:21.245+0000] {processor.py:179} INFO - Processing /home/vscode/.local/lib/python3.10/site-packages/airflow/example_dags/example_sensor_decorator.py took 0.073 seconds
[2026-09-17T01:18:31.051+0000] {processor.py:157} INFO - Started process (PID=34531) to work on /home/vscode/.local/lib/python3.10/site-packages/airflow/example_dags/example_sensor_decorator.py
[2026-09-17T01:18:31.052+0000] {processor.py:826} INFO - Processing file /home/vscode/.local/lib/python3.10/site-packages/airflow/example_dags/example_sensor_decorator.py for tasks to queue
[2026-09-17T01:18:31.053+0000] {logging_mixin.py:150} INFO - [2026-09-17T01:18:31.052+0000] {dagbag.py:541} INFO - Filling up the DagBag from /home/vscode/.local/lib/python3.10/site-packages/airflow/example_dags/example_sensor_decorator.py
[2026-09-17T01:18:31.059+0000] {processor.py:836} INFO - DAG(s) dict_keys(['example_sensor_decorator']) retrieved from /home/vscode/.local/lib/python3.10/site-packages/airflow/example_dags/example_sensor_decorator.py
[2026-09-17T01:18:31.077+0000] {logging_mixin.py:150} INFO - [2026-09-17T01:18:31.077+0000] {dag.py:2742} INFO - Sync 1 DAGs
[2026-09-17T01:18:31.104+0000] {logging_mixin.py:150} INFO - [2026-09-17T01:18:31.104+0000] {dag.py:3504} INFO - Setting next_dagrun for example_sensor_decorator to None, run_after=None
[2026-09-17T01:18:31.132+0000] {processor.py:179} INFO - Processing /home/vscode/.local/lib/python3.10/site-packages/airflow/example_dags/example_sensor_decorator.py took 0.084 seconds
[2026-09-17T01:19:07.361+0000] {processor.py:157} INFO - Started process (PID=34837) to work on /home/vscode/.local/lib/python3.10/site-packages/airflow/example_dags/example_sensor_decorator.py
[2026-09-17T01:19:07.362+0000] {processor.py:826} INFO - Processing file /home/vscode/.local/lib/python3.10/site-packages/airflow/example_dags/example_sensor_decorator.py for tasks to queue
[2026-09-17T01:19:07.362+0000] {logging_mixin.py:150} INFO - [2026-09-17T01:19:07.362+0000] {dagbag.py:541} INFO - Filling up the DagBag from /home/vscode/.local/lib/python3.10/site-packages/airflow/example_dags/example_sensor_decorator.py
[2026-09-17T01:19:07.367+0000] {processor.py:836} INFO - DAG(s) dict_keys(['example_sensor_decorator']) retrieved from /home/vscode/.local/lib/python3.10/site-packages/airflow/example_dags/example_sensor_decorator.py
[2026-09-17T01:19:07.380+0000] {logging_mixin.py:150} INFO - [2026-09-17T01:19:07.379+0000] {dag.py:2742} INFO - Sync 1 DAGs
[2026-09-17T01:19:07.401+0000] {logging_mixin.py:150} INFO - [2026-09-17T01:19:07.400+0000] {dag.py:3504} INFO - Setting next_dagrun for example_sensor_decorator to None, run_after=None
[2026-09-17T01:19:07.426+0000] {processor.py:179} INFO - Processing /home/vscode/.local/lib/python3.10/site-packages/airflow/example_dags/example_sensor_decorator.py took 0.068 seconds
[2026-09-17T01:19:18.594+0000] {processor.py:157} INFO - Started process (PID=34923) to work on /home/vscode/.local/lib/python3.10/site-packages/airflow/example_dags/example_sensor_decorator.py
[2026-09-17T01:19:18.595+0000] {processor.py:826} INFO - Processing file /home/vscode/.local/lib/python3.10/site-packages/airflow/example_dags/example_sensor_decorator.py for tasks to queue
[2026-09-17T01:19:18.595+0000] {logging_mixin.py:150} INFO - [2026-09-17T01:19:18.595+0000] {dagbag.py:541} INFO - Filling up the DagBag from /home/vscode/.local/lib/python3.10/site-packages/airflow/example_dags/example_sensor_decorator.py
[2026-09-17T01:19:18.600+0000] {processor.py:836} INFO - DAG(s) dict_keys(['example_sensor_decorator']) retrieved from /home/vscode/.local/lib/python3.10/site-packages/airflow/example_dags/example_sensor_decorator.py
[2026-09-17T01:19:18.616+0000] {logging_mixin.py:150} INFO - [2026-09-17T01:19:18.616+0000] {dag.py:2742} INFO - Sync 1 DAGs
[2026-09-17T01:19:18.630+0000] {logging_mixin.py:150} INFO - [2026-09-17T01:19:18.630+0000] {dag.py:3504} INFO - Setting next_dagrun for example_sensor_decorator to None, run_after=None
[2026-09-17T01:19:18.648+0000] {processor.py:179} INFO - Processing /home/vscode/.local/lib/python3.10/site-packages/airflow/example_dags/example_sensor_decorator.py took 0.057 seconds
[2026-09-17T01:19:57.957+0000] {processor.py:157} INFO - Started process (PID=35305) to work on /home/vscode/.local/lib/python3.10/site-packages/airflow/example_dags/example_sensor_decorator.py
[2026-09-17T01:19:57.958+0000] {processor.py:826} INFO - Processing file /home/vscode/.local/lib/python3.10/site-packages/airflow/example_dags/example_sensor_decorator.py for tasks to queue
[2026-09-17T01:19:57.958+0000] {logging_mixin.py:150} INFO - [2026-09-17T01:19:57.958+0000] {dagbag.py:541} INFO - Filling up the DagBag from /home/vscode/.local/lib/python3.10/site-packages/airflow/example_dags/example_sensor_decorator.py
[2026-09-17T01:19:57.963+0000] {processor.py:836} INFO - DAG(s) dict_keys(['example_sensor_decorator']) retrieved from /home/vscode/.local/lib/python3.10/site-packages/airflow/example_dags/example_sensor_decorator.py
[2026-09-17T01:19:57.976+0000] {logging_mixin.py:150} INFO - [2026-09-17T01:19:57.976+0000] {dag.py:2742} INFO - Sync 1 DAGs
[2026-09-17T01:19:57.993+0000] {logging_mixin.py:150} INFO - [2026-09-17T01:19:57.992+0000] {dag.py:3504} INFO - Setting next_dagrun for example_sensor_decorator to None, run_after=None
[2026-09-17T01:19:58.010+0000] {processor.py:179} INFO - Processing /home/vscode/.local/lib/python3.10/site-packages/airflow/example_dags/example_sensor_decorator.py took 0.055 seconds
[2026-09-17T01:20:06.712+0000] {processor.py:157} INFO - Started process (PID=35372) to work on /home/vscode/.local/lib/python3.10/site-packages/airflow/example_dags/example_sensor_decorator.py
[2026-09-17T01:20:06.713+0000] {processor.py:826} INFO - Processing file /home/vscode/.local/lib/python3.10/site-packages/airflow/example_dags/example_sensor_decorator.py for tasks to queue
[2026-09-17T01:20:06.714+0000] {logging_mixin.py:150} INFO - [2026-09-17T01:20:06.713+0000] {dagbag.py:541} INFO - Filling up the DagBag from /home/vscode/.local/lib/python3.10/site-packages/airflow/example_dags/example_sensor_decorator.py
[2026-09-17T01:20:06.719+0000] {processor.py:836} INFO - DAG(s) dict_keys(['example_sensor_decorator']) retrieved from /home/vscode/.local/lib/python3.10/site-packages/airflow/example_dags/example_sensor_decorator.py
[2026-09-17T01:20:06.736+0000] {logging_mixin.py:150} INFO - [2026-09-17T01:20:06.736+0000] {dag.py:2742} INFO - Sync 1 DAGs
[2026-09-17T01:20:06.751+0000] {logging_mixin.py:150} INFO - [2026-09-17T01:20:06.751+0000] {dag.py:3504} INFO - Setting next_dagrun for example_sensor_decorator to None, run_after=None
[2026-09-17T01:20:06.766+0000] {processor.py:179} INFO - Processing /home/vscode/.local/lib/python3.10/site-packages/airflow/example_dags/example_sensor_decorator.py took 0.057 seconds
[2026-09-17T01:20:44.145+0000] {processor.py:157} INFO - Started process (PID=35710) to work on /home/vscode/.local/lib/python3.10/site-packages/airflow/example_dags/example_sensor_decorator.py
[2026-09-17T01:20:44.148+0000] {processor.py:826} INFO - Processing file /home/vscode/.local/lib/python3.10/site-packages/airflow/example_dags/example_sensor_decorator.py for tasks to queue
[2026-09-17T01:20:44.148+0000] {logging_mixin.py:150} INFO - [2026-09-17T01:20:44.148+0000] {dagbag.py:541} INFO - Filling up the DagBag from /home/vscode/.local/lib/python3.10/site-packages/airflow/example_dags/example_sensor_decorator.py
[2026-09-17T01:20:44.156+0000] {processor.py:836} INFO - DAG(s) dict_keys(['example_sensor_decorator']) retrieved from /home/vscode/.local/lib/python3.10/site-packages/airflow/example_dags/example_sensor_decorator.py
[2026-09-17T01:20:44.174+0000] {logging_mixin.py:150} INFO - [2026-09-17T01:20:44.174+0000] {dag.py:2742} INFO - Sync 1 DAGs
[2026-09-17T01:20:44.192+0000] {logging_mixin.py:150} INFO - [2026-09-17T01:20:44.192+0000] {dag.py:3504} INFO - Setting next_dagrun for example_sensor_decorator to None, run_after=None
[2026-09-17T01:20:44.221+0000] {processor.py:179} INFO - Processing /home/vscode/.local/lib/python3.10/site-packages/airflow/example_dags/example_sensor_decorator.py took 0.080 seconds
[2026-09-17T01:20:53.893+0000] {processor.py:157} INFO - Started process (PID=35795) to work on /home/vscode/.local/lib/python3.10/site-packages/airflow/example_dags/example_sensor_decorator.py
[2026-09-17T01:20:53.893+0000] {processor.py:826} INFO - Processing file /home/vscode/.local/lib/python3.10/site-packages/airflow/example_dags/example_sensor_decorator.py for tasks to queue
[2026-09-17T01:20:53.894+0000] {logging_mixin.py:150} INFO - [2026-09-17T01:20:53.894+0000] {dagbag.py:541} INFO - Filling up the DagBag from /home/vscode/.local/lib/python3.10/site-packages/airflow/example_dags/example_sensor_decorator.py
[2026-09-17T01:20:53.899+0000] {processor.py:836} INFO - DAG(s) dict_keys(['example_sensor_decorator']) retrieved from /home/vscode/.local/lib/python3.10/site-packages/airflow/example_dags/example_sensor_decorator.py
[2026-09-17T01:20:53.912+0000] {logging_mixin.py:150} INFO - [2026-09-17T01:20:53.912+0000] {dag.py:2742} INFO - Sync 1 DAGs
[2026-09-17T01:20:53.926+0000] {logging_mixin.py:150} INFO - [2026-09-17T01:20:53.926+0000] {dag.py:3504} INFO - Setting next_dagrun for example_sensor_decorator to None, run_after=None
[2026-09-17T01:20:53.944+0000] {processor.py:179} INFO - Processing /home/vscode/.local/lib/python3.10/site-packages/airflow/example_dags/example_sensor_decorator.py took 0.054 seconds
[2026-09-17T01:21:35.384+0000] {processor.py:157} INFO - Started process (PID=36348) to work on /home/vscode/.local/lib/python3.10/site-packages/airflow/example_dags/example_sensor_decorator.py
[2026-09-17T01:21:35.385+0000] {processor.py:826} INFO - Processing file /home/vscode/.local/lib/python3.10/site-packages/airflow/example_dags/example_sensor_decorator.py for tasks to queue
[2026-09-17T01:21:35.386+0000] {logging_mixin.py:150} INFO - [2026-09-17T01:21:35.385+0000] {dagbag.py:541} INFO - Filling up the DagBag from /home/vscode/.local/lib/python3.10/site-packages/airflow/example_dags/example_sensor_decorator.py
[2026-09-17T01:21:35.392+0000] {processor.py:836} INFO - DAG(s) dict_keys(['example_sensor_decorator']) retrieved from /home/vscode/.local/lib/python3.10/site-packages/airflow/example_dags/example_sensor_decorator.py
[2026-09-17T01:21:35.409+0000] {logging_mixin.py:150} INFO - [2026-09-17T01:21:35.409+0000] {dag.py:2742} INFO - Sync 1 DAGs
[2026-09-17T01:21:35.427+0000] {logging_mixin.py:150} INFO - [2026-09-17T01:21:35.427+0000] {dag.py:3504} INFO - Setting next_dagrun for example_sensor_decorator to None, run_after=None
[2026-09-17T01:21:35.451+0000] {processor.py:179} INFO - Processing /home/vscode/.local/lib/python3.10/site-packages/airflow/example_dags/example_sensor_decorator.py took 0.070 seconds
[2026-09-17T01:21:42.738+0000] {processor.py:157} INFO - Started process (PID=36550) to work on /home/vscode/.local/lib/python3.10/site-packages/airflow/example_dags/example_sensor_decorator.py
[2026-09-17T01:21:42.738+0000] {processor.py:826} INFO - Processing file /home/vscode/.local/lib/python3.10/site-packages/airflow/example_dags/example_sensor_decorator.py for tasks to queue
[2026-09-17T01:21:42.739+0000] {logging_mixin.py:150} INFO - [2026-09-17T01:21:42.739+0000] {dagbag.py:541} INFO - Filling up the DagBag from /home/vscode/.local/lib/python3.10/site-packages/airflow/example_dags/example_sensor_decorator.py
[2026-09-17T01:21:42.745+0000] {processor.py:836} INFO - DAG(s) dict_keys(['example_sensor_decorator']) retrieved from /home/vscode/.local/lib/python3.10/site-packages/airflow/example_dags/example_sensor_decorator.py
[2026-09-17T01:21:42.757+0000] {logging_mixin.py:150} INFO - [2026-09-17T01:21:42.757+0000] {dag.py:2742} INFO - Sync 1 DAGs
[2026-09-17T01:21:42.771+0000] {logging_mixin.py:150} INFO - [2026-09-17T01:21:42.771+0000] {dag.py:3504} INFO - Setting next_dagrun for example_sensor_decorator to None, run_after=None
[2026-09-17T01:21:42.788+0000] {processor.py:179} INFO - Processing /home/vscode/.local/lib/python3.10/site-packages/airflow/example_dags/example_sensor_decorator.py took 0.053 seconds
[2026-09-17T01:22:25.341+0000] {processor.py:157} INFO - Started process (PID=37123) to work on /home/vscode/.local/lib/python3.10/site-packages/airflow/example_dags/example_sensor_decorator.py
[2026-09-17T01:22:25.342+0000] {processor.py:826} INFO - Processing file /home/vscode/.local/lib/python3.10/site-packages/airflow/example_dags/example_sensor_decorator.py for tasks to queue
[2026-09-17T01:22:25.343+0000] {logging_mixin.py:150} INFO - [2026-09-17T01:22:25.342+0000] {dagbag.py:541} INFO - Filling up the DagBag from /home/vscode/.local/lib/python3.10/site-packages/airflow/example_dags/example_sensor_decorator.py
[2026-09-17T01:22:25.348+0000] {processor.py:836} INFO - DAG(s) dict_keys(['example_sensor_decorator']) retrieved from /home/vscode/.local/lib/python3.10/site-packages/airflow/example_dags/example_sensor_decorator.py
[2026-09-17T01:22:25.360+0000] {logging_mixin.py:150} INFO - [2026-09-17T01:22:25.360+0000] {dag.py:2742} INFO - Sync 1 DAGs
[2026-09-17T01:22:25.374+0000] {logging_mixin.py:150} INFO - [2026-09-17T01:22:25.374+0000] {dag.py:3504} INFO - Setting next_dagrun for example_sensor_decorator to None, run_after=None
[2026-09-17T01:22:25.392+0000] {processor.py:179} INFO - Processing /home/vscode/.local/lib/python3.10/site-packages/airflow/example_dags/example_sensor_decorator.py took 0.054 seconds
[2026-09-17T01:22:32.409+0000] {processor.py:157} INFO - Started process (PID=37179) to work on /home/vscode/.local/lib/python3.10/site-packages/airflow/example_dags/example_sensor_decorator.py
[2026-09-17T01:22:32.410+0000] {processor.py:826} INFO - Processing file /home/vscode/.local/lib/python3.10/site-packages/airflow/example_dags/example_sensor_decorator.py for tasks to queue
[2026-09-17T01:22:32.410+0000] {logging_mixin.py:150} INFO - [2026-09-17T01:22:32.410+0000] {dagbag.py:541} INFO - Filling up the DagBag from /home/vscode/.local/lib/python3.10/site-packages/airflow/example_dags/example_sensor_decorator.py
[2026-09-17T01:22:32.415+0000] {processor.py:836} INFO - DAG(s) dict_keys(['example_sensor_decorator']) retrieved from /home/vscode/.local/lib/python3.10/site-packages/airflow/example_dags/example_sensor_decorator.py
[2026-09-17T01:22:32.427+0000] {logging_mixin.py:150} INFO - [2026-09-17T01:22:32.427+0000] {dag.py:2742} INFO - Sync 1 DAGs
[2026-09-17T01:22:32.441+0000] {logging_mixin.py:150} INFO - [2026-09-17T01:22:32.441+0000] {dag.py:3504} INFO - Setting next_dagrun for example_sensor_decorator to None, run_after=None
[2026-09-17T01:22:32.457+0000] {processor.py:179} INFO - Processing /home/vscode/.local/lib/python3.10/site-packages/airflow/example_dags/example_sensor_decorator.py took 0.051 seconds
[2026-09-17T01:23:10.966+0000] {processor.py:157} INFO - Started process (PID=37476) to work on /home/vscode/.local/lib/python3.10/site-packages/airflow/example_dags/example_sensor_decorator.py
[2026-09-17T01:23:10.972+0000] {processor.py:826} INFO - Processing file /home/vscode/.local/lib/python3.10/site-packages/airflow/example_dags/example_sensor_decorator.py for tasks to queue
[2026-09-17T01:23:10.974+0000] {logging_mixin.py:150} INFO - [2026-09-17T01:23:10.973+0000] {dagbag.py:541} INFO - Filling up the DagBag from /home/vscode/.local/lib/python3.10/site-packages/airflow/example_dags/example_sensor_decorator.py
[2026-09-17T01:23:10.989+0000] {processor.py:836} INFO - DAG(s) dict_keys(['example_sensor_decorator']) retrieved from /home/vscode/.local/lib/python3.10/site-packages/airflow/example_dags/example_sensor_decorator.py
[2026-09-17T01:23:11.083+0000] {logging_mixin.py:150} INFO - [2026-09-17T01:23:11.082+0000] {dag.py:2742} INFO - Sync 1 DAGs
[2026-09-17T01:23:11.176+0000] {logging_mixin.py:150} INFO - [2026-09-17T01:23:11.176+0000] {dag.py:3504} INFO - Setting next_dagrun for example_sensor_decorator to None, run_after=None
[2026-09-17T01:23:11.313+0000] {processor.py:179} INFO - Processing /home/vscode/.local/lib/python3.10/site-packages/airflow/example_dags/example_sensor_decorator.py took 0.357 seconds
[2026-09-17T01:23:20.303+0000] {processor.py:157} INFO - Started process (PID=37629) to work on /home/vscode/.local/lib/python3.10/site-packages/airflow/example_dags/example_sensor_decorator.py
[2026-09-17T01:23:20.303+0000] {processor.py:826} INFO - Processing file /home/vscode/.local/lib/python3.10/site-packages/airflow/example_dags/example_sensor_decorator.py for tasks to queue
[2026-09-17T01:23:20.304+0000] {logging_mixin.py:150} INFO - [2026-09-17T01:23:20.304+0000] {dagbag.py:541} INFO - Filling up the DagBag from /home/vscode/.local/lib/python3.10/site-packages/airflow/example_dags/example_sensor_decorator.py
[2026-09-17T01:23:20.310+0000] {processor.py:836} INFO - DAG(s) dict_keys(['example_sensor_decorator']) retrieved from /home/vscode/.local/lib/python3.10/site-packages/airflow/example_dags/example_sensor_decorator.py
[2026-09-17T01:23:20.324+0000] {logging_mixin.py:150} INFO - [2026-09-17T01:23:20.324+0000] {dag.py:2742} INFO - Sync 1 DAGs
[2026-09-17T01:23:20.339+0000] {logging_mixin.py:150} INFO - [2026-09-17T01:23:20.339+0000] {dag.py:3504} INFO - Setting next_dagrun for example_sensor_decorator to None, run_after=None
[2026-09-17T01:23:20.355+0000] {processor.py:179} INFO - Processing /home/vscode/.local/lib/python3.10/site-packages/airflow/example_dags/example_sensor_decorator.py took 0.055 seconds
[2026-09-17T01:24:04.043+0000] {processor.py:157} INFO - Started process (PID=37971) to work on /home/vscode/.local/lib/python3.10/site-packages/airflow/example_dags/example_sensor_decorator.py
[2026-09-17T01:24:04.044+0000] {processor.py:826} INFO - Processing file /home/vscode/.local/lib/python3.10/site-packages/airflow/example_dags/example_sensor_decorator.py for tasks to queue
[2026-09-17T01:24:04.045+0000] {logging_mixin.py:150} INFO - [2026-09-17T01:24:04.044+0000] {dagbag.py:541} INFO - Filling up the DagBag from /home/vscode/.local/lib/python3.10/site-packages/airflow/example_dags/example_sensor_decorator.py
[2026-09-17T01:24:04.050+0000] {processor.py:836} INFO - DAG(s) dict_keys(['example_sensor_decorator']) retrieved from /home/vscode/.local/lib/python3.10/site-packages/airflow/example_dags/example_sensor_decorator.py
[2026-09-17T01:24:04.063+0000] {logging_mixin.py:150} INFO - [2026-09-17T01:24:04.062+0000] {dag.py:2742} INFO - Sync 1 DAGs
[2026-09-17T01:24:04.077+0000] {logging_mixin.py:150} INFO - [2026-09-17T01:24:04.077+0000] {dag.py:3504} INFO - Setting next_dagrun for example_sensor_decorator to None, run_after=None
[2026-09-17T01:24:04.099+0000] {processor.py:179} INFO - Processing /home/vscode/.local/lib/python3.10/site-packages/airflow/example_dags/example_sensor_decorator.py took 0.058 seconds
[2026-09-17T01:24:09.373+0000] {processor.py:157} INFO - Started process (PID=38064) to work on /home/vscode/.local/lib/python3.10/site-packages/airflow/example_dags/example_sensor_decorator.py
[2026-09-17T01:24:09.374+0000] {processor.py:826} INFO - Processing file /home/vscode/.local/lib/python3.10/site-packages/airflow/example_dags/example_sensor_decorator.py for tasks to queue
[2026-09-17T01:24:09.375+0000] {logging_mixin.py:150} INFO - [2026-09-17T01:24:09.375+0000] {dagbag.py:541} INFO - Filling up the DagBag from /home/vscode/.local/lib/python3.10/site-packages/airflow/example_dags/example_sensor_decorator.py
[2026-09-17T01:24:09.381+0000] {processor.py:836} INFO - DAG(s) dict_keys(['example_sensor_decorator']) retrieved from /home/vscode/.local/lib/python3.10/site-packages/airflow/example_dags/example_sensor_decorator.py
[2026-09-17T01:24:09.397+0000] {logging_mixin.py:150} INFO - [2026-09-17T01:24:09.397+0000] {dag.py:2742} INFO - Sync 1 DAGs
[2026-09-17T01:24:09.412+0000] {logging_mixin.py:150} INFO - [2026-09-17T01:24:09.412+0000] {dag.py:3504} INFO - Setting next_dagrun for example_sensor_decorator to None, run_after=None
[2026-09-17T01:24:09.429+0000] {processor.py:179} INFO - Processing /home/vscode/.local/lib/python3.10/site-packages/airflow/example_dags/example_sensor_decorator.py took 0.058 seconds
