[2026-09-17T00:55:36.342+0000] {processor.py:157} INFO - Started process (PID=22029) to work on /home/vscode/.local/lib/python3.10/site-packages/airflow/example_dags/example_python_operator.py
[2026-09-17T00:55:36.343+0000] {processor.py:826} INFO - Processing file /home/vscode/.local/lib/python3.10/site-packages/airflow/example_dags/example_python_operator.py for tasks to queue
[2026-09-17T00:55:36.346+0000] {logging_mixin.py:150} INFO - [2026-09-17T00:55:36.346+0000] {dagbag.py:541} INFO - Filling up the DagBag from /home/vscode/.local/lib/python3.10/site-packages/airflow/example_dags/example_python_operator.py
[2026-09-17T00:55:36.380+0000] {processor.py:836} INFO - DAG(s) dict_keys(['example_python_operator']) retrieved from /home/vscode/.local/lib/python3.10/site-packages/airflow/example_dags/example_python_operator.py
[2026-09-17T00:55:36.747+0000] {logging_mixin.py:150} INFO - [2026-09-17T00:55:36.747+0000] {manager.py:504} INFO - Created Permission View: can delete on DAG:example_python_operator
[2026-09-17T00:55:36.782+0000] {logging_mixin.py:150} INFO - [2026-09-17T00:55:36.782+0000] {manager.py:504} INFO - Created Permission View: can edit on DAG:example_python_operator
[2026-09-17T00:55:36.802+0000] {logging_mixin.py:150} INFO - [2026-09-17T00:55:36.802+0000] {manager.py:504} INFO - Created Permission View: can read on DAG:example_python_operator
[2026-09-17T00:55:36.833+0000] {logging_mixin.py:150} INFO - [2026-09-17T00:55:36.833+0000] {dag.py:2742} INFO - Sync 1 DAGs
[2026-09-17T00:55:36.854+0000] {logging_mixin.py:150} INFO - [2026-09-17T00:55:36.854+0000] {dag.py:2763} INFO - Creating ORM DAG for example_python_operator
[2026-09-17T00:55:36.874+0000] {logging_mixin.py:150} INFO - [2026-09-17T00:55:36.874+0000] {dag.py:3504} INFO - Setting next_dagrun for example_python_operator to None, run_after=None
[2026-09-17T00:55:36.938+0000] {processor.py:179} INFO - Processing /home/vscode/.local/lib/python3.10/site-packages/airflow/example_dags/example_python_operator.py took 0.605 seconds
[2026-09-17T00:56:06.355+0000] {processor.py:157} INFO - Started process (PID=22339) to work on /home/vscode/.local/lib/python3.10/site-packages/airflow/example_dags/example_python_operator.py
[2026-09-17T00:56:06.356+0000] {processor.py:826} INFO - Processing file /home/vscode/.local/lib/python3.10/site-packages/airflow/example_dags/example_python_operator.py for tasks to queue
[2026-09-17T00:56:06.360+0000] {logging_mixin.py:150} INFO - [2026-09-17T00:56:06.359+0000] {dagbag.py:541} INFO - Filling up the DagBag from /home/vscode/.local/lib/python3.10/site-packages/airflow/example_dags/example_python_operator.py
[2026-09-17T00:56:06.384+0000] {processor.py:836} INFO - DAG(s) dict_keys(['example_python_operator']) retrieved from /home/vscode/.local/lib/python3.10/site-packages/airflow/example_dags/example_python_operator.py
[2026-09-17T00:56:06.412+0000] {logging_mixin.py:150} INFO - [2026-09-17T00:56:06.411+0000] {dag.py:2742} INFO - Sync 1 DAGs
[2026-09-17T00:56:06.467+0000] {logging_mixin.py:150} INFO - [2026-09-17T00:56:06.467+0000] {dag.py:3504} INFO - Setting next_dagrun for example_python_operator to None, run_after=None
[2026-09-17T00:56:06.552+0000] {processor.py:179} INFO - Processing /home/vscode/.local/lib/python3.10/site-packages/airflow/example_dags/example_python_operator.py took 0.204 seconds
[2026-09-17T00:56:31.231+0000] {processor.py:157} INFO - Started process (PID=22596) to work on /home/vscode/.local/lib/python3.10/site-packages/airflow/example_dags/example_python_operator.py
[2026-09-17T00:56:31.232+0000] {processor.py:826} INFO - Processing file /home/vscode/.local/lib/python3.10/site-packages/airflow/example_dags/example_python_operator.py for tasks to queue
[2026-09-17T00:56:31.232+0000] {logging_mixin.py:150} INFO - [2026-09-17T00:56:31.232+0000] {dagbag.py:541} INFO - Filling up the DagBag from /home/vscode/.local/lib/python3.10/site-packages/airflow/example_dags/example_python_operator.py
[2026-09-17T00:56:31.254+0000] {processor.py:836} INFO - DAG(s) dict_keys(['example_python_operator']) retrieved from /home/vscode/.local/lib/python3.10/site-packages/airflow/example_dags/example_python_operator.py
[2026-09-17T00:56:31.279+0000] {logging_mixin.py:150} INFO - [2026-09-17T00:56:31.279+0000] {dag.py:2742} INFO - Sync 1 DAGs
[2026-09-17T00:56:31.301+0000] {logging_mixin.py:150} INFO - [2026-09-17T00:56:31.300+0000] {dag.py:3504} INFO - Setting next_dagrun for example_python_operator to None, run_after=None
[2026-09-17T00:56:31.331+0000] {processor.py:179} INFO - Processing /home/vscode/.local/lib/python3.10/site-packages/airflow/example_dags/example_python_operator.py took 0.103 seconds
[2026-09-17T00:56:53.372+0000] {processor.py:157} INFO - Started process (PID=22803) to work on /home/vscode/.local/lib/python3.10/site-packages/airflow/example_dags/example_python_operator.py
[2026-09-17T00:56:53.372+0000] {processor.py:826} INFO - Processing file /home/vscode/.local/lib/python3.10/site-packages/airflow/example_dags/example_python_operator.py for tasks to queue
[2026-09-17T00:56:53.373+0000] {logging_mixin.py:150} INFO - [2026-09-17T00:56:53.373+0000] {dagbag.py:541} INFO - Filling up the DagBag from /home/vscode/.local/lib/python3.10/site-packages/airflow/example_dags/example_python_operator.py
[2026-09-17T00:56:53.392+0000] {processor.py:836} INFO - DAG(s) dict_keys(['example_python_operator']) retrieved from /home/vscode/.local/lib/python3.10/site-packages/airflow/example_dags/example_python_operator.py
[2026-09-17T00:56:53.572+0000] {logging_mixin.py:150} INFO - [2026-09-17T00:56:53.572+0000] {dag.py:2742} INFO - Sync 1 DAGs
[2026-09-17T00:56:53.585+0000] {logging_mixin.py:150} INFO - [2026-09-17T00:56:53.585+0000] {dag.py:3504} INFO - Setting next_dagrun for example_python_operator to None, run_after=None
[2026-09-17T00:56:53.604+0000] {processor.py:179} INFO - Processing /home/vscode/.local/lib/python3.10/site-packages/airflow/example_dags/example_python_operator.py took 0.236 seconds
[2026-09-17T00:57:20.802+0000] {processor.py:157} INFO - Started process (PID=23003) to work on /home/vscode/.local/lib/python3.10/site-packages/airflow/example_dags/example_python_operator.py
[2026-09-17T00:57:20.803+0000] {processor.py:826} INFO - Processing file /home/vscode/.local/lib/python3.10/site-packages/airflow/example_dags/example_python_operator.py for tasks to queue
[2026-09-17T00:57:20.804+0000] {logging_mixin.py:150} INFO - [2026-09-17T00:57:20.803+0000] {dagbag.py:541} INFO - Filling up the DagBag from /home/vscode/.local/lib/python3.10/site-packages/airflow/example_dags/example_python_operator.py
[2026-09-17T00:57:20.816+0000] {processor.py:836} INFO - DAG(s) dict_keys(['example_python_operator']) retrieved from /home/vscode/.local/lib/python3.10/site-packages/airflow/example_dags/example_python_operator.py
[2026-09-17T00:57:20.844+0000] {logging_mixin.py:150} INFO - [2026-09-17T00:57:20.843+0000] {dag.py:2742} INFO - Sync 1 DAGs
[2026-09-17T00:57:20.877+0000] {logging_mixin.py:150} INFO - [2026-09-17T00:57:20.877+0000] {dag.py:3504} INFO - Setting next_dagrun for example_python_operator to None, run_after=None
[2026-09-17T00:57:20.933+0000] {processor.py:179} INFO - Processing /home/vscode/.local/lib/python3.10/site-packages/airflow/example_dags/example_python_operator.py took 0.134 seconds
[2026-09-17T00:57:43.585+0000] {processor.py:157} INFO - Started process (PID=23176) to work on /home/vscode/.local/lib/python3.10/site-packages/airflow/example_dags/example_python_operator.py
[2026-09-17T00:57:43.587+0000] {processor.py:826} INFO - Processing file /home/vscode/.local/lib/python3.10/site-packages/airflow/example_dags/example_python_operator.py for tasks to queue
[2026-09-17T00:57:43.588+0000] {logging_mixin.py:150} INFO - [2026-09-17T00:57:43.588+0000] {dagbag.py:541} INFO - Filling up the DagBag from /home/vscode/.local/lib/python3.10/site-packages/airflow/example_dags/example_python_operator.py
[2026-09-17T00:57:43.601+0000] {processor.py:836} INFO - DAG(s) dict_keys(['example_python_operator']) retrieved from /home/vscode/.local/lib/python3.10/site-packages/airflow/example_dags/example_python_operator.py
[2026-09-17T00:57:43.624+0000] {logging_mixin.py:150} INFO - [2026-09-17T00:57:43.624+0000] {dag.py:2742} INFO - Sync 1 DAGs
[2026-09-17T00:57:43.646+0000] {logging_mixin.py:150} INFO - [2026-09-17T00:57:43.646+0000] {dag.py:3504} INFO - Setting next_dagrun for example_python_operator to None, run_after=None
[2026-09-17T00:57:43.678+0000] {processor.py:179} INFO - Processing /home/vscode/.local/lib/python3.10/site-packages/airflow/example_dags/example_python_operator.py took 0.096 seconds
[2026-09-17T00:58:10.690+0000] {processor.py:157} INFO - Started process (PID=23395) to work on /home/vscode/.local/lib/python3.10/site-packages/airflow/example_dags/example_python_operator.py
[2026-09-17T00:58:10.691+0000] {processor.py:826} INFO - Processing file /home/vscode/.local/lib/python3.10/site-packages/airflow/example_dags/example_python_operator.py for tasks to queue
[2026-09-17T00:58:10.692+0000] {logging_mixin.py:150} INFO - [2026-09-17T00:58:10.692+0000] {dagbag.py:541} INFO - Filling up the DagBag from /home/vscode/.local/lib/python3.10/site-packages/airflow/example_dags/example_python_operator.py
[2026-09-17T00:58:10.705+0000] {processor.py:836} INFO - DAG(s) dict_keys(['example_python_operator']) retrieved from /home/vscode/.local/lib/python3.10/site-packages/airflow/example_dags/example_python_operator.py
[2026-09-17T00:58:10.789+0000] {logging_mixin.py:150} INFO - [2026-09-17T00:58:10.789+0000] {dag.py:2742} INFO - Sync 1 DAGs
[2026-09-17T00:58:10.809+0000] {logging_mixin.py:150} INFO - [2026-09-17T00:58:10.809+0000] {dag.py:3504} INFO - Setting next_dagrun for example_python_operator to None, run_after=None
[2026-09-17T00:58:10.833+0000] {processor.py:179} INFO - Processing /home/vscode/.local/lib/python3.10/site-packages/airflow/example_dags/example_python_operator.py took 0.147 seconds
[2026-09-17T00:58:34.451+0000] {processor.py:157} INFO - Started process (PID=23664) to work on /home/vscode/.local/lib/python3.10/site-packages/airflow/example_dags/example_python_operator.py
[2026-09-17T00:58:34.452+0000] {processor.py:826} INFO - Processing file /home/vscode/.local/lib/python3.10/site-packages/airflow/example_dags/example_python_operator.py for tasks to queue
[2026-09-17T00:58:34.453+0000] {logging_mixin.py:150} INFO - [2026-09-17T00:58:34.453+0000] {dagbag.py:541} INFO - Filling up the DagBag from /home/vscode/.local/lib/python3.10/site-packages/airflow/example_dags/example_python_operator.py
[2026-09-17T00:58:34.465+0000] {processor.py:836} INFO - DAG(s) dict_keys(['example_python_operator']) retrieved from /home/vscode/.local/lib/python3.10/site-packages/airflow/example_dags/example_python_operator.py
[2026-09-17T00:58:34.475+0000] {logging_mixin.py:150} INFO - [2026-09-17T00:58:34.474+0000] {dag.py:2742} INFO - Sync 1 DAGs
[2026-09-17T00:58:34.500+0000] {logging_mixin.py:150} INFO - [2026-09-17T00:58:34.500+0000] {dag.py:3504} INFO - Setting next_dagrun for example_python_operator to None, run_after=None
[2026-09-17T00:58:34.552+0000] {processor.py:179} INFO - Processing /home/vscode/.local/lib/python3.10/site-packages/airflow/example_dags/example_python_operator.py took 0.104 seconds
[2026-09-17T00:58:58.943+0000] {processor.py:157} INFO - Started process (PID=23985) to work on /home/vscode/.local/lib/python3.10/site-packages/airflow/example_dags/example_python_operator.py
[2026-09-17T00:58:58.944+0000] {processor.py:826} INFO - Processing file /home/vscode/.local/lib/python3.10/site-packages/airflow/example_dags/example_python_operator.py for tasks to queue
[2026-09-17T00:58:58.945+0000] {logging_mixin.py:150} INFO - [2026-09-17T00:58:58.945+0000] {dagbag.py:541} INFO - Filling up the DagBag from /home/vscode/.local/lib/python3.10/site-packages/airflow/example_dags/example_python_operator.py
[2026-09-17T00:58:58.957+0000] {processor.py:836} INFO - DAG(s) dict_keys(['example_python_operator']) retrieved from /home/vscode/.local/lib/python3.10/site-packages/airflow/example_dags/example_python_operator.py
[2026-09-17T00:58:58.984+0000] {logging_mixin.py:150} INFO - [2026-09-17T00:58:58.984+0000] {dag.py:2742} INFO - Sync 1 DAGs
[2026-09-17T00:58:59.005+0000] {logging_mixin.py:150} INFO - [2026-09-17T00:58:59.005+0000] {dag.py:3504} INFO - Setting next_dagrun for example_python_operator to None, run_after=None
[2026-09-17T00:58:59.028+0000] {processor.py:179} INFO - Processing /home/vscode/.local/lib/python3.10/site-packages/airflow/example_dags/example_python_operator.py took 0.089 seconds
[2026-09-17T00:59:30.934+0000] {processor.py:157} INFO - Started process (PID=24349) to work on /home/vscode/.local/lib/python3.10/site-packages/airflow/example_dags/example_python_operator.py
[2026-09-17T00:59:30.935+0000] {processor.py:826} INFO - Processing file /home/vscode/.local/lib/python3.10/site-packages/airflow/example_dags/example_python_operator.py for tasks to queue
[2026-09-17T00:59:30.936+0000] {logging_mixin.py:150} INFO - [2026-09-17T00:59:30.935+0000] {dagbag.py:541} INFO - Filling up the DagBag from /home/vscode/.local/lib/python3.10/site-packages/airflow/example_dags/example_python_operator.py
[2026-09-17T00:59:30.944+0000] {processor.py:836} INFO - DAG(s) dict_keys(['example_python_operator']) retrieved from /home/vscode/.local/lib/python3.10/site-packages/airflow/example_dags/example_python_operator.py
[2026-09-17T00:59:31.031+0000] {logging_mixin.py:150} INFO - [2026-09-17T00:59:31.031+0000] {dag.py:2742} INFO - Sync 1 DAGs
[2026-09-17T00:59:31.044+0000] {logging_mixin.py:150} INFO - [2026-09-17T00:59:31.044+0000] {dag.py:3504} INFO - Setting next_dagrun for example_python_operator to None, run_after=None
[2026-09-17T00:59:31.061+0000] {processor.py:179} INFO - Processing /home/vscode/.local/lib/python3.10/site-packages/airflow/example_dags/example_python_operator.py took 0.130 seconds
[2026-09-17T00:59:50.600+0000] {processor.py:157} INFO - Started process (PID=24653) to work on /home/vscode/.local/lib/python3.10/site-packages/airflow/example_dags/example_python_operator.py
[2026-09-17T00:59:50.603+0000] {processor.py:826} INFO - Processing file /home/vscode/.local/lib/python3.10/site-packages/airflow/example_dags/example_python_operator.py for tasks to queue
[2026-09-17T00:59:50.604+0000] {logging_mixin.py:150} INFO - [2026-09-17T00:59:50.604+0000] {dagbag.py:541} INFO - Filling up the DagBag from /home/vscode/.local/lib/python3.10/site-packages/airflow/example_dags/example_python_operator.py
[2026-09-17T00:59:50.618+0000] {processor.py:836} INFO - DAG(s) dict_keys(['example_python_operator']) retrieved from /home/vscode/.local/lib/python3.10/site-packages/airflow/example_dags/example_python_operator.py
[2026-09-17T00:59:50.628+0000] {logging_mixin.py:150} INFO - [2026-09-17T00:59:50.628+0000] {dag.py:2742} INFO - Sync 1 DAGs
[2026-09-17T00:59:50.650+0000] {logging_mixin.py:150} INFO - [2026-09-17T00:59:50.650+0000] {dag.py:3504} INFO - Setting next_dagrun for example_python_operator to None, run_after=None
[2026-09-17T00:59:50.673+0000] {processor.py:179} INFO - Processing /home/vscode/.local/lib/python3.10/site-packages/airflow/example_dags/example_python_operator.py took 0.079 seconds
[2026-09-17T01:00:20.660+0000] {processor.py:157} INFO - Started process (PID=25094) to work on /home/vscode/.local/lib/python3.10/site-packages/airflow/example_dags/example_python_operator.py
[2026-09-17T01:00:20.661+0000] {processor.py:826} INFO - Processing file /home/vscode/.local/lib/python3.10/site-packages/airflow/example_dags/example_python_operator.py for tasks to queue
[2026-09-17T01:00:20.664+0000] {logging_mixin.py:150} INFO - [2026-09-17T01:00:20.662+0000] {dagbag.py:541} INFO - Filling up the DagBag from /home/vscode/.local/lib/python3.10/site-packages/airflow/example_dags/example_python_operator.py
[2026-09-17T01:00:20.691+0000] {processor.py:836} INFO - DAG(s) dict_keys(['example_python_operator']) retrieved from /home/vscode/.local/lib/python3.10/site-packages/airflow/example_dags/example_python_operator.py
[2026-09-17T01:00:20.735+0000] {logging_mixin.py:150} INFO - [2026-09-17T01:00:20.735+0000] {dag.py:2742} INFO - Sync 1 DAGs
[2026-09-17T01:00:20.774+0000] {logging_mixin.py:150} INFO - [2026-09-17T01:00:20.773+0000] {dag.py:3504} INFO - Setting next_dagrun for example_python_operator to None, run_after=None
[2026-09-17T01:00:20.814+0000] {processor.py:179} INFO - Processing /home/vscode/.local/lib/python3.10/site-packages/airflow/example_dags/example_python_operator.py took 0.157 seconds
[2026-09-17T01:00:44.486+0000] {processor.py:157} INFO - Started process (PID=25384) to work on /home/vscode/.local/lib/python3.10/site-packages/airflow/example_dags/example_python_operator.py
[2026-09-17T01:00:44.487+0000] {processor.py:826} INFO - Processing file /home/vscode/.local/lib/python3.10/site-packages/airflow/example_dags/example_python_operator.py for tasks to queue
[2026-09-17T01:00:44.488+0000] {logging_mixin.py:150} INFO - [2026-09-17T01:00:44.488+0000] {dagbag.py:541} INFO - Filling up the DagBag from /home/vscode/.local/lib/python3.10/site-packages/airflow/example_dags/example_python_operator.py
[2026-09-17T01:00:44.500+0000] {processor.py:836} INFO - DAG(s) dict_keys(['example_python_operator']) retrieved from /home/vscode/.local/lib/python3.10/site-packages/airflow/example_dags/example_python_operator.py
[2026-09-17T01:00:44.589+0000] {logging_mixin.py:150} INFO - [2026-09-17T01:00:44.588+0000] {dag.py:2742} INFO - Sync 1 DAGs
[2026-09-17T01:00:44.605+0000] {logging_mixin.py:150} INFO - [2026-09-17T01:00:44.605+0000] {dag.py:3504} INFO - Setting next_dagrun for example_python_operator to None, run_after=None
[2026-09-17T01:00:44.622+0000] {processor.py:179} INFO - Processing /home/vscode/.local/lib/python3.10/site-packages/airflow/example_dags/example_python_operator.py took 0.141 seconds
[2026-09-17T01:01:11.584+0000] {processor.py:157} INFO - Started process (PID=25610) to work on /home/vscode/.local/lib/python3.10/site-packages/airflow/example_dags/example_python_operator.py
[2026-09-17T01:01:11.585+0000] {processor.py:826} INFO - Processing file /home/vscode/.local/lib/python3.10/site-packages/airflow/example_dags/example_python_operator.py for tasks to queue
[2026-09-17T01:01:11.586+0000] {logging_mixin.py:150} INFO - [2026-09-17T01:01:11.585+0000] {dagbag.py:541} INFO - Filling up the DagBag from /home/vscode/.local/lib/python3.10/site-packages/airflow/example_dags/example_python_operator.py
[2026-09-17T01:01:11.597+0000] {processor.py:836} INFO - DAG(s) dict_keys(['example_python_operator']) retrieved from /home/vscode/.local/lib/python3.10/site-packages/airflow/example_dags/example_python_operator.py
[2026-09-17T01:01:11.609+0000] {logging_mixin.py:150} INFO - [2026-09-17T01:01:11.609+0000] {dag.py:2742} INFO - Sync 1 DAGs
[2026-09-17T01:01:11.626+0000] {logging_mixin.py:150} INFO - [2026-09-17T01:01:11.626+0000] {dag.py:3504} INFO - Setting next_dagrun for example_python_operator to None, run_after=None
[2026-09-17T01:01:11.643+0000] {processor.py:179} INFO - Processing /home/vscode/.local/lib/python3.10/site-packages/airflow/example_dags/example_python_operator.py took 0.063 seconds
[2026-09-17T01:01:36.427+0000] {processor.py:157} INFO - Started process (PID=25810) to work on /home/vscode/.local/lib/python3.10/site-packages/airflow/example_dags/example_python_operator.py
[2026-09-17T01:01:36.428+0000] {processor.py:826} INFO - Processing file /home/vscode/.local/lib/python3.10/site-packages/airflow/example_dags/example_python_operator.py for tasks to queue
[2026-09-17T01:01:36.429+0000] {logging_mixin.py:150} INFO - [2026-09-17T01:01:36.428+0000] {dagbag.py:541} INFO - Filling up the DagBag from /home/vscode/.local/lib/python3.10/site-packages/airflow/example_dags/example_python_operator.py
[2026-09-17T01:01:36.437+0000] {processor.py:836} INFO - DAG(s) dict_keys(['example_python_operator']) retrieved from /home/vscode/.local/lib/python3.10/site-packages/airflow/example_dags/example_python_operator.py
[2026-09-17T01:01:36.452+0000] {logging_mixin.py:150} INFO - [2026-09-17T01:01:36.451+0000] {dag.py:2742} INFO - Sync 1 DAGs
[2026-09-17T01:01:36.470+0000] {logging_mixin.py:150} INFO - [2026-09-17T01:01:36.470+0000] {dag.py:3504} INFO - Setting next_dagrun for example_python_operator to None, run_after=None
[2026-09-17T01:01:36.519+0000] {processor.py:179} INFO - Processing /home/vscode/.local/lib/python3.10/site-packages/airflow/example_dags/example_python_operator.py took 0.094 seconds
[2026-09-17T01:01:58.763+0000] {processor.py:157} INFO - Started process (PID=25990) to work on /home/vscode/.local/lib/python3.10/site-packages/airflow/example_dags/example_python_operator.py
[2026-09-17T01:01:58.764+0000] {processor.py:826} INFO - Processing file /home/vscode/.local/lib/python3.10/site-packages/airflow/example_dags/example_python_operator.py for tasks to queue
[2026-09-17T01:01:58.765+0000] {logging_mixin.py:150} INFO - [2026-09-17T01:01:58.765+0000] {dagbag.py:541} INFO - Filling up the DagBag from /home/vscode/.local/lib/python3.10/site-packages/airflow/example_dags/example_python_operator.py
[2026-09-17T01:01:58.774+0000] {processor.py:836} INFO - DAG(s) dict_keys(['example_python_operator']) retrieved from /home/vscode/.local/lib/python3.10/site-packages/airflow/example_dags/example_python_operator.py
[2026-09-17T01:01:58.878+0000] {logging_mixin.py:150} INFO - [2026-09-17T01:01:58.878+0000] {dag.py:2742} INFO - Sync 1 DAGs
[2026-09-17T01:01:58.897+0000] {logging_mixin.py:150} INFO - [2026-09-17T01:01:58.896+0000] {dag.py:3504} INFO - Setting next_dagrun for example_python_operator to None, run_after=None
[2026-09-17T01:01:58.916+0000] {processor.py:179} INFO - Processing /home/vscode/.local/lib/python3.10/site-packages/airflow/example_dags/example_python_operator.py took 0.155 seconds
[2026-09-17T01:02:29.187+0000] {processor.py:157} INFO - Started process (PID=26253) to work on /home/vscode/.local/lib/python3.10/site-packages/airflow/example_dags/example_python_operator.py
[2026-09-17T01:02:29.188+0000] {processor.py:826} INFO - Processing file /home/vscode/.local/lib/python3.10/site-packages/airflow/example_dags/example_python_operator.py for tasks to queue
[2026-09-17T01:02:29.189+0000] {logging_mixin.py:150} INFO - [2026-09-17T01:02:29.188+0000] {dagbag.py:541} INFO - Filling up the DagBag from /home/vscode/.local/lib/python3.10/site-packages/airflow/example_dags/example_python_operator.py
[2026-09-17T01:02:29.200+0000] {processor.py:836} INFO - DAG(s) dict_keys(['example_python_operator']) retrieved from /home/vscode/.local/lib/python3.10/site-packages/airflow/example_dags/example_python_operator.py
[2026-09-17T01:02:29.298+0000] {logging_mixin.py:150} INFO - [2026-09-17T01:02:29.298+0000] {dag.py:2742} INFO - Sync 1 DAGs
[2026-09-17T01:02:29.313+0000] {logging_mixin.py:150} INFO - [2026-09-17T01:02:29.313+0000] {dag.py:3504} INFO - Setting next_dagrun for example_python_operator to None, run_after=None
[2026-09-17T01:02:29.329+0000] {processor.py:179} INFO - Processing /home/vscode/.local/lib/python3.10/site-packages/airflow/example_dags/example_python_operator.py took 0.147 seconds
[2026-09-17T01:02:42.729+0000] {processor.py:157} INFO - Started process (PID=26369) to work on /home/vscode/.local/lib/python3.10/site-packages/airflow/example_dags/example_python_operator.py
[2026-09-17T01:02:42.730+0000] {processor.py:826} INFO - Processing file /home/vscode/.local/lib/python3.10/site-packages/airflow/example_dags/example_python_operator.py for tasks to queue
[2026-09-17T01:02:42.730+0000] {logging_mixin.py:150} INFO - [2026-09-17T01:02:42.730+0000] {dagbag.py:541} INFO - Filling up the DagBag from /home/vscode/.local/lib/python3.10/site-packages/airflow/example_dags/example_python_operator.py
[2026-09-17T01:02:42.740+0000] {processor.py:836} INFO - DAG(s) dict_keys(['example_python_operator']) retrieved from /home/vscode/.local/lib/python3.10/site-packages/airflow/example_dags/example_python_operator.py
[2026-09-17T01:02:42.746+0000] {logging_mixin.py:150} INFO - [2026-09-17T01:02:42.746+0000] {dag.py:2742} INFO - Sync 1 DAGs
[2026-09-17T01:02:42.762+0000] {logging_mixin.py:150} INFO - [2026-09-17T01:02:42.762+0000] {dag.py:3504} INFO - Setting next_dagrun for example_python_operator to None, run_after=None
[2026-09-17T01:02:42.779+0000] {processor.py:179} INFO - Processing /home/vscode/.local/lib/python3.10/site-packages/airflow/example_dags/example_python_operator.py took 0.053 seconds
[2026-09-17T01:03:23.423+0000] {processor.py:157} INFO - Started process (PID=26718) to work on /home/vscode/.local/lib/python3.10/site-packages/airflow/example_dags/example_python_operator.py
[2026-09-17T01:03:23.424+0000] {processor.py:826} INFO - Processing file /home/vscode/.local/lib/python3.10/site-packages/airflow/example_dags/example_python_operator.py for tasks to queue
[2026-09-17T01:03:23.424+0000] {logging_mixin.py:150} INFO - [2026-09-17T01:03:23.424+0000] {dagbag.py:541} INFO - Filling up the DagBag from /home/vscode/.local/lib/python3.10/site-packages/airflow/example_dags/example_python_operator.py
[2026-09-17T01:03:23.433+0000] {processor.py:836} INFO - DAG(s) dict_keys(['example_python_operator']) retrieved from /home/vscode/.local/lib/python3.10/site-packages/airflow/example_dags/example_python_operator.py
[2026-09-17T01:03:23.450+0000] {logging_mixin.py:150} INFO - [2026-09-17T01:03:23.450+0000] {dag.py:2742} INFO - Sync 1 DAGs
[2026-09-17T01:03:23.464+0000] {logging_mixin.py:150} INFO - [2026-09-17T01:03:23.464+0000] {dag.py:3504} INFO - Setting next_dagrun for example_python_operator to None, run_after=None
[2026-09-17T01:03:23.480+0000] {processor.py:179} INFO - Processing /home/vscode/.local/lib/python3.10/site-packages/airflow/example_dags/example_python_operator.py took 0.060 seconds
[2026-09-17T01:03:31.009+0000] {processor.py:157} INFO - Started process (PID=26777) to work on /home/vscode/.local/lib/python3.10/site-packages/airflow/example_dags/example_python_operator.py
[2026-09-17T01:03:31.011+0000] {processor.py:826} INFO - Processing file /home/vscode/.local/lib/python3.10/site-packages/airflow/example_dags/example_python_operator.py for tasks to queue
[2026-09-17T01:03:31.012+0000] {logging_mixin.py:150} INFO - [2026-09-17T01:03:31.011+0000] {dagbag.py:541} INFO - Filling up the DagBag from /home/vscode/.local/lib/python3.10/site-packages/airflow/example_dags/example_python_operator.py
[2026-09-17T01:03:31.023+0000] {processor.py:836} INFO - DAG(s) dict_keys(['example_python_operator']) retrieved from /home/vscode/.local/lib/python3.10/site-packages/airflow/example_dags/example_python_operator.py
[2026-09-17T01:03:31.144+0000] {logging_mixin.py:150} INFO - [2026-09-17T01:03:31.144+0000] {dag.py:2742} INFO - Sync 1 DAGs
[2026-09-17T01:03:31.159+0000] {logging_mixin.py:150} INFO - [2026-09-17T01:03:31.159+0000] {dag.py:3504} INFO - Setting next_dagrun for example_python_operator to None, run_after=None
[2026-09-17T01:03:31.176+0000] {processor.py:179} INFO - Processing /home/vscode/.local/lib/python3.10/site-packages/airflow/example_dags/example_python_operator.py took 0.170 seconds
[2026-09-17T01:04:12.132+0000] {processor.py:157} INFO - Started process (PID=27126) to work on /home/vscode/.local/lib/python3.10/site-packages/airflow/example_dags/example_python_operator.py
[2026-09-17T01:04:12.133+0000] {processor.py:826} INFO - Processing file /home/vscode/.local/lib/python3.10/site-packages/airflow/example_dags/example_python_operator.py for tasks to queue
[2026-09-17T01:04:12.134+0000] {logging_mixin.py:150} INFO - [2026-09-17T01:04:12.134+0000] {dagbag.py:541} INFO - Filling up the DagBag from /home/vscode/.local/lib/python3.10/site-packages/airflow/example_dags/example_python_operator.py
[2026-09-17T01:04:12.142+0000] {processor.py:836} INFO - DAG(s) dict_keys(['example_python_operator']) retrieved from /home/vscode/.local/lib/python3.10/site-packages/airflow/example_dags/example_python_operator.py
[2026-09-17T01:04:12.232+0000] {logging_mixin.py:150} INFO - [2026-09-17T01:04:12.231+0000] {dag.py:2742} INFO - Sync 1 DAGs
[2026-09-17T01:04:12.244+0000] {logging_mixin.py:150} INFO - [2026-09-17T01:04:12.244+0000] {dag.py:3504} INFO - Setting next_dagrun for example_python_operator to None, run_after=None
[2026-09-17T01:04:12.262+0000] {processor.py:179} INFO - Processing /home/vscode/.local/lib/python3.10/site-packages/airflow/example_dags/example_python_operator.py took 0.132 seconds
[2026-09-17T01:04:23.028+0000] {processor.py:157} INFO - Started process (PID=27220) to work on /home/vscode/.local/lib/python3.10/site-packages/airflow/example_dags/example_python_operator.py
[2026-09-17T01:04:23.029+0000] {processor.py:826} INFO - Processing file /home/vscode/.local/lib/python3.10/site-packages/airflow/example_dags/example_python_operator.py for tasks to queue
[2026-09-17T01:04:23.030+0000] {logging_mixin.py:150} INFO - [2026-09-17T01:04:23.029+0000] {dagbag.py:541} INFO - Filling up the DagBag from /home/vscode/.local/lib/python3.10/site-packages/airflow/example_dags/example_python_operator.py
[2026-09-17T01:04:23.038+0000] {processor.py:836} INFO - DAG(s) dict_keys(['example_python_operator']) retrieved from /home/vscode/.local/lib/python3.10/site-packages/airflow/example_dags/example_python_operator.py
[2026-09-17T01:04:23.045+0000] {logging_mixin.py:150} INFO - [2026-09-17T01:04:23.045+0000] {dag.py:2742} INFO - Sync 1 DAGs
[2026-09-17T01:04:23.060+0000] {logging_mixin.py:150} INFO - [2026-09-17T01:04:23.060+0000] {dag.py:3504} INFO - Setting next_dagrun for example_python_operator to None, run_after=None
[2026-09-17T01:04:23.076+0000] {processor.py:179} INFO - Processing /home/vscode/.local/lib/python3.10/site-packages/airflow/example_dags/example_python_operator.py took 0.050 seconds
[2026-09-17T01:05:00.787+0000] {processor.py:157} INFO - Started process (PID=27534) to work on /home/vscode/.local/lib/python3.10/site-packages/airflow/example_dags/example_python_operator.py
[2026-09-17T01:05:00.791+0000] {processor.py:826} INFO - Processing file /home/vscode/.local/lib/python3.10/site-packages/airflow/example_dags/example_python_operator.py for tasks to queue
[2026-09-17T01:05:00.793+0000] {logging_mixin.py:150} INFO - [2026-09-17T01:05:00.792+0000] {dagbag.py:541} INFO - Filling up the DagBag from /home/vscode/.local/lib/python3.10/site-packages/airflow/example_dags/example_python_operator.py
[2026-09-17T01:05:00.805+0000] {processor.py:836} INFO - DAG(s) dict_keys(['example_python_operator']) retrieved from /home/vscode/.local/lib/python3.10/site-packages/airflow/example_dags/example_python_operator.py
[2026-09-17T01:05:00.822+0000] {logging_mixin.py:150} INFO - [2026-09-17T01:05:00.822+0000] {dag.py:2742} INFO - Sync 1 DAGs
[2026-09-17T01:05:00.840+0000] {logging_mixin.py:150} INFO - [2026-09-17T01:05:00.840+0000] {dag.py:3504} INFO - Setting next_dagrun for example_python_operator to None, run_after=None
[2026-09-17T01:05:00.856+0000] {processor.py:179} INFO - Processing /home/vscode/.local/lib/python3.10/site-packages/airflow/example_dags/example_python_operator.py took 0.074 seconds
[2026-09-17T01:05:12.881+0000] {processor.py:157} INFO - Started process (PID=27635) to work on /home/vscode/.local/lib/python3.10/site-packages/airflow/example_dags/example_python_operator.py
[2026-09-17T01:05:12.882+0000] {processor.py:826} INFO - Processing file /home/vscode/.local/lib/python3.10/site-packages/airflow/example_dags/example_python_operator.py for tasks to queue
[2026-09-17T01:05:12.883+0000] {logging_mixin.py:150} INFO - [2026-09-17T01:05:12.883+0000] {dagbag.py:541} INFO - Filling up the DagBag from /home/vscode/.local/lib/python3.10/site-packages/airflow/example_dags/example_python_operator.py
[2026-09-17T01:05:12.894+0000] {processor.py:836} INFO - DAG(s) dict_keys(['example_python_operator']) retrieved from /home/vscode/.local/lib/python3.10/site-packages/airflow/example_dags/example_python_operator.py
[2026-09-17T01:05:13.024+0000] {logging_mixin.py:150} INFO - [2026-09-17T01:05:13.024+0000] {dag.py:2742} INFO - Sync 1 DAGs
[2026-09-17T01:05:13.040+0000] {logging_mixin.py:150} INFO - [2026-09-17T01:05:13.040+0000] {dag.py:3504} INFO - Setting next_dagrun for example_python_operator to None, run_after=None
[2026-09-17T01:05:13.057+0000] {processor.py:179} INFO - Processing /home/vscode/.local/lib/python3.10/site-packages/airflow/example_dags/example_python_operator.py took 0.178 seconds
[2026-09-17T01:05:48.674+0000] {processor.py:157} INFO - Started process (PID=27979) to work on /home/vscode/.local/lib/python3.10/site-packages/airflow/example_dags/example_python_operator.py
[2026-09-17T01:05:48.674+0000] {processor.py:826} INFO - Processing file /home/vscode/.local/lib/python3.10/site-packages/airflow/example_dags/example_python_operator.py for tasks to queue
[2026-09-17T01:05:48.675+0000] {logging_mixin.py:150} INFO - [2026-09-17T01:05:48.675+0000] {dagbag.py:541} INFO - Filling up the DagBag from /home/vscode/.local/lib/python3.10/site-packages/airflow/example_dags/example_python_operator.py
[2026-09-17T01:05:48.684+0000] {processor.py:836} INFO - DAG(s) dict_keys(['example_python_operator']) retrieved from /home/vscode/.local/lib/python3.10/site-packages/airflow/example_dags/example_python_operator.py
[2026-09-17T01:05:48.767+0000] {logging_mixin.py:150} INFO - [2026-09-17T01:05:48.767+0000] {dag.py:2742} INFO - Sync 1 DAGs
[2026-09-17T01:05:48.781+0000] {logging_mixin.py:150} INFO - [2026-09-17T01:05:48.781+0000] {dag.py:3504} INFO - Setting next_dagrun for example_python_operator to None, run_after=None
[2026-09-17T01:05:48.807+0000] {processor.py:179} INFO - Processing /home/vscode/.local/lib/python3.10/site-packages/airflow/example_dags/example_python_operator.py took 0.136 seconds
[2026-09-17T01:06:03.600+0000] {processor.py:157} INFO - Started process (PID=28109) to work on /home/vscode/.local/lib/python3.10/site-packages/airflow/example_dags/example_python_operator.py
[2026-09-17T01:06:03.600+0000] {processor.py:826} INFO - Processing file /home/vscode/.local/lib/python3.10/site-packages/airflow/example_dags/example_python_operator.py for tasks to queue
[2026-09-17T01:06:03.601+0000] {logging_mixin.py:150} INFO - [2026-09-17T01:06:03.601+0000] {dagbag.py:541} INFO - Filling up the DagBag from /home/vscode/.local/lib/python3.10/site-packages/airflow/example_dags/example_python_operator.py
[2026-09-17T01:06:03.609+0000] {processor.py:836} INFO - DAG(s) dict_keys(['example_python_operator']) retrieved from /home/vscode/.local/lib/python3.10/site-packages/airflow/example_dags/example_python_operator.py
[2026-09-17T01:06:03.616+0000] {logging_mixin.py:150} INFO - [2026-09-17T01:06:03.616+0000] {dag.py:2742} INFO - Sync 1 DAGs
[2026-09-17T01:06:03.632+0000] {logging_mixin.py:150} INFO - [2026-09-17T01:06:03.632+0000] {dag.py:3504} INFO - Setting next_dagrun for example_python_operator to None, run_after=None
[2026-09-17T01:06:03.648+0000] {processor.py:179} INFO - Processing /home/vscode/.local/lib/python3.10/site-packages/airflow/example_dags/example_python_operator.py took 0.052 seconds
[2026-09-17T01:06:40.065+0000] {processor.py:157} INFO - Started process (PID=28407) to work on /home/vscode/.local/lib/python3.10/site-packages/airflow/example_dags/example_python_operator.py
[2026-09-17T01:06:40.066+0000] {processor.py:826} INFO - Processing file /home/vscode/.local/lib/python3.10/site-packages/airflow/example_dags/example_python_operator.py for tasks to queue
[2026-09-17T01:06:40.067+0000] {logging_mixin.py:150} INFO - [2026-09-17T01:06:40.067+0000] {dagbag.py:541} INFO - Filling up the DagBag from /home/vscode/.local/lib/python3.10/site-packages/airflow/example_dags/example_python_operator.py
[2026-09-17T01:06:40.075+0000] {processor.py:836} INFO - DAG(s) dict_keys(['example_python_operator']) retrieved from /home/vscode/.local/lib/python3.10/site-packages/airflow/example_dags/example_python_operator.py
[2026-09-17T01:06:40.094+0000] {logging_mixin.py:150} INFO - [2026-09-17T01:06:40.093+0000] {dag.py:2742} INFO - Sync 1 DAGs
[2026-09-17T01:06:40.110+0000] {logging_mixin.py:150} INFO - [2026-09-17T01:06:40.110+0000] {dag.py:3504} INFO - Setting next_dagrun for example_python_operator to None, run_after=None
[2026-09-17T01:06:40.126+0000] {processor.py:179} INFO - Processing /home/vscode/.local/lib/python3.10/site-packages/airflow/example_dags/example_python_operator.py took 0.063 seconds
[2026-09-17T01:06:51.822+0000] {processor.py:157} INFO - Started process (PID=28506) to work on /home/vscode/.local/lib/python3.10/site-packages/airflow/example_dags/example_python_operator.py
[2026-09-17T01:06:51.823+0000] {processor.py:826} INFO - Processing file /home/vscode/.local/lib/python3.10/site-packages/airflow/example_dags/example_python_operator.py for tasks to queue
[2026-09-17T01:06:51.823+0000] {logging_mixin.py:150} INFO - [2026-09-17T01:06:51.823+0000] {dagbag.py:541} INFO - Filling up the DagBag from /home/vscode/.local/lib/python3.10/site-packages/airflow/example_dags/example_python_operator.py
[2026-09-17T01:06:51.833+0000] {processor.py:836} INFO - DAG(s) dict_keys(['example_python_operator']) retrieved from /home/vscode/.local/lib/python3.10/site-packages/airflow/example_dags/example_python_operator.py
[2026-09-17T01:06:51.955+0000] {logging_mixin.py:150} INFO - [2026-09-17T01:06:51.955+0000] {dag.py:2742} INFO - Sync 1 DAGs
[2026-09-17T01:06:51.973+0000] {logging_mixin.py:150} INFO - [2026-09-17T01:06:51.973+0000] {dag.py:3504} INFO - Setting next_dagrun for example_python_operator to None, run_after=None
[2026-09-17T01:06:51.998+0000] {processor.py:179} INFO - Processing /home/vscode/.local/lib/python3.10/site-packages/airflow/example_dags/example_python_operator.py took 0.178 seconds
[2026-09-17T01:07:27.906+0000] {processor.py:157} INFO - Started process (PID=28820) to work on /home/vscode/.local/lib/python3.10/site-packages/airflow/example_dags/example_python_operator.py
[2026-09-17T01:07:27.907+0000] {processor.py:826} INFO - Processing file /home/vscode/.local/lib/python3.10/site-packages/airflow/example_dags/example_python_operator.py for tasks to queue
[2026-09-17T01:07:27.908+0000] {logging_mixin.py:150} INFO - [2026-09-17T01:07:27.908+0000] {dagbag.py:541} INFO - Filling up the DagBag from /home/vscode/.local/lib/python3.10/site-packages/airflow/example_dags/example_python_operator.py
[2026-09-17T01:07:27.916+0000] {processor.py:836} INFO - DAG(s) dict_keys(['example_python_operator']) retrieved from /home/vscode/.local/lib/python3.10/site-packages/airflow/example_dags/example_python_operator.py
[2026-09-17T01:07:28.002+0000] {logging_mixin.py:150} INFO - [2026-09-17T01:07:28.002+0000] {dag.py:2742} INFO - Sync 1 DAGs
[2026-09-17T01:07:28.015+0000] {logging_mixin.py:150} INFO - [2026-09-17T01:07:28.015+0000] {dag.py:3504} INFO - Setting next_dagrun for example_python_operator to None, run_after=None
[2026-09-17T01:07:28.032+0000] {processor.py:179} INFO - Processing /home/vscode/.local/lib/python3.10/site-packages/airflow/example_dags/example_python_operator.py took 0.129 seconds
[2026-09-17T01:07:43.448+0000] {processor.py:157} INFO - Started process (PID=28947) to work on /home/vscode/.local/lib/python3.10/site-packages/airflow/example_dags/example_python_operator.py
[2026-09-17T01:07:43.448+0000] {processor.py:826} INFO - Processing file /home/vscode/.local/lib/python3.10/site-packages/airflow/example_dags/example_python_operator.py for tasks to queue
[2026-09-17T01:07:43.449+0000] {logging_mixin.py:150} INFO - [2026-09-17T01:07:43.449+0000] {dagbag.py:541} INFO - Filling up the DagBag from /home/vscode/.local/lib/python3.10/site-packages/airflow/example_dags/example_python_operator.py
[2026-09-17T01:07:43.461+0000] {processor.py:836} INFO - DAG(s) dict_keys(['example_python_operator']) retrieved from /home/vscode/.local/lib/python3.10/site-packages/airflow/example_dags/example_python_operator.py
[2026-09-17T01:07:43.472+0000] {logging_mixin.py:150} INFO - [2026-09-17T01:07:43.472+0000] {dag.py:2742} INFO - Sync 1 DAGs
[2026-09-17T01:07:43.494+0000] {logging_mixin.py:150} INFO - [2026-09-17T01:07:43.494+0000] {dag.py:3504} INFO - Setting next_dagrun for example_python_operator to None, run_after=None
[2026-09-17T01:07:43.517+0000] {processor.py:179} INFO - Processing /home/vscode/.local/lib/python3.10/site-packages/airflow/example_dags/example_python_operator.py took 0.073 seconds
[2026-09-17T01:08:18.728+0000] {processor.py:157} INFO - Started process (PID=29249) to work on /home/vscode/.local/lib/python3.10/site-packages/airflow/example_dags/example_python_operator.py
[2026-09-17T01:08:18.728+0000] {processor.py:826} INFO - Processing file /home/vscode/.local/lib/python3.10/site-packages/airflow/example_dags/example_python_operator.py for tasks to queue
[2026-09-17T01:08:18.729+0000] {logging_mixin.py:150} INFO - [2026-09-17T01:08:18.729+0000] {dagbag.py:541} INFO - Filling up the DagBag from /home/vscode/.local/lib/python3.10/site-packages/airflow/example_dags/example_python_operator.py
[2026-09-17T01:08:18.739+0000] {processor.py:836} INFO - DAG(s) dict_keys(['example_python_operator']) retrieved from /home/vscode/.local/lib/python3.10/site-packages/airflow/example_dags/example_python_operator.py
[2026-09-17T01:08:18.756+0000] {logging_mixin.py:150} INFO - [2026-09-17T01:08:18.756+0000] {dag.py:2742} INFO - Sync 1 DAGs
[2026-09-17T01:08:18.771+0000] {logging_mixin.py:150} INFO - [2026-09-17T01:08:18.771+0000] {dag.py:3504} INFO - Setting next_dagrun for example_python_operator to None, run_after=None
[2026-09-17T01:08:18.803+0000] {processor.py:179} INFO - Processing /home/vscode/.local/lib/python3.10/site-packages/airflow/example_dags/example_python_operator.py took 0.078 seconds
[2026-09-17T01:08:32.229+0000] {processor.py:157} INFO - Started process (PID=29362) to work on /home/vscode/.local/lib/python3.10/site-packages/airflow/example_dags/example_python_operator.py
[2026-09-17T01:08:32.229+0000] {processor.py:826} INFO - Processing file /home/vscode/.local/lib/python3.10/site-packages/airflow/example_dags/example_python_operator.py for tasks to queue
[2026-09-17T01:08:32.230+0000] {logging_mixin.py:150} INFO - [2026-09-17T01:08:32.230+0000] {dagbag.py:541} INFO - Filling up the DagBag from /home/vscode/.local/lib/python3.10/site-packages/airflow/example_dags/example_python_operator.py
[2026-09-17T01:08:32.239+0000] {processor.py:836} INFO - DAG(s) dict_keys(['example_python_operator']) retrieved from /home/vscode/.local/lib/python3.10/site-packages/airflow/example_dags/example_python_operator.py
[2026-09-17T01:08:32.352+0000] {logging_mixin.py:150} INFO - [2026-09-17T01:08:32.351+0000] {dag.py:2742} INFO - Sync 1 DAGs
[2026-09-17T01:08:32.381+0000] {logging_mixin.py:150} INFO - [2026-09-17T01:08:32.381+0000] {dag.py:3504} INFO - Setting next_dagrun for example_python_operator to None, run_after=None
[2026-09-17T01:08:32.403+0000] {processor.py:179} INFO - Processing /home/vscode/.local/lib/python3.10/site-packages/airflow/example_dags/example_python_operator.py took 0.177 seconds
[2026-09-17T01:09:06.934+0000] {processor.py:157} INFO - Started process (PID=29665) to work on /home/vscode/.local/lib/python3.10/site-packages/airflow/example_dags/example_python_operator.py
[2026-09-17T01:09:06.934+0000] {processor.py:826} INFO - Processing file /home/vscode/.local/lib/python3.10/site-packages/airflow/example_dags/example_python_operator.py for tasks to queue
[2026-09-17T01:09:06.935+0000] {logging_mixin.py:150} INFO - [2026-09-17T01:09:06.935+0000] {dagbag.py:541} INFO - Filling up the DagBag from /home/vscode/.local/lib/python3.10/site-packages/airflow/example_dags/example_python_operator.py
[2026-09-17T01:09:06.943+0000] {processor.py:836} INFO - DAG(s) dict_keys(['example_python_operator']) retrieved from /home/vscode/.local/lib/python3.10/site-packages/airflow/example_dags/example_python_operator.py
[2026-09-17T01:09:07.042+0000] {logging_mixin.py:150} INFO - [2026-09-17T01:09:07.042+0000] {dag.py:2742} INFO - Sync 1 DAGs
[2026-09-17T01:09:07.055+0000] {logging_mixin.py:150} INFO - [2026-09-17T01:09:07.054+0000] {dag.py:3504} INFO - Setting next_dagrun for example_python_operator to None, run_after=None
[2026-09-17T01:09:07.071+0000] {processor.py:179} INFO - Processing /home/vscode/.local/lib/python3.10/site-packages/airflow/example_dags/example_python_operator.py took 0.140 seconds
[2026-09-17T01:09:19.370+0000] {processor.py:157} INFO - Started process (PID=29769) to work on /home/vscode/.local/lib/python3.10/site-packages/airflow/example_dags/example_python_operator.py
[2026-09-17T01:09:19.371+0000] {processor.py:826} INFO - Processing file /home/vscode/.local/lib/python3.10/site-packages/airflow/example_dags/example_python_operator.py for tasks to queue
[2026-09-17T01:09:19.371+0000] {logging_mixin.py:150} INFO - [2026-09-17T01:09:19.371+0000] {dagbag.py:541} INFO - Filling up the DagBag from /home/vscode/.local/lib/python3.10/site-packages/airflow/example_dags/example_python_operator.py
[2026-09-17T01:09:19.381+0000] {processor.py:836} INFO - DAG(s) dict_keys(['example_python_operator']) retrieved from /home/vscode/.local/lib/python3.10/site-packages/airflow/example_dags/example_python_operator.py
[2026-09-17T01:09:19.390+0000] {logging_mixin.py:150} INFO - [2026-09-17T01:09:19.390+0000] {dag.py:2742} INFO - Sync 1 DAGs
[2026-09-17T01:09:19.414+0000] {logging_mixin.py:150} INFO - [2026-09-17T01:09:19.414+0000] {dag.py:3504} INFO - Setting next_dagrun for example_python_operator to None, run_after=None
[2026-09-17T01:09:19.441+0000] {processor.py:179} INFO - Processing /home/vscode/.local/lib/python3.10/site-packages/airflow/example_dags/example_python_operator.py took 0.073 seconds
[2026-09-17T01:09:57.472+0000] {processor.py:157} INFO - Started process (PID=30097) to work on /home/vscode/.local/lib/python3.10/site-packages/airflow/example_dags/example_python_operator.py
[2026-09-17T01:09:57.473+0000] {processor.py:826} INFO - Processing file /home/vscode/.local/lib/python3.10/site-packages/airflow/example_dags/example_python_operator.py for tasks to queue
[2026-09-17T01:09:57.474+0000] {logging_mixin.py:150} INFO - [2026-09-17T01:09:57.474+0000] {dagbag.py:541} INFO - Filling up the DagBag from /home/vscode/.local/lib/python3.10/site-packages/airflow/example_dags/example_python_operator.py
[2026-09-17T01:09:57.485+0000] {processor.py:836} INFO - DAG(s) dict_keys(['example_python_operator']) retrieved from /home/vscode/.local/lib/python3.10/site-packages/airflow/example_dags/example_python_operator.py
[2026-09-17T01:09:57.505+0000] {logging_mixin.py:150} INFO - [2026-09-17T01:09:57.504+0000] {dag.py:2742} INFO - Sync 1 DAGs
[2026-09-17T01:09:57.519+0000] {logging_mixin.py:150} INFO - [2026-09-17T01:09:57.519+0000] {dag.py:3504} INFO - Setting next_dagrun for example_python_operator to None, run_after=None
[2026-09-17T01:09:57.539+0000] {processor.py:179} INFO - Processing /home/vscode/.local/lib/python3.10/site-packages/airflow/example_dags/example_python_operator.py took 0.070 seconds
[2026-09-17T01:10:05.966+0000] {processor.py:157} INFO - Started process (PID=30170) to work on /home/vscode/.local/lib/python3.10/site-packages/airflow/example_dags/example_python_operator.py
[2026-09-17T01:10:05.967+0000] {processor.py:826} INFO - Processing file /home/vscode/.local/lib/python3.10/site-packages/airflow/example_dags/example_python_operator.py for tasks to queue
[2026-09-17T01:10:05.967+0000] {logging_mixin.py:150} INFO - [2026-09-17T01:10:05.967+0000] {dagbag.py:541} INFO - Filling up the DagBag from /home/vscode/.local/lib/python3.10/site-packages/airflow/example_dags/example_python_operator.py
[2026-09-17T01:10:05.976+0000] {processor.py:836} INFO - DAG(s) dict_keys(['example_python_operator']) retrieved from /home/vscode/.local/lib/python3.10/site-packages/airflow/example_dags/example_python_operator.py
[2026-09-17T01:10:06.070+0000] {logging_mixin.py:150} INFO - [2026-09-17T01:10:06.070+0000] {dag.py:2742} INFO - Sync 1 DAGs
[2026-09-17T01:10:06.084+0000] {logging_mixin.py:150} INFO - [2026-09-17T01:10:06.083+0000] {dag.py:3504} INFO - Setting next_dagrun for example_python_operator to None, run_after=None
[2026-09-17T01:10:06.102+0000] {processor.py:179} INFO - Processing /home/vscode/.local/lib/python3.10/site-packages/airflow/example_dags/example_python_operator.py took 0.139 seconds
[2026-09-17T01:10:48.172+0000] {processor.py:157} INFO - Started process (PID=30560) to work on /home/vscode/.local/lib/python3.10/site-packages/airflow/example_dags/example_python_operator.py
[2026-09-17T01:10:48.172+0000] {processor.py:826} INFO - Processing file /home/vscode/.local/lib/python3.10/site-packages/airflow/example_dags/example_python_operator.py for tasks to queue
[2026-09-17T01:10:48.173+0000] {logging_mixin.py:150} INFO - [2026-09-17T01:10:48.173+0000] {dagbag.py:541} INFO - Filling up the DagBag from /home/vscode/.local/lib/python3.10/site-packages/airflow/example_dags/example_python_operator.py
[2026-09-17T01:10:48.181+0000] {processor.py:836} INFO - DAG(s) dict_keys(['example_python_operator']) retrieved from /home/vscode/.local/lib/python3.10/site-packages/airflow/example_dags/example_python_operator.py
[2026-09-17T01:10:48.269+0000] {logging_mixin.py:150} INFO - [2026-09-17T01:10:48.268+0000] {dag.py:2742} INFO - Sync 1 DAGs
[2026-09-17T01:10:48.284+0000] {logging_mixin.py:150} INFO - [2026-09-17T01:10:48.284+0000] {dag.py:3504} INFO - Setting next_dagrun for example_python_operator to None, run_after=None
[2026-09-17T01:10:48.306+0000] {processor.py:179} INFO - Processing /home/vscode/.local/lib/python3.10/site-packages/airflow/example_dags/example_python_operator.py took 0.137 seconds
[2026-09-17T01:10:54.152+0000] {processor.py:157} INFO - Started process (PID=30608) to work on /home/vscode/.local/lib/python3.10/site-packages/airflow/example_dags/example_python_operator.py
[2026-09-17T01:10:54.153+0000] {processor.py:826} INFO - Processing file /home/vscode/.local/lib/python3.10/site-packages/airflow/example_dags/example_python_operator.py for tasks to queue
[2026-09-17T01:10:54.153+0000] {logging_mixin.py:150} INFO - [2026-09-17T01:10:54.153+0000] {dagbag.py:541} INFO - Filling up the DagBag from /home/vscode/.local/lib/python3.10/site-packages/airflow/example_dags/example_python_operator.py
[2026-09-17T01:10:54.162+0000] {processor.py:836} INFO - DAG(s) dict_keys(['example_python_operator']) retrieved from /home/vscode/.local/lib/python3.10/site-packages/airflow/example_dags/example_python_operator.py
[2026-09-17T01:10:54.169+0000] {logging_mixin.py:150} INFO - [2026-09-17T01:10:54.168+0000] {dag.py:2742} INFO - Sync 1 DAGs
[2026-09-17T01:10:54.185+0000] {logging_mixin.py:150} INFO - [2026-09-17T01:10:54.185+0000] {dag.py:3504} INFO - Setting next_dagrun for example_python_operator to None, run_after=None
[2026-09-17T01:10:54.206+0000] {processor.py:179} INFO - Processing /home/vscode/.local/lib/python3.10/site-packages/airflow/example_dags/example_python_operator.py took 0.057 seconds
[2026-09-17T01:11:36.696+0000] {processor.py:157} INFO - Started process (PID=30975) to work on /home/vscode/.local/lib/python3.10/site-packages/airflow/example_dags/example_python_operator.py
[2026-09-17T01:11:36.697+0000] {processor.py:826} INFO - Processing file /home/vscode/.local/lib/python3.10/site-packages/airflow/example_dags/example_python_operator.py for tasks to queue
[2026-09-17T01:11:36.698+0000] {logging_mixin.py:150} INFO - [2026-09-17T01:11:36.697+0000] {dagbag.py:541} INFO - Filling up the DagBag from /home/vscode/.local/lib/python3.10/site-packages/airflow/example_dags/example_python_operator.py
[2026-09-17T01:11:36.708+0000] {processor.py:836} INFO - DAG(s) dict_keys(['example_python_operator']) retrieved from /home/vscode/.local/lib/python3.10/site-packages/airflow/example_dags/example_python_operator.py
[2026-09-17T01:11:36.727+0000] {logging_mixin.py:150} INFO - [2026-09-17T01:11:36.727+0000] {dag.py:2742} INFO - Sync 1 DAGs
[2026-09-17T01:11:36.745+0000] {logging_mixin.py:150} INFO - [2026-09-17T01:11:36.744+0000] {dag.py:3504} INFO - Setting next_dagrun for example_python_operator to None, run_after=None
[2026-09-17T01:11:36.765+0000] {processor.py:179} INFO - Processing /home/vscode/.local/lib/python3.10/site-packages/airflow/example_dags/example_python_operator.py took 0.072 seconds
[2026-09-17T01:11:44.746+0000] {processor.py:157} INFO - Started process (PID=31046) to work on /home/vscode/.local/lib/python3.10/site-packages/airflow/example_dags/example_python_operator.py
[2026-09-17T01:11:44.747+0000] {processor.py:826} INFO - Processing file /home/vscode/.local/lib/python3.10/site-packages/airflow/example_dags/example_python_operator.py for tasks to queue
[2026-09-17T01:11:44.747+0000] {logging_mixin.py:150} INFO - [2026-09-17T01:11:44.747+0000] {dagbag.py:541} INFO - Filling up the DagBag from /home/vscode/.local/lib/python3.10/site-packages/airflow/example_dags/example_python_operator.py
[2026-09-17T01:11:44.756+0000] {processor.py:836} INFO - DAG(s) dict_keys(['example_python_operator']) retrieved from /home/vscode/.local/lib/python3.10/site-packages/airflow/example_dags/example_python_operator.py
[2026-09-17T01:11:44.882+0000] {logging_mixin.py:150} INFO - [2026-09-17T01:11:44.882+0000] {dag.py:2742} INFO - Sync 1 DAGs
[2026-09-17T01:11:44.904+0000] {logging_mixin.py:150} INFO - [2026-09-17T01:11:44.904+0000] {dag.py:3504} INFO - Setting next_dagrun for example_python_operator to None, run_after=None
[2026-09-17T01:11:44.949+0000] {processor.py:179} INFO - Processing /home/vscode/.local/lib/python3.10/site-packages/airflow/example_dags/example_python_operator.py took 0.205 seconds
[2026-09-17T01:12:27.118+0000] {processor.py:157} INFO - Started process (PID=31411) to work on /home/vscode/.local/lib/python3.10/site-packages/airflow/example_dags/example_python_operator.py
[2026-09-17T01:12:27.119+0000] {processor.py:826} INFO - Processing file /home/vscode/.local/lib/python3.10/site-packages/airflow/example_dags/example_python_operator.py for tasks to queue
[2026-09-17T01:12:27.119+0000] {logging_mixin.py:150} INFO - [2026-09-17T01:12:27.119+0000] {dagbag.py:541} INFO - Filling up the DagBag from /home/vscode/.local/lib/python3.10/site-packages/airflow/example_dags/example_python_operator.py
[2026-09-17T01:12:27.128+0000] {processor.py:836} INFO - DAG(s) dict_keys(['example_python_operator']) retrieved from /home/vscode/.local/lib/python3.10/site-packages/airflow/example_dags/example_python_operator.py
[2026-09-17T01:12:27.222+0000] {logging_mixin.py:150} INFO - [2026-09-17T01:12:27.222+0000] {dag.py:2742} INFO - Sync 1 DAGs
[2026-09-17T01:12:27.237+0000] {logging_mixin.py:150} INFO - [2026-09-17T01:12:27.237+0000] {dag.py:3504} INFO - Setting next_dagrun for example_python_operator to None, run_after=None
[2026-09-17T01:12:27.254+0000] {processor.py:179} INFO - Processing /home/vscode/.local/lib/python3.10/site-packages/airflow/example_dags/example_python_operator.py took 0.139 seconds
[2026-09-17T01:12:34.469+0000] {processor.py:157} INFO - Started process (PID=31468) to work on /home/vscode/.local/lib/python3.10/site-packages/airflow/example_dags/example_python_operator.py
[2026-09-17T01:12:34.469+0000] {processor.py:826} INFO - Processing file /home/vscode/.local/lib/python3.10/site-packages/airflow/example_dags/example_python_operator.py for tasks to queue
[2026-09-17T01:12:34.470+0000] {logging_mixin.py:150} INFO - [2026-09-17T01:12:34.470+0000] {dagbag.py:541} INFO - Filling up the DagBag from /home/vscode/.local/lib/python3.10/site-packages/airflow/example_dags/example_python_operator.py
[2026-09-17T01:12:34.481+0000] {processor.py:836} INFO - DAG(s) dict_keys(['example_python_operator']) retrieved from /home/vscode/.local/lib/python3.10/site-packages/airflow/example_dags/example_python_operator.py
[2026-09-17T01:12:34.494+0000] {logging_mixin.py:150} INFO - [2026-09-17T01:12:34.494+0000] {dag.py:2742} INFO - Sync 1 DAGs
[2026-09-17T01:12:34.515+0000] {logging_mixin.py:150} INFO - [2026-09-17T01:12:34.515+0000] {dag.py:3504} INFO - Setting next_dagrun for example_python_operator to None, run_after=None
[2026-09-17T01:12:34.552+0000] {processor.py:179} INFO - Processing /home/vscode/.local/lib/python3.10/site-packages/airflow/example_dags/example_python_operator.py took 0.086 seconds
[2026-09-17T01:13:13.781+0000] {processor.py:157} INFO - Started process (PID=31809) to work on /home/vscode/.local/lib/python3.10/site-packages/airflow/example_dags/example_python_operator.py
[2026-09-17T01:13:13.782+0000] {processor.py:826} INFO - Processing file /home/vscode/.local/lib/python3.10/site-packages/airflow/example_dags/example_python_operator.py for tasks to queue
[2026-09-17T01:13:13.783+0000] {logging_mixin.py:150} INFO - [2026-09-17T01:13:13.782+0000] {dagbag.py:541} INFO - Filling up the DagBag from /home/vscode/.local/lib/python3.10/site-packages/airflow/example_dags/example_python_operator.py
[2026-09-17T01:13:13.794+0000] {processor.py:836} INFO - DAG(s) dict_keys(['example_python_operator']) retrieved from /home/vscode/.local/lib/python3.10/site-packages/airflow/example_dags/example_python_operator.py
[2026-09-17T01:13:13.811+0000] {logging_mixin.py:150} INFO - [2026-09-17T01:13:13.811+0000] {dag.py:2742} INFO - Sync 1 DAGs
[2026-09-17T01:13:13.832+0000] {logging_mixin.py:150} INFO - [2026-09-17T01:13:13.832+0000] {dag.py:3504} INFO - Setting next_dagrun for example_python_operator to None, run_after=None
[2026-09-17T01:13:13.858+0000] {processor.py:179} INFO - Processing /home/vscode/.local/lib/python3.10/site-packages/airflow/example_dags/example_python_operator.py took 0.080 seconds
[2026-09-17T01:13:21.615+0000] {processor.py:157} INFO - Started process (PID=31879) to work on /home/vscode/.local/lib/python3.10/site-packages/airflow/example_dags/example_python_operator.py
[2026-09-17T01:13:21.616+0000] {processor.py:826} INFO - Processing file /home/vscode/.local/lib/python3.10/site-packages/airflow/example_dags/example_python_operator.py for tasks to queue
[2026-09-17T01:13:21.617+0000] {logging_mixin.py:150} INFO - [2026-09-17T01:13:21.616+0000] {dagbag.py:541} INFO - Filling up the DagBag from /home/vscode/.local/lib/python3.10/site-packages/airflow/example_dags/example_python_operator.py
[2026-09-17T01:13:21.625+0000] {processor.py:836} INFO - DAG(s) dict_keys(['example_python_operator']) retrieved from /home/vscode/.local/lib/python3.10/site-packages/airflow/example_dags/example_python_operator.py
[2026-09-17T01:13:21.710+0000] {logging_mixin.py:150} INFO - [2026-09-17T01:13:21.710+0000] {dag.py:2742} INFO - Sync 1 DAGs
[2026-09-17T01:13:21.726+0000] {logging_mixin.py:150} INFO - [2026-09-17T01:13:21.726+0000] {dag.py:3504} INFO - Setting next_dagrun for example_python_operator to None, run_after=None
[2026-09-17T01:13:21.744+0000] {processor.py:179} INFO - Processing /home/vscode/.local/lib/python3.10/site-packages/airflow/example_dags/example_python_operator.py took 0.131 seconds
[2026-09-17T01:13:59.397+0000] {processor.py:157} INFO - Started process (PID=32190) to work on /home/vscode/.local/lib/python3.10/site-packages/airflow/example_dags/example_python_operator.py
[2026-09-17T01:13:59.399+0000] {processor.py:826} INFO - Processing file /home/vscode/.local/lib/python3.10/site-packages/airflow/example_dags/example_python_operator.py for tasks to queue
[2026-09-17T01:13:59.399+0000] {logging_mixin.py:150} INFO - [2026-09-17T01:13:59.399+0000] {dagbag.py:541} INFO - Filling up the DagBag from /home/vscode/.local/lib/python3.10/site-packages/airflow/example_dags/example_python_operator.py
[2026-09-17T01:13:59.408+0000] {processor.py:836} INFO - DAG(s) dict_keys(['example_python_operator']) retrieved from /home/vscode/.local/lib/python3.10/site-packages/airflow/example_dags/example_python_operator.py
[2026-09-17T01:13:59.511+0000] {logging_mixin.py:150} INFO - [2026-09-17T01:13:59.511+0000] {dag.py:2742} INFO - Sync 1 DAGs
[2026-09-17T01:13:59.532+0000] {logging_mixin.py:150} INFO - [2026-09-17T01:13:59.531+0000] {dag.py:3504} INFO - Setting next_dagrun for example_python_operator to None, run_after=None
[2026-09-17T01:13:59.565+0000] {processor.py:179} INFO - Processing /home/vscode/.local/lib/python3.10/site-packages/airflow/example_dags/example_python_operator.py took 0.171 seconds
[2026-09-17T01:14:11.376+0000] {processor.py:157} INFO - Started process (PID=32291) to work on /home/vscode/.local/lib/python3.10/site-packages/airflow/example_dags/example_python_operator.py
[2026-09-17T01:14:11.377+0000] {processor.py:826} INFO - Processing file /home/vscode/.local/lib/python3.10/site-packages/airflow/example_dags/example_python_operator.py for tasks to queue
[2026-09-17T01:14:11.378+0000] {logging_mixin.py:150} INFO - [2026-09-17T01:14:11.378+0000] {dagbag.py:541} INFO - Filling up the DagBag from /home/vscode/.local/lib/python3.10/site-packages/airflow/example_dags/example_python_operator.py
[2026-09-17T01:14:11.399+0000] {processor.py:836} INFO - DAG(s) dict_keys(['example_python_operator']) retrieved from /home/vscode/.local/lib/python3.10/site-packages/airflow/example_dags/example_python_operator.py
[2026-09-17T01:14:11.408+0000] {logging_mixin.py:150} INFO - [2026-09-17T01:14:11.408+0000] {dag.py:2742} INFO - Sync 1 DAGs
[2026-09-17T01:14:11.423+0000] {logging_mixin.py:150} INFO - [2026-09-17T01:14:11.423+0000] {dag.py:3504} INFO - Setting next_dagrun for example_python_operator to None, run_after=None
[2026-09-17T01:14:11.441+0000] {processor.py:179} INFO - Processing /home/vscode/.local/lib/python3.10/site-packages/airflow/example_dags/example_python_operator.py took 0.068 seconds
[2026-09-17T01:14:47.828+0000] {processor.py:157} INFO - Started process (PID=32612) to work on /home/vscode/.local/lib/python3.10/site-packages/airflow/example_dags/example_python_operator.py
[2026-09-17T01:14:47.828+0000] {processor.py:826} INFO - Processing file /home/vscode/.local/lib/python3.10/site-packages/airflow/example_dags/example_python_operator.py for tasks to queue
[2026-09-17T01:14:47.829+0000] {logging_mixin.py:150} INFO - [2026-09-17T01:14:47.829+0000] {dagbag.py:541} INFO - Filling up the DagBag from /home/vscode/.local/lib/python3.10/site-packages/airflow/example_dags/example_python_operator.py
[2026-09-17T01:14:47.841+0000] {processor.py:836} INFO - DAG(s) dict_keys(['example_python_operator']) retrieved from /home/vscode/.local/lib/python3.10/site-packages/airflow/example_dags/example_python_operator.py
[2026-09-17T01:14:47.856+0000] {logging_mixin.py:150} INFO - [2026-09-17T01:14:47.856+0000] {dag.py:2742} INFO - Sync 1 DAGs
[2026-09-17T01:14:47.871+0000] {logging_mixin.py:150} INFO - [2026-09-17T01:14:47.871+0000] {dag.py:3504} INFO - Setting next_dagrun for example_python_operator to None, run_after=None
[2026-09-17T01:14:47.892+0000] {processor.py:179} INFO - Processing /home/vscode/.local/lib/python3.10/site-packages/airflow/example_dags/example_python_operator.py took 0.067 seconds
[2026-09-17T01:15:04.950+0000] {processor.py:157} INFO - Started process (PID=32749) to work on /home/vscode/.local/lib/python3.10/site-packages/airflow/example_dags/example_python_operator.py
[2026-09-17T01:15:04.950+0000] {processor.py:826} INFO - Processing file /home/vscode/.local/lib/python3.10/site-packages/airflow/example_dags/example_python_operator.py for tasks to queue
[2026-09-17T01:15:04.951+0000] {logging_mixin.py:150} INFO - [2026-09-17T01:15:04.951+0000] {dagbag.py:541} INFO - Filling up the DagBag from /home/vscode/.local/lib/python3.10/site-packages/airflow/example_dags/example_python_operator.py
[2026-09-17T01:15:04.959+0000] {processor.py:836} INFO - DAG(s) dict_keys(['example_python_operator']) retrieved from /home/vscode/.local/lib/python3.10/site-packages/airflow/example_dags/example_python_operator.py
[2026-09-17T01:15:05.048+0000] {logging_mixin.py:150} INFO - [2026-09-17T01:15:05.047+0000] {dag.py:2742} INFO - Sync 1 DAGs
[2026-09-17T01:15:05.061+0000] {logging_mixin.py:150} INFO - [2026-09-17T01:15:05.061+0000] {dag.py:3504} INFO - Setting next_dagrun for example_python_operator to None, run_after=None
[2026-09-17T01:15:05.078+0000] {processor.py:179} INFO - Processing /home/vscode/.local/lib/python3.10/site-packages/airflow/example_dags/example_python_operator.py took 0.131 seconds
[2026-09-17T01:15:30.684+0000] {processor.py:157} INFO - Started process (PID=32971) to work on /home/vscode/.local/lib/python3.10/site-packages/airflow/example_dags/example_python_operator.py
[2026-09-17T01:15:30.685+0000] {processor.py:826} INFO - Processing file /home/vscode/.local/lib/python3.10/site-packages/airflow/example_dags/example_python_operator.py for tasks to queue
[2026-09-17T01:15:30.686+0000] {logging_mixin.py:150} INFO - [2026-09-17T01:15:30.685+0000] {dagbag.py:541} INFO - Filling up the DagBag from /home/vscode/.local/lib/python3.10/site-packages/airflow/example_dags/example_python_operator.py
[2026-09-17T01:15:30.697+0000] {processor.py:836} INFO - DAG(s) dict_keys(['example_python_operator']) retrieved from /home/vscode/.local/lib/python3.10/site-packages/airflow/example_dags/example_python_operator.py
[2026-09-17T01:15:30.705+0000] {logging_mixin.py:150} INFO - [2026-09-17T01:15:30.704+0000] {dag.py:2742} INFO - Sync 1 DAGs
[2026-09-17T01:15:30.719+0000] {logging_mixin.py:150} INFO - [2026-09-17T01:15:30.719+0000] {dag.py:3504} INFO - Setting next_dagrun for example_python_operator to None, run_after=None
[2026-09-17T01:15:30.736+0000] {processor.py:179} INFO - Processing /home/vscode/.local/lib/python3.10/site-packages/airflow/example_dags/example_python_operator.py took 0.056 seconds
[2026-09-17T01:15:56.258+0000] {processor.py:157} INFO - Started process (PID=33214) to work on /home/vscode/.local/lib/python3.10/site-packages/airflow/example_dags/example_python_operator.py
[2026-09-17T01:15:56.259+0000] {processor.py:826} INFO - Processing file /home/vscode/.local/lib/python3.10/site-packages/airflow/example_dags/example_python_operator.py for tasks to queue
[2026-09-17T01:15:56.260+0000] {logging_mixin.py:150} INFO - [2026-09-17T01:15:56.259+0000] {dagbag.py:541} INFO - Filling up the DagBag from /home/vscode/.local/lib/python3.10/site-packages/airflow/example_dags/example_python_operator.py
[2026-09-17T01:15:56.268+0000] {processor.py:836} INFO - DAG(s) dict_keys(['example_python_operator']) retrieved from /home/vscode/.local/lib/python3.10/site-packages/airflow/example_dags/example_python_operator.py
[2026-09-17T01:15:56.286+0000] {logging_mixin.py:150} INFO - [2026-09-17T01:15:56.286+0000] {dag.py:2742} INFO - Sync 1 DAGs
[2026-09-17T01:15:56.304+0000] {logging_mixin.py:150} INFO - [2026-09-17T01:15:56.304+0000] {dag.py:3504} INFO - Setting next_dagrun for example_python_operator to None, run_after=None
[2026-09-17T01:15:56.347+0000] {processor.py:179} INFO - Processing /home/vscode/.local/lib/python3.10/site-packages/airflow/example_dags/example_python_operator.py took 0.091 seconds
[2026-09-17T01:16:20.416+0000] {processor.py:157} INFO - Started process (PID=33428) to work on /home/vscode/.local/lib/python3.10/site-packages/airflow/example_dags/example_python_operator.py
[2026-09-17T01:16:20.417+0000] {processor.py:826} INFO - Processing file /home/vscode/.local/lib/python3.10/site-packages/airflow/example_dags/example_python_operator.py for tasks to queue
[2026-09-17T01:16:20.418+0000] {logging_mixin.py:150} INFO - [2026-09-17T01:16:20.417+0000] {dagbag.py:541} INFO - Filling up the DagBag from /home/vscode/.local/lib/python3.10/site-packages/airflow/example_dags/example_python_operator.py
[2026-09-17T01:16:20.430+0000] {processor.py:836} INFO - DAG(s) dict_keys(['example_python_operator']) retrieved from /home/vscode/.local/lib/python3.10/site-packages/airflow/example_dags/example_python_operator.py
[2026-09-17T01:16:20.516+0000] {logging_mixin.py:150} INFO - [2026-09-17T01:16:20.515+0000] {dag.py:2742} INFO - Sync 1 DAGs
[2026-09-17T01:16:20.535+0000] {logging_mixin.py:150} INFO - [2026-09-17T01:16:20.535+0000] {dag.py:3504} INFO - Setting next_dagrun for example_python_operator to None, run_after=None
[2026-09-17T01:16:20.557+0000] {processor.py:179} INFO - Processing /home/vscode/.local/lib/python3.10/site-packages/airflow/example_dags/example_python_operator.py took 0.144 seconds
[2026-09-17T01:16:47.906+0000] {processor.py:157} INFO - Started process (PID=33662) to work on /home/vscode/.local/lib/python3.10/site-packages/airflow/example_dags/example_python_operator.py
[2026-09-17T01:16:47.906+0000] {processor.py:826} INFO - Processing file /home/vscode/.local/lib/python3.10/site-packages/airflow/example_dags/example_python_operator.py for tasks to queue
[2026-09-17T01:16:47.907+0000] {logging_mixin.py:150} INFO - [2026-09-17T01:16:47.907+0000] {dagbag.py:541} INFO - Filling up the DagBag from /home/vscode/.local/lib/python3.10/site-packages/airflow/example_dags/example_python_operator.py
[2026-09-17T01:16:47.916+0000] {processor.py:836} INFO - DAG(s) dict_keys(['example_python_operator']) retrieved from /home/vscode/.local/lib/python3.10/site-packages/airflow/example_dags/example_python_operator.py
[2026-09-17T01:16:47.923+0000] {logging_mixin.py:150} INFO - [2026-09-17T01:16:47.923+0000] {dag.py:2742} INFO - Sync 1 DAGs
[2026-09-17T01:16:47.939+0000] {logging_mixin.py:150} INFO - [2026-09-17T01:16:47.938+0000] {dag.py:3504} INFO - Setting next_dagrun for example_python_operator to None, run_after=None
[2026-09-17T01:16:47.957+0000] {processor.py:179} INFO - Processing /home/vscode/.local/lib/python3.10/site-packages/airflow/example_dags/example_python_operator.py took 0.055 seconds
[2026-09-17T01:17:10.342+0000] {processor.py:157} INFO - Started process (PID=33860) to work on /home/vscode/.local/lib/python3.10/site-packages/airflow/example_dags/example_python_operator.py
[2026-09-17T01:17:10.343+0000] {processor.py:826} INFO - Processing file /home/vscode/.local/lib/python3.10/site-packages/airflow/example_dags/example_python_operator.py for tasks to queue
[2026-09-17T01:17:10.344+0000] {logging_mixin.py:150} INFO - [2026-09-17T01:17:10.343+0000] {dagbag.py:541} INFO - Filling up the DagBag from /home/vscode/.local/lib/python3.10/site-packages/airflow/example_dags/example_python_operator.py
[2026-09-17T01:17:10.356+0000] {processor.py:836} INFO - DAG(s) dict_keys(['example_python_operator']) retrieved from /home/vscode/.local/lib/python3.10/site-packages/airflow/example_dags/example_python_operator.py
[2026-09-17T01:17:10.374+0000] {logging_mixin.py:150} INFO - [2026-09-17T01:17:10.374+0000] {dag.py:2742} INFO - Sync 1 DAGs
[2026-09-17T01:17:10.395+0000] {logging_mixin.py:150} INFO - [2026-09-17T01:17:10.394+0000] {dag.py:3504} INFO - Setting next_dagrun for example_python_operator to None, run_after=None
[2026-09-17T01:17:10.420+0000] {processor.py:179} INFO - Processing /home/vscode/.local/lib/python3.10/site-packages/airflow/example_dags/example_python_operator.py took 0.082 seconds
[2026-09-17T01:17:37.696+0000] {processor.py:157} INFO - Started process (PID=34085) to work on /home/vscode/.local/lib/python3.10/site-packages/airflow/example_dags/example_python_operator.py
[2026-09-17T01:17:37.697+0000] {processor.py:826} INFO - Processing file /home/vscode/.local/lib/python3.10/site-packages/airflow/example_dags/example_python_operator.py for tasks to queue
[2026-09-17T01:17:37.698+0000] {logging_mixin.py:150} INFO - [2026-09-17T01:17:37.697+0000] {dagbag.py:541} INFO - Filling up the DagBag from /home/vscode/.local/lib/python3.10/site-packages/airflow/example_dags/example_python_operator.py
[2026-09-17T01:17:37.707+0000] {processor.py:836} INFO - DAG(s) dict_keys(['example_python_operator']) retrieved from /home/vscode/.local/lib/python3.10/site-packages/airflow/example_dags/example_python_operator.py
[2026-09-17T01:17:37.799+0000] {logging_mixin.py:150} INFO - [2026-09-17T01:17:37.799+0000] {dag.py:2742} INFO - Sync 1 DAGs
[2026-09-17T01:17:37.812+0000] {logging_mixin.py:150} INFO - [2026-09-17T01:17:37.812+0000] {dag.py:3504} INFO - Setting next_dagrun for example_python_operator to None, run_after=None
[2026-09-17T01:17:37.830+0000] {processor.py:179} INFO - Processing /home/vscode/.local/lib/python3.10/site-packages/airflow/example_dags/example_python_operator.py took 0.137 seconds
[2026-09-17T01:17:55.738+0000] {processor.py:157} INFO - Started process (PID=34238) to work on /home/vscode/.local/lib/python3.10/site-packages/airflow/example_dags/example_python_operator.py
[2026-09-17T01:17:55.738+0000] {processor.py:826} INFO - Processing file /home/vscode/.local/lib/python3.10/site-packages/airflow/example_dags/example_python_operator.py for tasks to queue
[2026-09-17T01:17:55.739+0000] {logging_mixin.py:150} INFO - [2026-09-17T01:17:55.739+0000] {dagbag.py:541} INFO - Filling up the DagBag from /home/vscode/.local/lib/python3.10/site-packages/airflow/example_dags/example_python_operator.py
[2026-09-17T01:17:55.747+0000] {processor.py:836} INFO - DAG(s) dict_keys(['example_python_operator']) retrieved from /home/vscode/.local/lib/python3.10/site-packages/airflow/example_dags/example_python_operator.py
[2026-09-17T01:17:55.754+0000] {logging_mixin.py:150} INFO - [2026-09-17T01:17:55.754+0000] {dag.py:2742} INFO - Sync 1 DAGs
[2026-09-17T01:17:55.769+0000] {logging_mixin.py:150} INFO - [2026-09-17T01:17:55.769+0000] {dag.py:3504} INFO - Setting next_dagrun for example_python_operator to None, run_after=None
[2026-09-17T01:17:55.787+0000] {processor.py:179} INFO - Processing /home/vscode/.local/lib/python3.10/site-packages/airflow/example_dags/example_python_operator.py took 0.051 seconds
[2026-09-17T01:18:23.130+0000] {processor.py:157} INFO - Started process (PID=34475) to work on /home/vscode/.local/lib/python3.10/site-packages/airflow/example_dags/example_python_operator.py
[2026-09-17T01:18:23.131+0000] {processor.py:826} INFO - Processing file /home/vscode/.local/lib/python3.10/site-packages/airflow/example_dags/example_python_operator.py for tasks to queue
[2026-09-17T01:18:23.132+0000] {logging_mixin.py:150} INFO - [2026-09-17T01:18:23.131+0000] {dagbag.py:541} INFO - Filling up the DagBag from /home/vscode/.local/lib/python3.10/site-packages/airflow/example_dags/example_python_operator.py
[2026-09-17T01:18:23.142+0000] {processor.py:836} INFO - DAG(s) dict_keys(['example_python_operator']) retrieved from /home/vscode/.local/lib/python3.10/site-packages/airflow/example_dags/example_python_operator.py
[2026-09-17T01:18:23.157+0000] {logging_mixin.py:150} INFO - [2026-09-17T01:18:23.157+0000] {dag.py:2742} INFO - Sync 1 DAGs
[2026-09-17T01:18:23.171+0000] {logging_mixin.py:150} INFO - [2026-09-17T01:18:23.171+0000] {dag.py:3504} INFO - Setting next_dagrun for example_python_operator to None, run_after=None
[2026-09-17T01:18:23.188+0000] {processor.py:179} INFO - Processing /home/vscode/.local/lib/python3.10/site-packages/airflow/example_dags/example_python_operator.py took 0.060 seconds
[2026-09-17T01:18:44.212+0000] {processor.py:157} INFO - Started process (PID=34651) to work on /home/vscode/.local/lib/python3.10/site-packages/airflow/example_dags/example_python_operator.py
[2026-09-17T01:18:44.213+0000] {processor.py:826} INFO - Processing file /home/vscode/.local/lib/python3.10/site-packages/airflow/example_dags/example_python_operator.py for tasks to queue
[2026-09-17T01:18:44.213+0000] {logging_mixin.py:150} INFO - [2026-09-17T01:18:44.213+0000] {dagbag.py:541} INFO - Filling up the DagBag from /home/vscode/.local/lib/python3.10/site-packages/airflow/example_dags/example_python_operator.py
[2026-09-17T01:18:44.223+0000] {processor.py:836} INFO - DAG(s) dict_keys(['example_python_operator']) retrieved from /home/vscode/.local/lib/python3.10/site-packages/airflow/example_dags/example_python_operator.py
[2026-09-17T01:18:44.301+0000] {logging_mixin.py:150} INFO - [2026-09-17T01:18:44.301+0000] {dag.py:2742} INFO - Sync 1 DAGs
[2026-09-17T01:18:44.315+0000] {logging_mixin.py:150} INFO - [2026-09-17T01:18:44.314+0000] {dag.py:3504} INFO - Setting next_dagrun for example_python_operator to None, run_after=None
[2026-09-17T01:18:44.340+0000] {processor.py:179} INFO - Processing /home/vscode/.local/lib/python3.10/site-packages/airflow/example_dags/example_python_operator.py took 0.131 seconds
[2026-09-17T01:19:10.224+0000] {processor.py:157} INFO - Started process (PID=34864) to work on /home/vscode/.local/lib/python3.10/site-packages/airflow/example_dags/example_python_operator.py
[2026-09-17T01:19:10.225+0000] {processor.py:826} INFO - Processing file /home/vscode/.local/lib/python3.10/site-packages/airflow/example_dags/example_python_operator.py for tasks to queue
[2026-09-17T01:19:10.227+0000] {logging_mixin.py:150} INFO - [2026-09-17T01:19:10.226+0000] {dagbag.py:541} INFO - Filling up the DagBag from /home/vscode/.local/lib/python3.10/site-packages/airflow/example_dags/example_python_operator.py
[2026-09-17T01:19:10.242+0000] {processor.py:836} INFO - DAG(s) dict_keys(['example_python_operator']) retrieved from /home/vscode/.local/lib/python3.10/site-packages/airflow/example_dags/example_python_operator.py
[2026-09-17T01:19:10.253+0000] {logging_mixin.py:150} INFO - [2026-09-17T01:19:10.252+0000] {dag.py:2742} INFO - Sync 1 DAGs
[2026-09-17T01:19:10.277+0000] {logging_mixin.py:150} INFO - [2026-09-17T01:19:10.277+0000] {dag.py:3504} INFO - Setting next_dagrun for example_python_operator to None, run_after=None
[2026-09-17T01:19:10.301+0000] {processor.py:179} INFO - Processing /home/vscode/.local/lib/python3.10/site-packages/airflow/example_dags/example_python_operator.py took 0.081 seconds
[2026-09-17T01:19:32.056+0000] {processor.py:157} INFO - Started process (PID=35031) to work on /home/vscode/.local/lib/python3.10/site-packages/airflow/example_dags/example_python_operator.py
[2026-09-17T01:19:32.057+0000] {processor.py:826} INFO - Processing file /home/vscode/.local/lib/python3.10/site-packages/airflow/example_dags/example_python_operator.py for tasks to queue
[2026-09-17T01:19:32.058+0000] {logging_mixin.py:150} INFO - [2026-09-17T01:19:32.057+0000] {dagbag.py:541} INFO - Filling up the DagBag from /home/vscode/.local/lib/python3.10/site-packages/airflow/example_dags/example_python_operator.py
[2026-09-17T01:19:32.071+0000] {processor.py:836} INFO - DAG(s) dict_keys(['example_python_operator']) retrieved from /home/vscode/.local/lib/python3.10/site-packages/airflow/example_dags/example_python_operator.py
[2026-09-17T01:19:32.090+0000] {logging_mixin.py:150} INFO - [2026-09-17T01:19:32.090+0000] {dag.py:2742} INFO - Sync 1 DAGs
[2026-09-17T01:19:32.104+0000] {logging_mixin.py:150} INFO - [2026-09-17T01:19:32.104+0000] {dag.py:3504} INFO - Setting next_dagrun for example_python_operator to None, run_after=None
[2026-09-17T01:19:32.120+0000] {processor.py:179} INFO - Processing /home/vscode/.local/lib/python3.10/site-packages/airflow/example_dags/example_python_operator.py took 0.068 seconds
[2026-09-17T01:20:00.820+0000] {processor.py:157} INFO - Started process (PID=35332) to work on /home/vscode/.local/lib/python3.10/site-packages/airflow/example_dags/example_python_operator.py
[2026-09-17T01:20:00.820+0000] {processor.py:826} INFO - Processing file /home/vscode/.local/lib/python3.10/site-packages/airflow/example_dags/example_python_operator.py for tasks to queue
[2026-09-17T01:20:00.821+0000] {logging_mixin.py:150} INFO - [2026-09-17T01:20:00.821+0000] {dagbag.py:541} INFO - Filling up the DagBag from /home/vscode/.local/lib/python3.10/site-packages/airflow/example_dags/example_python_operator.py
[2026-09-17T01:20:00.832+0000] {processor.py:836} INFO - DAG(s) dict_keys(['example_python_operator']) retrieved from /home/vscode/.local/lib/python3.10/site-packages/airflow/example_dags/example_python_operator.py
[2026-09-17T01:20:00.918+0000] {logging_mixin.py:150} INFO - [2026-09-17T01:20:00.918+0000] {dag.py:2742} INFO - Sync 1 DAGs
[2026-09-17T01:20:00.931+0000] {logging_mixin.py:150} INFO - [2026-09-17T01:20:00.931+0000] {dag.py:3504} INFO - Setting next_dagrun for example_python_operator to None, run_after=None
[2026-09-17T01:20:00.948+0000] {processor.py:179} INFO - Processing /home/vscode/.local/lib/python3.10/site-packages/airflow/example_dags/example_python_operator.py took 0.130 seconds
[2026-09-17T01:20:22.152+0000] {processor.py:157} INFO - Started process (PID=35507) to work on /home/vscode/.local/lib/python3.10/site-packages/airflow/example_dags/example_python_operator.py
[2026-09-17T01:20:22.153+0000] {processor.py:826} INFO - Processing file /home/vscode/.local/lib/python3.10/site-packages/airflow/example_dags/example_python_operator.py for tasks to queue
[2026-09-17T01:20:22.154+0000] {logging_mixin.py:150} INFO - [2026-09-17T01:20:22.154+0000] {dagbag.py:541} INFO - Filling up the DagBag from /home/vscode/.local/lib/python3.10/site-packages/airflow/example_dags/example_python_operator.py
[2026-09-17T01:20:22.165+0000] {processor.py:836} INFO - DAG(s) dict_keys(['example_python_operator']) retrieved from /home/vscode/.local/lib/python3.10/site-packages/airflow/example_dags/example_python_operator.py
[2026-09-17T01:20:22.174+0000] {logging_mixin.py:150} INFO - [2026-09-17T01:20:22.174+0000] {dag.py:2742} INFO - Sync 1 DAGs
[2026-09-17T01:20:22.199+0000] {logging_mixin.py:150} INFO - [2026-09-17T01:20:22.199+0000] {dag.py:3504} INFO - Setting next_dagrun for example_python_operator to None, run_after=None
[2026-09-17T01:20:22.220+0000] {processor.py:179} INFO - Processing /home/vscode/.local/lib/python3.10/site-packages/airflow/example_dags/example_python_operator.py took 0.070 seconds
[2026-09-17T01:20:47.257+0000] {processor.py:157} INFO - Started process (PID=35738) to work on /home/vscode/.local/lib/python3.10/site-packages/airflow/example_dags/example_python_operator.py
[2026-09-17T01:20:47.258+0000] {processor.py:826} INFO - Processing file /home/vscode/.local/lib/python3.10/site-packages/airflow/example_dags/example_python_operator.py for tasks to queue
[2026-09-17T01:20:47.259+0000] {logging_mixin.py:150} INFO - [2026-09-17T01:20:47.259+0000] {dagbag.py:541} INFO - Filling up the DagBag from /home/vscode/.local/lib/python3.10/site-packages/airflow/example_dags/example_python_operator.py
[2026-09-17T01:20:47.267+0000] {processor.py:836} INFO - DAG(s) dict_keys(['example_python_operator']) retrieved from /home/vscode/.local/lib/python3.10/site-packages/airflow/example_dags/example_python_operator.py
[2026-09-17T01:20:47.288+0000] {logging_mixin.py:150} INFO - [2026-09-17T01:20:47.288+0000] {dag.py:2742} INFO - Sync 1 DAGs
[2026-09-17T01:20:47.308+0000] {logging_mixin.py:150} INFO - [2026-09-17T01:20:47.308+0000] {dag.py:3504} INFO - Setting next_dagrun for example_python_operator to None, run_after=None
[2026-09-17T01:20:47.326+0000] {processor.py:179} INFO - Processing /home/vscode/.local/lib/python3.10/site-packages/airflow/example_dags/example_python_operator.py took 0.071 seconds
[2026-09-17T01:21:10.170+0000] {processor.py:157} INFO - Started process (PID=36137) to work on /home/vscode/.local/lib/python3.10/site-packages/airflow/example_dags/example_python_operator.py
[2026-09-17T01:21:10.170+0000] {processor.py:826} INFO - Processing file /home/vscode/.local/lib/python3.10/site-packages/airflow/example_dags/example_python_operator.py for tasks to queue
[2026-09-17T01:21:10.171+0000] {logging_mixin.py:150} INFO - [2026-09-17T01:21:10.171+0000] {dagbag.py:541} INFO - Filling up the DagBag from /home/vscode/.local/lib/python3.10/site-packages/airflow/example_dags/example_python_operator.py
[2026-09-17T01:21:10.179+0000] {processor.py:836} INFO - DAG(s) dict_keys(['example_python_operator']) retrieved from /home/vscode/.local/lib/python3.10/site-packages/airflow/example_dags/example_python_operator.py
[2026-09-17T01:21:10.264+0000] {logging_mixin.py:150} INFO - [2026-09-17T01:21:10.264+0000] {dag.py:2742} INFO - Sync 1 DAGs
[2026-09-17T01:21:10.280+0000] {logging_mixin.py:150} INFO - [2026-09-17T01:21:10.280+0000] {dag.py:3504} INFO - Setting next_dagrun for example_python_operator to None, run_after=None
[2026-09-17T01:21:10.303+0000] {processor.py:179} INFO - Processing /home/vscode/.local/lib/python3.10/site-packages/airflow/example_dags/example_python_operator.py took 0.136 seconds
[2026-09-17T01:21:38.934+0000] {processor.py:157} INFO - Started process (PID=36465) to work on /home/vscode/.local/lib/python3.10/site-packages/airflow/example_dags/example_python_operator.py
[2026-09-17T01:21:38.935+0000] {processor.py:826} INFO - Processing file /home/vscode/.local/lib/python3.10/site-packages/airflow/example_dags/example_python_operator.py for tasks to queue
[2026-09-17T01:21:38.935+0000] {logging_mixin.py:150} INFO - [2026-09-17T01:21:38.935+0000] {dagbag.py:541} INFO - Filling up the DagBag from /home/vscode/.local/lib/python3.10/site-packages/airflow/example_dags/example_python_operator.py
[2026-09-17T01:21:38.946+0000] {processor.py:836} INFO - DAG(s) dict_keys(['example_python_operator']) retrieved from /home/vscode/.local/lib/python3.10/site-packages/airflow/example_dags/example_python_operator.py
[2026-09-17T01:21:38.955+0000] {logging_mixin.py:150} INFO - [2026-09-17T01:21:38.954+0000] {dag.py:2742} INFO - Sync 1 DAGs
[2026-09-17T01:21:38.993+0000] {logging_mixin.py:150} INFO - [2026-09-17T01:21:38.993+0000] {dag.py:3504} INFO - Setting next_dagrun for example_python_operator to None, run_after=None
[2026-09-17T01:21:39.022+0000] {processor.py:179} INFO - Processing /home/vscode/.local/lib/python3.10/site-packages/airflow/example_dags/example_python_operator.py took 0.092 seconds
[2026-09-17T01:21:59.230+0000] {processor.py:157} INFO - Started process (PID=36676) to work on /home/vscode/.local/lib/python3.10/site-packages/airflow/example_dags/example_python_operator.py
[2026-09-17T01:21:59.231+0000] {processor.py:826} INFO - Processing file /home/vscode/.local/lib/python3.10/site-packages/airflow/example_dags/example_python_operator.py for tasks to queue
[2026-09-17T01:21:59.231+0000] {logging_mixin.py:150} INFO - [2026-09-17T01:21:59.231+0000] {dagbag.py:541} INFO - Filling up the DagBag from /home/vscode/.local/lib/python3.10/site-packages/airflow/example_dags/example_python_operator.py
[2026-09-17T01:21:59.242+0000] {processor.py:836} INFO - DAG(s) dict_keys(['example_python_operator']) retrieved from /home/vscode/.local/lib/python3.10/site-packages/airflow/example_dags/example_python_operator.py
[2026-09-17T01:21:59.258+0000] {logging_mixin.py:150} INFO - [2026-09-17T01:21:59.258+0000] {dag.py:2742} INFO - Sync 1 DAGs
[2026-09-17T01:21:59.272+0000] {logging_mixin.py:150} INFO - [2026-09-17T01:21:59.272+0000] {dag.py:3504} INFO - Setting next_dagrun for example_python_operator to None, run_after=None
[2026-09-17T01:21:59.295+0000] {processor.py:179} INFO - Processing /home/vscode/.local/lib/python3.10/site-packages/airflow/example_dags/example_python_operator.py took 0.069 seconds
[2026-09-17T01:22:28.750+0000] {processor.py:157} INFO - Started process (PID=37151) to work on /home/vscode/.local/lib/python3.10/site-packages/airflow/example_dags/example_python_operator.py
[2026-09-17T01:22:28.750+0000] {processor.py:826} INFO - Processing file /home/vscode/.local/lib/python3.10/site-packages/airflow/example_dags/example_python_operator.py for tasks to queue
[2026-09-17T01:22:28.751+0000] {logging_mixin.py:150} INFO - [2026-09-17T01:22:28.751+0000] {dagbag.py:541} INFO - Filling up the DagBag from /home/vscode/.local/lib/python3.10/site-packages/airflow/example_dags/example_python_operator.py
[2026-09-17T01:22:28.759+0000] {processor.py:836} INFO - DAG(s) dict_keys(['example_python_operator']) retrieved from /home/vscode/.local/lib/python3.10/site-packages/airflow/example_dags/example_python_operator.py
[2026-09-17T01:22:28.843+0000] {logging_mixin.py:150} INFO - [2026-09-17T01:22:28.842+0000] {dag.py:2742} INFO - Sync 1 DAGs
[2026-09-17T01:22:28.863+0000] {logging_mixin.py:150} INFO - [2026-09-17T01:22:28.863+0000] {dag.py:3504} INFO - Setting next_dagrun for example_python_operator to None, run_after=None
[2026-09-17T01:22:28.890+0000] {processor.py:179} INFO - Processing /home/vscode/.local/lib/python3.10/site-packages/airflow/example_dags/example_python_operator.py took 0.143 seconds
[2026-09-17T01:22:45.612+0000] {processor.py:157} INFO - Started process (PID=37280) to work on /home/vscode/.local/lib/python3.10/site-packages/airflow/example_dags/example_python_operator.py
[2026-09-17T01:22:45.613+0000] {processor.py:826} INFO - Processing file /home/vscode/.local/lib/python3.10/site-packages/airflow/example_dags/example_python_operator.py for tasks to queue
[2026-09-17T01:22:45.614+0000] {logging_mixin.py:150} INFO - [2026-09-17T01:22:45.613+0000] {dagbag.py:541} INFO - Filling up the DagBag from /home/vscode/.local/lib/python3.10/site-packages/airflow/example_dags/example_python_operator.py
[2026-09-17T01:22:45.622+0000] {processor.py:836} INFO - DAG(s) dict_keys(['example_python_operator']) retrieved from /home/vscode/.local/lib/python3.10/site-packages/airflow/example_dags/example_python_operator.py
[2026-09-17T01:22:45.629+0000] {logging_mixin.py:150} INFO - [2026-09-17T01:22:45.629+0000] {dag.py:2742} INFO - Sync 1 DAGs
[2026-09-17T01:22:45.644+0000] {logging_mixin.py:150} INFO - [2026-09-17T01:22:45.644+0000] {dag.py:3504} INFO - Setting next_dagrun for example_python_operator to None, run_after=None
[2026-09-17T01:22:45.661+0000] {processor.py:179} INFO - Processing /home/vscode/.local/lib/python3.10/site-packages/airflow/example_dags/example_python_operator.py took 0.052 seconds
[2026-09-17T01:23:15.108+0000] {processor.py:157} INFO - Started process (PID=37549) to work on /home/vscode/.local/lib/python3.10/site-packages/airflow/example_dags/example_python_operator.py
[2026-09-17T01:23:15.109+0000] {processor.py:826} INFO - Processing file /home/vscode/.local/lib/python3.10/site-packages/airflow/example_dags/example_python_operator.py for tasks to queue
[2026-09-17T01:23:15.110+0000] {logging_mixin.py:150} INFO - [2026-09-17T01:23:15.109+0000] {dagbag.py:541} INFO - Filling up the DagBag from /home/vscode/.local/lib/python3.10/site-packages/airflow/example_dags/example_python_operator.py
[2026-09-17T01:23:15.122+0000] {processor.py:836} INFO - DAG(s) dict_keys(['example_python_operator']) retrieved from /home/vscode/.local/lib/python3.10/site-packages/airflow/example_dags/example_python_operator.py
[2026-09-17T01:23:15.145+0000] {logging_mixin.py:150} INFO - [2026-09-17T01:23:15.145+0000] {dag.py:2742} INFO - Sync 1 DAGs
[2026-09-17T01:23:15.185+0000] {logging_mixin.py:150} INFO - [2026-09-17T01:23:15.185+0000] {dag.py:3504} INFO - Setting next_dagrun for example_python_operator to None, run_after=None
[2026-09-17T01:23:15.204+0000] {processor.py:179} INFO - Processing /home/vscode/.local/lib/python3.10/site-packages/airflow/example_dags/example_python_operator.py took 0.099 seconds
[2026-09-17T01:23:35.664+0000] {processor.py:157} INFO - Started process (PID=37752) to work on /home/vscode/.local/lib/python3.10/site-packages/airflow/example_dags/example_python_operator.py
[2026-09-17T01:23:35.665+0000] {processor.py:826} INFO - Processing file /home/vscode/.local/lib/python3.10/site-packages/airflow/example_dags/example_python_operator.py for tasks to queue
[2026-09-17T01:23:35.666+0000] {logging_mixin.py:150} INFO - [2026-09-17T01:23:35.665+0000] {dagbag.py:541} INFO - Filling up the DagBag from /home/vscode/.local/lib/python3.10/site-packages/airflow/example_dags/example_python_operator.py
[2026-09-17T01:23:35.674+0000] {processor.py:836} INFO - DAG(s) dict_keys(['example_python_operator']) retrieved from /home/vscode/.local/lib/python3.10/site-packages/airflow/example_dags/example_python_operator.py
[2026-09-17T01:23:35.779+0000] {logging_mixin.py:150} INFO - [2026-09-17T01:23:35.778+0000] {dag.py:2742} INFO - Sync 1 DAGs
[2026-09-17T01:23:35.799+0000] {logging_mixin.py:150} INFO - [2026-09-17T01:23:35.799+0000] {dag.py:3504} INFO - Setting next_dagrun for example_python_operator to None, run_after=None
[2026-09-17T01:23:35.839+0000] {processor.py:179} INFO - Processing /home/vscode/.local/lib/python3.10/site-packages/airflow/example_dags/example_python_operator.py took 0.177 seconds
[2026-09-17T01:24:06.621+0000] {processor.py:157} INFO - Started process (PID=37991) to work on /home/vscode/.local/lib/python3.10/site-packages/airflow/example_dags/example_python_operator.py
[2026-09-17T01:24:06.624+0000] {processor.py:826} INFO - Processing file /home/vscode/.local/lib/python3.10/site-packages/airflow/example_dags/example_python_operator.py for tasks to queue
[2026-09-17T01:24:06.625+0000] {logging_mixin.py:150} INFO - [2026-09-17T01:24:06.624+0000] {dagbag.py:541} INFO - Filling up the DagBag from /home/vscode/.local/lib/python3.10/site-packages/airflow/example_dags/example_python_operator.py
[2026-09-17T01:24:06.648+0000] {processor.py:836} INFO - DAG(s) dict_keys(['example_python_operator']) retrieved from /home/vscode/.local/lib/python3.10/site-packages/airflow/example_dags/example_python_operator.py
[2026-09-17T01:24:06.793+0000] {logging_mixin.py:150} INFO - [2026-09-17T01:24:06.793+0000] {dag.py:2742} INFO - Sync 1 DAGs
[2026-09-17T01:24:06.809+0000] {logging_mixin.py:150} INFO - [2026-09-17T01:24:06.809+0000] {dag.py:3504} INFO - Setting next_dagrun for example_python_operator to None, run_after=None
[2026-09-17T01:24:06.832+0000] {processor.py:179} INFO - Processing /home/vscode/.local/lib/python3.10/site-packages/airflow/example_dags/example_python_operator.py took 0.218 seconds
[2026-09-17T01:24:23.690+0000] {processor.py:157} INFO - Started process (PID=38303) to work on /home/vscode/.local/lib/python3.10/site-packages/airflow/example_dags/example_python_operator.py
[2026-09-17T01:24:23.691+0000] {processor.py:826} INFO - Processing file /home/vscode/.local/lib/python3.10/site-packages/airflow/example_dags/example_python_operator.py for tasks to queue
[2026-09-17T01:24:23.691+0000] {logging_mixin.py:150} INFO - [2026-09-17T01:24:23.691+0000] {dagbag.py:541} INFO - Filling up the DagBag from /home/vscode/.local/lib/python3.10/site-packages/airflow/example_dags/example_python_operator.py
[2026-09-17T01:24:23.705+0000] {processor.py:836} INFO - DAG(s) dict_keys(['example_python_operator']) retrieved from /home/vscode/.local/lib/python3.10/site-packages/airflow/example_dags/example_python_operator.py
[2026-09-17T01:24:23.711+0000] {logging_mixin.py:150} INFO - [2026-09-17T01:24:23.711+0000] {dag.py:2742} INFO - Sync 1 DAGs
[2026-09-17T01:24:23.727+0000] {logging_mixin.py:150} INFO - [2026-09-17T01:24:23.727+0000] {dag.py:3504} INFO - Setting next_dagrun for example_python_operator to None, run_after=None
[2026-09-17T01:24:23.743+0000] {processor.py:179} INFO - Processing /home/vscode/.local/lib/python3.10/site-packages/airflow/example_dags/example_python_operator.py took 0.057 seconds
