[2026-09-17T00:55:51.523+0000] {processor.py:157} INFO - Started process (PID=22223) to work on /home/vscode/.local/lib/python3.10/site-packages/airflow/example_dags/example_dynamic_task_mapping.py
[2026-09-17T00:55:51.524+0000] {processor.py:826} INFO - Processing file /home/vscode/.local/lib/python3.10/site-packages/airflow/example_dags/example_dynamic_task_mapping.py for tasks to queue
[2026-09-17T00:55:51.524+0000] {logging_mixin.py:150} INFO - [2026-09-17T00:55:51.524+0000] {dagbag.py:541} INFO - Filling up the DagBag from /home/vscode/.local/lib/python3.10/site-packages/airflow/example_dags/example_dynamic_task_mapping.py
[2026-09-17T00:55:51.532+0000] {processor.py:836} INFO - DAG(s) dict_keys(['example_dynamic_task_mapping']) retrieved from /home/vscode/.local/lib/python3.10/site-packages/airflow/example_dags/example_dynamic_task_mapping.py
[2026-09-17T00:55:51.628+0000] {logging_mixin.py:150} INFO - [2026-09-17T00:55:51.628+0000] {manager.py:504} INFO - Created Permission View: can delete on DAG:example_dynamic_task_mapping
[2026-09-17T00:55:51.641+0000] {logging_mixin.py:150} INFO - [2026-09-17T00:55:51.640+0000] {manager.py:504} INFO - Created Permission View: can edit on DAG:example_dynamic_task_mapping
[2026-09-17T00:55:51.648+0000] {logging_mixin.py:150} INFO - [2026-09-17T00:55:51.648+0000] {manager.py:504} INFO - Created Permission View: can read on DAG:example_dynamic_task_mapping
[2026-09-17T00:55:51.656+0000] {logging_mixin.py:150} INFO - [2026-09-17T00:55:51.656+0000] {dag.py:2742} INFO - Sync 1 DAGs
[2026-09-17T00:55:51.664+0000] {logging_mixin.py:150} INFO - [2026-09-17T00:55:51.664+0000] {dag.py:2763} INFO - Creating ORM DAG for example_dynamic_task_mapping
[2026-09-17T00:55:51.673+0000] {logging_mixin.py:150} INFO - [2026-09-17T00:55:51.673+0000] {dag.py:3504} INFO - Setting next_dagrun for example_dynamic_task_mapping to 2022-03-04T00:00:00+00:00, run_after=2022-03-05T00:00:00+00:00
[2026-09-17T00:55:51.687+0000] {processor.py:179} INFO - Processing /home/vscode/.local/lib/python3.10/site-packages/airflow/example_dags/example_dynamic_task_mapping.py took 0.167 seconds
[2026-09-17T00:56:16.900+0000] {processor.py:157} INFO - Started process (PID=22419) to work on /home/vscode/.local/lib/python3.10/site-packages/airflow/example_dags/example_dynamic_task_mapping.py
[2026-09-17T00:56:16.901+0000] {processor.py:826} INFO - Processing file /home/vscode/.local/lib/python3.10/site-packages/airflow/example_dags/example_dynamic_task_mapping.py for tasks to queue
[2026-09-17T00:56:16.906+0000] {logging_mixin.py:150} INFO - [2026-09-17T00:56:16.906+0000] {dagbag.py:541} INFO - Filling up the DagBag from /home/vscode/.local/lib/python3.10/site-packages/airflow/example_dags/example_dynamic_task_mapping.py
[2026-09-17T00:56:16.935+0000] {processor.py:836} INFO - DAG(s) dict_keys(['example_dynamic_task_mapping']) retrieved from /home/vscode/.local/lib/python3.10/site-packages/airflow/example_dags/example_dynamic_task_mapping.py
[2026-09-17T00:56:16.961+0000] {logging_mixin.py:150} INFO - [2026-09-17T00:56:16.961+0000] {dag.py:2742} INFO - Sync 1 DAGs
[2026-09-17T00:56:17.000+0000] {logging_mixin.py:150} INFO - [2026-09-17T00:56:17.000+0000] {dag.py:3504} INFO - Setting next_dagrun for example_dynamic_task_mapping to 2022-03-04T00:00:00+00:00, run_after=2022-03-05T00:00:00+00:00
[2026-09-17T00:56:17.032+0000] {processor.py:179} INFO - Processing /home/vscode/.local/lib/python3.10/site-packages/airflow/example_dags/example_dynamic_task_mapping.py took 0.145 seconds
[2026-09-17T00:56:42.724+0000] {processor.py:157} INFO - Started process (PID=22715) to work on /home/vscode/.local/lib/python3.10/site-packages/airflow/example_dags/example_dynamic_task_mapping.py
[2026-09-17T00:56:42.725+0000] {processor.py:826} INFO - Processing file /home/vscode/.local/lib/python3.10/site-packages/airflow/example_dags/example_dynamic_task_mapping.py for tasks to queue
[2026-09-17T00:56:42.726+0000] {logging_mixin.py:150} INFO - [2026-09-17T00:56:42.726+0000] {dagbag.py:541} INFO - Filling up the DagBag from /home/vscode/.local/lib/python3.10/site-packages/airflow/example_dags/example_dynamic_task_mapping.py
[2026-09-17T00:56:42.735+0000] {processor.py:836} INFO - DAG(s) dict_keys(['example_dynamic_task_mapping']) retrieved from /home/vscode/.local/lib/python3.10/site-packages/airflow/example_dags/example_dynamic_task_mapping.py
[2026-09-17T00:56:42.751+0000] {logging_mixin.py:150} INFO - [2026-09-17T00:56:42.751+0000] {dag.py:2742} INFO - Sync 1 DAGs
[2026-09-17T00:56:42.789+0000] {logging_mixin.py:150} INFO - [2026-09-17T00:56:42.789+0000] {dag.py:3504} INFO - Setting next_dagrun for example_dynamic_task_mapping to 2022-03-04T00:00:00+00:00, run_after=2022-03-05T00:00:00+00:00
[2026-09-17T00:56:42.833+0000] {processor.py:179} INFO - Processing /home/vscode/.local/lib/python3.10/site-packages/airflow/example_dags/example_dynamic_task_mapping.py took 0.112 seconds
[2026-09-17T00:57:07.541+0000] {processor.py:157} INFO - Started process (PID=22899) to work on /home/vscode/.local/lib/python3.10/site-packages/airflow/example_dags/example_dynamic_task_mapping.py
[2026-09-17T00:57:07.542+0000] {processor.py:826} INFO - Processing file /home/vscode/.local/lib/python3.10/site-packages/airflow/example_dags/example_dynamic_task_mapping.py for tasks to queue
[2026-09-17T00:57:07.542+0000] {logging_mixin.py:150} INFO - [2026-09-17T00:57:07.542+0000] {dagbag.py:541} INFO - Filling up the DagBag from /home/vscode/.local/lib/python3.10/site-packages/airflow/example_dags/example_dynamic_task_mapping.py
[2026-09-17T00:57:07.548+0000] {processor.py:836} INFO - DAG(s) dict_keys(['example_dynamic_task_mapping']) retrieved from /home/vscode/.local/lib/python3.10/site-packages/airflow/example_dags/example_dynamic_task_mapping.py
[2026-09-17T00:57:07.563+0000] {logging_mixin.py:150} INFO - [2026-09-17T00:57:07.563+0000] {dag.py:2742} INFO - Sync 1 DAGs
[2026-09-17T00:57:07.583+0000] {logging_mixin.py:150} INFO - [2026-09-17T00:57:07.583+0000] {dag.py:3504} INFO - Setting next_dagrun for example_dynamic_task_mapping to 2022-03-04T00:00:00+00:00, run_after=2022-03-05T00:00:00+00:00
[2026-09-17T00:57:07.606+0000] {processor.py:179} INFO - Processing /home/vscode/.local/lib/python3.10/site-packages/airflow/example_dags/example_dynamic_task_mapping.py took 0.067 seconds
[2026-09-17T00:57:39.942+0000] {processor.py:157} INFO - Started process (PID=23145) to work on /home/vscode/.local/lib/python3.10/site-packages/airflow/example_dags/example_dynamic_task_mapping.py
[2026-09-17T00:57:39.943+0000] {processor.py:826} INFO - Processing file /home/vscode/.local/lib/python3.10/site-packages/airflow/example_dags/example_dynamic_task_mapping.py for tasks to queue
[2026-09-17T00:57:39.944+0000] {logging_mixin.py:150} INFO - [2026-09-17T00:57:39.943+0000] {dagbag.py:541} INFO - Filling up the DagBag from /home/vscode/.local/lib/python3.10/site-packages/airflow/example_dags/example_dynamic_task_mapping.py
[2026-09-17T00:57:39.950+0000] {processor.py:836} INFO - DAG(s) dict_keys(['example_dynamic_task_mapping']) retrieved from /home/vscode/.local/lib/python3.10/site-packages/airflow/example_dags/example_dynamic_task_mapping.py
[2026-09-17T00:57:39.961+0000] {logging_mixin.py:150} INFO - [2026-09-17T00:57:39.961+0000] {dag.py:2742} INFO - Sync 1 DAGs
[2026-09-17T00:57:39.976+0000] {logging_mixin.py:150} INFO - [2026-09-17T00:57:39.976+0000] {dag.py:3504} INFO - Setting next_dagrun for example_dynamic_task_mapping to 2022-03-04T00:00:00+00:00, run_after=2022-03-05T00:00:00+00:00
[2026-09-17T00:57:39.992+0000] {processor.py:179} INFO - Processing /home/vscode/.local/lib/python3.10/site-packages/airflow/example_dags/example_dynamic_task_mapping.py took 0.053 seconds
[2026-09-17T00:58:03.899+0000] {processor.py:157} INFO - Started process (PID=23339) to work on /home/vscode/.local/lib/python3.10/site-packages/airflow/example_dags/example_dynamic_task_mapping.py
[2026-09-17T00:58:03.900+0000] {processor.py:826} INFO - Processing file /home/vscode/.local/lib/python3.10/site-packages/airflow/example_dags/example_dynamic_task_mapping.py for tasks to queue
[2026-09-17T00:58:03.900+0000] {logging_mixin.py:150} INFO - [2026-09-17T00:58:03.900+0000] {dagbag.py:541} INFO - Filling up the DagBag from /home/vscode/.local/lib/python3.10/site-packages/airflow/example_dags/example_dynamic_task_mapping.py
[2026-09-17T00:58:03.910+0000] {processor.py:836} INFO - DAG(s) dict_keys(['example_dynamic_task_mapping']) retrieved from /home/vscode/.local/lib/python3.10/site-packages/airflow/example_dags/example_dynamic_task_mapping.py
[2026-09-17T00:58:03.927+0000] {logging_mixin.py:150} INFO - [2026-09-17T00:58:03.926+0000] {dag.py:2742} INFO - Sync 1 DAGs
[2026-09-17T00:58:03.946+0000] {logging_mixin.py:150} INFO - [2026-09-17T00:58:03.946+0000] {dag.py:3504} INFO - Setting next_dagrun for example_dynamic_task_mapping to 2022-03-04T00:00:00+00:00, run_after=2022-03-05T00:00:00+00:00
[2026-09-17T00:58:03.967+0000] {processor.py:179} INFO - Processing /home/vscode/.local/lib/python3.10/site-packages/airflow/example_dags/example_dynamic_task_mapping.py took 0.074 seconds
[2026-09-17T00:58:29.244+0000] {processor.py:157} INFO - Started process (PID=23621) to work on /home/vscode/.local/lib/python3.10/site-packages/airflow/example_dags/example_dynamic_task_mapping.py
[2026-09-17T00:58:29.245+0000] {processor.py:826} INFO - Processing file /home/vscode/.local/lib/python3.10/site-packages/airflow/example_dags/example_dynamic_task_mapping.py for tasks to queue
[2026-09-17T00:58:29.246+0000] {logging_mixin.py:150} INFO - [2026-09-17T00:58:29.245+0000] {dagbag.py:541} INFO - Filling up the DagBag from /home/vscode/.local/lib/python3.10/site-packages/airflow/example_dags/example_dynamic_task_mapping.py
[2026-09-17T00:58:29.254+0000] {processor.py:836} INFO - DAG(s) dict_keys(['example_dynamic_task_mapping']) retrieved from /home/vscode/.local/lib/python3.10/site-packages/airflow/example_dags/example_dynamic_task_mapping.py
[2026-09-17T00:58:29.275+0000] {logging_mixin.py:150} INFO - [2026-09-17T00:58:29.275+0000] {dag.py:2742} INFO - Sync 1 DAGs
[2026-09-17T00:58:29.299+0000] {logging_mixin.py:150} INFO - [2026-09-17T00:58:29.299+0000] {dag.py:3504} INFO - Setting next_dagrun for example_dynamic_task_mapping to 2022-03-04T00:00:00+00:00, run_after=2022-03-05T00:00:00+00:00
[2026-09-17T00:58:29.330+0000] {processor.py:179} INFO - Processing /home/vscode/.local/lib/python3.10/site-packages/airflow/example_dags/example_dynamic_task_mapping.py took 0.090 seconds
[2026-09-17T00:58:54.939+0000] {processor.py:157} INFO - Started process (PID=23914) to work on /home/vscode/.local/lib/python3.10/site-packages/airflow/example_dags/example_dynamic_task_mapping.py
[2026-09-17T00:58:54.940+0000] {processor.py:826} INFO - Processing file /home/vscode/.local/lib/python3.10/site-packages/airflow/example_dags/example_dynamic_task_mapping.py for tasks to queue
[2026-09-17T00:58:54.941+0000] {logging_mixin.py:150} INFO - [2026-09-17T00:58:54.941+0000] {dagbag.py:541} INFO - Filling up the DagBag from /home/vscode/.local/lib/python3.10/site-packages/airflow/example_dags/example_dynamic_task_mapping.py
[2026-09-17T00:58:54.949+0000] {processor.py:836} INFO - DAG(s) dict_keys(['example_dynamic_task_mapping']) retrieved from /home/vscode/.local/lib/python3.10/site-packages/airflow/example_dags/example_dynamic_task_mapping.py
[2026-09-17T00:58:54.965+0000] {logging_mixin.py:150} INFO - [2026-09-17T00:58:54.965+0000] {dag.py:2742} INFO - Sync 1 DAGs
[2026-09-17T00:58:55.006+0000] {logging_mixin.py:150} INFO - [2026-09-17T00:58:55.006+0000] {dag.py:3504} INFO - Setting next_dagrun for example_dynamic_task_mapping to 2022-03-04T00:00:00+00:00, run_after=2022-03-05T00:00:00+00:00
[2026-09-17T00:58:55.058+0000] {processor.py:179} INFO - Processing /home/vscode/.local/lib/python3.10/site-packages/airflow/example_dags/example_dynamic_task_mapping.py took 0.120 seconds
[2026-09-17T00:59:17.646+0000] {processor.py:157} INFO - Started process (PID=24170) to work on /home/vscode/.local/lib/python3.10/site-packages/airflow/example_dags/example_dynamic_task_mapping.py
[2026-09-17T00:59:17.647+0000] {processor.py:826} INFO - Processing file /home/vscode/.local/lib/python3.10/site-packages/airflow/example_dags/example_dynamic_task_mapping.py for tasks to queue
[2026-09-17T00:59:17.647+0000] {logging_mixin.py:150} INFO - [2026-09-17T00:59:17.647+0000] {dagbag.py:541} INFO - Filling up the DagBag from /home/vscode/.local/lib/python3.10/site-packages/airflow/example_dags/example_dynamic_task_mapping.py
[2026-09-17T00:59:17.653+0000] {processor.py:836} INFO - DAG(s) dict_keys(['example_dynamic_task_mapping']) retrieved from /home/vscode/.local/lib/python3.10/site-packages/airflow/example_dags/example_dynamic_task_mapping.py
[2026-09-17T00:59:17.665+0000] {logging_mixin.py:150} INFO - [2026-09-17T00:59:17.664+0000] {dag.py:2742} INFO - Sync 1 DAGs
[2026-09-17T00:59:17.684+0000] {logging_mixin.py:150} INFO - [2026-09-17T00:59:17.684+0000] {dag.py:3504} INFO - Setting next_dagrun for example_dynamic_task_mapping to 2022-03-04T00:00:00+00:00, run_after=2022-03-05T00:00:00+00:00
[2026-09-17T00:59:17.707+0000] {processor.py:179} INFO - Processing /home/vscode/.local/lib/python3.10/site-packages/airflow/example_dags/example_dynamic_task_mapping.py took 0.064 seconds
[2026-09-17T00:59:50.795+0000] {processor.py:157} INFO - Started process (PID=24654) to work on /home/vscode/.local/lib/python3.10/site-packages/airflow/example_dags/example_dynamic_task_mapping.py
[2026-09-17T00:59:50.806+0000] {processor.py:826} INFO - Processing file /home/vscode/.local/lib/python3.10/site-packages/airflow/example_dags/example_dynamic_task_mapping.py for tasks to queue
[2026-09-17T00:59:50.807+0000] {logging_mixin.py:150} INFO - [2026-09-17T00:59:50.806+0000] {dagbag.py:541} INFO - Filling up the DagBag from /home/vscode/.local/lib/python3.10/site-packages/airflow/example_dags/example_dynamic_task_mapping.py
[2026-09-17T00:59:50.815+0000] {processor.py:836} INFO - DAG(s) dict_keys(['example_dynamic_task_mapping']) retrieved from /home/vscode/.local/lib/python3.10/site-packages/airflow/example_dags/example_dynamic_task_mapping.py
[2026-09-17T00:59:50.832+0000] {logging_mixin.py:150} INFO - [2026-09-17T00:59:50.832+0000] {dag.py:2742} INFO - Sync 1 DAGs
[2026-09-17T00:59:50.855+0000] {logging_mixin.py:150} INFO - [2026-09-17T00:59:50.855+0000] {dag.py:3504} INFO - Setting next_dagrun for example_dynamic_task_mapping to 2022-03-04T00:00:00+00:00, run_after=2022-03-05T00:00:00+00:00
[2026-09-17T00:59:50.885+0000] {processor.py:179} INFO - Processing /home/vscode/.local/lib/python3.10/site-packages/airflow/example_dags/example_dynamic_task_mapping.py took 0.094 seconds
[2026-09-17T01:00:10.176+0000] {processor.py:157} INFO - Started process (PID=24947) to work on /home/vscode/.local/lib/python3.10/site-packages/airflow/example_dags/example_dynamic_task_mapping.py
[2026-09-17T01:00:10.177+0000] {processor.py:826} INFO - Processing file /home/vscode/.local/lib/python3.10/site-packages/airflow/example_dags/example_dynamic_task_mapping.py for tasks to queue
[2026-09-17T01:00:10.178+0000] {logging_mixin.py:150} INFO - [2026-09-17T01:00:10.177+0000] {dagbag.py:541} INFO - Filling up the DagBag from /home/vscode/.local/lib/python3.10/site-packages/airflow/example_dags/example_dynamic_task_mapping.py
[2026-09-17T01:00:10.186+0000] {processor.py:836} INFO - DAG(s) dict_keys(['example_dynamic_task_mapping']) retrieved from /home/vscode/.local/lib/python3.10/site-packages/airflow/example_dags/example_dynamic_task_mapping.py
[2026-09-17T01:00:10.209+0000] {logging_mixin.py:150} INFO - [2026-09-17T01:00:10.208+0000] {dag.py:2742} INFO - Sync 1 DAGs
[2026-09-17T01:00:10.234+0000] {logging_mixin.py:150} INFO - [2026-09-17T01:00:10.234+0000] {dag.py:3504} INFO - Setting next_dagrun for example_dynamic_task_mapping to 2022-03-04T00:00:00+00:00, run_after=2022-03-05T00:00:00+00:00
[2026-09-17T01:00:10.257+0000] {processor.py:179} INFO - Processing /home/vscode/.local/lib/python3.10/site-packages/airflow/example_dags/example_dynamic_task_mapping.py took 0.084 seconds
[2026-09-17T01:00:41.277+0000] {processor.py:157} INFO - Started process (PID=25316) to work on /home/vscode/.local/lib/python3.10/site-packages/airflow/example_dags/example_dynamic_task_mapping.py
[2026-09-17T01:00:41.278+0000] {processor.py:826} INFO - Processing file /home/vscode/.local/lib/python3.10/site-packages/airflow/example_dags/example_dynamic_task_mapping.py for tasks to queue
[2026-09-17T01:00:41.278+0000] {logging_mixin.py:150} INFO - [2026-09-17T01:00:41.278+0000] {dagbag.py:541} INFO - Filling up the DagBag from /home/vscode/.local/lib/python3.10/site-packages/airflow/example_dags/example_dynamic_task_mapping.py
[2026-09-17T01:00:41.286+0000] {processor.py:836} INFO - DAG(s) dict_keys(['example_dynamic_task_mapping']) retrieved from /home/vscode/.local/lib/python3.10/site-packages/airflow/example_dags/example_dynamic_task_mapping.py
[2026-09-17T01:00:41.303+0000] {logging_mixin.py:150} INFO - [2026-09-17T01:00:41.303+0000] {dag.py:2742} INFO - Sync 1 DAGs
[2026-09-17T01:00:41.321+0000] {logging_mixin.py:150} INFO - [2026-09-17T01:00:41.321+0000] {dag.py:3504} INFO - Setting next_dagrun for example_dynamic_task_mapping to 2022-03-04T00:00:00+00:00, run_after=2022-03-05T00:00:00+00:00
[2026-09-17T01:00:41.345+0000] {processor.py:179} INFO - Processing /home/vscode/.local/lib/python3.10/site-packages/airflow/example_dags/example_dynamic_task_mapping.py took 0.071 seconds
[2026-09-17T01:01:04.253+0000] {processor.py:157} INFO - Started process (PID=25537) to work on /home/vscode/.local/lib/python3.10/site-packages/airflow/example_dags/example_dynamic_task_mapping.py
[2026-09-17T01:01:04.254+0000] {processor.py:826} INFO - Processing file /home/vscode/.local/lib/python3.10/site-packages/airflow/example_dags/example_dynamic_task_mapping.py for tasks to queue
[2026-09-17T01:01:04.255+0000] {logging_mixin.py:150} INFO - [2026-09-17T01:01:04.255+0000] {dagbag.py:541} INFO - Filling up the DagBag from /home/vscode/.local/lib/python3.10/site-packages/airflow/example_dags/example_dynamic_task_mapping.py
[2026-09-17T01:01:04.263+0000] {processor.py:836} INFO - DAG(s) dict_keys(['example_dynamic_task_mapping']) retrieved from /home/vscode/.local/lib/python3.10/site-packages/airflow/example_dags/example_dynamic_task_mapping.py
[2026-09-17T01:01:04.280+0000] {logging_mixin.py:150} INFO - [2026-09-17T01:01:04.280+0000] {dag.py:2742} INFO - Sync 1 DAGs
[2026-09-17T01:01:04.306+0000] {logging_mixin.py:150} INFO - [2026-09-17T01:01:04.305+0000] {dag.py:3504} INFO - Setting next_dagrun for example_dynamic_task_mapping to 2022-03-04T00:00:00+00:00, run_after=2022-03-05T00:00:00+00:00
[2026-09-17T01:01:04.355+0000] {processor.py:179} INFO - Processing /home/vscode/.local/lib/python3.10/site-packages/airflow/example_dags/example_dynamic_task_mapping.py took 0.105 seconds
[2026-09-17T01:01:31.137+0000] {processor.py:157} INFO - Started process (PID=25770) to work on /home/vscode/.local/lib/python3.10/site-packages/airflow/example_dags/example_dynamic_task_mapping.py
[2026-09-17T01:01:31.139+0000] {processor.py:826} INFO - Processing file /home/vscode/.local/lib/python3.10/site-packages/airflow/example_dags/example_dynamic_task_mapping.py for tasks to queue
[2026-09-17T01:01:31.140+0000] {logging_mixin.py:150} INFO - [2026-09-17T01:01:31.139+0000] {dagbag.py:541} INFO - Filling up the DagBag from /home/vscode/.local/lib/python3.10/site-packages/airflow/example_dags/example_dynamic_task_mapping.py
[2026-09-17T01:01:31.146+0000] {processor.py:836} INFO - DAG(s) dict_keys(['example_dynamic_task_mapping']) retrieved from /home/vscode/.local/lib/python3.10/site-packages/airflow/example_dags/example_dynamic_task_mapping.py
[2026-09-17T01:01:31.160+0000] {logging_mixin.py:150} INFO - [2026-09-17T01:01:31.160+0000] {dag.py:2742} INFO - Sync 1 DAGs
[2026-09-17T01:01:31.181+0000] {logging_mixin.py:150} INFO - [2026-09-17T01:01:31.181+0000] {dag.py:3504} INFO - Setting next_dagrun for example_dynamic_task_mapping to 2022-03-04T00:00:00+00:00, run_after=2022-03-05T00:00:00+00:00
[2026-09-17T01:01:31.209+0000] {processor.py:179} INFO - Processing /home/vscode/.local/lib/python3.10/site-packages/airflow/example_dags/example_dynamic_task_mapping.py took 0.079 seconds
[2026-09-17T01:01:56.734+0000] {processor.py:157} INFO - Started process (PID=25973) to work on /home/vscode/.local/lib/python3.10/site-packages/airflow/example_dags/example_dynamic_task_mapping.py
[2026-09-17T01:01:56.734+0000] {processor.py:826} INFO - Processing file /home/vscode/.local/lib/python3.10/site-packages/airflow/example_dags/example_dynamic_task_mapping.py for tasks to queue
[2026-09-17T01:01:56.735+0000] {logging_mixin.py:150} INFO - [2026-09-17T01:01:56.735+0000] {dagbag.py:541} INFO - Filling up the DagBag from /home/vscode/.local/lib/python3.10/site-packages/airflow/example_dags/example_dynamic_task_mapping.py
[2026-09-17T01:01:56.741+0000] {processor.py:836} INFO - DAG(s) dict_keys(['example_dynamic_task_mapping']) retrieved from /home/vscode/.local/lib/python3.10/site-packages/airflow/example_dags/example_dynamic_task_mapping.py
[2026-09-17T01:01:56.754+0000] {logging_mixin.py:150} INFO - [2026-09-17T01:01:56.753+0000] {dag.py:2742} INFO - Sync 1 DAGs
[2026-09-17T01:01:56.768+0000] {logging_mixin.py:150} INFO - [2026-09-17T01:01:56.768+0000] {dag.py:3504} INFO - Setting next_dagrun for example_dynamic_task_mapping to 2022-03-04T00:00:00+00:00, run_after=2022-03-05T00:00:00+00:00
[2026-09-17T01:01:56.787+0000] {processor.py:179} INFO - Processing /home/vscode/.local/lib/python3.10/site-packages/airflow/example_dags/example_dynamic_task_mapping.py took 0.056 seconds
[2026-09-17T01:02:16.648+0000] {processor.py:157} INFO - Started process (PID=26144) to work on /home/vscode/.local/lib/python3.10/site-packages/airflow/example_dags/example_dynamic_task_mapping.py
[2026-09-17T01:02:16.649+0000] {processor.py:826} INFO - Processing file /home/vscode/.local/lib/python3.10/site-packages/airflow/example_dags/example_dynamic_task_mapping.py for tasks to queue
[2026-09-17T01:02:16.650+0000] {logging_mixin.py:150} INFO - [2026-09-17T01:02:16.650+0000] {dagbag.py:541} INFO - Filling up the DagBag from /home/vscode/.local/lib/python3.10/site-packages/airflow/example_dags/example_dynamic_task_mapping.py
[2026-09-17T01:02:16.656+0000] {processor.py:836} INFO - DAG(s) dict_keys(['example_dynamic_task_mapping']) retrieved from /home/vscode/.local/lib/python3.10/site-packages/airflow/example_dags/example_dynamic_task_mapping.py
[2026-09-17T01:02:16.668+0000] {logging_mixin.py:150} INFO - [2026-09-17T01:02:16.667+0000] {dag.py:2742} INFO - Sync 1 DAGs
[2026-09-17T01:02:16.683+0000] {logging_mixin.py:150} INFO - [2026-09-17T01:02:16.683+0000] {dag.py:3504} INFO - Setting next_dagrun for example_dynamic_task_mapping to 2022-03-04T00:00:00+00:00, run_after=2022-03-05T00:00:00+00:00
[2026-09-17T01:02:16.714+0000] {processor.py:179} INFO - Processing /home/vscode/.local/lib/python3.10/site-packages/airflow/example_dags/example_dynamic_task_mapping.py took 0.068 seconds
[2026-09-17T01:02:49.670+0000] {processor.py:157} INFO - Started process (PID=26425) to work on /home/vscode/.local/lib/python3.10/site-packages/airflow/example_dags/example_dynamic_task_mapping.py
[2026-09-17T01:02:49.671+0000] {processor.py:826} INFO - Processing file /home/vscode/.local/lib/python3.10/site-packages/airflow/example_dags/example_dynamic_task_mapping.py for tasks to queue
[2026-09-17T01:02:49.671+0000] {logging_mixin.py:150} INFO - [2026-09-17T01:02:49.671+0000] {dagbag.py:541} INFO - Filling up the DagBag from /home/vscode/.local/lib/python3.10/site-packages/airflow/example_dags/example_dynamic_task_mapping.py
[2026-09-17T01:02:49.677+0000] {processor.py:836} INFO - DAG(s) dict_keys(['example_dynamic_task_mapping']) retrieved from /home/vscode/.local/lib/python3.10/site-packages/airflow/example_dags/example_dynamic_task_mapping.py
[2026-09-17T01:02:49.692+0000] {logging_mixin.py:150} INFO - [2026-09-17T01:02:49.692+0000] {dag.py:2742} INFO - Sync 1 DAGs
[2026-09-17T01:02:49.709+0000] {logging_mixin.py:150} INFO - [2026-09-17T01:02:49.709+0000] {dag.py:3504} INFO - Setting next_dagrun for example_dynamic_task_mapping to 2022-03-04T00:00:00+00:00, run_after=2022-03-05T00:00:00+00:00
[2026-09-17T01:02:49.727+0000] {processor.py:179} INFO - Processing /home/vscode/.local/lib/python3.10/site-packages/airflow/example_dags/example_dynamic_task_mapping.py took 0.060 seconds
[2026-09-17T01:03:01.819+0000] {processor.py:157} INFO - Started process (PID=26528) to work on /home/vscode/.local/lib/python3.10/site-packages/airflow/example_dags/example_dynamic_task_mapping.py
[2026-09-17T01:03:01.823+0000] {processor.py:826} INFO - Processing file /home/vscode/.local/lib/python3.10/site-packages/airflow/example_dags/example_dynamic_task_mapping.py for tasks to queue
[2026-09-17T01:03:01.825+0000] {logging_mixin.py:150} INFO - [2026-09-17T01:03:01.824+0000] {dagbag.py:541} INFO - Filling up the DagBag from /home/vscode/.local/lib/python3.10/site-packages/airflow/example_dags/example_dynamic_task_mapping.py
[2026-09-17T01:03:01.836+0000] {processor.py:836} INFO - DAG(s) dict_keys(['example_dynamic_task_mapping']) retrieved from /home/vscode/.local/lib/python3.10/site-packages/airflow/example_dags/example_dynamic_task_mapping.py
[2026-09-17T01:03:01.857+0000] {logging_mixin.py:150} INFO - [2026-09-17T01:03:01.857+0000] {dag.py:2742} INFO - Sync 1 DAGs
[2026-09-17T01:03:01.892+0000] {logging_mixin.py:150} INFO - [2026-09-17T01:03:01.891+0000] {dag.py:3504} INFO - Setting next_dagrun for example_dynamic_task_mapping to 2022-03-04T00:00:00+00:00, run_after=2022-03-05T00:00:00+00:00
[2026-09-17T01:03:01.936+0000] {processor.py:179} INFO - Processing /home/vscode/.local/lib/python3.10/site-packages/airflow/example_dags/example_dynamic_task_mapping.py took 0.131 seconds
[2026-09-17T01:03:40.393+0000] {processor.py:157} INFO - Started process (PID=26864) to work on /home/vscode/.local/lib/python3.10/site-packages/airflow/example_dags/example_dynamic_task_mapping.py
[2026-09-17T01:03:40.394+0000] {processor.py:826} INFO - Processing file /home/vscode/.local/lib/python3.10/site-packages/airflow/example_dags/example_dynamic_task_mapping.py for tasks to queue
[2026-09-17T01:03:40.395+0000] {logging_mixin.py:150} INFO - [2026-09-17T01:03:40.395+0000] {dagbag.py:541} INFO - Filling up the DagBag from /home/vscode/.local/lib/python3.10/site-packages/airflow/example_dags/example_dynamic_task_mapping.py
[2026-09-17T01:03:40.402+0000] {processor.py:836} INFO - DAG(s) dict_keys(['example_dynamic_task_mapping']) retrieved from /home/vscode/.local/lib/python3.10/site-packages/airflow/example_dags/example_dynamic_task_mapping.py
[2026-09-17T01:03:40.414+0000] {logging_mixin.py:150} INFO - [2026-09-17T01:03:40.414+0000] {dag.py:2742} INFO - Sync 1 DAGs
[2026-09-17T01:03:40.432+0000] {logging_mixin.py:150} INFO - [2026-09-17T01:03:40.431+0000] {dag.py:3504} INFO - Setting next_dagrun for example_dynamic_task_mapping to 2022-03-04T00:00:00+00:00, run_after=2022-03-05T00:00:00+00:00
[2026-09-17T01:03:40.453+0000] {processor.py:179} INFO - Processing /home/vscode/.local/lib/python3.10/site-packages/airflow/example_dags/example_dynamic_task_mapping.py took 0.063 seconds
[2026-09-17T01:03:50.386+0000] {processor.py:157} INFO - Started process (PID=26945) to work on /home/vscode/.local/lib/python3.10/site-packages/airflow/example_dags/example_dynamic_task_mapping.py
[2026-09-17T01:03:50.386+0000] {processor.py:826} INFO - Processing file /home/vscode/.local/lib/python3.10/site-packages/airflow/example_dags/example_dynamic_task_mapping.py for tasks to queue
[2026-09-17T01:03:50.387+0000] {logging_mixin.py:150} INFO - [2026-09-17T01:03:50.387+0000] {dagbag.py:541} INFO - Filling up the DagBag from /home/vscode/.local/lib/python3.10/site-packages/airflow/example_dags/example_dynamic_task_mapping.py
[2026-09-17T01:03:50.394+0000] {processor.py:836} INFO - DAG(s) dict_keys(['example_dynamic_task_mapping']) retrieved from /home/vscode/.local/lib/python3.10/site-packages/airflow/example_dags/example_dynamic_task_mapping.py
[2026-09-17T01:03:50.409+0000] {logging_mixin.py:150} INFO - [2026-09-17T01:03:50.409+0000] {dag.py:2742} INFO - Sync 1 DAGs
[2026-09-17T01:03:50.435+0000] {logging_mixin.py:150} INFO - [2026-09-17T01:03:50.435+0000] {dag.py:3504} INFO - Setting next_dagrun for example_dynamic_task_mapping to 2022-03-04T00:00:00+00:00, run_after=2022-03-05T00:00:00+00:00
[2026-09-17T01:03:50.476+0000] {processor.py:179} INFO - Processing /home/vscode/.local/lib/python3.10/site-packages/airflow/example_dags/example_dynamic_task_mapping.py took 0.093 seconds
[2026-09-17T01:04:30.506+0000] {processor.py:157} INFO - Started process (PID=27286) to work on /home/vscode/.local/lib/python3.10/site-packages/airflow/example_dags/example_dynamic_task_mapping.py
[2026-09-17T01:04:30.507+0000] {processor.py:826} INFO - Processing file /home/vscode/.local/lib/python3.10/site-packages/airflow/example_dags/example_dynamic_task_mapping.py for tasks to queue
[2026-09-17T01:04:30.507+0000] {logging_mixin.py:150} INFO - [2026-09-17T01:04:30.507+0000] {dagbag.py:541} INFO - Filling up the DagBag from /home/vscode/.local/lib/python3.10/site-packages/airflow/example_dags/example_dynamic_task_mapping.py
[2026-09-17T01:04:30.513+0000] {processor.py:836} INFO - DAG(s) dict_keys(['example_dynamic_task_mapping']) retrieved from /home/vscode/.local/lib/python3.10/site-packages/airflow/example_dags/example_dynamic_task_mapping.py
[2026-09-17T01:04:30.525+0000] {logging_mixin.py:150} INFO - [2026-09-17T01:04:30.524+0000] {dag.py:2742} INFO - Sync 1 DAGs
[2026-09-17T01:04:30.538+0000] {logging_mixin.py:150} INFO - [2026-09-17T01:04:30.538+0000] {dag.py:3504} INFO - Setting next_dagrun for example_dynamic_task_mapping to 2022-03-04T00:00:00+00:00, run_after=2022-03-05T00:00:00+00:00
[2026-09-17T01:04:30.554+0000] {processor.py:179} INFO - Processing /home/vscode/.local/lib/python3.10/site-packages/airflow/example_dags/example_dynamic_task_mapping.py took 0.050 seconds
[2026-09-17T01:04:43.823+0000] {processor.py:157} INFO - Started process (PID=27390) to work on /home/vscode/.local/lib/python3.10/site-packages/airflow/example_dags/example_dynamic_task_mapping.py
[2026-09-17T01:04:43.824+0000] {processor.py:826} INFO - Processing file /home/vscode/.local/lib/python3.10/site-packages/airflow/example_dags/example_dynamic_task_mapping.py for tasks to queue
[2026-09-17T01:04:43.825+0000] {logging_mixin.py:150} INFO - [2026-09-17T01:04:43.825+0000] {dagbag.py:541} INFO - Filling up the DagBag from /home/vscode/.local/lib/python3.10/site-packages/airflow/example_dags/example_dynamic_task_mapping.py
[2026-09-17T01:04:43.834+0000] {processor.py:836} INFO - DAG(s) dict_keys(['example_dynamic_task_mapping']) retrieved from /home/vscode/.local/lib/python3.10/site-packages/airflow/example_dags/example_dynamic_task_mapping.py
[2026-09-17T01:04:43.853+0000] {logging_mixin.py:150} INFO - [2026-09-17T01:04:43.852+0000] {dag.py:2742} INFO - Sync 1 DAGs
[2026-09-17T01:04:43.873+0000] {logging_mixin.py:150} INFO - [2026-09-17T01:04:43.873+0000] {dag.py:3504} INFO - Setting next_dagrun for example_dynamic_task_mapping to 2022-03-04T00:00:00+00:00, run_after=2022-03-05T00:00:00+00:00
[2026-09-17T01:04:43.896+0000] {processor.py:179} INFO - Processing /home/vscode/.local/lib/python3.10/site-packages/airflow/example_dags/example_dynamic_task_mapping.py took 0.076 seconds
[2026-09-17T01:05:19.395+0000] {processor.py:157} INFO - Started process (PID=27694) to work on /home/vscode/.local/lib/python3.10/site-packages/airflow/example_dags/example_dynamic_task_mapping.py
[2026-09-17T01:05:19.399+0000] {processor.py:826} INFO - Processing file /home/vscode/.local/lib/python3.10/site-packages/airflow/example_dags/example_dynamic_task_mapping.py for tasks to queue
[2026-09-17T01:05:19.399+0000] {logging_mixin.py:150} INFO - [2026-09-17T01:05:19.399+0000] {dagbag.py:541} INFO - Filling up the DagBag from /home/vscode/.local/lib/python3.10/site-packages/airflow/example_dags/example_dynamic_task_mapping.py
[2026-09-17T01:05:19.407+0000] {processor.py:836} INFO - DAG(s) dict_keys(['example_dynamic_task_mapping']) retrieved from /home/vscode/.local/lib/python3.10/site-packages/airflow/example_dags/example_dynamic_task_mapping.py
[2026-09-17T01:05:19.431+0000] {logging_mixin.py:150} INFO - [2026-09-17T01:05:19.431+0000] {dag.py:2742} INFO - Sync 1 DAGs
[2026-09-17T01:05:19.455+0000] {logging_mixin.py:150} INFO - [2026-09-17T01:05:19.455+0000] {dag.py:3504} INFO - Setting next_dagrun for example_dynamic_task_mapping to 2022-03-04T00:00:00+00:00, run_after=2022-03-05T00:00:00+00:00
[2026-09-17T01:05:19.497+0000] {processor.py:179} INFO - Processing /home/vscode/.local/lib/python3.10/site-packages/airflow/example_dags/example_dynamic_task_mapping.py took 0.105 seconds
[2026-09-17T01:05:32.181+0000] {processor.py:157} INFO - Started process (PID=27801) to work on /home/vscode/.local/lib/python3.10/site-packages/airflow/example_dags/example_dynamic_task_mapping.py
[2026-09-17T01:05:32.182+0000] {processor.py:826} INFO - Processing file /home/vscode/.local/lib/python3.10/site-packages/airflow/example_dags/example_dynamic_task_mapping.py for tasks to queue
[2026-09-17T01:05:32.182+0000] {logging_mixin.py:150} INFO - [2026-09-17T01:05:32.182+0000] {dagbag.py:541} INFO - Filling up the DagBag from /home/vscode/.local/lib/python3.10/site-packages/airflow/example_dags/example_dynamic_task_mapping.py
[2026-09-17T01:05:32.190+0000] {processor.py:836} INFO - DAG(s) dict_keys(['example_dynamic_task_mapping']) retrieved from /home/vscode/.local/lib/python3.10/site-packages/airflow/example_dags/example_dynamic_task_mapping.py
[2026-09-17T01:05:32.204+0000] {logging_mixin.py:150} INFO - [2026-09-17T01:05:32.204+0000] {dag.py:2742} INFO - Sync 1 DAGs
[2026-09-17T01:05:32.226+0000] {logging_mixin.py:150} INFO - [2026-09-17T01:05:32.226+0000] {dag.py:3504} INFO - Setting next_dagrun for example_dynamic_task_mapping to 2022-03-04T00:00:00+00:00, run_after=2022-03-05T00:00:00+00:00
[2026-09-17T01:05:32.243+0000] {processor.py:179} INFO - Processing /home/vscode/.local/lib/python3.10/site-packages/airflow/example_dags/example_dynamic_task_mapping.py took 0.065 seconds
[2026-09-17T01:06:05.823+0000] {processor.py:157} INFO - Started process (PID=28126) to work on /home/vscode/.local/lib/python3.10/site-packages/airflow/example_dags/example_dynamic_task_mapping.py
[2026-09-17T01:06:05.824+0000] {processor.py:826} INFO - Processing file /home/vscode/.local/lib/python3.10/site-packages/airflow/example_dags/example_dynamic_task_mapping.py for tasks to queue
[2026-09-17T01:06:05.825+0000] {logging_mixin.py:150} INFO - [2026-09-17T01:06:05.824+0000] {dagbag.py:541} INFO - Filling up the DagBag from /home/vscode/.local/lib/python3.10/site-packages/airflow/example_dags/example_dynamic_task_mapping.py
[2026-09-17T01:06:05.832+0000] {processor.py:836} INFO - DAG(s) dict_keys(['example_dynamic_task_mapping']) retrieved from /home/vscode/.local/lib/python3.10/site-packages/airflow/example_dags/example_dynamic_task_mapping.py
[2026-09-17T01:06:05.845+0000] {logging_mixin.py:150} INFO - [2026-09-17T01:06:05.845+0000] {dag.py:2742} INFO - Sync 1 DAGs
[2026-09-17T01:06:05.863+0000] {logging_mixin.py:150} INFO - [2026-09-17T01:06:05.863+0000] {dag.py:3504} INFO - Setting next_dagrun for example_dynamic_task_mapping to 2022-03-04T00:00:00+00:00, run_after=2022-03-05T00:00:00+00:00
[2026-09-17T01:06:05.886+0000] {processor.py:179} INFO - Processing /home/vscode/.local/lib/python3.10/site-packages/airflow/example_dags/example_dynamic_task_mapping.py took 0.065 seconds
[2026-09-17T01:06:21.295+0000] {processor.py:157} INFO - Started process (PID=28256) to work on /home/vscode/.local/lib/python3.10/site-packages/airflow/example_dags/example_dynamic_task_mapping.py
[2026-09-17T01:06:21.296+0000] {processor.py:826} INFO - Processing file /home/vscode/.local/lib/python3.10/site-packages/airflow/example_dags/example_dynamic_task_mapping.py for tasks to queue
[2026-09-17T01:06:21.297+0000] {logging_mixin.py:150} INFO - [2026-09-17T01:06:21.296+0000] {dagbag.py:541} INFO - Filling up the DagBag from /home/vscode/.local/lib/python3.10/site-packages/airflow/example_dags/example_dynamic_task_mapping.py
[2026-09-17T01:06:21.306+0000] {processor.py:836} INFO - DAG(s) dict_keys(['example_dynamic_task_mapping']) retrieved from /home/vscode/.local/lib/python3.10/site-packages/airflow/example_dags/example_dynamic_task_mapping.py
[2026-09-17T01:06:21.332+0000] {logging_mixin.py:150} INFO - [2026-09-17T01:06:21.331+0000] {dag.py:2742} INFO - Sync 1 DAGs
[2026-09-17T01:06:21.350+0000] {logging_mixin.py:150} INFO - [2026-09-17T01:06:21.350+0000] {dag.py:3504} INFO - Setting next_dagrun for example_dynamic_task_mapping to 2022-03-04T00:00:00+00:00, run_after=2022-03-05T00:00:00+00:00
[2026-09-17T01:06:21.369+0000] {processor.py:179} INFO - Processing /home/vscode/.local/lib/python3.10/site-packages/airflow/example_dags/example_dynamic_task_mapping.py took 0.077 seconds
[2026-09-17T01:07:00.558+0000] {processor.py:157} INFO - Started process (PID=28582) to work on /home/vscode/.local/lib/python3.10/site-packages/airflow/example_dags/example_dynamic_task_mapping.py
[2026-09-17T01:07:00.559+0000] {processor.py:826} INFO - Processing file /home/vscode/.local/lib/python3.10/site-packages/airflow/example_dags/example_dynamic_task_mapping.py for tasks to queue
[2026-09-17T01:07:00.560+0000] {logging_mixin.py:150} INFO - [2026-09-17T01:07:00.559+0000] {dagbag.py:541} INFO - Filling up the DagBag from /home/vscode/.local/lib/python3.10/site-packages/airflow/example_dags/example_dynamic_task_mapping.py
[2026-09-17T01:07:00.569+0000] {processor.py:836} INFO - DAG(s) dict_keys(['example_dynamic_task_mapping']) retrieved from /home/vscode/.local/lib/python3.10/site-packages/airflow/example_dags/example_dynamic_task_mapping.py
[2026-09-17T01:07:00.585+0000] {logging_mixin.py:150} INFO - [2026-09-17T01:07:00.585+0000] {dag.py:2742} INFO - Sync 1 DAGs
[2026-09-17T01:07:00.605+0000] {logging_mixin.py:150} INFO - [2026-09-17T01:07:00.605+0000] {dag.py:3504} INFO - Setting next_dagrun for example_dynamic_task_mapping to 2022-03-04T00:00:00+00:00, run_after=2022-03-05T00:00:00+00:00
[2026-09-17T01:07:00.626+0000] {processor.py:179} INFO - Processing /home/vscode/.local/lib/python3.10/site-packages/airflow/example_dags/example_dynamic_task_mapping.py took 0.071 seconds
[2026-09-17T01:07:12.077+0000] {processor.py:157} INFO - Started process (PID=28686) to work on /home/vscode/.local/lib/python3.10/site-packages/airflow/example_dags/example_dynamic_task_mapping.py
[2026-09-17T01:07:12.078+0000] {processor.py:826} INFO - Processing file /home/vscode/.local/lib/python3.10/site-packages/airflow/example_dags/example_dynamic_task_mapping.py for tasks to queue
[2026-09-17T01:07:12.079+0000] {logging_mixin.py:150} INFO - [2026-09-17T01:07:12.078+0000] {dagbag.py:541} INFO - Filling up the DagBag from /home/vscode/.local/lib/python3.10/site-packages/airflow/example_dags/example_dynamic_task_mapping.py
[2026-09-17T01:07:12.087+0000] {processor.py:836} INFO - DAG(s) dict_keys(['example_dynamic_task_mapping']) retrieved from /home/vscode/.local/lib/python3.10/site-packages/airflow/example_dags/example_dynamic_task_mapping.py
[2026-09-17T01:07:12.104+0000] {logging_mixin.py:150} INFO - [2026-09-17T01:07:12.104+0000] {dag.py:2742} INFO - Sync 1 DAGs
[2026-09-17T01:07:12.126+0000] {logging_mixin.py:150} INFO - [2026-09-17T01:07:12.126+0000] {dag.py:3504} INFO - Setting next_dagrun for example_dynamic_task_mapping to 2022-03-04T00:00:00+00:00, run_after=2022-03-05T00:00:00+00:00
[2026-09-17T01:07:12.173+0000] {processor.py:179} INFO - Processing /home/vscode/.local/lib/python3.10/site-packages/airflow/example_dags/example_dynamic_task_mapping.py took 0.099 seconds
[2026-09-17T01:07:45.858+0000] {processor.py:157} INFO - Started process (PID=28967) to work on /home/vscode/.local/lib/python3.10/site-packages/airflow/example_dags/example_dynamic_task_mapping.py
[2026-09-17T01:07:45.859+0000] {processor.py:826} INFO - Processing file /home/vscode/.local/lib/python3.10/site-packages/airflow/example_dags/example_dynamic_task_mapping.py for tasks to queue
[2026-09-17T01:07:45.860+0000] {logging_mixin.py:150} INFO - [2026-09-17T01:07:45.860+0000] {dagbag.py:541} INFO - Filling up the DagBag from /home/vscode/.local/lib/python3.10/site-packages/airflow/example_dags/example_dynamic_task_mapping.py
[2026-09-17T01:07:45.868+0000] {processor.py:836} INFO - DAG(s) dict_keys(['example_dynamic_task_mapping']) retrieved from /home/vscode/.local/lib/python3.10/site-packages/airflow/example_dags/example_dynamic_task_mapping.py
[2026-09-17T01:07:45.886+0000] {logging_mixin.py:150} INFO - [2026-09-17T01:07:45.885+0000] {dag.py:2742} INFO - Sync 1 DAGs
[2026-09-17T01:07:45.910+0000] {logging_mixin.py:150} INFO - [2026-09-17T01:07:45.909+0000] {dag.py:3504} INFO - Setting next_dagrun for example_dynamic_task_mapping to 2022-03-04T00:00:00+00:00, run_after=2022-03-05T00:00:00+00:00
[2026-09-17T01:07:45.942+0000] {processor.py:179} INFO - Processing /home/vscode/.local/lib/python3.10/site-packages/airflow/example_dags/example_dynamic_task_mapping.py took 0.087 seconds
[2026-09-17T01:08:03.646+0000] {processor.py:157} INFO - Started process (PID=29116) to work on /home/vscode/.local/lib/python3.10/site-packages/airflow/example_dags/example_dynamic_task_mapping.py
[2026-09-17T01:08:03.646+0000] {processor.py:826} INFO - Processing file /home/vscode/.local/lib/python3.10/site-packages/airflow/example_dags/example_dynamic_task_mapping.py for tasks to queue
[2026-09-17T01:08:03.647+0000] {logging_mixin.py:150} INFO - [2026-09-17T01:08:03.647+0000] {dagbag.py:541} INFO - Filling up the DagBag from /home/vscode/.local/lib/python3.10/site-packages/airflow/example_dags/example_dynamic_task_mapping.py
[2026-09-17T01:08:03.653+0000] {processor.py:836} INFO - DAG(s) dict_keys(['example_dynamic_task_mapping']) retrieved from /home/vscode/.local/lib/python3.10/site-packages/airflow/example_dags/example_dynamic_task_mapping.py
[2026-09-17T01:08:03.665+0000] {logging_mixin.py:150} INFO - [2026-09-17T01:08:03.665+0000] {dag.py:2742} INFO - Sync 1 DAGs
[2026-09-17T01:08:03.680+0000] {logging_mixin.py:150} INFO - [2026-09-17T01:08:03.679+0000] {dag.py:3504} INFO - Setting next_dagrun for example_dynamic_task_mapping to 2022-03-04T00:00:00+00:00, run_after=2022-03-05T00:00:00+00:00
[2026-09-17T01:08:03.700+0000] {processor.py:179} INFO - Processing /home/vscode/.local/lib/python3.10/site-packages/airflow/example_dags/example_dynamic_task_mapping.py took 0.057 seconds
[2026-09-17T01:08:35.021+0000] {processor.py:157} INFO - Started process (PID=29395) to work on /home/vscode/.local/lib/python3.10/site-packages/airflow/example_dags/example_dynamic_task_mapping.py
[2026-09-17T01:08:35.021+0000] {processor.py:826} INFO - Processing file /home/vscode/.local/lib/python3.10/site-packages/airflow/example_dags/example_dynamic_task_mapping.py for tasks to queue
[2026-09-17T01:08:35.022+0000] {logging_mixin.py:150} INFO - [2026-09-17T01:08:35.022+0000] {dagbag.py:541} INFO - Filling up the DagBag from /home/vscode/.local/lib/python3.10/site-packages/airflow/example_dags/example_dynamic_task_mapping.py
[2026-09-17T01:08:35.028+0000] {processor.py:836} INFO - DAG(s) dict_keys(['example_dynamic_task_mapping']) retrieved from /home/vscode/.local/lib/python3.10/site-packages/airflow/example_dags/example_dynamic_task_mapping.py
[2026-09-17T01:08:35.040+0000] {logging_mixin.py:150} INFO - [2026-09-17T01:08:35.040+0000] {dag.py:2742} INFO - Sync 1 DAGs
[2026-09-17T01:08:35.059+0000] {logging_mixin.py:150} INFO - [2026-09-17T01:08:35.059+0000] {dag.py:3504} INFO - Setting next_dagrun for example_dynamic_task_mapping to 2022-03-04T00:00:00+00:00, run_after=2022-03-05T00:00:00+00:00
[2026-09-17T01:08:35.075+0000] {processor.py:179} INFO - Processing /home/vscode/.local/lib/python3.10/site-packages/airflow/example_dags/example_dynamic_task_mapping.py took 0.057 seconds
[2026-09-17T01:08:50.234+0000] {processor.py:157} INFO - Started process (PID=29522) to work on /home/vscode/.local/lib/python3.10/site-packages/airflow/example_dags/example_dynamic_task_mapping.py
[2026-09-17T01:08:50.236+0000] {processor.py:826} INFO - Processing file /home/vscode/.local/lib/python3.10/site-packages/airflow/example_dags/example_dynamic_task_mapping.py for tasks to queue
[2026-09-17T01:08:50.237+0000] {logging_mixin.py:150} INFO - [2026-09-17T01:08:50.237+0000] {dagbag.py:541} INFO - Filling up the DagBag from /home/vscode/.local/lib/python3.10/site-packages/airflow/example_dags/example_dynamic_task_mapping.py
[2026-09-17T01:08:50.247+0000] {processor.py:836} INFO - DAG(s) dict_keys(['example_dynamic_task_mapping']) retrieved from /home/vscode/.local/lib/python3.10/site-packages/airflow/example_dags/example_dynamic_task_mapping.py
[2026-09-17T01:08:50.266+0000] {logging_mixin.py:150} INFO - [2026-09-17T01:08:50.266+0000] {dag.py:2742} INFO - Sync 1 DAGs
[2026-09-17T01:08:50.285+0000] {logging_mixin.py:150} INFO - [2026-09-17T01:08:50.285+0000] {dag.py:3504} INFO - Setting next_dagrun for example_dynamic_task_mapping to 2022-03-04T00:00:00+00:00, run_after=2022-03-05T00:00:00+00:00
[2026-09-17T01:08:50.306+0000] {processor.py:179} INFO - Processing /home/vscode/.local/lib/python3.10/site-packages/airflow/example_dags/example_dynamic_task_mapping.py took 0.074 seconds
[2026-09-17T01:09:27.747+0000] {processor.py:157} INFO - Started process (PID=29841) to work on /home/vscode/.local/lib/python3.10/site-packages/airflow/example_dags/example_dynamic_task_mapping.py
[2026-09-17T01:09:27.749+0000] {processor.py:826} INFO - Processing file /home/vscode/.local/lib/python3.10/site-packages/airflow/example_dags/example_dynamic_task_mapping.py for tasks to queue
[2026-09-17T01:09:27.750+0000] {logging_mixin.py:150} INFO - [2026-09-17T01:09:27.750+0000] {dagbag.py:541} INFO - Filling up the DagBag from /home/vscode/.local/lib/python3.10/site-packages/airflow/example_dags/example_dynamic_task_mapping.py
[2026-09-17T01:09:27.766+0000] {processor.py:836} INFO - DAG(s) dict_keys(['example_dynamic_task_mapping']) retrieved from /home/vscode/.local/lib/python3.10/site-packages/airflow/example_dags/example_dynamic_task_mapping.py
[2026-09-17T01:09:27.791+0000] {logging_mixin.py:150} INFO - [2026-09-17T01:09:27.790+0000] {dag.py:2742} INFO - Sync 1 DAGs
[2026-09-17T01:09:27.809+0000] {logging_mixin.py:150} INFO - [2026-09-17T01:09:27.809+0000] {dag.py:3504} INFO - Setting next_dagrun for example_dynamic_task_mapping to 2022-03-04T00:00:00+00:00, run_after=2022-03-05T00:00:00+00:00
[2026-09-17T01:09:27.825+0000] {processor.py:179} INFO - Processing /home/vscode/.local/lib/python3.10/site-packages/airflow/example_dags/example_dynamic_task_mapping.py took 0.081 seconds
[2026-09-17T01:09:38.921+0000] {processor.py:157} INFO - Started process (PID=29934) to work on /home/vscode/.local/lib/python3.10/site-packages/airflow/example_dags/example_dynamic_task_mapping.py
[2026-09-17T01:09:38.922+0000] {processor.py:826} INFO - Processing file /home/vscode/.local/lib/python3.10/site-packages/airflow/example_dags/example_dynamic_task_mapping.py for tasks to queue
[2026-09-17T01:09:38.922+0000] {logging_mixin.py:150} INFO - [2026-09-17T01:09:38.922+0000] {dagbag.py:541} INFO - Filling up the DagBag from /home/vscode/.local/lib/python3.10/site-packages/airflow/example_dags/example_dynamic_task_mapping.py
[2026-09-17T01:09:38.929+0000] {processor.py:836} INFO - DAG(s) dict_keys(['example_dynamic_task_mapping']) retrieved from /home/vscode/.local/lib/python3.10/site-packages/airflow/example_dags/example_dynamic_task_mapping.py
[2026-09-17T01:09:38.945+0000] {logging_mixin.py:150} INFO - [2026-09-17T01:09:38.944+0000] {dag.py:2742} INFO - Sync 1 DAGs
[2026-09-17T01:09:38.965+0000] {logging_mixin.py:150} INFO - [2026-09-17T01:09:38.965+0000] {dag.py:3504} INFO - Setting next_dagrun for example_dynamic_task_mapping to 2022-03-04T00:00:00+00:00, run_after=2022-03-05T00:00:00+00:00
[2026-09-17T01:09:38.984+0000] {processor.py:179} INFO - Processing /home/vscode/.local/lib/python3.10/site-packages/airflow/example_dags/example_dynamic_task_mapping.py took 0.066 seconds
[2026-09-17T01:10:16.128+0000] {processor.py:157} INFO - Started process (PID=30251) to work on /home/vscode/.local/lib/python3.10/site-packages/airflow/example_dags/example_dynamic_task_mapping.py
[2026-09-17T01:10:16.128+0000] {processor.py:826} INFO - Processing file /home/vscode/.local/lib/python3.10/site-packages/airflow/example_dags/example_dynamic_task_mapping.py for tasks to queue
[2026-09-17T01:10:16.129+0000] {logging_mixin.py:150} INFO - [2026-09-17T01:10:16.129+0000] {dagbag.py:541} INFO - Filling up the DagBag from /home/vscode/.local/lib/python3.10/site-packages/airflow/example_dags/example_dynamic_task_mapping.py
[2026-09-17T01:10:16.135+0000] {processor.py:836} INFO - DAG(s) dict_keys(['example_dynamic_task_mapping']) retrieved from /home/vscode/.local/lib/python3.10/site-packages/airflow/example_dags/example_dynamic_task_mapping.py
[2026-09-17T01:10:16.147+0000] {logging_mixin.py:150} INFO - [2026-09-17T01:10:16.147+0000] {dag.py:2742} INFO - Sync 1 DAGs
[2026-09-17T01:10:16.161+0000] {logging_mixin.py:150} INFO - [2026-09-17T01:10:16.161+0000] {dag.py:3504} INFO - Setting next_dagrun for example_dynamic_task_mapping to 2022-03-04T00:00:00+00:00, run_after=2022-03-05T00:00:00+00:00
[2026-09-17T01:10:16.180+0000] {processor.py:179} INFO - Processing /home/vscode/.local/lib/python3.10/site-packages/airflow/example_dags/example_dynamic_task_mapping.py took 0.054 seconds
[2026-09-17T01:10:23.164+0000] {processor.py:157} INFO - Started process (PID=30312) to work on /home/vscode/.local/lib/python3.10/site-packages/airflow/example_dags/example_dynamic_task_mapping.py
[2026-09-17T01:10:23.165+0000] {processor.py:826} INFO - Processing file /home/vscode/.local/lib/python3.10/site-packages/airflow/example_dags/example_dynamic_task_mapping.py for tasks to queue
[2026-09-17T01:10:23.166+0000] {logging_mixin.py:150} INFO - [2026-09-17T01:10:23.166+0000] {dagbag.py:541} INFO - Filling up the DagBag from /home/vscode/.local/lib/python3.10/site-packages/airflow/example_dags/example_dynamic_task_mapping.py
[2026-09-17T01:10:23.173+0000] {processor.py:836} INFO - DAG(s) dict_keys(['example_dynamic_task_mapping']) retrieved from /home/vscode/.local/lib/python3.10/site-packages/airflow/example_dags/example_dynamic_task_mapping.py
[2026-09-17T01:10:23.185+0000] {logging_mixin.py:150} INFO - [2026-09-17T01:10:23.185+0000] {dag.py:2742} INFO - Sync 1 DAGs
[2026-09-17T01:10:23.200+0000] {logging_mixin.py:150} INFO - [2026-09-17T01:10:23.200+0000] {dag.py:3504} INFO - Setting next_dagrun for example_dynamic_task_mapping to 2022-03-04T00:00:00+00:00, run_after=2022-03-05T00:00:00+00:00
[2026-09-17T01:10:23.218+0000] {processor.py:179} INFO - Processing /home/vscode/.local/lib/python3.10/site-packages/airflow/example_dags/example_dynamic_task_mapping.py took 0.057 seconds
[2026-09-17T01:11:05.657+0000] {processor.py:157} INFO - Started process (PID=30706) to work on /home/vscode/.local/lib/python3.10/site-packages/airflow/example_dags/example_dynamic_task_mapping.py
[2026-09-17T01:11:05.659+0000] {processor.py:826} INFO - Processing file /home/vscode/.local/lib/python3.10/site-packages/airflow/example_dags/example_dynamic_task_mapping.py for tasks to queue
[2026-09-17T01:11:05.659+0000] {logging_mixin.py:150} INFO - [2026-09-17T01:11:05.659+0000] {dagbag.py:541} INFO - Filling up the DagBag from /home/vscode/.local/lib/python3.10/site-packages/airflow/example_dags/example_dynamic_task_mapping.py
[2026-09-17T01:11:05.668+0000] {processor.py:836} INFO - DAG(s) dict_keys(['example_dynamic_task_mapping']) retrieved from /home/vscode/.local/lib/python3.10/site-packages/airflow/example_dags/example_dynamic_task_mapping.py
[2026-09-17T01:11:05.688+0000] {logging_mixin.py:150} INFO - [2026-09-17T01:11:05.688+0000] {dag.py:2742} INFO - Sync 1 DAGs
[2026-09-17T01:11:05.733+0000] {logging_mixin.py:150} INFO - [2026-09-17T01:11:05.733+0000] {dag.py:3504} INFO - Setting next_dagrun for example_dynamic_task_mapping to 2022-03-04T00:00:00+00:00, run_after=2022-03-05T00:00:00+00:00
[2026-09-17T01:11:05.791+0000] {processor.py:179} INFO - Processing /home/vscode/.local/lib/python3.10/site-packages/airflow/example_dags/example_dynamic_task_mapping.py took 0.138 seconds
[2026-09-17T01:11:14.873+0000] {processor.py:157} INFO - Started process (PID=30788) to work on /home/vscode/.local/lib/python3.10/site-packages/airflow/example_dags/example_dynamic_task_mapping.py
[2026-09-17T01:11:14.873+0000] {processor.py:826} INFO - Processing file /home/vscode/.local/lib/python3.10/site-packages/airflow/example_dags/example_dynamic_task_mapping.py for tasks to queue
[2026-09-17T01:11:14.874+0000] {logging_mixin.py:150} INFO - [2026-09-17T01:11:14.874+0000] {dagbag.py:541} INFO - Filling up the DagBag from /home/vscode/.local/lib/python3.10/site-packages/airflow/example_dags/example_dynamic_task_mapping.py
[2026-09-17T01:11:14.883+0000] {processor.py:836} INFO - DAG(s) dict_keys(['example_dynamic_task_mapping']) retrieved from /home/vscode/.local/lib/python3.10/site-packages/airflow/example_dags/example_dynamic_task_mapping.py
[2026-09-17T01:11:14.904+0000] {logging_mixin.py:150} INFO - [2026-09-17T01:11:14.904+0000] {dag.py:2742} INFO - Sync 1 DAGs
[2026-09-17T01:11:14.932+0000] {logging_mixin.py:150} INFO - [2026-09-17T01:11:14.932+0000] {dag.py:3504} INFO - Setting next_dagrun for example_dynamic_task_mapping to 2022-03-04T00:00:00+00:00, run_after=2022-03-05T00:00:00+00:00
[2026-09-17T01:11:14.952+0000] {processor.py:179} INFO - Processing /home/vscode/.local/lib/python3.10/site-packages/airflow/example_dags/example_dynamic_task_mapping.py took 0.083 seconds
[2026-09-17T01:11:56.250+0000] {processor.py:157} INFO - Started process (PID=31152) to work on /home/vscode/.local/lib/python3.10/site-packages/airflow/example_dags/example_dynamic_task_mapping.py
[2026-09-17T01:11:56.250+0000] {processor.py:826} INFO - Processing file /home/vscode/.local/lib/python3.10/site-packages/airflow/example_dags/example_dynamic_task_mapping.py for tasks to queue
[2026-09-17T01:11:56.251+0000] {logging_mixin.py:150} INFO - [2026-09-17T01:11:56.251+0000] {dagbag.py:541} INFO - Filling up the DagBag from /home/vscode/.local/lib/python3.10/site-packages/airflow/example_dags/example_dynamic_task_mapping.py
[2026-09-17T01:11:56.259+0000] {processor.py:836} INFO - DAG(s) dict_keys(['example_dynamic_task_mapping']) retrieved from /home/vscode/.local/lib/python3.10/site-packages/airflow/example_dags/example_dynamic_task_mapping.py
[2026-09-17T01:11:56.273+0000] {logging_mixin.py:150} INFO - [2026-09-17T01:11:56.273+0000] {dag.py:2742} INFO - Sync 1 DAGs
[2026-09-17T01:11:56.291+0000] {logging_mixin.py:150} INFO - [2026-09-17T01:11:56.291+0000] {dag.py:3504} INFO - Setting next_dagrun for example_dynamic_task_mapping to 2022-03-04T00:00:00+00:00, run_after=2022-03-05T00:00:00+00:00
[2026-09-17T01:11:56.311+0000] {processor.py:179} INFO - Processing /home/vscode/.local/lib/python3.10/site-packages/airflow/example_dags/example_dynamic_task_mapping.py took 0.064 seconds
[2026-09-17T01:12:04.716+0000] {processor.py:157} INFO - Started process (PID=31216) to work on /home/vscode/.local/lib/python3.10/site-packages/airflow/example_dags/example_dynamic_task_mapping.py
[2026-09-17T01:12:04.717+0000] {processor.py:826} INFO - Processing file /home/vscode/.local/lib/python3.10/site-packages/airflow/example_dags/example_dynamic_task_mapping.py for tasks to queue
[2026-09-17T01:12:04.718+0000] {logging_mixin.py:150} INFO - [2026-09-17T01:12:04.717+0000] {dagbag.py:541} INFO - Filling up the DagBag from /home/vscode/.local/lib/python3.10/site-packages/airflow/example_dags/example_dynamic_task_mapping.py
[2026-09-17T01:12:04.724+0000] {processor.py:836} INFO - DAG(s) dict_keys(['example_dynamic_task_mapping']) retrieved from /home/vscode/.local/lib/python3.10/site-packages/airflow/example_dags/example_dynamic_task_mapping.py
[2026-09-17T01:12:04.737+0000] {logging_mixin.py:150} INFO - [2026-09-17T01:12:04.737+0000] {dag.py:2742} INFO - Sync 1 DAGs
[2026-09-17T01:12:04.755+0000] {logging_mixin.py:150} INFO - [2026-09-17T01:12:04.754+0000] {dag.py:3504} INFO - Setting next_dagrun for example_dynamic_task_mapping to 2022-03-04T00:00:00+00:00, run_after=2022-03-05T00:00:00+00:00
[2026-09-17T01:12:04.771+0000] {processor.py:179} INFO - Processing /home/vscode/.local/lib/python3.10/site-packages/airflow/example_dags/example_dynamic_task_mapping.py took 0.057 seconds
[2026-09-17T01:12:45.036+0000] {processor.py:157} INFO - Started process (PID=31563) to work on /home/vscode/.local/lib/python3.10/site-packages/airflow/example_dags/example_dynamic_task_mapping.py
[2026-09-17T01:12:45.037+0000] {processor.py:826} INFO - Processing file /home/vscode/.local/lib/python3.10/site-packages/airflow/example_dags/example_dynamic_task_mapping.py for tasks to queue
[2026-09-17T01:12:45.038+0000] {logging_mixin.py:150} INFO - [2026-09-17T01:12:45.038+0000] {dagbag.py:541} INFO - Filling up the DagBag from /home/vscode/.local/lib/python3.10/site-packages/airflow/example_dags/example_dynamic_task_mapping.py
[2026-09-17T01:12:45.044+0000] {processor.py:836} INFO - DAG(s) dict_keys(['example_dynamic_task_mapping']) retrieved from /home/vscode/.local/lib/python3.10/site-packages/airflow/example_dags/example_dynamic_task_mapping.py
[2026-09-17T01:12:45.056+0000] {logging_mixin.py:150} INFO - [2026-09-17T01:12:45.056+0000] {dag.py:2742} INFO - Sync 1 DAGs
[2026-09-17T01:12:45.073+0000] {logging_mixin.py:150} INFO - [2026-09-17T01:12:45.073+0000] {dag.py:3504} INFO - Setting next_dagrun for example_dynamic_task_mapping to 2022-03-04T00:00:00+00:00, run_after=2022-03-05T00:00:00+00:00
[2026-09-17T01:12:45.091+0000] {processor.py:179} INFO - Processing /home/vscode/.local/lib/python3.10/site-packages/airflow/example_dags/example_dynamic_task_mapping.py took 0.058 seconds
[2026-09-17T01:12:53.020+0000] {processor.py:157} INFO - Started process (PID=31629) to work on /home/vscode/.local/lib/python3.10/site-packages/airflow/example_dags/example_dynamic_task_mapping.py
[2026-09-17T01:12:53.020+0000] {processor.py:826} INFO - Processing file /home/vscode/.local/lib/python3.10/site-packages/airflow/example_dags/example_dynamic_task_mapping.py for tasks to queue
[2026-09-17T01:12:53.021+0000] {logging_mixin.py:150} INFO - [2026-09-17T01:12:53.021+0000] {dagbag.py:541} INFO - Filling up the DagBag from /home/vscode/.local/lib/python3.10/site-packages/airflow/example_dags/example_dynamic_task_mapping.py
[2026-09-17T01:12:53.027+0000] {processor.py:836} INFO - DAG(s) dict_keys(['example_dynamic_task_mapping']) retrieved from /home/vscode/.local/lib/python3.10/site-packages/airflow/example_dags/example_dynamic_task_mapping.py
[2026-09-17T01:12:53.040+0000] {logging_mixin.py:150} INFO - [2026-09-17T01:12:53.040+0000] {dag.py:2742} INFO - Sync 1 DAGs
[2026-09-17T01:12:53.060+0000] {logging_mixin.py:150} INFO - [2026-09-17T01:12:53.060+0000] {dag.py:3504} INFO - Setting next_dagrun for example_dynamic_task_mapping to 2022-03-04T00:00:00+00:00, run_after=2022-03-05T00:00:00+00:00
[2026-09-17T01:12:53.092+0000] {processor.py:179} INFO - Processing /home/vscode/.local/lib/python3.10/site-packages/airflow/example_dags/example_dynamic_task_mapping.py took 0.075 seconds
[2026-09-17T01:13:30.478+0000] {processor.py:157} INFO - Started process (PID=31955) to work on /home/vscode/.local/lib/python3.10/site-packages/airflow/example_dags/example_dynamic_task_mapping.py
[2026-09-17T01:13:30.478+0000] {processor.py:826} INFO - Processing file /home/vscode/.local/lib/python3.10/site-packages/airflow/example_dags/example_dynamic_task_mapping.py for tasks to queue
[2026-09-17T01:13:30.479+0000] {logging_mixin.py:150} INFO - [2026-09-17T01:13:30.479+0000] {dagbag.py:541} INFO - Filling up the DagBag from /home/vscode/.local/lib/python3.10/site-packages/airflow/example_dags/example_dynamic_task_mapping.py
[2026-09-17T01:13:30.487+0000] {processor.py:836} INFO - DAG(s) dict_keys(['example_dynamic_task_mapping']) retrieved from /home/vscode/.local/lib/python3.10/site-packages/airflow/example_dags/example_dynamic_task_mapping.py
[2026-09-17T01:13:30.503+0000] {logging_mixin.py:150} INFO - [2026-09-17T01:13:30.502+0000] {dag.py:2742} INFO - Sync 1 DAGs
[2026-09-17T01:13:30.517+0000] {logging_mixin.py:150} INFO - [2026-09-17T01:13:30.517+0000] {dag.py:3504} INFO - Setting next_dagrun for example_dynamic_task_mapping to 2022-03-04T00:00:00+00:00, run_after=2022-03-05T00:00:00+00:00
[2026-09-17T01:13:30.533+0000] {processor.py:179} INFO - Processing /home/vscode/.local/lib/python3.10/site-packages/airflow/example_dags/example_dynamic_task_mapping.py took 0.058 seconds
[2026-09-17T01:13:43.153+0000] {processor.py:157} INFO - Started process (PID=32052) to work on /home/vscode/.local/lib/python3.10/site-packages/airflow/example_dags/example_dynamic_task_mapping.py
[2026-09-17T01:13:43.154+0000] {processor.py:826} INFO - Processing file /home/vscode/.local/lib/python3.10/site-packages/airflow/example_dags/example_dynamic_task_mapping.py for tasks to queue
[2026-09-17T01:13:43.154+0000] {logging_mixin.py:150} INFO - [2026-09-17T01:13:43.154+0000] {dagbag.py:541} INFO - Filling up the DagBag from /home/vscode/.local/lib/python3.10/site-packages/airflow/example_dags/example_dynamic_task_mapping.py
[2026-09-17T01:13:43.160+0000] {processor.py:836} INFO - DAG(s) dict_keys(['example_dynamic_task_mapping']) retrieved from /home/vscode/.local/lib/python3.10/site-packages/airflow/example_dags/example_dynamic_task_mapping.py
[2026-09-17T01:13:43.173+0000] {logging_mixin.py:150} INFO - [2026-09-17T01:13:43.172+0000] {dag.py:2742} INFO - Sync 1 DAGs
[2026-09-17T01:13:43.190+0000] {logging_mixin.py:150} INFO - [2026-09-17T01:13:43.190+0000] {dag.py:3504} INFO - Setting next_dagrun for example_dynamic_task_mapping to 2022-03-04T00:00:00+00:00, run_after=2022-03-05T00:00:00+00:00
[2026-09-17T01:13:43.210+0000] {processor.py:179} INFO - Processing /home/vscode/.local/lib/python3.10/site-packages/airflow/example_dags/example_dynamic_task_mapping.py took 0.059 seconds
[2026-09-17T01:14:17.390+0000] {processor.py:157} INFO - Started process (PID=32343) to work on /home/vscode/.local/lib/python3.10/site-packages/airflow/example_dags/example_dynamic_task_mapping.py
[2026-09-17T01:14:17.391+0000] {processor.py:826} INFO - Processing file /home/vscode/.local/lib/python3.10/site-packages/airflow/example_dags/example_dynamic_task_mapping.py for tasks to queue
[2026-09-17T01:14:17.392+0000] {logging_mixin.py:150} INFO - [2026-09-17T01:14:17.392+0000] {dagbag.py:541} INFO - Filling up the DagBag from /home/vscode/.local/lib/python3.10/site-packages/airflow/example_dags/example_dynamic_task_mapping.py
[2026-09-17T01:14:17.400+0000] {processor.py:836} INFO - DAG(s) dict_keys(['example_dynamic_task_mapping']) retrieved from /home/vscode/.local/lib/python3.10/site-packages/airflow/example_dags/example_dynamic_task_mapping.py
[2026-09-17T01:14:17.413+0000] {logging_mixin.py:150} INFO - [2026-09-17T01:14:17.413+0000] {dag.py:2742} INFO - Sync 1 DAGs
[2026-09-17T01:14:17.429+0000] {logging_mixin.py:150} INFO - [2026-09-17T01:14:17.429+0000] {dag.py:3504} INFO - Setting next_dagrun for example_dynamic_task_mapping to 2022-03-04T00:00:00+00:00, run_after=2022-03-05T00:00:00+00:00
[2026-09-17T01:14:17.445+0000] {processor.py:179} INFO - Processing /home/vscode/.local/lib/python3.10/site-packages/airflow/example_dags/example_dynamic_task_mapping.py took 0.058 seconds
[2026-09-17T01:14:32.987+0000] {processor.py:157} INFO - Started process (PID=32477) to work on /home/vscode/.local/lib/python3.10/site-packages/airflow/example_dags/example_dynamic_task_mapping.py
[2026-09-17T01:14:32.988+0000] {processor.py:826} INFO - Processing file /home/vscode/.local/lib/python3.10/site-packages/airflow/example_dags/example_dynamic_task_mapping.py for tasks to queue
[2026-09-17T01:14:32.989+0000] {logging_mixin.py:150} INFO - [2026-09-17T01:14:32.989+0000] {dagbag.py:541} INFO - Filling up the DagBag from /home/vscode/.local/lib/python3.10/site-packages/airflow/example_dags/example_dynamic_task_mapping.py
[2026-09-17T01:14:32.997+0000] {processor.py:836} INFO - DAG(s) dict_keys(['example_dynamic_task_mapping']) retrieved from /home/vscode/.local/lib/python3.10/site-packages/airflow/example_dags/example_dynamic_task_mapping.py
[2026-09-17T01:14:33.009+0000] {logging_mixin.py:150} INFO - [2026-09-17T01:14:33.009+0000] {dag.py:2742} INFO - Sync 1 DAGs
[2026-09-17T01:14:33.024+0000] {logging_mixin.py:150} INFO - [2026-09-17T01:14:33.024+0000] {dag.py:3504} INFO - Setting next_dagrun for example_dynamic_task_mapping to 2022-03-04T00:00:00+00:00, run_after=2022-03-05T00:00:00+00:00
[2026-09-17T01:14:33.040+0000] {processor.py:179} INFO - Processing /home/vscode/.local/lib/python3.10/site-packages/airflow/example_dags/example_dynamic_task_mapping.py took 0.056 seconds
[2026-09-17T01:15:05.583+0000] {processor.py:157} INFO - Started process (PID=32750) to work on /home/vscode/.local/lib/python3.10/site-packages/airflow/example_dags/example_dynamic_task_mapping.py
[2026-09-17T01:15:05.584+0000] {processor.py:826} INFO - Processing file /home/vscode/.local/lib/python3.10/site-packages/airflow/example_dags/example_dynamic_task_mapping.py for tasks to queue
[2026-09-17T01:15:05.585+0000] {logging_mixin.py:150} INFO - [2026-09-17T01:15:05.585+0000] {dagbag.py:541} INFO - Filling up the DagBag from /home/vscode/.local/lib/python3.10/site-packages/airflow/example_dags/example_dynamic_task_mapping.py
[2026-09-17T01:15:05.593+0000] {processor.py:836} INFO - DAG(s) dict_keys(['example_dynamic_task_mapping']) retrieved from /home/vscode/.local/lib/python3.10/site-packages/airflow/example_dags/example_dynamic_task_mapping.py
[2026-09-17T01:15:05.608+0000] {logging_mixin.py:150} INFO - [2026-09-17T01:15:05.608+0000] {dag.py:2742} INFO - Sync 1 DAGs
[2026-09-17T01:15:05.623+0000] {logging_mixin.py:150} INFO - [2026-09-17T01:15:05.623+0000] {dag.py:3504} INFO - Setting next_dagrun for example_dynamic_task_mapping to 2022-03-04T00:00:00+00:00, run_after=2022-03-05T00:00:00+00:00
[2026-09-17T01:15:05.639+0000] {processor.py:179} INFO - Processing /home/vscode/.local/lib/python3.10/site-packages/airflow/example_dags/example_dynamic_task_mapping.py took 0.059 seconds
[2026-09-17T01:15:26.618+0000] {processor.py:157} INFO - Started process (PID=32928) to work on /home/vscode/.local/lib/python3.10/site-packages/airflow/example_dags/example_dynamic_task_mapping.py
[2026-09-17T01:15:26.619+0000] {processor.py:826} INFO - Processing file /home/vscode/.local/lib/python3.10/site-packages/airflow/example_dags/example_dynamic_task_mapping.py for tasks to queue
[2026-09-17T01:15:26.619+0000] {logging_mixin.py:150} INFO - [2026-09-17T01:15:26.619+0000] {dagbag.py:541} INFO - Filling up the DagBag from /home/vscode/.local/lib/python3.10/site-packages/airflow/example_dags/example_dynamic_task_mapping.py
[2026-09-17T01:15:26.625+0000] {processor.py:836} INFO - DAG(s) dict_keys(['example_dynamic_task_mapping']) retrieved from /home/vscode/.local/lib/python3.10/site-packages/airflow/example_dags/example_dynamic_task_mapping.py
[2026-09-17T01:15:26.637+0000] {logging_mixin.py:150} INFO - [2026-09-17T01:15:26.637+0000] {dag.py:2742} INFO - Sync 1 DAGs
[2026-09-17T01:15:26.652+0000] {logging_mixin.py:150} INFO - [2026-09-17T01:15:26.652+0000] {dag.py:3504} INFO - Setting next_dagrun for example_dynamic_task_mapping to 2022-03-04T00:00:00+00:00, run_after=2022-03-05T00:00:00+00:00
[2026-09-17T01:15:26.668+0000] {processor.py:179} INFO - Processing /home/vscode/.local/lib/python3.10/site-packages/airflow/example_dags/example_dynamic_task_mapping.py took 0.052 seconds
[2026-09-17T01:15:48.693+0000] {processor.py:157} INFO - Started process (PID=33157) to work on /home/vscode/.local/lib/python3.10/site-packages/airflow/example_dags/example_dynamic_task_mapping.py
[2026-09-17T01:15:48.694+0000] {processor.py:826} INFO - Processing file /home/vscode/.local/lib/python3.10/site-packages/airflow/example_dags/example_dynamic_task_mapping.py for tasks to queue
[2026-09-17T01:15:48.695+0000] {logging_mixin.py:150} INFO - [2026-09-17T01:15:48.695+0000] {dagbag.py:541} INFO - Filling up the DagBag from /home/vscode/.local/lib/python3.10/site-packages/airflow/example_dags/example_dynamic_task_mapping.py
[2026-09-17T01:15:48.703+0000] {processor.py:836} INFO - DAG(s) dict_keys(['example_dynamic_task_mapping']) retrieved from /home/vscode/.local/lib/python3.10/site-packages/airflow/example_dags/example_dynamic_task_mapping.py
[2026-09-17T01:15:48.718+0000] {logging_mixin.py:150} INFO - [2026-09-17T01:15:48.718+0000] {dag.py:2742} INFO - Sync 1 DAGs
[2026-09-17T01:15:48.732+0000] {logging_mixin.py:150} INFO - [2026-09-17T01:15:48.732+0000] {dag.py:3504} INFO - Setting next_dagrun for example_dynamic_task_mapping to 2022-03-04T00:00:00+00:00, run_after=2022-03-05T00:00:00+00:00
[2026-09-17T01:15:48.749+0000] {processor.py:179} INFO - Processing /home/vscode/.local/lib/python3.10/site-packages/airflow/example_dags/example_dynamic_task_mapping.py took 0.059 seconds
[2026-09-17T01:16:18.610+0000] {processor.py:157} INFO - Started process (PID=33409) to work on /home/vscode/.local/lib/python3.10/site-packages/airflow/example_dags/example_dynamic_task_mapping.py
[2026-09-17T01:16:18.611+0000] {processor.py:826} INFO - Processing file /home/vscode/.local/lib/python3.10/site-packages/airflow/example_dags/example_dynamic_task_mapping.py for tasks to queue
[2026-09-17T01:16:18.611+0000] {logging_mixin.py:150} INFO - [2026-09-17T01:16:18.611+0000] {dagbag.py:541} INFO - Filling up the DagBag from /home/vscode/.local/lib/python3.10/site-packages/airflow/example_dags/example_dynamic_task_mapping.py
[2026-09-17T01:16:18.621+0000] {processor.py:836} INFO - DAG(s) dict_keys(['example_dynamic_task_mapping']) retrieved from /home/vscode/.local/lib/python3.10/site-packages/airflow/example_dags/example_dynamic_task_mapping.py
[2026-09-17T01:16:18.638+0000] {logging_mixin.py:150} INFO - [2026-09-17T01:16:18.638+0000] {dag.py:2742} INFO - Sync 1 DAGs
[2026-09-17T01:16:18.653+0000] {logging_mixin.py:150} INFO - [2026-09-17T01:16:18.653+0000] {dag.py:3504} INFO - Setting next_dagrun for example_dynamic_task_mapping to 2022-03-04T00:00:00+00:00, run_after=2022-03-05T00:00:00+00:00
[2026-09-17T01:16:18.669+0000] {processor.py:179} INFO - Processing /home/vscode/.local/lib/python3.10/site-packages/airflow/example_dags/example_dynamic_task_mapping.py took 0.063 seconds
[2026-09-17T01:16:39.567+0000] {processor.py:157} INFO - Started process (PID=33589) to work on /home/vscode/.local/lib/python3.10/site-packages/airflow/example_dags/example_dynamic_task_mapping.py
[2026-09-17T01:16:39.568+0000] {processor.py:826} INFO - Processing file /home/vscode/.local/lib/python3.10/site-packages/airflow/example_dags/example_dynamic_task_mapping.py for tasks to queue
[2026-09-17T01:16:39.569+0000] {logging_mixin.py:150} INFO - [2026-09-17T01:16:39.568+0000] {dagbag.py:541} INFO - Filling up the DagBag from /home/vscode/.local/lib/python3.10/site-packages/airflow/example_dags/example_dynamic_task_mapping.py
[2026-09-17T01:16:39.575+0000] {processor.py:836} INFO - DAG(s) dict_keys(['example_dynamic_task_mapping']) retrieved from /home/vscode/.local/lib/python3.10/site-packages/airflow/example_dags/example_dynamic_task_mapping.py
[2026-09-17T01:16:39.591+0000] {logging_mixin.py:150} INFO - [2026-09-17T01:16:39.591+0000] {dag.py:2742} INFO - Sync 1 DAGs
[2026-09-17T01:16:39.610+0000] {logging_mixin.py:150} INFO - [2026-09-17T01:16:39.609+0000] {dag.py:3504} INFO - Setting next_dagrun for example_dynamic_task_mapping to 2022-03-04T00:00:00+00:00, run_after=2022-03-05T00:00:00+00:00
[2026-09-17T01:16:39.626+0000] {processor.py:179} INFO - Processing /home/vscode/.local/lib/python3.10/site-packages/airflow/example_dags/example_dynamic_task_mapping.py took 0.061 seconds
[2026-09-17T01:17:08.564+0000] {processor.py:157} INFO - Started process (PID=33834) to work on /home/vscode/.local/lib/python3.10/site-packages/airflow/example_dags/example_dynamic_task_mapping.py
[2026-09-17T01:17:08.565+0000] {processor.py:826} INFO - Processing file /home/vscode/.local/lib/python3.10/site-packages/airflow/example_dags/example_dynamic_task_mapping.py for tasks to queue
[2026-09-17T01:17:08.566+0000] {logging_mixin.py:150} INFO - [2026-09-17T01:17:08.566+0000] {dagbag.py:541} INFO - Filling up the DagBag from /home/vscode/.local/lib/python3.10/site-packages/airflow/example_dags/example_dynamic_task_mapping.py
[2026-09-17T01:17:08.577+0000] {processor.py:836} INFO - DAG(s) dict_keys(['example_dynamic_task_mapping']) retrieved from /home/vscode/.local/lib/python3.10/site-packages/airflow/example_dags/example_dynamic_task_mapping.py
[2026-09-17T01:17:08.612+0000] {logging_mixin.py:150} INFO - [2026-09-17T01:17:08.610+0000] {dag.py:2742} INFO - Sync 1 DAGs
[2026-09-17T01:17:08.656+0000] {logging_mixin.py:150} INFO - [2026-09-17T01:17:08.656+0000] {dag.py:3504} INFO - Setting next_dagrun for example_dynamic_task_mapping to 2022-03-04T00:00:00+00:00, run_after=2022-03-05T00:00:00+00:00
[2026-09-17T01:17:08.690+0000] {processor.py:179} INFO - Processing /home/vscode/.local/lib/python3.10/site-packages/airflow/example_dags/example_dynamic_task_mapping.py took 0.131 seconds
[2026-09-17T01:17:25.555+0000] {processor.py:157} INFO - Started process (PID=33978) to work on /home/vscode/.local/lib/python3.10/site-packages/airflow/example_dags/example_dynamic_task_mapping.py
[2026-09-17T01:17:25.556+0000] {processor.py:826} INFO - Processing file /home/vscode/.local/lib/python3.10/site-packages/airflow/example_dags/example_dynamic_task_mapping.py for tasks to queue
[2026-09-17T01:17:25.557+0000] {logging_mixin.py:150} INFO - [2026-09-17T01:17:25.557+0000] {dagbag.py:541} INFO - Filling up the DagBag from /home/vscode/.local/lib/python3.10/site-packages/airflow/example_dags/example_dynamic_task_mapping.py
[2026-09-17T01:17:25.563+0000] {processor.py:836} INFO - DAG(s) dict_keys(['example_dynamic_task_mapping']) retrieved from /home/vscode/.local/lib/python3.10/site-packages/airflow/example_dags/example_dynamic_task_mapping.py
[2026-09-17T01:17:25.574+0000] {logging_mixin.py:150} INFO - [2026-09-17T01:17:25.574+0000] {dag.py:2742} INFO - Sync 1 DAGs
[2026-09-17T01:17:25.591+0000] {logging_mixin.py:150} INFO - [2026-09-17T01:17:25.591+0000] {dag.py:3504} INFO - Setting next_dagrun for example_dynamic_task_mapping to 2022-03-04T00:00:00+00:00, run_after=2022-03-05T00:00:00+00:00
[2026-09-17T01:17:25.608+0000] {processor.py:179} INFO - Processing /home/vscode/.local/lib/python3.10/site-packages/airflow/example_dags/example_dynamic_task_mapping.py took 0.055 seconds
[2026-09-17T01:17:58.093+0000] {processor.py:157} INFO - Started process (PID=34252) to work on /home/vscode/.local/lib/python3.10/site-packages/airflow/example_dags/example_dynamic_task_mapping.py
[2026-09-17T01:17:58.094+0000] {processor.py:826} INFO - Processing file /home/vscode/.local/lib/python3.10/site-packages/airflow/example_dags/example_dynamic_task_mapping.py for tasks to queue
[2026-09-17T01:17:58.095+0000] {logging_mixin.py:150} INFO - [2026-09-17T01:17:58.095+0000] {dagbag.py:541} INFO - Filling up the DagBag from /home/vscode/.local/lib/python3.10/site-packages/airflow/example_dags/example_dynamic_task_mapping.py
[2026-09-17T01:17:58.102+0000] {processor.py:836} INFO - DAG(s) dict_keys(['example_dynamic_task_mapping']) retrieved from /home/vscode/.local/lib/python3.10/site-packages/airflow/example_dags/example_dynamic_task_mapping.py
[2026-09-17T01:17:58.114+0000] {logging_mixin.py:150} INFO - [2026-09-17T01:17:58.114+0000] {dag.py:2742} INFO - Sync 1 DAGs
[2026-09-17T01:17:58.129+0000] {logging_mixin.py:150} INFO - [2026-09-17T01:17:58.129+0000] {dag.py:3504} INFO - Setting next_dagrun for example_dynamic_task_mapping to 2022-03-04T00:00:00+00:00, run_after=2022-03-05T00:00:00+00:00
[2026-09-17T01:17:58.145+0000] {processor.py:179} INFO - Processing /home/vscode/.local/lib/python3.10/site-packages/airflow/example_dags/example_dynamic_task_mapping.py took 0.055 seconds
[2026-09-17T01:18:16.727+0000] {processor.py:157} INFO - Started process (PID=34412) to work on /home/vscode/.local/lib/python3.10/site-packages/airflow/example_dags/example_dynamic_task_mapping.py
[2026-09-17T01:18:16.727+0000] {processor.py:826} INFO - Processing file /home/vscode/.local/lib/python3.10/site-packages/airflow/example_dags/example_dynamic_task_mapping.py for tasks to queue
[2026-09-17T01:18:16.728+0000] {logging_mixin.py:150} INFO - [2026-09-17T01:18:16.728+0000] {dagbag.py:541} INFO - Filling up the DagBag from /home/vscode/.local/lib/python3.10/site-packages/airflow/example_dags/example_dynamic_task_mapping.py
[2026-09-17T01:18:16.734+0000] {processor.py:836} INFO - DAG(s) dict_keys(['example_dynamic_task_mapping']) retrieved from /home/vscode/.local/lib/python3.10/site-packages/airflow/example_dags/example_dynamic_task_mapping.py
[2026-09-17T01:18:16.746+0000] {logging_mixin.py:150} INFO - [2026-09-17T01:18:16.745+0000] {dag.py:2742} INFO - Sync 1 DAGs
[2026-09-17T01:18:16.760+0000] {logging_mixin.py:150} INFO - [2026-09-17T01:18:16.759+0000] {dag.py:3504} INFO - Setting next_dagrun for example_dynamic_task_mapping to 2022-03-04T00:00:00+00:00, run_after=2022-03-05T00:00:00+00:00
[2026-09-17T01:18:16.775+0000] {processor.py:179} INFO - Processing /home/vscode/.local/lib/python3.10/site-packages/airflow/example_dags/example_dynamic_task_mapping.py took 0.051 seconds
[2026-09-17T01:18:42.743+0000] {processor.py:157} INFO - Started process (PID=34639) to work on /home/vscode/.local/lib/python3.10/site-packages/airflow/example_dags/example_dynamic_task_mapping.py
[2026-09-17T01:18:42.743+0000] {processor.py:826} INFO - Processing file /home/vscode/.local/lib/python3.10/site-packages/airflow/example_dags/example_dynamic_task_mapping.py for tasks to queue
[2026-09-17T01:18:42.744+0000] {logging_mixin.py:150} INFO - [2026-09-17T01:18:42.744+0000] {dagbag.py:541} INFO - Filling up the DagBag from /home/vscode/.local/lib/python3.10/site-packages/airflow/example_dags/example_dynamic_task_mapping.py
[2026-09-17T01:18:42.750+0000] {processor.py:836} INFO - DAG(s) dict_keys(['example_dynamic_task_mapping']) retrieved from /home/vscode/.local/lib/python3.10/site-packages/airflow/example_dags/example_dynamic_task_mapping.py
[2026-09-17T01:18:42.761+0000] {logging_mixin.py:150} INFO - [2026-09-17T01:18:42.761+0000] {dag.py:2742} INFO - Sync 1 DAGs
[2026-09-17T01:18:42.776+0000] {logging_mixin.py:150} INFO - [2026-09-17T01:18:42.776+0000] {dag.py:3504} INFO - Setting next_dagrun for example_dynamic_task_mapping to 2022-03-04T00:00:00+00:00, run_after=2022-03-05T00:00:00+00:00
[2026-09-17T01:18:42.793+0000] {processor.py:179} INFO - Processing /home/vscode/.local/lib/python3.10/site-packages/airflow/example_dags/example_dynamic_task_mapping.py took 0.053 seconds
[2026-09-17T01:19:03.770+0000] {processor.py:157} INFO - Started process (PID=34808) to work on /home/vscode/.local/lib/python3.10/site-packages/airflow/example_dags/example_dynamic_task_mapping.py
[2026-09-17T01:19:03.770+0000] {processor.py:826} INFO - Processing file /home/vscode/.local/lib/python3.10/site-packages/airflow/example_dags/example_dynamic_task_mapping.py for tasks to queue
[2026-09-17T01:19:03.771+0000] {logging_mixin.py:150} INFO - [2026-09-17T01:19:03.771+0000] {dagbag.py:541} INFO - Filling up the DagBag from /home/vscode/.local/lib/python3.10/site-packages/airflow/example_dags/example_dynamic_task_mapping.py
[2026-09-17T01:19:03.777+0000] {processor.py:836} INFO - DAG(s) dict_keys(['example_dynamic_task_mapping']) retrieved from /home/vscode/.local/lib/python3.10/site-packages/airflow/example_dags/example_dynamic_task_mapping.py
[2026-09-17T01:19:03.794+0000] {logging_mixin.py:150} INFO - [2026-09-17T01:19:03.794+0000] {dag.py:2742} INFO - Sync 1 DAGs
[2026-09-17T01:19:03.813+0000] {logging_mixin.py:150} INFO - [2026-09-17T01:19:03.813+0000] {dag.py:3504} INFO - Setting next_dagrun for example_dynamic_task_mapping to 2022-03-04T00:00:00+00:00, run_after=2022-03-05T00:00:00+00:00
[2026-09-17T01:19:03.829+0000] {processor.py:179} INFO - Processing /home/vscode/.local/lib/python3.10/site-packages/airflow/example_dags/example_dynamic_task_mapping.py took 0.062 seconds
[2026-09-17T01:19:32.170+0000] {processor.py:157} INFO - Started process (PID=35032) to work on /home/vscode/.local/lib/python3.10/site-packages/airflow/example_dags/example_dynamic_task_mapping.py
[2026-09-17T01:19:32.171+0000] {processor.py:826} INFO - Processing file /home/vscode/.local/lib/python3.10/site-packages/airflow/example_dags/example_dynamic_task_mapping.py for tasks to queue
[2026-09-17T01:19:32.172+0000] {logging_mixin.py:150} INFO - [2026-09-17T01:19:32.171+0000] {dagbag.py:541} INFO - Filling up the DagBag from /home/vscode/.local/lib/python3.10/site-packages/airflow/example_dags/example_dynamic_task_mapping.py
[2026-09-17T01:19:32.178+0000] {processor.py:836} INFO - DAG(s) dict_keys(['example_dynamic_task_mapping']) retrieved from /home/vscode/.local/lib/python3.10/site-packages/airflow/example_dags/example_dynamic_task_mapping.py
[2026-09-17T01:19:32.193+0000] {logging_mixin.py:150} INFO - [2026-09-17T01:19:32.193+0000] {dag.py:2742} INFO - Sync 1 DAGs
[2026-09-17T01:19:32.207+0000] {logging_mixin.py:150} INFO - [2026-09-17T01:19:32.207+0000] {dag.py:3504} INFO - Setting next_dagrun for example_dynamic_task_mapping to 2022-03-04T00:00:00+00:00, run_after=2022-03-05T00:00:00+00:00
[2026-09-17T01:19:32.251+0000] {processor.py:179} INFO - Processing /home/vscode/.local/lib/python3.10/site-packages/airflow/example_dags/example_dynamic_task_mapping.py took 0.083 seconds
[2026-09-17T01:19:51.253+0000] {processor.py:157} INFO - Started process (PID=35199) to work on /home/vscode/.local/lib/python3.10/site-packages/airflow/example_dags/example_dynamic_task_mapping.py
[2026-09-17T01:19:51.254+0000] {processor.py:826} INFO - Processing file /home/vscode/.local/lib/python3.10/site-packages/airflow/example_dags/example_dynamic_task_mapping.py for tasks to queue
[2026-09-17T01:19:51.255+0000] {logging_mixin.py:150} INFO - [2026-09-17T01:19:51.255+0000] {dagbag.py:541} INFO - Filling up the DagBag from /home/vscode/.local/lib/python3.10/site-packages/airflow/example_dags/example_dynamic_task_mapping.py
[2026-09-17T01:19:51.267+0000] {processor.py:836} INFO - DAG(s) dict_keys(['example_dynamic_task_mapping']) retrieved from /home/vscode/.local/lib/python3.10/site-packages/airflow/example_dags/example_dynamic_task_mapping.py
[2026-09-17T01:19:51.286+0000] {logging_mixin.py:150} INFO - [2026-09-17T01:19:51.286+0000] {dag.py:2742} INFO - Sync 1 DAGs
[2026-09-17T01:19:51.352+0000] {logging_mixin.py:150} INFO - [2026-09-17T01:19:51.352+0000] {dag.py:3504} INFO - Setting next_dagrun for example_dynamic_task_mapping to 2022-03-04T00:00:00+00:00, run_after=2022-03-05T00:00:00+00:00
[2026-09-17T01:19:51.374+0000] {processor.py:179} INFO - Processing /home/vscode/.local/lib/python3.10/site-packages/airflow/example_dags/example_dynamic_task_mapping.py took 0.124 seconds
[2026-09-17T01:20:21.154+0000] {processor.py:157} INFO - Started process (PID=35492) to work on /home/vscode/.local/lib/python3.10/site-packages/airflow/example_dags/example_dynamic_task_mapping.py
[2026-09-17T01:20:21.154+0000] {processor.py:826} INFO - Processing file /home/vscode/.local/lib/python3.10/site-packages/airflow/example_dags/example_dynamic_task_mapping.py for tasks to queue
[2026-09-17T01:20:21.155+0000] {logging_mixin.py:150} INFO - [2026-09-17T01:20:21.155+0000] {dagbag.py:541} INFO - Filling up the DagBag from /home/vscode/.local/lib/python3.10/site-packages/airflow/example_dags/example_dynamic_task_mapping.py
[2026-09-17T01:20:21.161+0000] {processor.py:836} INFO - DAG(s) dict_keys(['example_dynamic_task_mapping']) retrieved from /home/vscode/.local/lib/python3.10/site-packages/airflow/example_dags/example_dynamic_task_mapping.py
[2026-09-17T01:20:21.173+0000] {logging_mixin.py:150} INFO - [2026-09-17T01:20:21.173+0000] {dag.py:2742} INFO - Sync 1 DAGs
[2026-09-17T01:20:21.190+0000] {logging_mixin.py:150} INFO - [2026-09-17T01:20:21.190+0000] {dag.py:3504} INFO - Setting next_dagrun for example_dynamic_task_mapping to 2022-03-04T00:00:00+00:00, run_after=2022-03-05T00:00:00+00:00
[2026-09-17T01:20:21.208+0000] {processor.py:179} INFO - Processing /home/vscode/.local/lib/python3.10/site-packages/airflow/example_dags/example_dynamic_task_mapping.py took 0.057 seconds
[2026-09-17T01:20:41.030+0000] {processor.py:157} INFO - Started process (PID=35649) to work on /home/vscode/.local/lib/python3.10/site-packages/airflow/example_dags/example_dynamic_task_mapping.py
[2026-09-17T01:20:41.031+0000] {processor.py:826} INFO - Processing file /home/vscode/.local/lib/python3.10/site-packages/airflow/example_dags/example_dynamic_task_mapping.py for tasks to queue
[2026-09-17T01:20:41.031+0000] {logging_mixin.py:150} INFO - [2026-09-17T01:20:41.031+0000] {dagbag.py:541} INFO - Filling up the DagBag from /home/vscode/.local/lib/python3.10/site-packages/airflow/example_dags/example_dynamic_task_mapping.py
[2026-09-17T01:20:41.038+0000] {processor.py:836} INFO - DAG(s) dict_keys(['example_dynamic_task_mapping']) retrieved from /home/vscode/.local/lib/python3.10/site-packages/airflow/example_dags/example_dynamic_task_mapping.py
[2026-09-17T01:20:41.053+0000] {logging_mixin.py:150} INFO - [2026-09-17T01:20:41.053+0000] {dag.py:2742} INFO - Sync 1 DAGs
[2026-09-17T01:20:41.068+0000] {logging_mixin.py:150} INFO - [2026-09-17T01:20:41.068+0000] {dag.py:3504} INFO - Setting next_dagrun for example_dynamic_task_mapping to 2022-03-04T00:00:00+00:00, run_after=2022-03-05T00:00:00+00:00
[2026-09-17T01:20:41.085+0000] {processor.py:179} INFO - Processing /home/vscode/.local/lib/python3.10/site-packages/airflow/example_dags/example_dynamic_task_mapping.py took 0.058 seconds
[2026-09-17T01:21:09.176+0000] {processor.py:157} INFO - Started process (PID=36134) to work on /home/vscode/.local/lib/python3.10/site-packages/airflow/example_dags/example_dynamic_task_mapping.py
[2026-09-17T01:21:09.177+0000] {processor.py:826} INFO - Processing file /home/vscode/.local/lib/python3.10/site-packages/airflow/example_dags/example_dynamic_task_mapping.py for tasks to queue
[2026-09-17T01:21:09.178+0000] {logging_mixin.py:150} INFO - [2026-09-17T01:21:09.178+0000] {dagbag.py:541} INFO - Filling up the DagBag from /home/vscode/.local/lib/python3.10/site-packages/airflow/example_dags/example_dynamic_task_mapping.py
[2026-09-17T01:21:09.188+0000] {processor.py:836} INFO - DAG(s) dict_keys(['example_dynamic_task_mapping']) retrieved from /home/vscode/.local/lib/python3.10/site-packages/airflow/example_dags/example_dynamic_task_mapping.py
[2026-09-17T01:21:09.203+0000] {logging_mixin.py:150} INFO - [2026-09-17T01:21:09.203+0000] {dag.py:2742} INFO - Sync 1 DAGs
[2026-09-17T01:21:09.220+0000] {logging_mixin.py:150} INFO - [2026-09-17T01:21:09.220+0000] {dag.py:3504} INFO - Setting next_dagrun for example_dynamic_task_mapping to 2022-03-04T00:00:00+00:00, run_after=2022-03-05T00:00:00+00:00
[2026-09-17T01:21:09.236+0000] {processor.py:179} INFO - Processing /home/vscode/.local/lib/python3.10/site-packages/airflow/example_dags/example_dynamic_task_mapping.py took 0.064 seconds
[2026-09-17T01:21:28.010+0000] {processor.py:157} INFO - Started process (PID=36287) to work on /home/vscode/.local/lib/python3.10/site-packages/airflow/example_dags/example_dynamic_task_mapping.py
[2026-09-17T01:21:28.011+0000] {processor.py:826} INFO - Processing file /home/vscode/.local/lib/python3.10/site-packages/airflow/example_dags/example_dynamic_task_mapping.py for tasks to queue
[2026-09-17T01:21:28.012+0000] {logging_mixin.py:150} INFO - [2026-09-17T01:21:28.011+0000] {dagbag.py:541} INFO - Filling up the DagBag from /home/vscode/.local/lib/python3.10/site-packages/airflow/example_dags/example_dynamic_task_mapping.py
[2026-09-17T01:21:28.022+0000] {processor.py:836} INFO - DAG(s) dict_keys(['example_dynamic_task_mapping']) retrieved from /home/vscode/.local/lib/python3.10/site-packages/airflow/example_dags/example_dynamic_task_mapping.py
[2026-09-17T01:21:28.048+0000] {logging_mixin.py:150} INFO - [2026-09-17T01:21:28.048+0000] {dag.py:2742} INFO - Sync 1 DAGs
[2026-09-17T01:21:28.066+0000] {logging_mixin.py:150} INFO - [2026-09-17T01:21:28.065+0000] {dag.py:3504} INFO - Setting next_dagrun for example_dynamic_task_mapping to 2022-03-04T00:00:00+00:00, run_after=2022-03-05T00:00:00+00:00
[2026-09-17T01:21:28.082+0000] {processor.py:179} INFO - Processing /home/vscode/.local/lib/python3.10/site-packages/airflow/example_dags/example_dynamic_task_mapping.py took 0.074 seconds
[2026-09-17T01:21:58.575+0000] {processor.py:157} INFO - Started process (PID=36668) to work on /home/vscode/.local/lib/python3.10/site-packages/airflow/example_dags/example_dynamic_task_mapping.py
[2026-09-17T01:21:58.576+0000] {processor.py:826} INFO - Processing file /home/vscode/.local/lib/python3.10/site-packages/airflow/example_dags/example_dynamic_task_mapping.py for tasks to queue
[2026-09-17T01:21:58.577+0000] {logging_mixin.py:150} INFO - [2026-09-17T01:21:58.576+0000] {dagbag.py:541} INFO - Filling up the DagBag from /home/vscode/.local/lib/python3.10/site-packages/airflow/example_dags/example_dynamic_task_mapping.py
[2026-09-17T01:21:58.587+0000] {processor.py:836} INFO - DAG(s) dict_keys(['example_dynamic_task_mapping']) retrieved from /home/vscode/.local/lib/python3.10/site-packages/airflow/example_dags/example_dynamic_task_mapping.py
[2026-09-17T01:21:58.605+0000] {logging_mixin.py:150} INFO - [2026-09-17T01:21:58.605+0000] {dag.py:2742} INFO - Sync 1 DAGs
[2026-09-17T01:21:58.629+0000] {logging_mixin.py:150} INFO - [2026-09-17T01:21:58.629+0000] {dag.py:3504} INFO - Setting next_dagrun for example_dynamic_task_mapping to 2022-03-04T00:00:00+00:00, run_after=2022-03-05T00:00:00+00:00
[2026-09-17T01:21:58.653+0000] {processor.py:179} INFO - Processing /home/vscode/.local/lib/python3.10/site-packages/airflow/example_dags/example_dynamic_task_mapping.py took 0.081 seconds
[2026-09-17T01:22:19.249+0000] {processor.py:157} INFO - Started process (PID=37032) to work on /home/vscode/.local/lib/python3.10/site-packages/airflow/example_dags/example_dynamic_task_mapping.py
[2026-09-17T01:22:19.249+0000] {processor.py:826} INFO - Processing file /home/vscode/.local/lib/python3.10/site-packages/airflow/example_dags/example_dynamic_task_mapping.py for tasks to queue
[2026-09-17T01:22:19.250+0000] {logging_mixin.py:150} INFO - [2026-09-17T01:22:19.250+0000] {dagbag.py:541} INFO - Filling up the DagBag from /home/vscode/.local/lib/python3.10/site-packages/airflow/example_dags/example_dynamic_task_mapping.py
[2026-09-17T01:22:19.256+0000] {processor.py:836} INFO - DAG(s) dict_keys(['example_dynamic_task_mapping']) retrieved from /home/vscode/.local/lib/python3.10/site-packages/airflow/example_dags/example_dynamic_task_mapping.py
[2026-09-17T01:22:19.267+0000] {logging_mixin.py:150} INFO - [2026-09-17T01:22:19.267+0000] {dag.py:2742} INFO - Sync 1 DAGs
[2026-09-17T01:22:19.287+0000] {logging_mixin.py:150} INFO - [2026-09-17T01:22:19.287+0000] {dag.py:3504} INFO - Setting next_dagrun for example_dynamic_task_mapping to 2022-03-04T00:00:00+00:00, run_after=2022-03-05T00:00:00+00:00
[2026-09-17T01:22:19.308+0000] {processor.py:179} INFO - Processing /home/vscode/.local/lib/python3.10/site-packages/airflow/example_dags/example_dynamic_task_mapping.py took 0.062 seconds
[2026-09-17T01:22:49.867+0000] {processor.py:157} INFO - Started process (PID=37310) to work on /home/vscode/.local/lib/python3.10/site-packages/airflow/example_dags/example_dynamic_task_mapping.py
[2026-09-17T01:22:49.867+0000] {processor.py:826} INFO - Processing file /home/vscode/.local/lib/python3.10/site-packages/airflow/example_dags/example_dynamic_task_mapping.py for tasks to queue
[2026-09-17T01:22:49.868+0000] {logging_mixin.py:150} INFO - [2026-09-17T01:22:49.868+0000] {dagbag.py:541} INFO - Filling up the DagBag from /home/vscode/.local/lib/python3.10/site-packages/airflow/example_dags/example_dynamic_task_mapping.py
[2026-09-17T01:22:49.874+0000] {processor.py:836} INFO - DAG(s) dict_keys(['example_dynamic_task_mapping']) retrieved from /home/vscode/.local/lib/python3.10/site-packages/airflow/example_dags/example_dynamic_task_mapping.py
[2026-09-17T01:22:49.886+0000] {logging_mixin.py:150} INFO - [2026-09-17T01:22:49.886+0000] {dag.py:2742} INFO - Sync 1 DAGs
[2026-09-17T01:22:49.905+0000] {logging_mixin.py:150} INFO - [2026-09-17T01:22:49.905+0000] {dag.py:3504} INFO - Setting next_dagrun for example_dynamic_task_mapping to 2022-03-04T00:00:00+00:00, run_after=2022-03-05T00:00:00+00:00
[2026-09-17T01:22:49.923+0000] {processor.py:179} INFO - Processing /home/vscode/.local/lib/python3.10/site-packages/airflow/example_dags/example_dynamic_task_mapping.py took 0.059 seconds
[2026-09-17T01:23:04.598+0000] {processor.py:157} INFO - Started process (PID=37432) to work on /home/vscode/.local/lib/python3.10/site-packages/airflow/example_dags/example_dynamic_task_mapping.py
[2026-09-17T01:23:04.599+0000] {processor.py:826} INFO - Processing file /home/vscode/.local/lib/python3.10/site-packages/airflow/example_dags/example_dynamic_task_mapping.py for tasks to queue
[2026-09-17T01:23:04.600+0000] {logging_mixin.py:150} INFO - [2026-09-17T01:23:04.599+0000] {dagbag.py:541} INFO - Filling up the DagBag from /home/vscode/.local/lib/python3.10/site-packages/airflow/example_dags/example_dynamic_task_mapping.py
[2026-09-17T01:23:04.607+0000] {processor.py:836} INFO - DAG(s) dict_keys(['example_dynamic_task_mapping']) retrieved from /home/vscode/.local/lib/python3.10/site-packages/airflow/example_dags/example_dynamic_task_mapping.py
[2026-09-17T01:23:04.621+0000] {logging_mixin.py:150} INFO - [2026-09-17T01:23:04.621+0000] {dag.py:2742} INFO - Sync 1 DAGs
[2026-09-17T01:23:04.637+0000] {logging_mixin.py:150} INFO - [2026-09-17T01:23:04.637+0000] {dag.py:3504} INFO - Setting next_dagrun for example_dynamic_task_mapping to 2022-03-04T00:00:00+00:00, run_after=2022-03-05T00:00:00+00:00
[2026-09-17T01:23:04.654+0000] {processor.py:179} INFO - Processing /home/vscode/.local/lib/python3.10/site-packages/airflow/example_dags/example_dynamic_task_mapping.py took 0.058 seconds
[2026-09-17T01:23:35.814+0000] {processor.py:157} INFO - Started process (PID=37754) to work on /home/vscode/.local/lib/python3.10/site-packages/airflow/example_dags/example_dynamic_task_mapping.py
[2026-09-17T01:23:35.820+0000] {processor.py:826} INFO - Processing file /home/vscode/.local/lib/python3.10/site-packages/airflow/example_dags/example_dynamic_task_mapping.py for tasks to queue
[2026-09-17T01:23:35.821+0000] {logging_mixin.py:150} INFO - [2026-09-17T01:23:35.821+0000] {dagbag.py:541} INFO - Filling up the DagBag from /home/vscode/.local/lib/python3.10/site-packages/airflow/example_dags/example_dynamic_task_mapping.py
[2026-09-17T01:23:35.840+0000] {processor.py:836} INFO - DAG(s) dict_keys(['example_dynamic_task_mapping']) retrieved from /home/vscode/.local/lib/python3.10/site-packages/airflow/example_dags/example_dynamic_task_mapping.py
[2026-09-17T01:23:35.858+0000] {logging_mixin.py:150} INFO - [2026-09-17T01:23:35.858+0000] {dag.py:2742} INFO - Sync 1 DAGs
[2026-09-17T01:23:35.880+0000] {logging_mixin.py:150} INFO - [2026-09-17T01:23:35.880+0000] {dag.py:3504} INFO - Setting next_dagrun for example_dynamic_task_mapping to 2022-03-04T00:00:00+00:00, run_after=2022-03-05T00:00:00+00:00
[2026-09-17T01:23:35.901+0000] {processor.py:179} INFO - Processing /home/vscode/.local/lib/python3.10/site-packages/airflow/example_dags/example_dynamic_task_mapping.py took 0.096 seconds
[2026-09-17T01:23:55.069+0000] {processor.py:157} INFO - Started process (PID=37895) to work on /home/vscode/.local/lib/python3.10/site-packages/airflow/example_dags/example_dynamic_task_mapping.py
[2026-09-17T01:23:55.070+0000] {processor.py:826} INFO - Processing file /home/vscode/.local/lib/python3.10/site-packages/airflow/example_dags/example_dynamic_task_mapping.py for tasks to queue
[2026-09-17T01:23:55.071+0000] {logging_mixin.py:150} INFO - [2026-09-17T01:23:55.070+0000] {dagbag.py:541} INFO - Filling up the DagBag from /home/vscode/.local/lib/python3.10/site-packages/airflow/example_dags/example_dynamic_task_mapping.py
[2026-09-17T01:23:55.077+0000] {processor.py:836} INFO - DAG(s) dict_keys(['example_dynamic_task_mapping']) retrieved from /home/vscode/.local/lib/python3.10/site-packages/airflow/example_dags/example_dynamic_task_mapping.py
[2026-09-17T01:23:55.089+0000] {logging_mixin.py:150} INFO - [2026-09-17T01:23:55.089+0000] {dag.py:2742} INFO - Sync 1 DAGs
[2026-09-17T01:23:55.104+0000] {logging_mixin.py:150} INFO - [2026-09-17T01:23:55.103+0000] {dag.py:3504} INFO - Setting next_dagrun for example_dynamic_task_mapping to 2022-03-04T00:00:00+00:00, run_after=2022-03-05T00:00:00+00:00
[2026-09-17T01:23:55.124+0000] {processor.py:179} INFO - Processing /home/vscode/.local/lib/python3.10/site-packages/airflow/example_dags/example_dynamic_task_mapping.py took 0.057 seconds
[2026-09-17T01:24:28.337+0000] {processor.py:157} INFO - Started process (PID=38425) to work on /home/vscode/.local/lib/python3.10/site-packages/airflow/example_dags/example_dynamic_task_mapping.py
[2026-09-17T01:24:28.338+0000] {processor.py:826} INFO - Processing file /home/vscode/.local/lib/python3.10/site-packages/airflow/example_dags/example_dynamic_task_mapping.py for tasks to queue
[2026-09-17T01:24:28.338+0000] {logging_mixin.py:150} INFO - [2026-09-17T01:24:28.338+0000] {dagbag.py:541} INFO - Filling up the DagBag from /home/vscode/.local/lib/python3.10/site-packages/airflow/example_dags/example_dynamic_task_mapping.py
[2026-09-17T01:24:28.344+0000] {processor.py:836} INFO - DAG(s) dict_keys(['example_dynamic_task_mapping']) retrieved from /home/vscode/.local/lib/python3.10/site-packages/airflow/example_dags/example_dynamic_task_mapping.py
[2026-09-17T01:24:28.356+0000] {logging_mixin.py:150} INFO - [2026-09-17T01:24:28.356+0000] {dag.py:2742} INFO - Sync 1 DAGs
[2026-09-17T01:24:28.370+0000] {logging_mixin.py:150} INFO - [2026-09-17T01:24:28.370+0000] {dag.py:3504} INFO - Setting next_dagrun for example_dynamic_task_mapping to 2022-03-04T00:00:00+00:00, run_after=2022-03-05T00:00:00+00:00
[2026-09-17T01:24:28.388+0000] {processor.py:179} INFO - Processing /home/vscode/.local/lib/python3.10/site-packages/airflow/example_dags/example_dynamic_task_mapping.py took 0.053 seconds
