[2026-09-17T00:55:39.128+0000] {processor.py:157} INFO - Started process (PID=22061) to work on /home/vscode/.local/lib/python3.10/site-packages/airflow/example_dags/example_nested_branch_dag.py
[2026-09-17T00:55:39.132+0000] {processor.py:826} INFO - Processing file /home/vscode/.local/lib/python3.10/site-packages/airflow/example_dags/example_nested_branch_dag.py for tasks to queue
[2026-09-17T00:55:39.134+0000] {logging_mixin.py:150} INFO - [2026-09-17T00:55:39.133+0000] {dagbag.py:541} INFO - Filling up the DagBag from /home/vscode/.local/lib/python3.10/site-packages/airflow/example_dags/example_nested_branch_dag.py
[2026-09-17T00:55:39.189+0000] {processor.py:836} INFO - DAG(s) dict_keys(['example_nested_branch_dag']) retrieved from /home/vscode/.local/lib/python3.10/site-packages/airflow/example_dags/example_nested_branch_dag.py
[2026-09-17T00:55:39.594+0000] {logging_mixin.py:150} INFO - [2026-09-17T00:55:39.594+0000] {manager.py:504} INFO - Created Permission View: can delete on DAG:example_nested_branch_dag
[2026-09-17T00:55:39.629+0000] {logging_mixin.py:150} INFO - [2026-09-17T00:55:39.628+0000] {manager.py:504} INFO - Created Permission View: can edit on DAG:example_nested_branch_dag
[2026-09-17T00:55:39.655+0000] {logging_mixin.py:150} INFO - [2026-09-17T00:55:39.654+0000] {manager.py:504} INFO - Created Permission View: can read on DAG:example_nested_branch_dag
[2026-09-17T00:55:39.687+0000] {logging_mixin.py:150} INFO - [2026-09-17T00:55:39.687+0000] {dag.py:2742} INFO - Sync 1 DAGs
[2026-09-17T00:55:39.723+0000] {logging_mixin.py:150} INFO - [2026-09-17T00:55:39.722+0000] {dag.py:2763} INFO - Creating ORM DAG for example_nested_branch_dag
[2026-09-17T00:55:39.753+0000] {logging_mixin.py:150} INFO - [2026-09-17T00:55:39.752+0000] {dag.py:3504} INFO - Setting next_dagrun for example_nested_branch_dag to 2026-09-16T00:00:00+00:00, run_after=2026-09-17T00:00:00+00:00
[2026-09-17T00:55:39.905+0000] {processor.py:179} INFO - Processing /home/vscode/.local/lib/python3.10/site-packages/airflow/example_dags/example_nested_branch_dag.py took 0.781 seconds
[2026-09-17T00:56:08.996+0000] {processor.py:157} INFO - Started process (PID=22367) to work on /home/vscode/.local/lib/python3.10/site-packages/airflow/example_dags/example_nested_branch_dag.py
[2026-09-17T00:56:08.997+0000] {processor.py:826} INFO - Processing file /home/vscode/.local/lib/python3.10/site-packages/airflow/example_dags/example_nested_branch_dag.py for tasks to queue
[2026-09-17T00:56:08.998+0000] {logging_mixin.py:150} INFO - [2026-09-17T00:56:08.997+0000] {dagbag.py:541} INFO - Filling up the DagBag from /home/vscode/.local/lib/python3.10/site-packages/airflow/example_dags/example_nested_branch_dag.py
[2026-09-17T00:56:09.010+0000] {processor.py:836} INFO - DAG(s) dict_keys(['example_nested_branch_dag']) retrieved from /home/vscode/.local/lib/python3.10/site-packages/airflow/example_dags/example_nested_branch_dag.py
[2026-09-17T00:56:09.019+0000] {logging_mixin.py:150} INFO - [2026-09-17T00:56:09.019+0000] {dag.py:2742} INFO - Sync 1 DAGs
[2026-09-17T00:56:09.044+0000] {logging_mixin.py:150} INFO - [2026-09-17T00:56:09.044+0000] {dag.py:3504} INFO - Setting next_dagrun for example_nested_branch_dag to 2026-09-16T00:00:00+00:00, run_after=2026-09-17T00:00:00+00:00
[2026-09-17T00:56:09.069+0000] {processor.py:179} INFO - Processing /home/vscode/.local/lib/python3.10/site-packages/airflow/example_dags/example_nested_branch_dag.py took 0.077 seconds
[2026-09-17T00:56:33.712+0000] {processor.py:157} INFO - Started process (PID=22631) to work on /home/vscode/.local/lib/python3.10/site-packages/airflow/example_dags/example_nested_branch_dag.py
[2026-09-17T00:56:33.713+0000] {processor.py:826} INFO - Processing file /home/vscode/.local/lib/python3.10/site-packages/airflow/example_dags/example_nested_branch_dag.py for tasks to queue
[2026-09-17T00:56:33.714+0000] {logging_mixin.py:150} INFO - [2026-09-17T00:56:33.713+0000] {dagbag.py:541} INFO - Filling up the DagBag from /home/vscode/.local/lib/python3.10/site-packages/airflow/example_dags/example_nested_branch_dag.py
[2026-09-17T00:56:33.722+0000] {processor.py:836} INFO - DAG(s) dict_keys(['example_nested_branch_dag']) retrieved from /home/vscode/.local/lib/python3.10/site-packages/airflow/example_dags/example_nested_branch_dag.py
[2026-09-17T00:56:33.736+0000] {logging_mixin.py:150} INFO - [2026-09-17T00:56:33.736+0000] {dag.py:2742} INFO - Sync 1 DAGs
[2026-09-17T00:56:33.752+0000] {logging_mixin.py:150} INFO - [2026-09-17T00:56:33.752+0000] {dag.py:3504} INFO - Setting next_dagrun for example_nested_branch_dag to 2026-09-16T00:00:00+00:00, run_after=2026-09-17T00:00:00+00:00
[2026-09-17T00:56:33.767+0000] {processor.py:179} INFO - Processing /home/vscode/.local/lib/python3.10/site-packages/airflow/example_dags/example_nested_branch_dag.py took 0.059 seconds
[2026-09-17T00:56:55.999+0000] {processor.py:157} INFO - Started process (PID=22820) to work on /home/vscode/.local/lib/python3.10/site-packages/airflow/example_dags/example_nested_branch_dag.py
[2026-09-17T00:56:56.000+0000] {processor.py:826} INFO - Processing file /home/vscode/.local/lib/python3.10/site-packages/airflow/example_dags/example_nested_branch_dag.py for tasks to queue
[2026-09-17T00:56:56.001+0000] {logging_mixin.py:150} INFO - [2026-09-17T00:56:56.000+0000] {dagbag.py:541} INFO - Filling up the DagBag from /home/vscode/.local/lib/python3.10/site-packages/airflow/example_dags/example_nested_branch_dag.py
[2026-09-17T00:56:56.023+0000] {processor.py:836} INFO - DAG(s) dict_keys(['example_nested_branch_dag']) retrieved from /home/vscode/.local/lib/python3.10/site-packages/airflow/example_dags/example_nested_branch_dag.py
[2026-09-17T00:56:56.048+0000] {logging_mixin.py:150} INFO - [2026-09-17T00:56:56.047+0000] {dag.py:2742} INFO - Sync 1 DAGs
[2026-09-17T00:56:56.073+0000] {logging_mixin.py:150} INFO - [2026-09-17T00:56:56.073+0000] {dag.py:3504} INFO - Setting next_dagrun for example_nested_branch_dag to 2026-09-16T00:00:00+00:00, run_after=2026-09-17T00:00:00+00:00
[2026-09-17T00:56:56.109+0000] {processor.py:179} INFO - Processing /home/vscode/.local/lib/python3.10/site-packages/airflow/example_dags/example_nested_branch_dag.py took 0.113 seconds
[2026-09-17T00:57:23.281+0000] {processor.py:157} INFO - Started process (PID=23016) to work on /home/vscode/.local/lib/python3.10/site-packages/airflow/example_dags/example_nested_branch_dag.py
[2026-09-17T00:57:23.282+0000] {processor.py:826} INFO - Processing file /home/vscode/.local/lib/python3.10/site-packages/airflow/example_dags/example_nested_branch_dag.py for tasks to queue
[2026-09-17T00:57:23.283+0000] {logging_mixin.py:150} INFO - [2026-09-17T00:57:23.282+0000] {dagbag.py:541} INFO - Filling up the DagBag from /home/vscode/.local/lib/python3.10/site-packages/airflow/example_dags/example_nested_branch_dag.py
[2026-09-17T00:57:23.304+0000] {processor.py:836} INFO - DAG(s) dict_keys(['example_nested_branch_dag']) retrieved from /home/vscode/.local/lib/python3.10/site-packages/airflow/example_dags/example_nested_branch_dag.py
[2026-09-17T00:57:23.333+0000] {logging_mixin.py:150} INFO - [2026-09-17T00:57:23.333+0000] {dag.py:2742} INFO - Sync 1 DAGs
[2026-09-17T00:57:23.356+0000] {logging_mixin.py:150} INFO - [2026-09-17T00:57:23.356+0000] {dag.py:3504} INFO - Setting next_dagrun for example_nested_branch_dag to 2026-09-16T00:00:00+00:00, run_after=2026-09-17T00:00:00+00:00
[2026-09-17T00:57:23.421+0000] {processor.py:179} INFO - Processing /home/vscode/.local/lib/python3.10/site-packages/airflow/example_dags/example_nested_branch_dag.py took 0.143 seconds
[2026-09-17T00:57:45.516+0000] {processor.py:157} INFO - Started process (PID=23188) to work on /home/vscode/.local/lib/python3.10/site-packages/airflow/example_dags/example_nested_branch_dag.py
[2026-09-17T00:57:45.517+0000] {processor.py:826} INFO - Processing file /home/vscode/.local/lib/python3.10/site-packages/airflow/example_dags/example_nested_branch_dag.py for tasks to queue
[2026-09-17T00:57:45.518+0000] {logging_mixin.py:150} INFO - [2026-09-17T00:57:45.518+0000] {dagbag.py:541} INFO - Filling up the DagBag from /home/vscode/.local/lib/python3.10/site-packages/airflow/example_dags/example_nested_branch_dag.py
[2026-09-17T00:57:45.526+0000] {processor.py:836} INFO - DAG(s) dict_keys(['example_nested_branch_dag']) retrieved from /home/vscode/.local/lib/python3.10/site-packages/airflow/example_dags/example_nested_branch_dag.py
[2026-09-17T00:57:45.540+0000] {logging_mixin.py:150} INFO - [2026-09-17T00:57:45.540+0000] {dag.py:2742} INFO - Sync 1 DAGs
[2026-09-17T00:57:45.562+0000] {logging_mixin.py:150} INFO - [2026-09-17T00:57:45.562+0000] {dag.py:3504} INFO - Setting next_dagrun for example_nested_branch_dag to 2026-09-16T00:00:00+00:00, run_after=2026-09-17T00:00:00+00:00
[2026-09-17T00:57:45.588+0000] {processor.py:179} INFO - Processing /home/vscode/.local/lib/python3.10/site-packages/airflow/example_dags/example_nested_branch_dag.py took 0.074 seconds
[2026-09-17T00:58:12.575+0000] {processor.py:157} INFO - Started process (PID=23408) to work on /home/vscode/.local/lib/python3.10/site-packages/airflow/example_dags/example_nested_branch_dag.py
[2026-09-17T00:58:12.576+0000] {processor.py:826} INFO - Processing file /home/vscode/.local/lib/python3.10/site-packages/airflow/example_dags/example_nested_branch_dag.py for tasks to queue
[2026-09-17T00:58:12.576+0000] {logging_mixin.py:150} INFO - [2026-09-17T00:58:12.576+0000] {dagbag.py:541} INFO - Filling up the DagBag from /home/vscode/.local/lib/python3.10/site-packages/airflow/example_dags/example_nested_branch_dag.py
[2026-09-17T00:58:12.587+0000] {processor.py:836} INFO - DAG(s) dict_keys(['example_nested_branch_dag']) retrieved from /home/vscode/.local/lib/python3.10/site-packages/airflow/example_dags/example_nested_branch_dag.py
[2026-09-17T00:58:12.607+0000] {logging_mixin.py:150} INFO - [2026-09-17T00:58:12.607+0000] {dag.py:2742} INFO - Sync 1 DAGs
[2026-09-17T00:58:12.623+0000] {logging_mixin.py:150} INFO - [2026-09-17T00:58:12.623+0000] {dag.py:3504} INFO - Setting next_dagrun for example_nested_branch_dag to 2026-09-16T00:00:00+00:00, run_after=2026-09-17T00:00:00+00:00
[2026-09-17T00:58:12.639+0000] {processor.py:179} INFO - Processing /home/vscode/.local/lib/python3.10/site-packages/airflow/example_dags/example_nested_branch_dag.py took 0.066 seconds
[2026-09-17T00:58:36.947+0000] {processor.py:157} INFO - Started process (PID=23688) to work on /home/vscode/.local/lib/python3.10/site-packages/airflow/example_dags/example_nested_branch_dag.py
[2026-09-17T00:58:36.947+0000] {processor.py:826} INFO - Processing file /home/vscode/.local/lib/python3.10/site-packages/airflow/example_dags/example_nested_branch_dag.py for tasks to queue
[2026-09-17T00:58:36.948+0000] {logging_mixin.py:150} INFO - [2026-09-17T00:58:36.948+0000] {dagbag.py:541} INFO - Filling up the DagBag from /home/vscode/.local/lib/python3.10/site-packages/airflow/example_dags/example_nested_branch_dag.py
[2026-09-17T00:58:36.956+0000] {processor.py:836} INFO - DAG(s) dict_keys(['example_nested_branch_dag']) retrieved from /home/vscode/.local/lib/python3.10/site-packages/airflow/example_dags/example_nested_branch_dag.py
[2026-09-17T00:58:36.971+0000] {logging_mixin.py:150} INFO - [2026-09-17T00:58:36.970+0000] {dag.py:2742} INFO - Sync 1 DAGs
[2026-09-17T00:58:36.989+0000] {logging_mixin.py:150} INFO - [2026-09-17T00:58:36.988+0000] {dag.py:3504} INFO - Setting next_dagrun for example_nested_branch_dag to 2026-09-16T00:00:00+00:00, run_after=2026-09-17T00:00:00+00:00
[2026-09-17T00:58:37.008+0000] {processor.py:179} INFO - Processing /home/vscode/.local/lib/python3.10/site-packages/airflow/example_dags/example_nested_branch_dag.py took 0.064 seconds
[2026-09-17T00:59:01.401+0000] {processor.py:157} INFO - Started process (PID=24022) to work on /home/vscode/.local/lib/python3.10/site-packages/airflow/example_dags/example_nested_branch_dag.py
[2026-09-17T00:59:01.402+0000] {processor.py:826} INFO - Processing file /home/vscode/.local/lib/python3.10/site-packages/airflow/example_dags/example_nested_branch_dag.py for tasks to queue
[2026-09-17T00:59:01.403+0000] {logging_mixin.py:150} INFO - [2026-09-17T00:59:01.402+0000] {dagbag.py:541} INFO - Filling up the DagBag from /home/vscode/.local/lib/python3.10/site-packages/airflow/example_dags/example_nested_branch_dag.py
[2026-09-17T00:59:01.417+0000] {processor.py:836} INFO - DAG(s) dict_keys(['example_nested_branch_dag']) retrieved from /home/vscode/.local/lib/python3.10/site-packages/airflow/example_dags/example_nested_branch_dag.py
[2026-09-17T00:59:01.443+0000] {logging_mixin.py:150} INFO - [2026-09-17T00:59:01.443+0000] {dag.py:2742} INFO - Sync 1 DAGs
[2026-09-17T00:59:01.465+0000] {logging_mixin.py:150} INFO - [2026-09-17T00:59:01.465+0000] {dag.py:3504} INFO - Setting next_dagrun for example_nested_branch_dag to 2026-09-16T00:00:00+00:00, run_after=2026-09-17T00:00:00+00:00
[2026-09-17T00:59:01.490+0000] {processor.py:179} INFO - Processing /home/vscode/.local/lib/python3.10/site-packages/airflow/example_dags/example_nested_branch_dag.py took 0.093 seconds
[2026-09-17T00:59:33.420+0000] {processor.py:157} INFO - Started process (PID=24373) to work on /home/vscode/.local/lib/python3.10/site-packages/airflow/example_dags/example_nested_branch_dag.py
[2026-09-17T00:59:33.420+0000] {processor.py:826} INFO - Processing file /home/vscode/.local/lib/python3.10/site-packages/airflow/example_dags/example_nested_branch_dag.py for tasks to queue
[2026-09-17T00:59:33.421+0000] {logging_mixin.py:150} INFO - [2026-09-17T00:59:33.421+0000] {dagbag.py:541} INFO - Filling up the DagBag from /home/vscode/.local/lib/python3.10/site-packages/airflow/example_dags/example_nested_branch_dag.py
[2026-09-17T00:59:33.429+0000] {processor.py:836} INFO - DAG(s) dict_keys(['example_nested_branch_dag']) retrieved from /home/vscode/.local/lib/python3.10/site-packages/airflow/example_dags/example_nested_branch_dag.py
[2026-09-17T00:59:33.443+0000] {logging_mixin.py:150} INFO - [2026-09-17T00:59:33.443+0000] {dag.py:2742} INFO - Sync 1 DAGs
[2026-09-17T00:59:33.459+0000] {logging_mixin.py:150} INFO - [2026-09-17T00:59:33.459+0000] {dag.py:3504} INFO - Setting next_dagrun for example_nested_branch_dag to 2026-09-16T00:00:00+00:00, run_after=2026-09-17T00:00:00+00:00
[2026-09-17T00:59:33.477+0000] {processor.py:179} INFO - Processing /home/vscode/.local/lib/python3.10/site-packages/airflow/example_dags/example_nested_branch_dag.py took 0.060 seconds
[2026-09-17T00:59:53.027+0000] {processor.py:157} INFO - Started process (PID=24680) to work on /home/vscode/.local/lib/python3.10/site-packages/airflow/example_dags/example_nested_branch_dag.py
[2026-09-17T00:59:53.028+0000] {processor.py:826} INFO - Processing file /home/vscode/.local/lib/python3.10/site-packages/airflow/example_dags/example_nested_branch_dag.py for tasks to queue
[2026-09-17T00:59:53.029+0000] {logging_mixin.py:150} INFO - [2026-09-17T00:59:53.029+0000] {dagbag.py:541} INFO - Filling up the DagBag from /home/vscode/.local/lib/python3.10/site-packages/airflow/example_dags/example_nested_branch_dag.py
[2026-09-17T00:59:53.041+0000] {processor.py:836} INFO - DAG(s) dict_keys(['example_nested_branch_dag']) retrieved from /home/vscode/.local/lib/python3.10/site-packages/airflow/example_dags/example_nested_branch_dag.py
[2026-09-17T00:59:53.063+0000] {logging_mixin.py:150} INFO - [2026-09-17T00:59:53.063+0000] {dag.py:2742} INFO - Sync 1 DAGs
[2026-09-17T00:59:53.095+0000] {logging_mixin.py:150} INFO - [2026-09-17T00:59:53.095+0000] {dag.py:3504} INFO - Setting next_dagrun for example_nested_branch_dag to 2026-09-16T00:00:00+00:00, run_after=2026-09-17T00:00:00+00:00
[2026-09-17T00:59:53.137+0000] {processor.py:179} INFO - Processing /home/vscode/.local/lib/python3.10/site-packages/airflow/example_dags/example_nested_branch_dag.py took 0.114 seconds
[2026-09-17T01:00:23.043+0000] {processor.py:157} INFO - Started process (PID=25139) to work on /home/vscode/.local/lib/python3.10/site-packages/airflow/example_dags/example_nested_branch_dag.py
[2026-09-17T01:00:23.044+0000] {processor.py:826} INFO - Processing file /home/vscode/.local/lib/python3.10/site-packages/airflow/example_dags/example_nested_branch_dag.py for tasks to queue
[2026-09-17T01:00:23.045+0000] {logging_mixin.py:150} INFO - [2026-09-17T01:00:23.045+0000] {dagbag.py:541} INFO - Filling up the DagBag from /home/vscode/.local/lib/python3.10/site-packages/airflow/example_dags/example_nested_branch_dag.py
[2026-09-17T01:00:23.054+0000] {processor.py:836} INFO - DAG(s) dict_keys(['example_nested_branch_dag']) retrieved from /home/vscode/.local/lib/python3.10/site-packages/airflow/example_dags/example_nested_branch_dag.py
[2026-09-17T01:00:23.068+0000] {logging_mixin.py:150} INFO - [2026-09-17T01:00:23.068+0000] {dag.py:2742} INFO - Sync 1 DAGs
[2026-09-17T01:00:23.085+0000] {logging_mixin.py:150} INFO - [2026-09-17T01:00:23.085+0000] {dag.py:3504} INFO - Setting next_dagrun for example_nested_branch_dag to 2026-09-16T00:00:00+00:00, run_after=2026-09-17T00:00:00+00:00
[2026-09-17T01:00:23.109+0000] {processor.py:179} INFO - Processing /home/vscode/.local/lib/python3.10/site-packages/airflow/example_dags/example_nested_branch_dag.py took 0.068 seconds
[2026-09-17T01:00:46.474+0000] {processor.py:157} INFO - Started process (PID=25395) to work on /home/vscode/.local/lib/python3.10/site-packages/airflow/example_dags/example_nested_branch_dag.py
[2026-09-17T01:00:46.475+0000] {processor.py:826} INFO - Processing file /home/vscode/.local/lib/python3.10/site-packages/airflow/example_dags/example_nested_branch_dag.py for tasks to queue
[2026-09-17T01:00:46.476+0000] {logging_mixin.py:150} INFO - [2026-09-17T01:00:46.476+0000] {dagbag.py:541} INFO - Filling up the DagBag from /home/vscode/.local/lib/python3.10/site-packages/airflow/example_dags/example_nested_branch_dag.py
[2026-09-17T01:00:46.485+0000] {processor.py:836} INFO - DAG(s) dict_keys(['example_nested_branch_dag']) retrieved from /home/vscode/.local/lib/python3.10/site-packages/airflow/example_dags/example_nested_branch_dag.py
[2026-09-17T01:00:46.503+0000] {logging_mixin.py:150} INFO - [2026-09-17T01:00:46.503+0000] {dag.py:2742} INFO - Sync 1 DAGs
[2026-09-17T01:00:46.518+0000] {logging_mixin.py:150} INFO - [2026-09-17T01:00:46.518+0000] {dag.py:3504} INFO - Setting next_dagrun for example_nested_branch_dag to 2026-09-16T00:00:00+00:00, run_after=2026-09-17T00:00:00+00:00
[2026-09-17T01:00:46.536+0000] {processor.py:179} INFO - Processing /home/vscode/.local/lib/python3.10/site-packages/airflow/example_dags/example_nested_branch_dag.py took 0.064 seconds
[2026-09-17T01:01:13.310+0000] {processor.py:157} INFO - Started process (PID=25622) to work on /home/vscode/.local/lib/python3.10/site-packages/airflow/example_dags/example_nested_branch_dag.py
[2026-09-17T01:01:13.310+0000] {processor.py:826} INFO - Processing file /home/vscode/.local/lib/python3.10/site-packages/airflow/example_dags/example_nested_branch_dag.py for tasks to queue
[2026-09-17T01:01:13.311+0000] {logging_mixin.py:150} INFO - [2026-09-17T01:01:13.311+0000] {dagbag.py:541} INFO - Filling up the DagBag from /home/vscode/.local/lib/python3.10/site-packages/airflow/example_dags/example_nested_branch_dag.py
[2026-09-17T01:01:13.319+0000] {processor.py:836} INFO - DAG(s) dict_keys(['example_nested_branch_dag']) retrieved from /home/vscode/.local/lib/python3.10/site-packages/airflow/example_dags/example_nested_branch_dag.py
[2026-09-17T01:01:13.333+0000] {logging_mixin.py:150} INFO - [2026-09-17T01:01:13.333+0000] {dag.py:2742} INFO - Sync 1 DAGs
[2026-09-17T01:01:13.350+0000] {logging_mixin.py:150} INFO - [2026-09-17T01:01:13.350+0000] {dag.py:3504} INFO - Setting next_dagrun for example_nested_branch_dag to 2026-09-16T00:00:00+00:00, run_after=2026-09-17T00:00:00+00:00
[2026-09-17T01:01:13.367+0000] {processor.py:179} INFO - Processing /home/vscode/.local/lib/python3.10/site-packages/airflow/example_dags/example_nested_branch_dag.py took 0.060 seconds
[2026-09-17T01:01:38.024+0000] {processor.py:157} INFO - Started process (PID=25815) to work on /home/vscode/.local/lib/python3.10/site-packages/airflow/example_dags/example_nested_branch_dag.py
[2026-09-17T01:01:38.025+0000] {processor.py:826} INFO - Processing file /home/vscode/.local/lib/python3.10/site-packages/airflow/example_dags/example_nested_branch_dag.py for tasks to queue
[2026-09-17T01:01:38.026+0000] {logging_mixin.py:150} INFO - [2026-09-17T01:01:38.025+0000] {dagbag.py:541} INFO - Filling up the DagBag from /home/vscode/.local/lib/python3.10/site-packages/airflow/example_dags/example_nested_branch_dag.py
[2026-09-17T01:01:38.034+0000] {processor.py:836} INFO - DAG(s) dict_keys(['example_nested_branch_dag']) retrieved from /home/vscode/.local/lib/python3.10/site-packages/airflow/example_dags/example_nested_branch_dag.py
[2026-09-17T01:01:38.048+0000] {logging_mixin.py:150} INFO - [2026-09-17T01:01:38.048+0000] {dag.py:2742} INFO - Sync 1 DAGs
[2026-09-17T01:01:38.069+0000] {logging_mixin.py:150} INFO - [2026-09-17T01:01:38.069+0000] {dag.py:3504} INFO - Setting next_dagrun for example_nested_branch_dag to 2026-09-16T00:00:00+00:00, run_after=2026-09-17T00:00:00+00:00
[2026-09-17T01:01:38.093+0000] {processor.py:179} INFO - Processing /home/vscode/.local/lib/python3.10/site-packages/airflow/example_dags/example_nested_branch_dag.py took 0.072 seconds
[2026-09-17T01:02:00.268+0000] {processor.py:157} INFO - Started process (PID=26001) to work on /home/vscode/.local/lib/python3.10/site-packages/airflow/example_dags/example_nested_branch_dag.py
[2026-09-17T01:02:00.269+0000] {processor.py:826} INFO - Processing file /home/vscode/.local/lib/python3.10/site-packages/airflow/example_dags/example_nested_branch_dag.py for tasks to queue
[2026-09-17T01:02:00.269+0000] {logging_mixin.py:150} INFO - [2026-09-17T01:02:00.269+0000] {dagbag.py:541} INFO - Filling up the DagBag from /home/vscode/.local/lib/python3.10/site-packages/airflow/example_dags/example_nested_branch_dag.py
[2026-09-17T01:02:00.277+0000] {processor.py:836} INFO - DAG(s) dict_keys(['example_nested_branch_dag']) retrieved from /home/vscode/.local/lib/python3.10/site-packages/airflow/example_dags/example_nested_branch_dag.py
[2026-09-17T01:02:00.295+0000] {logging_mixin.py:150} INFO - [2026-09-17T01:02:00.295+0000] {dag.py:2742} INFO - Sync 1 DAGs
[2026-09-17T01:02:00.312+0000] {logging_mixin.py:150} INFO - [2026-09-17T01:02:00.312+0000] {dag.py:3504} INFO - Setting next_dagrun for example_nested_branch_dag to 2026-09-16T00:00:00+00:00, run_after=2026-09-17T00:00:00+00:00
[2026-09-17T01:02:00.330+0000] {processor.py:179} INFO - Processing /home/vscode/.local/lib/python3.10/site-packages/airflow/example_dags/example_nested_branch_dag.py took 0.064 seconds
[2026-09-17T01:02:30.748+0000] {processor.py:157} INFO - Started process (PID=26264) to work on /home/vscode/.local/lib/python3.10/site-packages/airflow/example_dags/example_nested_branch_dag.py
[2026-09-17T01:02:30.748+0000] {processor.py:826} INFO - Processing file /home/vscode/.local/lib/python3.10/site-packages/airflow/example_dags/example_nested_branch_dag.py for tasks to queue
[2026-09-17T01:02:30.749+0000] {logging_mixin.py:150} INFO - [2026-09-17T01:02:30.749+0000] {dagbag.py:541} INFO - Filling up the DagBag from /home/vscode/.local/lib/python3.10/site-packages/airflow/example_dags/example_nested_branch_dag.py
[2026-09-17T01:02:30.757+0000] {processor.py:836} INFO - DAG(s) dict_keys(['example_nested_branch_dag']) retrieved from /home/vscode/.local/lib/python3.10/site-packages/airflow/example_dags/example_nested_branch_dag.py
[2026-09-17T01:02:30.770+0000] {logging_mixin.py:150} INFO - [2026-09-17T01:02:30.770+0000] {dag.py:2742} INFO - Sync 1 DAGs
[2026-09-17T01:02:30.788+0000] {logging_mixin.py:150} INFO - [2026-09-17T01:02:30.787+0000] {dag.py:3504} INFO - Setting next_dagrun for example_nested_branch_dag to 2026-09-16T00:00:00+00:00, run_after=2026-09-17T00:00:00+00:00
[2026-09-17T01:02:30.811+0000] {processor.py:179} INFO - Processing /home/vscode/.local/lib/python3.10/site-packages/airflow/example_dags/example_nested_branch_dag.py took 0.066 seconds
[2026-09-17T01:02:44.572+0000] {processor.py:157} INFO - Started process (PID=26381) to work on /home/vscode/.local/lib/python3.10/site-packages/airflow/example_dags/example_nested_branch_dag.py
[2026-09-17T01:02:44.573+0000] {processor.py:826} INFO - Processing file /home/vscode/.local/lib/python3.10/site-packages/airflow/example_dags/example_nested_branch_dag.py for tasks to queue
[2026-09-17T01:02:44.574+0000] {logging_mixin.py:150} INFO - [2026-09-17T01:02:44.573+0000] {dagbag.py:541} INFO - Filling up the DagBag from /home/vscode/.local/lib/python3.10/site-packages/airflow/example_dags/example_nested_branch_dag.py
[2026-09-17T01:02:44.581+0000] {processor.py:836} INFO - DAG(s) dict_keys(['example_nested_branch_dag']) retrieved from /home/vscode/.local/lib/python3.10/site-packages/airflow/example_dags/example_nested_branch_dag.py
[2026-09-17T01:02:44.600+0000] {logging_mixin.py:150} INFO - [2026-09-17T01:02:44.600+0000] {dag.py:2742} INFO - Sync 1 DAGs
[2026-09-17T01:02:44.617+0000] {logging_mixin.py:150} INFO - [2026-09-17T01:02:44.616+0000] {dag.py:3504} INFO - Setting next_dagrun for example_nested_branch_dag to 2026-09-16T00:00:00+00:00, run_after=2026-09-17T00:00:00+00:00
[2026-09-17T01:02:44.634+0000] {processor.py:179} INFO - Processing /home/vscode/.local/lib/python3.10/site-packages/airflow/example_dags/example_nested_branch_dag.py took 0.064 seconds
[2026-09-17T01:03:25.700+0000] {processor.py:157} INFO - Started process (PID=26736) to work on /home/vscode/.local/lib/python3.10/site-packages/airflow/example_dags/example_nested_branch_dag.py
[2026-09-17T01:03:25.700+0000] {processor.py:826} INFO - Processing file /home/vscode/.local/lib/python3.10/site-packages/airflow/example_dags/example_nested_branch_dag.py for tasks to queue
[2026-09-17T01:03:25.701+0000] {logging_mixin.py:150} INFO - [2026-09-17T01:03:25.701+0000] {dagbag.py:541} INFO - Filling up the DagBag from /home/vscode/.local/lib/python3.10/site-packages/airflow/example_dags/example_nested_branch_dag.py
[2026-09-17T01:03:25.709+0000] {processor.py:836} INFO - DAG(s) dict_keys(['example_nested_branch_dag']) retrieved from /home/vscode/.local/lib/python3.10/site-packages/airflow/example_dags/example_nested_branch_dag.py
[2026-09-17T01:03:25.723+0000] {logging_mixin.py:150} INFO - [2026-09-17T01:03:25.723+0000] {dag.py:2742} INFO - Sync 1 DAGs
[2026-09-17T01:03:25.741+0000] {logging_mixin.py:150} INFO - [2026-09-17T01:03:25.740+0000] {dag.py:3504} INFO - Setting next_dagrun for example_nested_branch_dag to 2026-09-16T00:00:00+00:00, run_after=2026-09-17T00:00:00+00:00
[2026-09-17T01:03:25.757+0000] {processor.py:179} INFO - Processing /home/vscode/.local/lib/python3.10/site-packages/airflow/example_dags/example_nested_branch_dag.py took 0.060 seconds
[2026-09-17T01:03:32.724+0000] {processor.py:157} INFO - Started process (PID=26795) to work on /home/vscode/.local/lib/python3.10/site-packages/airflow/example_dags/example_nested_branch_dag.py
[2026-09-17T01:03:32.725+0000] {processor.py:826} INFO - Processing file /home/vscode/.local/lib/python3.10/site-packages/airflow/example_dags/example_nested_branch_dag.py for tasks to queue
[2026-09-17T01:03:32.726+0000] {logging_mixin.py:150} INFO - [2026-09-17T01:03:32.725+0000] {dagbag.py:541} INFO - Filling up the DagBag from /home/vscode/.local/lib/python3.10/site-packages/airflow/example_dags/example_nested_branch_dag.py
[2026-09-17T01:03:32.734+0000] {processor.py:836} INFO - DAG(s) dict_keys(['example_nested_branch_dag']) retrieved from /home/vscode/.local/lib/python3.10/site-packages/airflow/example_dags/example_nested_branch_dag.py
[2026-09-17T01:03:32.748+0000] {logging_mixin.py:150} INFO - [2026-09-17T01:03:32.748+0000] {dag.py:2742} INFO - Sync 1 DAGs
[2026-09-17T01:03:32.766+0000] {logging_mixin.py:150} INFO - [2026-09-17T01:03:32.766+0000] {dag.py:3504} INFO - Setting next_dagrun for example_nested_branch_dag to 2026-09-16T00:00:00+00:00, run_after=2026-09-17T00:00:00+00:00
[2026-09-17T01:03:32.786+0000] {processor.py:179} INFO - Processing /home/vscode/.local/lib/python3.10/site-packages/airflow/example_dags/example_nested_branch_dag.py took 0.064 seconds
[2026-09-17T01:04:14.026+0000] {processor.py:157} INFO - Started process (PID=27147) to work on /home/vscode/.local/lib/python3.10/site-packages/airflow/example_dags/example_nested_branch_dag.py
[2026-09-17T01:04:14.027+0000] {processor.py:826} INFO - Processing file /home/vscode/.local/lib/python3.10/site-packages/airflow/example_dags/example_nested_branch_dag.py for tasks to queue
[2026-09-17T01:04:14.028+0000] {logging_mixin.py:150} INFO - [2026-09-17T01:04:14.027+0000] {dagbag.py:541} INFO - Filling up the DagBag from /home/vscode/.local/lib/python3.10/site-packages/airflow/example_dags/example_nested_branch_dag.py
[2026-09-17T01:04:14.036+0000] {processor.py:836} INFO - DAG(s) dict_keys(['example_nested_branch_dag']) retrieved from /home/vscode/.local/lib/python3.10/site-packages/airflow/example_dags/example_nested_branch_dag.py
[2026-09-17T01:04:14.054+0000] {logging_mixin.py:150} INFO - [2026-09-17T01:04:14.054+0000] {dag.py:2742} INFO - Sync 1 DAGs
[2026-09-17T01:04:14.077+0000] {logging_mixin.py:150} INFO - [2026-09-17T01:04:14.077+0000] {dag.py:3504} INFO - Setting next_dagrun for example_nested_branch_dag to 2026-09-16T00:00:00+00:00, run_after=2026-09-17T00:00:00+00:00
[2026-09-17T01:04:14.123+0000] {processor.py:179} INFO - Processing /home/vscode/.local/lib/python3.10/site-packages/airflow/example_dags/example_nested_branch_dag.py took 0.100 seconds
[2026-09-17T01:04:24.509+0000] {processor.py:157} INFO - Started process (PID=27238) to work on /home/vscode/.local/lib/python3.10/site-packages/airflow/example_dags/example_nested_branch_dag.py
[2026-09-17T01:04:24.509+0000] {processor.py:826} INFO - Processing file /home/vscode/.local/lib/python3.10/site-packages/airflow/example_dags/example_nested_branch_dag.py for tasks to queue
[2026-09-17T01:04:24.510+0000] {logging_mixin.py:150} INFO - [2026-09-17T01:04:24.510+0000] {dagbag.py:541} INFO - Filling up the DagBag from /home/vscode/.local/lib/python3.10/site-packages/airflow/example_dags/example_nested_branch_dag.py
[2026-09-17T01:04:24.520+0000] {processor.py:836} INFO - DAG(s) dict_keys(['example_nested_branch_dag']) retrieved from /home/vscode/.local/lib/python3.10/site-packages/airflow/example_dags/example_nested_branch_dag.py
[2026-09-17T01:04:24.542+0000] {logging_mixin.py:150} INFO - [2026-09-17T01:04:24.541+0000] {dag.py:2742} INFO - Sync 1 DAGs
[2026-09-17T01:04:24.565+0000] {logging_mixin.py:150} INFO - [2026-09-17T01:04:24.565+0000] {dag.py:3504} INFO - Setting next_dagrun for example_nested_branch_dag to 2026-09-16T00:00:00+00:00, run_after=2026-09-17T00:00:00+00:00
[2026-09-17T01:04:24.586+0000] {processor.py:179} INFO - Processing /home/vscode/.local/lib/python3.10/site-packages/airflow/example_dags/example_nested_branch_dag.py took 0.080 seconds
[2026-09-17T01:05:03.057+0000] {processor.py:157} INFO - Started process (PID=27558) to work on /home/vscode/.local/lib/python3.10/site-packages/airflow/example_dags/example_nested_branch_dag.py
[2026-09-17T01:05:03.058+0000] {processor.py:826} INFO - Processing file /home/vscode/.local/lib/python3.10/site-packages/airflow/example_dags/example_nested_branch_dag.py for tasks to queue
[2026-09-17T01:05:03.058+0000] {logging_mixin.py:150} INFO - [2026-09-17T01:05:03.058+0000] {dagbag.py:541} INFO - Filling up the DagBag from /home/vscode/.local/lib/python3.10/site-packages/airflow/example_dags/example_nested_branch_dag.py
[2026-09-17T01:05:03.066+0000] {processor.py:836} INFO - DAG(s) dict_keys(['example_nested_branch_dag']) retrieved from /home/vscode/.local/lib/python3.10/site-packages/airflow/example_dags/example_nested_branch_dag.py
[2026-09-17T01:05:03.081+0000] {logging_mixin.py:150} INFO - [2026-09-17T01:05:03.080+0000] {dag.py:2742} INFO - Sync 1 DAGs
[2026-09-17T01:05:03.104+0000] {logging_mixin.py:150} INFO - [2026-09-17T01:05:03.104+0000] {dag.py:3504} INFO - Setting next_dagrun for example_nested_branch_dag to 2026-09-16T00:00:00+00:00, run_after=2026-09-17T00:00:00+00:00
[2026-09-17T01:05:03.122+0000] {processor.py:179} INFO - Processing /home/vscode/.local/lib/python3.10/site-packages/airflow/example_dags/example_nested_branch_dag.py took 0.068 seconds
[2026-09-17T01:05:14.607+0000] {processor.py:157} INFO - Started process (PID=27658) to work on /home/vscode/.local/lib/python3.10/site-packages/airflow/example_dags/example_nested_branch_dag.py
[2026-09-17T01:05:14.607+0000] {processor.py:826} INFO - Processing file /home/vscode/.local/lib/python3.10/site-packages/airflow/example_dags/example_nested_branch_dag.py for tasks to queue
[2026-09-17T01:05:14.608+0000] {logging_mixin.py:150} INFO - [2026-09-17T01:05:14.608+0000] {dagbag.py:541} INFO - Filling up the DagBag from /home/vscode/.local/lib/python3.10/site-packages/airflow/example_dags/example_nested_branch_dag.py
[2026-09-17T01:05:14.617+0000] {processor.py:836} INFO - DAG(s) dict_keys(['example_nested_branch_dag']) retrieved from /home/vscode/.local/lib/python3.10/site-packages/airflow/example_dags/example_nested_branch_dag.py
[2026-09-17T01:05:14.632+0000] {logging_mixin.py:150} INFO - [2026-09-17T01:05:14.632+0000] {dag.py:2742} INFO - Sync 1 DAGs
[2026-09-17T01:05:14.649+0000] {logging_mixin.py:150} INFO - [2026-09-17T01:05:14.649+0000] {dag.py:3504} INFO - Setting next_dagrun for example_nested_branch_dag to 2026-09-16T00:00:00+00:00, run_after=2026-09-17T00:00:00+00:00
[2026-09-17T01:05:14.665+0000] {processor.py:179} INFO - Processing /home/vscode/.local/lib/python3.10/site-packages/airflow/example_dags/example_nested_branch_dag.py took 0.061 seconds
[2026-09-17T01:05:50.391+0000] {processor.py:157} INFO - Started process (PID=27995) to work on /home/vscode/.local/lib/python3.10/site-packages/airflow/example_dags/example_nested_branch_dag.py
[2026-09-17T01:05:50.392+0000] {processor.py:826} INFO - Processing file /home/vscode/.local/lib/python3.10/site-packages/airflow/example_dags/example_nested_branch_dag.py for tasks to queue
[2026-09-17T01:05:50.392+0000] {logging_mixin.py:150} INFO - [2026-09-17T01:05:50.392+0000] {dagbag.py:541} INFO - Filling up the DagBag from /home/vscode/.local/lib/python3.10/site-packages/airflow/example_dags/example_nested_branch_dag.py
[2026-09-17T01:05:50.402+0000] {processor.py:836} INFO - DAG(s) dict_keys(['example_nested_branch_dag']) retrieved from /home/vscode/.local/lib/python3.10/site-packages/airflow/example_dags/example_nested_branch_dag.py
[2026-09-17T01:05:50.416+0000] {logging_mixin.py:150} INFO - [2026-09-17T01:05:50.416+0000] {dag.py:2742} INFO - Sync 1 DAGs
[2026-09-17T01:05:50.432+0000] {logging_mixin.py:150} INFO - [2026-09-17T01:05:50.432+0000] {dag.py:3504} INFO - Setting next_dagrun for example_nested_branch_dag to 2026-09-16T00:00:00+00:00, run_after=2026-09-17T00:00:00+00:00
[2026-09-17T01:05:50.450+0000] {processor.py:179} INFO - Processing /home/vscode/.local/lib/python3.10/site-packages/airflow/example_dags/example_nested_branch_dag.py took 0.062 seconds
[2026-09-17T01:06:05.876+0000] {processor.py:157} INFO - Started process (PID=28127) to work on /home/vscode/.local/lib/python3.10/site-packages/airflow/example_dags/example_nested_branch_dag.py
[2026-09-17T01:06:05.877+0000] {processor.py:826} INFO - Processing file /home/vscode/.local/lib/python3.10/site-packages/airflow/example_dags/example_nested_branch_dag.py for tasks to queue
[2026-09-17T01:06:05.878+0000] {logging_mixin.py:150} INFO - [2026-09-17T01:06:05.877+0000] {dagbag.py:541} INFO - Filling up the DagBag from /home/vscode/.local/lib/python3.10/site-packages/airflow/example_dags/example_nested_branch_dag.py
[2026-09-17T01:06:05.889+0000] {processor.py:836} INFO - DAG(s) dict_keys(['example_nested_branch_dag']) retrieved from /home/vscode/.local/lib/python3.10/site-packages/airflow/example_dags/example_nested_branch_dag.py
[2026-09-17T01:06:05.908+0000] {logging_mixin.py:150} INFO - [2026-09-17T01:06:05.908+0000] {dag.py:2742} INFO - Sync 1 DAGs
[2026-09-17T01:06:05.934+0000] {logging_mixin.py:150} INFO - [2026-09-17T01:06:05.934+0000] {dag.py:3504} INFO - Setting next_dagrun for example_nested_branch_dag to 2026-09-16T00:00:00+00:00, run_after=2026-09-17T00:00:00+00:00
[2026-09-17T01:06:05.961+0000] {processor.py:179} INFO - Processing /home/vscode/.local/lib/python3.10/site-packages/airflow/example_dags/example_nested_branch_dag.py took 0.089 seconds
[2026-09-17T01:06:41.759+0000] {processor.py:157} INFO - Started process (PID=28431) to work on /home/vscode/.local/lib/python3.10/site-packages/airflow/example_dags/example_nested_branch_dag.py
[2026-09-17T01:06:41.760+0000] {processor.py:826} INFO - Processing file /home/vscode/.local/lib/python3.10/site-packages/airflow/example_dags/example_nested_branch_dag.py for tasks to queue
[2026-09-17T01:06:41.761+0000] {logging_mixin.py:150} INFO - [2026-09-17T01:06:41.761+0000] {dagbag.py:541} INFO - Filling up the DagBag from /home/vscode/.local/lib/python3.10/site-packages/airflow/example_dags/example_nested_branch_dag.py
[2026-09-17T01:06:41.773+0000] {processor.py:836} INFO - DAG(s) dict_keys(['example_nested_branch_dag']) retrieved from /home/vscode/.local/lib/python3.10/site-packages/airflow/example_dags/example_nested_branch_dag.py
[2026-09-17T01:06:41.803+0000] {logging_mixin.py:150} INFO - [2026-09-17T01:06:41.803+0000] {dag.py:2742} INFO - Sync 1 DAGs
[2026-09-17T01:06:41.821+0000] {logging_mixin.py:150} INFO - [2026-09-17T01:06:41.821+0000] {dag.py:3504} INFO - Setting next_dagrun for example_nested_branch_dag to 2026-09-16T00:00:00+00:00, run_after=2026-09-17T00:00:00+00:00
[2026-09-17T01:06:41.837+0000] {processor.py:179} INFO - Processing /home/vscode/.local/lib/python3.10/site-packages/airflow/example_dags/example_nested_branch_dag.py took 0.086 seconds
[2026-09-17T01:06:53.361+0000] {processor.py:157} INFO - Started process (PID=28523) to work on /home/vscode/.local/lib/python3.10/site-packages/airflow/example_dags/example_nested_branch_dag.py
[2026-09-17T01:06:53.362+0000] {processor.py:826} INFO - Processing file /home/vscode/.local/lib/python3.10/site-packages/airflow/example_dags/example_nested_branch_dag.py for tasks to queue
[2026-09-17T01:06:53.363+0000] {logging_mixin.py:150} INFO - [2026-09-17T01:06:53.362+0000] {dagbag.py:541} INFO - Filling up the DagBag from /home/vscode/.local/lib/python3.10/site-packages/airflow/example_dags/example_nested_branch_dag.py
[2026-09-17T01:06:53.371+0000] {processor.py:836} INFO - DAG(s) dict_keys(['example_nested_branch_dag']) retrieved from /home/vscode/.local/lib/python3.10/site-packages/airflow/example_dags/example_nested_branch_dag.py
[2026-09-17T01:06:53.387+0000] {logging_mixin.py:150} INFO - [2026-09-17T01:06:53.387+0000] {dag.py:2742} INFO - Sync 1 DAGs
[2026-09-17T01:06:53.406+0000] {logging_mixin.py:150} INFO - [2026-09-17T01:06:53.406+0000] {dag.py:3504} INFO - Setting next_dagrun for example_nested_branch_dag to 2026-09-16T00:00:00+00:00, run_after=2026-09-17T00:00:00+00:00
[2026-09-17T01:06:53.423+0000] {processor.py:179} INFO - Processing /home/vscode/.local/lib/python3.10/site-packages/airflow/example_dags/example_nested_branch_dag.py took 0.065 seconds
[2026-09-17T01:07:30.284+0000] {processor.py:157} INFO - Started process (PID=28832) to work on /home/vscode/.local/lib/python3.10/site-packages/airflow/example_dags/example_nested_branch_dag.py
[2026-09-17T01:07:30.284+0000] {processor.py:826} INFO - Processing file /home/vscode/.local/lib/python3.10/site-packages/airflow/example_dags/example_nested_branch_dag.py for tasks to queue
[2026-09-17T01:07:30.285+0000] {logging_mixin.py:150} INFO - [2026-09-17T01:07:30.285+0000] {dagbag.py:541} INFO - Filling up the DagBag from /home/vscode/.local/lib/python3.10/site-packages/airflow/example_dags/example_nested_branch_dag.py
[2026-09-17T01:07:30.293+0000] {processor.py:836} INFO - DAG(s) dict_keys(['example_nested_branch_dag']) retrieved from /home/vscode/.local/lib/python3.10/site-packages/airflow/example_dags/example_nested_branch_dag.py
[2026-09-17T01:07:30.306+0000] {logging_mixin.py:150} INFO - [2026-09-17T01:07:30.306+0000] {dag.py:2742} INFO - Sync 1 DAGs
[2026-09-17T01:07:30.321+0000] {logging_mixin.py:150} INFO - [2026-09-17T01:07:30.321+0000] {dag.py:3504} INFO - Setting next_dagrun for example_nested_branch_dag to 2026-09-16T00:00:00+00:00, run_after=2026-09-17T00:00:00+00:00
[2026-09-17T01:07:30.339+0000] {processor.py:179} INFO - Processing /home/vscode/.local/lib/python3.10/site-packages/airflow/example_dags/example_nested_branch_dag.py took 0.058 seconds
[2026-09-17T01:07:45.842+0000] {processor.py:157} INFO - Started process (PID=28966) to work on /home/vscode/.local/lib/python3.10/site-packages/airflow/example_dags/example_nested_branch_dag.py
[2026-09-17T01:07:45.843+0000] {processor.py:826} INFO - Processing file /home/vscode/.local/lib/python3.10/site-packages/airflow/example_dags/example_nested_branch_dag.py for tasks to queue
[2026-09-17T01:07:45.844+0000] {logging_mixin.py:150} INFO - [2026-09-17T01:07:45.843+0000] {dagbag.py:541} INFO - Filling up the DagBag from /home/vscode/.local/lib/python3.10/site-packages/airflow/example_dags/example_nested_branch_dag.py
[2026-09-17T01:07:45.854+0000] {processor.py:836} INFO - DAG(s) dict_keys(['example_nested_branch_dag']) retrieved from /home/vscode/.local/lib/python3.10/site-packages/airflow/example_dags/example_nested_branch_dag.py
[2026-09-17T01:07:45.874+0000] {logging_mixin.py:150} INFO - [2026-09-17T01:07:45.874+0000] {dag.py:2742} INFO - Sync 1 DAGs
[2026-09-17T01:07:45.905+0000] {logging_mixin.py:150} INFO - [2026-09-17T01:07:45.905+0000] {dag.py:3504} INFO - Setting next_dagrun for example_nested_branch_dag to 2026-09-16T00:00:00+00:00, run_after=2026-09-17T00:00:00+00:00
[2026-09-17T01:07:45.940+0000] {processor.py:179} INFO - Processing /home/vscode/.local/lib/python3.10/site-packages/airflow/example_dags/example_nested_branch_dag.py took 0.101 seconds
[2026-09-17T01:08:20.737+0000] {processor.py:157} INFO - Started process (PID=29267) to work on /home/vscode/.local/lib/python3.10/site-packages/airflow/example_dags/example_nested_branch_dag.py
[2026-09-17T01:08:20.738+0000] {processor.py:826} INFO - Processing file /home/vscode/.local/lib/python3.10/site-packages/airflow/example_dags/example_nested_branch_dag.py for tasks to queue
[2026-09-17T01:08:20.739+0000] {logging_mixin.py:150} INFO - [2026-09-17T01:08:20.738+0000] {dagbag.py:541} INFO - Filling up the DagBag from /home/vscode/.local/lib/python3.10/site-packages/airflow/example_dags/example_nested_branch_dag.py
[2026-09-17T01:08:20.747+0000] {processor.py:836} INFO - DAG(s) dict_keys(['example_nested_branch_dag']) retrieved from /home/vscode/.local/lib/python3.10/site-packages/airflow/example_dags/example_nested_branch_dag.py
[2026-09-17T01:08:20.760+0000] {logging_mixin.py:150} INFO - [2026-09-17T01:08:20.760+0000] {dag.py:2742} INFO - Sync 1 DAGs
[2026-09-17T01:08:20.777+0000] {logging_mixin.py:150} INFO - [2026-09-17T01:08:20.777+0000] {dag.py:3504} INFO - Setting next_dagrun for example_nested_branch_dag to 2026-09-16T00:00:00+00:00, run_after=2026-09-17T00:00:00+00:00
[2026-09-17T01:08:20.800+0000] {processor.py:179} INFO - Processing /home/vscode/.local/lib/python3.10/site-packages/airflow/example_dags/example_nested_branch_dag.py took 0.065 seconds
[2026-09-17T01:08:33.923+0000] {processor.py:157} INFO - Started process (PID=29379) to work on /home/vscode/.local/lib/python3.10/site-packages/airflow/example_dags/example_nested_branch_dag.py
[2026-09-17T01:08:33.924+0000] {processor.py:826} INFO - Processing file /home/vscode/.local/lib/python3.10/site-packages/airflow/example_dags/example_nested_branch_dag.py for tasks to queue
[2026-09-17T01:08:33.925+0000] {logging_mixin.py:150} INFO - [2026-09-17T01:08:33.924+0000] {dagbag.py:541} INFO - Filling up the DagBag from /home/vscode/.local/lib/python3.10/site-packages/airflow/example_dags/example_nested_branch_dag.py
[2026-09-17T01:08:33.936+0000] {processor.py:836} INFO - DAG(s) dict_keys(['example_nested_branch_dag']) retrieved from /home/vscode/.local/lib/python3.10/site-packages/airflow/example_dags/example_nested_branch_dag.py
[2026-09-17T01:08:33.952+0000] {logging_mixin.py:150} INFO - [2026-09-17T01:08:33.952+0000] {dag.py:2742} INFO - Sync 1 DAGs
[2026-09-17T01:08:33.968+0000] {logging_mixin.py:150} INFO - [2026-09-17T01:08:33.967+0000] {dag.py:3504} INFO - Setting next_dagrun for example_nested_branch_dag to 2026-09-16T00:00:00+00:00, run_after=2026-09-17T00:00:00+00:00
[2026-09-17T01:08:33.995+0000] {processor.py:179} INFO - Processing /home/vscode/.local/lib/python3.10/site-packages/airflow/example_dags/example_nested_branch_dag.py took 0.074 seconds
[2026-09-17T01:09:09.289+0000] {processor.py:157} INFO - Started process (PID=29682) to work on /home/vscode/.local/lib/python3.10/site-packages/airflow/example_dags/example_nested_branch_dag.py
[2026-09-17T01:09:09.291+0000] {processor.py:826} INFO - Processing file /home/vscode/.local/lib/python3.10/site-packages/airflow/example_dags/example_nested_branch_dag.py for tasks to queue
[2026-09-17T01:09:09.292+0000] {logging_mixin.py:150} INFO - [2026-09-17T01:09:09.291+0000] {dagbag.py:541} INFO - Filling up the DagBag from /home/vscode/.local/lib/python3.10/site-packages/airflow/example_dags/example_nested_branch_dag.py
[2026-09-17T01:09:09.303+0000] {processor.py:836} INFO - DAG(s) dict_keys(['example_nested_branch_dag']) retrieved from /home/vscode/.local/lib/python3.10/site-packages/airflow/example_dags/example_nested_branch_dag.py
[2026-09-17T01:09:09.320+0000] {logging_mixin.py:150} INFO - [2026-09-17T01:09:09.319+0000] {dag.py:2742} INFO - Sync 1 DAGs
[2026-09-17T01:09:09.342+0000] {logging_mixin.py:150} INFO - [2026-09-17T01:09:09.342+0000] {dag.py:3504} INFO - Setting next_dagrun for example_nested_branch_dag to 2026-09-16T00:00:00+00:00, run_after=2026-09-17T00:00:00+00:00
[2026-09-17T01:09:09.360+0000] {processor.py:179} INFO - Processing /home/vscode/.local/lib/python3.10/site-packages/airflow/example_dags/example_nested_branch_dag.py took 0.074 seconds
[2026-09-17T01:09:21.199+0000] {processor.py:157} INFO - Started process (PID=29781) to work on /home/vscode/.local/lib/python3.10/site-packages/airflow/example_dags/example_nested_branch_dag.py
[2026-09-17T01:09:21.202+0000] {processor.py:826} INFO - Processing file /home/vscode/.local/lib/python3.10/site-packages/airflow/example_dags/example_nested_branch_dag.py for tasks to queue
[2026-09-17T01:09:21.203+0000] {logging_mixin.py:150} INFO - [2026-09-17T01:09:21.202+0000] {dagbag.py:541} INFO - Filling up the DagBag from /home/vscode/.local/lib/python3.10/site-packages/airflow/example_dags/example_nested_branch_dag.py
[2026-09-17T01:09:21.217+0000] {processor.py:836} INFO - DAG(s) dict_keys(['example_nested_branch_dag']) retrieved from /home/vscode/.local/lib/python3.10/site-packages/airflow/example_dags/example_nested_branch_dag.py
[2026-09-17T01:09:21.239+0000] {logging_mixin.py:150} INFO - [2026-09-17T01:09:21.239+0000] {dag.py:2742} INFO - Sync 1 DAGs
[2026-09-17T01:09:21.262+0000] {logging_mixin.py:150} INFO - [2026-09-17T01:09:21.262+0000] {dag.py:3504} INFO - Setting next_dagrun for example_nested_branch_dag to 2026-09-16T00:00:00+00:00, run_after=2026-09-17T00:00:00+00:00
[2026-09-17T01:09:21.278+0000] {processor.py:179} INFO - Processing /home/vscode/.local/lib/python3.10/site-packages/airflow/example_dags/example_nested_branch_dag.py took 0.086 seconds
[2026-09-17T01:09:59.859+0000] {processor.py:157} INFO - Started process (PID=30115) to work on /home/vscode/.local/lib/python3.10/site-packages/airflow/example_dags/example_nested_branch_dag.py
[2026-09-17T01:09:59.860+0000] {processor.py:826} INFO - Processing file /home/vscode/.local/lib/python3.10/site-packages/airflow/example_dags/example_nested_branch_dag.py for tasks to queue
[2026-09-17T01:09:59.861+0000] {logging_mixin.py:150} INFO - [2026-09-17T01:09:59.861+0000] {dagbag.py:541} INFO - Filling up the DagBag from /home/vscode/.local/lib/python3.10/site-packages/airflow/example_dags/example_nested_branch_dag.py
[2026-09-17T01:09:59.869+0000] {processor.py:836} INFO - DAG(s) dict_keys(['example_nested_branch_dag']) retrieved from /home/vscode/.local/lib/python3.10/site-packages/airflow/example_dags/example_nested_branch_dag.py
[2026-09-17T01:09:59.886+0000] {logging_mixin.py:150} INFO - [2026-09-17T01:09:59.885+0000] {dag.py:2742} INFO - Sync 1 DAGs
[2026-09-17T01:09:59.908+0000] {logging_mixin.py:150} INFO - [2026-09-17T01:09:59.908+0000] {dag.py:3504} INFO - Setting next_dagrun for example_nested_branch_dag to 2026-09-16T00:00:00+00:00, run_after=2026-09-17T00:00:00+00:00
[2026-09-17T01:09:59.926+0000] {processor.py:179} INFO - Processing /home/vscode/.local/lib/python3.10/site-packages/airflow/example_dags/example_nested_branch_dag.py took 0.070 seconds
[2026-09-17T01:10:07.619+0000] {processor.py:157} INFO - Started process (PID=30186) to work on /home/vscode/.local/lib/python3.10/site-packages/airflow/example_dags/example_nested_branch_dag.py
[2026-09-17T01:10:07.620+0000] {processor.py:826} INFO - Processing file /home/vscode/.local/lib/python3.10/site-packages/airflow/example_dags/example_nested_branch_dag.py for tasks to queue
[2026-09-17T01:10:07.621+0000] {logging_mixin.py:150} INFO - [2026-09-17T01:10:07.620+0000] {dagbag.py:541} INFO - Filling up the DagBag from /home/vscode/.local/lib/python3.10/site-packages/airflow/example_dags/example_nested_branch_dag.py
[2026-09-17T01:10:07.633+0000] {processor.py:836} INFO - DAG(s) dict_keys(['example_nested_branch_dag']) retrieved from /home/vscode/.local/lib/python3.10/site-packages/airflow/example_dags/example_nested_branch_dag.py
[2026-09-17T01:10:07.649+0000] {logging_mixin.py:150} INFO - [2026-09-17T01:10:07.649+0000] {dag.py:2742} INFO - Sync 1 DAGs
[2026-09-17T01:10:07.665+0000] {logging_mixin.py:150} INFO - [2026-09-17T01:10:07.664+0000] {dag.py:3504} INFO - Setting next_dagrun for example_nested_branch_dag to 2026-09-16T00:00:00+00:00, run_after=2026-09-17T00:00:00+00:00
[2026-09-17T01:10:07.682+0000] {processor.py:179} INFO - Processing /home/vscode/.local/lib/python3.10/site-packages/airflow/example_dags/example_nested_branch_dag.py took 0.066 seconds
[2026-09-17T01:10:49.970+0000] {processor.py:157} INFO - Started process (PID=30577) to work on /home/vscode/.local/lib/python3.10/site-packages/airflow/example_dags/example_nested_branch_dag.py
[2026-09-17T01:10:49.971+0000] {processor.py:826} INFO - Processing file /home/vscode/.local/lib/python3.10/site-packages/airflow/example_dags/example_nested_branch_dag.py for tasks to queue
[2026-09-17T01:10:49.971+0000] {logging_mixin.py:150} INFO - [2026-09-17T01:10:49.971+0000] {dagbag.py:541} INFO - Filling up the DagBag from /home/vscode/.local/lib/python3.10/site-packages/airflow/example_dags/example_nested_branch_dag.py
[2026-09-17T01:10:49.979+0000] {processor.py:836} INFO - DAG(s) dict_keys(['example_nested_branch_dag']) retrieved from /home/vscode/.local/lib/python3.10/site-packages/airflow/example_dags/example_nested_branch_dag.py
[2026-09-17T01:10:49.998+0000] {logging_mixin.py:150} INFO - [2026-09-17T01:10:49.998+0000] {dag.py:2742} INFO - Sync 1 DAGs
[2026-09-17T01:10:50.014+0000] {logging_mixin.py:150} INFO - [2026-09-17T01:10:50.014+0000] {dag.py:3504} INFO - Setting next_dagrun for example_nested_branch_dag to 2026-09-16T00:00:00+00:00, run_after=2026-09-17T00:00:00+00:00
[2026-09-17T01:10:50.032+0000] {processor.py:179} INFO - Processing /home/vscode/.local/lib/python3.10/site-packages/airflow/example_dags/example_nested_branch_dag.py took 0.065 seconds
[2026-09-17T01:10:56.438+0000] {processor.py:157} INFO - Started process (PID=30632) to work on /home/vscode/.local/lib/python3.10/site-packages/airflow/example_dags/example_nested_branch_dag.py
[2026-09-17T01:10:56.439+0000] {processor.py:826} INFO - Processing file /home/vscode/.local/lib/python3.10/site-packages/airflow/example_dags/example_nested_branch_dag.py for tasks to queue
[2026-09-17T01:10:56.440+0000] {logging_mixin.py:150} INFO - [2026-09-17T01:10:56.439+0000] {dagbag.py:541} INFO - Filling up the DagBag from /home/vscode/.local/lib/python3.10/site-packages/airflow/example_dags/example_nested_branch_dag.py
[2026-09-17T01:10:56.447+0000] {processor.py:836} INFO - DAG(s) dict_keys(['example_nested_branch_dag']) retrieved from /home/vscode/.local/lib/python3.10/site-packages/airflow/example_dags/example_nested_branch_dag.py
[2026-09-17T01:10:56.462+0000] {logging_mixin.py:150} INFO - [2026-09-17T01:10:56.461+0000] {dag.py:2742} INFO - Sync 1 DAGs
[2026-09-17T01:10:56.477+0000] {logging_mixin.py:150} INFO - [2026-09-17T01:10:56.477+0000] {dag.py:3504} INFO - Setting next_dagrun for example_nested_branch_dag to 2026-09-16T00:00:00+00:00, run_after=2026-09-17T00:00:00+00:00
[2026-09-17T01:10:56.496+0000] {processor.py:179} INFO - Processing /home/vscode/.local/lib/python3.10/site-packages/airflow/example_dags/example_nested_branch_dag.py took 0.060 seconds
[2026-09-17T01:11:39.084+0000] {processor.py:157} INFO - Started process (PID=31002) to work on /home/vscode/.local/lib/python3.10/site-packages/airflow/example_dags/example_nested_branch_dag.py
[2026-09-17T01:11:39.086+0000] {processor.py:826} INFO - Processing file /home/vscode/.local/lib/python3.10/site-packages/airflow/example_dags/example_nested_branch_dag.py for tasks to queue
[2026-09-17T01:11:39.087+0000] {logging_mixin.py:150} INFO - [2026-09-17T01:11:39.087+0000] {dagbag.py:541} INFO - Filling up the DagBag from /home/vscode/.local/lib/python3.10/site-packages/airflow/example_dags/example_nested_branch_dag.py
[2026-09-17T01:11:39.099+0000] {processor.py:836} INFO - DAG(s) dict_keys(['example_nested_branch_dag']) retrieved from /home/vscode/.local/lib/python3.10/site-packages/airflow/example_dags/example_nested_branch_dag.py
[2026-09-17T01:11:39.126+0000] {logging_mixin.py:150} INFO - [2026-09-17T01:11:39.126+0000] {dag.py:2742} INFO - Sync 1 DAGs
[2026-09-17T01:11:39.150+0000] {logging_mixin.py:150} INFO - [2026-09-17T01:11:39.150+0000] {dag.py:3504} INFO - Setting next_dagrun for example_nested_branch_dag to 2026-09-16T00:00:00+00:00, run_after=2026-09-17T00:00:00+00:00
[2026-09-17T01:11:39.167+0000] {processor.py:179} INFO - Processing /home/vscode/.local/lib/python3.10/site-packages/airflow/example_dags/example_nested_branch_dag.py took 0.088 seconds
[2026-09-17T01:11:46.976+0000] {processor.py:157} INFO - Started process (PID=31064) to work on /home/vscode/.local/lib/python3.10/site-packages/airflow/example_dags/example_nested_branch_dag.py
[2026-09-17T01:11:46.976+0000] {processor.py:826} INFO - Processing file /home/vscode/.local/lib/python3.10/site-packages/airflow/example_dags/example_nested_branch_dag.py for tasks to queue
[2026-09-17T01:11:46.977+0000] {logging_mixin.py:150} INFO - [2026-09-17T01:11:46.977+0000] {dagbag.py:541} INFO - Filling up the DagBag from /home/vscode/.local/lib/python3.10/site-packages/airflow/example_dags/example_nested_branch_dag.py
[2026-09-17T01:11:46.987+0000] {processor.py:836} INFO - DAG(s) dict_keys(['example_nested_branch_dag']) retrieved from /home/vscode/.local/lib/python3.10/site-packages/airflow/example_dags/example_nested_branch_dag.py
[2026-09-17T01:11:47.004+0000] {logging_mixin.py:150} INFO - [2026-09-17T01:11:47.004+0000] {dag.py:2742} INFO - Sync 1 DAGs
[2026-09-17T01:11:47.019+0000] {logging_mixin.py:150} INFO - [2026-09-17T01:11:47.019+0000] {dag.py:3504} INFO - Setting next_dagrun for example_nested_branch_dag to 2026-09-16T00:00:00+00:00, run_after=2026-09-17T00:00:00+00:00
[2026-09-17T01:11:47.038+0000] {processor.py:179} INFO - Processing /home/vscode/.local/lib/python3.10/site-packages/airflow/example_dags/example_nested_branch_dag.py took 0.065 seconds
[2026-09-17T01:12:29.603+0000] {processor.py:157} INFO - Started process (PID=31435) to work on /home/vscode/.local/lib/python3.10/site-packages/airflow/example_dags/example_nested_branch_dag.py
[2026-09-17T01:12:29.604+0000] {processor.py:826} INFO - Processing file /home/vscode/.local/lib/python3.10/site-packages/airflow/example_dags/example_nested_branch_dag.py for tasks to queue
[2026-09-17T01:12:29.605+0000] {logging_mixin.py:150} INFO - [2026-09-17T01:12:29.605+0000] {dagbag.py:541} INFO - Filling up the DagBag from /home/vscode/.local/lib/python3.10/site-packages/airflow/example_dags/example_nested_branch_dag.py
[2026-09-17T01:12:29.615+0000] {processor.py:836} INFO - DAG(s) dict_keys(['example_nested_branch_dag']) retrieved from /home/vscode/.local/lib/python3.10/site-packages/airflow/example_dags/example_nested_branch_dag.py
[2026-09-17T01:12:29.629+0000] {logging_mixin.py:150} INFO - [2026-09-17T01:12:29.629+0000] {dag.py:2742} INFO - Sync 1 DAGs
[2026-09-17T01:12:29.645+0000] {logging_mixin.py:150} INFO - [2026-09-17T01:12:29.645+0000] {dag.py:3504} INFO - Setting next_dagrun for example_nested_branch_dag to 2026-09-16T00:00:00+00:00, run_after=2026-09-17T00:00:00+00:00
[2026-09-17T01:12:29.661+0000] {processor.py:179} INFO - Processing /home/vscode/.local/lib/python3.10/site-packages/airflow/example_dags/example_nested_branch_dag.py took 0.061 seconds
[2026-09-17T01:12:35.777+0000] {processor.py:157} INFO - Started process (PID=31483) to work on /home/vscode/.local/lib/python3.10/site-packages/airflow/example_dags/example_nested_branch_dag.py
[2026-09-17T01:12:35.777+0000] {processor.py:826} INFO - Processing file /home/vscode/.local/lib/python3.10/site-packages/airflow/example_dags/example_nested_branch_dag.py for tasks to queue
[2026-09-17T01:12:35.778+0000] {logging_mixin.py:150} INFO - [2026-09-17T01:12:35.778+0000] {dagbag.py:541} INFO - Filling up the DagBag from /home/vscode/.local/lib/python3.10/site-packages/airflow/example_dags/example_nested_branch_dag.py
[2026-09-17T01:12:35.789+0000] {processor.py:836} INFO - DAG(s) dict_keys(['example_nested_branch_dag']) retrieved from /home/vscode/.local/lib/python3.10/site-packages/airflow/example_dags/example_nested_branch_dag.py
[2026-09-17T01:12:35.813+0000] {logging_mixin.py:150} INFO - [2026-09-17T01:12:35.813+0000] {dag.py:2742} INFO - Sync 1 DAGs
[2026-09-17T01:12:35.838+0000] {logging_mixin.py:150} INFO - [2026-09-17T01:12:35.838+0000] {dag.py:3504} INFO - Setting next_dagrun for example_nested_branch_dag to 2026-09-16T00:00:00+00:00, run_after=2026-09-17T00:00:00+00:00
[2026-09-17T01:12:35.863+0000] {processor.py:179} INFO - Processing /home/vscode/.local/lib/python3.10/site-packages/airflow/example_dags/example_nested_branch_dag.py took 0.089 seconds
[2026-09-17T01:13:16.082+0000] {processor.py:157} INFO - Started process (PID=31826) to work on /home/vscode/.local/lib/python3.10/site-packages/airflow/example_dags/example_nested_branch_dag.py
[2026-09-17T01:13:16.082+0000] {processor.py:826} INFO - Processing file /home/vscode/.local/lib/python3.10/site-packages/airflow/example_dags/example_nested_branch_dag.py for tasks to queue
[2026-09-17T01:13:16.083+0000] {logging_mixin.py:150} INFO - [2026-09-17T01:13:16.083+0000] {dagbag.py:541} INFO - Filling up the DagBag from /home/vscode/.local/lib/python3.10/site-packages/airflow/example_dags/example_nested_branch_dag.py
[2026-09-17T01:13:16.094+0000] {processor.py:836} INFO - DAG(s) dict_keys(['example_nested_branch_dag']) retrieved from /home/vscode/.local/lib/python3.10/site-packages/airflow/example_dags/example_nested_branch_dag.py
[2026-09-17T01:13:16.114+0000] {logging_mixin.py:150} INFO - [2026-09-17T01:13:16.114+0000] {dag.py:2742} INFO - Sync 1 DAGs
[2026-09-17T01:13:16.135+0000] {logging_mixin.py:150} INFO - [2026-09-17T01:13:16.135+0000] {dag.py:3504} INFO - Setting next_dagrun for example_nested_branch_dag to 2026-09-16T00:00:00+00:00, run_after=2026-09-17T00:00:00+00:00
[2026-09-17T01:13:16.151+0000] {processor.py:179} INFO - Processing /home/vscode/.local/lib/python3.10/site-packages/airflow/example_dags/example_nested_branch_dag.py took 0.072 seconds
[2026-09-17T01:13:23.878+0000] {processor.py:157} INFO - Started process (PID=31896) to work on /home/vscode/.local/lib/python3.10/site-packages/airflow/example_dags/example_nested_branch_dag.py
[2026-09-17T01:13:23.879+0000] {processor.py:826} INFO - Processing file /home/vscode/.local/lib/python3.10/site-packages/airflow/example_dags/example_nested_branch_dag.py for tasks to queue
[2026-09-17T01:13:23.880+0000] {logging_mixin.py:150} INFO - [2026-09-17T01:13:23.879+0000] {dagbag.py:541} INFO - Filling up the DagBag from /home/vscode/.local/lib/python3.10/site-packages/airflow/example_dags/example_nested_branch_dag.py
[2026-09-17T01:13:23.890+0000] {processor.py:836} INFO - DAG(s) dict_keys(['example_nested_branch_dag']) retrieved from /home/vscode/.local/lib/python3.10/site-packages/airflow/example_dags/example_nested_branch_dag.py
[2026-09-17T01:13:23.907+0000] {logging_mixin.py:150} INFO - [2026-09-17T01:13:23.907+0000] {dag.py:2742} INFO - Sync 1 DAGs
[2026-09-17T01:13:23.931+0000] {logging_mixin.py:150} INFO - [2026-09-17T01:13:23.930+0000] {dag.py:3504} INFO - Setting next_dagrun for example_nested_branch_dag to 2026-09-16T00:00:00+00:00, run_after=2026-09-17T00:00:00+00:00
[2026-09-17T01:13:23.963+0000] {processor.py:179} INFO - Processing /home/vscode/.local/lib/python3.10/site-packages/airflow/example_dags/example_nested_branch_dag.py took 0.086 seconds
[2026-09-17T01:14:01.277+0000] {processor.py:157} INFO - Started process (PID=32202) to work on /home/vscode/.local/lib/python3.10/site-packages/airflow/example_dags/example_nested_branch_dag.py
[2026-09-17T01:14:01.277+0000] {processor.py:826} INFO - Processing file /home/vscode/.local/lib/python3.10/site-packages/airflow/example_dags/example_nested_branch_dag.py for tasks to queue
[2026-09-17T01:14:01.278+0000] {logging_mixin.py:150} INFO - [2026-09-17T01:14:01.278+0000] {dagbag.py:541} INFO - Filling up the DagBag from /home/vscode/.local/lib/python3.10/site-packages/airflow/example_dags/example_nested_branch_dag.py
[2026-09-17T01:14:01.289+0000] {processor.py:836} INFO - DAG(s) dict_keys(['example_nested_branch_dag']) retrieved from /home/vscode/.local/lib/python3.10/site-packages/airflow/example_dags/example_nested_branch_dag.py
[2026-09-17T01:14:01.313+0000] {logging_mixin.py:150} INFO - [2026-09-17T01:14:01.313+0000] {dag.py:2742} INFO - Sync 1 DAGs
[2026-09-17T01:14:01.341+0000] {logging_mixin.py:150} INFO - [2026-09-17T01:14:01.341+0000] {dag.py:3504} INFO - Setting next_dagrun for example_nested_branch_dag to 2026-09-16T00:00:00+00:00, run_after=2026-09-17T00:00:00+00:00
[2026-09-17T01:14:01.365+0000] {processor.py:179} INFO - Processing /home/vscode/.local/lib/python3.10/site-packages/airflow/example_dags/example_nested_branch_dag.py took 0.091 seconds
[2026-09-17T01:14:13.647+0000] {processor.py:157} INFO - Started process (PID=32309) to work on /home/vscode/.local/lib/python3.10/site-packages/airflow/example_dags/example_nested_branch_dag.py
[2026-09-17T01:14:13.648+0000] {processor.py:826} INFO - Processing file /home/vscode/.local/lib/python3.10/site-packages/airflow/example_dags/example_nested_branch_dag.py for tasks to queue
[2026-09-17T01:14:13.648+0000] {logging_mixin.py:150} INFO - [2026-09-17T01:14:13.648+0000] {dagbag.py:541} INFO - Filling up the DagBag from /home/vscode/.local/lib/python3.10/site-packages/airflow/example_dags/example_nested_branch_dag.py
[2026-09-17T01:14:13.656+0000] {processor.py:836} INFO - DAG(s) dict_keys(['example_nested_branch_dag']) retrieved from /home/vscode/.local/lib/python3.10/site-packages/airflow/example_dags/example_nested_branch_dag.py
[2026-09-17T01:14:13.669+0000] {logging_mixin.py:150} INFO - [2026-09-17T01:14:13.669+0000] {dag.py:2742} INFO - Sync 1 DAGs
[2026-09-17T01:14:13.687+0000] {logging_mixin.py:150} INFO - [2026-09-17T01:14:13.687+0000] {dag.py:3504} INFO - Setting next_dagrun for example_nested_branch_dag to 2026-09-16T00:00:00+00:00, run_after=2026-09-17T00:00:00+00:00
[2026-09-17T01:14:13.707+0000] {processor.py:179} INFO - Processing /home/vscode/.local/lib/python3.10/site-packages/airflow/example_dags/example_nested_branch_dag.py took 0.063 seconds
[2026-09-17T01:14:50.223+0000] {processor.py:157} INFO - Started process (PID=32625) to work on /home/vscode/.local/lib/python3.10/site-packages/airflow/example_dags/example_nested_branch_dag.py
[2026-09-17T01:14:50.224+0000] {processor.py:826} INFO - Processing file /home/vscode/.local/lib/python3.10/site-packages/airflow/example_dags/example_nested_branch_dag.py for tasks to queue
[2026-09-17T01:14:50.225+0000] {logging_mixin.py:150} INFO - [2026-09-17T01:14:50.224+0000] {dagbag.py:541} INFO - Filling up the DagBag from /home/vscode/.local/lib/python3.10/site-packages/airflow/example_dags/example_nested_branch_dag.py
[2026-09-17T01:14:50.236+0000] {processor.py:836} INFO - DAG(s) dict_keys(['example_nested_branch_dag']) retrieved from /home/vscode/.local/lib/python3.10/site-packages/airflow/example_dags/example_nested_branch_dag.py
[2026-09-17T01:14:50.258+0000] {logging_mixin.py:150} INFO - [2026-09-17T01:14:50.258+0000] {dag.py:2742} INFO - Sync 1 DAGs
[2026-09-17T01:14:50.283+0000] {logging_mixin.py:150} INFO - [2026-09-17T01:14:50.283+0000] {dag.py:3504} INFO - Setting next_dagrun for example_nested_branch_dag to 2026-09-16T00:00:00+00:00, run_after=2026-09-17T00:00:00+00:00
[2026-09-17T01:14:50.310+0000] {processor.py:179} INFO - Processing /home/vscode/.local/lib/python3.10/site-packages/airflow/example_dags/example_nested_branch_dag.py took 0.091 seconds
[2026-09-17T01:15:06.673+0000] {processor.py:157} INFO - Started process (PID=32761) to work on /home/vscode/.local/lib/python3.10/site-packages/airflow/example_dags/example_nested_branch_dag.py
[2026-09-17T01:15:06.674+0000] {processor.py:826} INFO - Processing file /home/vscode/.local/lib/python3.10/site-packages/airflow/example_dags/example_nested_branch_dag.py for tasks to queue
[2026-09-17T01:15:06.675+0000] {logging_mixin.py:150} INFO - [2026-09-17T01:15:06.675+0000] {dagbag.py:541} INFO - Filling up the DagBag from /home/vscode/.local/lib/python3.10/site-packages/airflow/example_dags/example_nested_branch_dag.py
[2026-09-17T01:15:06.687+0000] {processor.py:836} INFO - DAG(s) dict_keys(['example_nested_branch_dag']) retrieved from /home/vscode/.local/lib/python3.10/site-packages/airflow/example_dags/example_nested_branch_dag.py
[2026-09-17T01:15:06.707+0000] {logging_mixin.py:150} INFO - [2026-09-17T01:15:06.706+0000] {dag.py:2742} INFO - Sync 1 DAGs
[2026-09-17T01:15:06.730+0000] {logging_mixin.py:150} INFO - [2026-09-17T01:15:06.729+0000] {dag.py:3504} INFO - Setting next_dagrun for example_nested_branch_dag to 2026-09-16T00:00:00+00:00, run_after=2026-09-17T00:00:00+00:00
[2026-09-17T01:15:06.759+0000] {processor.py:179} INFO - Processing /home/vscode/.local/lib/python3.10/site-packages/airflow/example_dags/example_nested_branch_dag.py took 0.089 seconds
[2026-09-17T01:15:32.962+0000] {processor.py:157} INFO - Started process (PID=32984) to work on /home/vscode/.local/lib/python3.10/site-packages/airflow/example_dags/example_nested_branch_dag.py
[2026-09-17T01:15:32.963+0000] {processor.py:826} INFO - Processing file /home/vscode/.local/lib/python3.10/site-packages/airflow/example_dags/example_nested_branch_dag.py for tasks to queue
[2026-09-17T01:15:32.963+0000] {logging_mixin.py:150} INFO - [2026-09-17T01:15:32.963+0000] {dagbag.py:541} INFO - Filling up the DagBag from /home/vscode/.local/lib/python3.10/site-packages/airflow/example_dags/example_nested_branch_dag.py
[2026-09-17T01:15:32.971+0000] {processor.py:836} INFO - DAG(s) dict_keys(['example_nested_branch_dag']) retrieved from /home/vscode/.local/lib/python3.10/site-packages/airflow/example_dags/example_nested_branch_dag.py
[2026-09-17T01:15:32.985+0000] {logging_mixin.py:150} INFO - [2026-09-17T01:15:32.985+0000] {dag.py:2742} INFO - Sync 1 DAGs
[2026-09-17T01:15:33.001+0000] {logging_mixin.py:150} INFO - [2026-09-17T01:15:33.000+0000] {dag.py:3504} INFO - Setting next_dagrun for example_nested_branch_dag to 2026-09-16T00:00:00+00:00, run_after=2026-09-17T00:00:00+00:00
[2026-09-17T01:15:33.017+0000] {processor.py:179} INFO - Processing /home/vscode/.local/lib/python3.10/site-packages/airflow/example_dags/example_nested_branch_dag.py took 0.057 seconds
[2026-09-17T01:15:57.991+0000] {processor.py:157} INFO - Started process (PID=33231) to work on /home/vscode/.local/lib/python3.10/site-packages/airflow/example_dags/example_nested_branch_dag.py
[2026-09-17T01:15:57.992+0000] {processor.py:826} INFO - Processing file /home/vscode/.local/lib/python3.10/site-packages/airflow/example_dags/example_nested_branch_dag.py for tasks to queue
[2026-09-17T01:15:57.993+0000] {logging_mixin.py:150} INFO - [2026-09-17T01:15:57.992+0000] {dagbag.py:541} INFO - Filling up the DagBag from /home/vscode/.local/lib/python3.10/site-packages/airflow/example_dags/example_nested_branch_dag.py
[2026-09-17T01:15:58.004+0000] {processor.py:836} INFO - DAG(s) dict_keys(['example_nested_branch_dag']) retrieved from /home/vscode/.local/lib/python3.10/site-packages/airflow/example_dags/example_nested_branch_dag.py
[2026-09-17T01:15:58.024+0000] {logging_mixin.py:150} INFO - [2026-09-17T01:15:58.024+0000] {dag.py:2742} INFO - Sync 1 DAGs
[2026-09-17T01:15:58.050+0000] {logging_mixin.py:150} INFO - [2026-09-17T01:15:58.050+0000] {dag.py:3504} INFO - Setting next_dagrun for example_nested_branch_dag to 2026-09-16T00:00:00+00:00, run_after=2026-09-17T00:00:00+00:00
[2026-09-17T01:15:58.081+0000] {processor.py:179} INFO - Processing /home/vscode/.local/lib/python3.10/site-packages/airflow/example_dags/example_nested_branch_dag.py took 0.093 seconds
[2026-09-17T01:16:22.628+0000] {processor.py:157} INFO - Started process (PID=33445) to work on /home/vscode/.local/lib/python3.10/site-packages/airflow/example_dags/example_nested_branch_dag.py
[2026-09-17T01:16:22.629+0000] {processor.py:826} INFO - Processing file /home/vscode/.local/lib/python3.10/site-packages/airflow/example_dags/example_nested_branch_dag.py for tasks to queue
[2026-09-17T01:16:22.630+0000] {logging_mixin.py:150} INFO - [2026-09-17T01:16:22.629+0000] {dagbag.py:541} INFO - Filling up the DagBag from /home/vscode/.local/lib/python3.10/site-packages/airflow/example_dags/example_nested_branch_dag.py
[2026-09-17T01:16:22.637+0000] {processor.py:836} INFO - DAG(s) dict_keys(['example_nested_branch_dag']) retrieved from /home/vscode/.local/lib/python3.10/site-packages/airflow/example_dags/example_nested_branch_dag.py
[2026-09-17T01:16:22.651+0000] {logging_mixin.py:150} INFO - [2026-09-17T01:16:22.651+0000] {dag.py:2742} INFO - Sync 1 DAGs
[2026-09-17T01:16:22.667+0000] {logging_mixin.py:150} INFO - [2026-09-17T01:16:22.666+0000] {dag.py:3504} INFO - Setting next_dagrun for example_nested_branch_dag to 2026-09-16T00:00:00+00:00, run_after=2026-09-17T00:00:00+00:00
[2026-09-17T01:16:22.693+0000] {processor.py:179} INFO - Processing /home/vscode/.local/lib/python3.10/site-packages/airflow/example_dags/example_nested_branch_dag.py took 0.067 seconds
[2026-09-17T01:16:49.632+0000] {processor.py:157} INFO - Started process (PID=33679) to work on /home/vscode/.local/lib/python3.10/site-packages/airflow/example_dags/example_nested_branch_dag.py
[2026-09-17T01:16:49.633+0000] {processor.py:826} INFO - Processing file /home/vscode/.local/lib/python3.10/site-packages/airflow/example_dags/example_nested_branch_dag.py for tasks to queue
[2026-09-17T01:16:49.634+0000] {logging_mixin.py:150} INFO - [2026-09-17T01:16:49.633+0000] {dagbag.py:541} INFO - Filling up the DagBag from /home/vscode/.local/lib/python3.10/site-packages/airflow/example_dags/example_nested_branch_dag.py
[2026-09-17T01:16:49.642+0000] {processor.py:836} INFO - DAG(s) dict_keys(['example_nested_branch_dag']) retrieved from /home/vscode/.local/lib/python3.10/site-packages/airflow/example_dags/example_nested_branch_dag.py
[2026-09-17T01:16:49.657+0000] {logging_mixin.py:150} INFO - [2026-09-17T01:16:49.656+0000] {dag.py:2742} INFO - Sync 1 DAGs
[2026-09-17T01:16:49.672+0000] {logging_mixin.py:150} INFO - [2026-09-17T01:16:49.672+0000] {dag.py:3504} INFO - Setting next_dagrun for example_nested_branch_dag to 2026-09-16T00:00:00+00:00, run_after=2026-09-17T00:00:00+00:00
[2026-09-17T01:16:49.688+0000] {processor.py:179} INFO - Processing /home/vscode/.local/lib/python3.10/site-packages/airflow/example_dags/example_nested_branch_dag.py took 0.061 seconds
[2026-09-17T01:17:11.805+0000] {processor.py:157} INFO - Started process (PID=33870) to work on /home/vscode/.local/lib/python3.10/site-packages/airflow/example_dags/example_nested_branch_dag.py
[2026-09-17T01:17:11.806+0000] {processor.py:826} INFO - Processing file /home/vscode/.local/lib/python3.10/site-packages/airflow/example_dags/example_nested_branch_dag.py for tasks to queue
[2026-09-17T01:17:11.807+0000] {logging_mixin.py:150} INFO - [2026-09-17T01:17:11.806+0000] {dagbag.py:541} INFO - Filling up the DagBag from /home/vscode/.local/lib/python3.10/site-packages/airflow/example_dags/example_nested_branch_dag.py
[2026-09-17T01:17:11.815+0000] {processor.py:836} INFO - DAG(s) dict_keys(['example_nested_branch_dag']) retrieved from /home/vscode/.local/lib/python3.10/site-packages/airflow/example_dags/example_nested_branch_dag.py
[2026-09-17T01:17:11.828+0000] {logging_mixin.py:150} INFO - [2026-09-17T01:17:11.828+0000] {dag.py:2742} INFO - Sync 1 DAGs
[2026-09-17T01:17:11.844+0000] {logging_mixin.py:150} INFO - [2026-09-17T01:17:11.844+0000] {dag.py:3504} INFO - Setting next_dagrun for example_nested_branch_dag to 2026-09-16T00:00:00+00:00, run_after=2026-09-17T00:00:00+00:00
[2026-09-17T01:17:11.860+0000] {processor.py:179} INFO - Processing /home/vscode/.local/lib/python3.10/site-packages/airflow/example_dags/example_nested_branch_dag.py took 0.058 seconds
[2026-09-17T01:17:40.076+0000] {processor.py:157} INFO - Started process (PID=34109) to work on /home/vscode/.local/lib/python3.10/site-packages/airflow/example_dags/example_nested_branch_dag.py
[2026-09-17T01:17:40.077+0000] {processor.py:826} INFO - Processing file /home/vscode/.local/lib/python3.10/site-packages/airflow/example_dags/example_nested_branch_dag.py for tasks to queue
[2026-09-17T01:17:40.078+0000] {logging_mixin.py:150} INFO - [2026-09-17T01:17:40.077+0000] {dagbag.py:541} INFO - Filling up the DagBag from /home/vscode/.local/lib/python3.10/site-packages/airflow/example_dags/example_nested_branch_dag.py
[2026-09-17T01:17:40.087+0000] {processor.py:836} INFO - DAG(s) dict_keys(['example_nested_branch_dag']) retrieved from /home/vscode/.local/lib/python3.10/site-packages/airflow/example_dags/example_nested_branch_dag.py
[2026-09-17T01:17:40.104+0000] {logging_mixin.py:150} INFO - [2026-09-17T01:17:40.104+0000] {dag.py:2742} INFO - Sync 1 DAGs
[2026-09-17T01:17:40.130+0000] {logging_mixin.py:150} INFO - [2026-09-17T01:17:40.129+0000] {dag.py:3504} INFO - Setting next_dagrun for example_nested_branch_dag to 2026-09-16T00:00:00+00:00, run_after=2026-09-17T00:00:00+00:00
[2026-09-17T01:17:40.152+0000] {processor.py:179} INFO - Processing /home/vscode/.local/lib/python3.10/site-packages/airflow/example_dags/example_nested_branch_dag.py took 0.078 seconds
[2026-09-17T01:17:57.847+0000] {processor.py:157} INFO - Started process (PID=34250) to work on /home/vscode/.local/lib/python3.10/site-packages/airflow/example_dags/example_nested_branch_dag.py
[2026-09-17T01:17:57.847+0000] {processor.py:826} INFO - Processing file /home/vscode/.local/lib/python3.10/site-packages/airflow/example_dags/example_nested_branch_dag.py for tasks to queue
[2026-09-17T01:17:57.848+0000] {logging_mixin.py:150} INFO - [2026-09-17T01:17:57.848+0000] {dagbag.py:541} INFO - Filling up the DagBag from /home/vscode/.local/lib/python3.10/site-packages/airflow/example_dags/example_nested_branch_dag.py
[2026-09-17T01:17:57.856+0000] {processor.py:836} INFO - DAG(s) dict_keys(['example_nested_branch_dag']) retrieved from /home/vscode/.local/lib/python3.10/site-packages/airflow/example_dags/example_nested_branch_dag.py
[2026-09-17T01:17:57.870+0000] {logging_mixin.py:150} INFO - [2026-09-17T01:17:57.870+0000] {dag.py:2742} INFO - Sync 1 DAGs
[2026-09-17T01:17:57.889+0000] {logging_mixin.py:150} INFO - [2026-09-17T01:17:57.889+0000] {dag.py:3504} INFO - Setting next_dagrun for example_nested_branch_dag to 2026-09-16T00:00:00+00:00, run_after=2026-09-17T00:00:00+00:00
[2026-09-17T01:17:57.910+0000] {processor.py:179} INFO - Processing /home/vscode/.local/lib/python3.10/site-packages/airflow/example_dags/example_nested_branch_dag.py took 0.065 seconds
[2026-09-17T01:18:25.410+0000] {processor.py:157} INFO - Started process (PID=34487) to work on /home/vscode/.local/lib/python3.10/site-packages/airflow/example_dags/example_nested_branch_dag.py
[2026-09-17T01:18:25.411+0000] {processor.py:826} INFO - Processing file /home/vscode/.local/lib/python3.10/site-packages/airflow/example_dags/example_nested_branch_dag.py for tasks to queue
[2026-09-17T01:18:25.412+0000] {logging_mixin.py:150} INFO - [2026-09-17T01:18:25.411+0000] {dagbag.py:541} INFO - Filling up the DagBag from /home/vscode/.local/lib/python3.10/site-packages/airflow/example_dags/example_nested_branch_dag.py
[2026-09-17T01:18:25.421+0000] {processor.py:836} INFO - DAG(s) dict_keys(['example_nested_branch_dag']) retrieved from /home/vscode/.local/lib/python3.10/site-packages/airflow/example_dags/example_nested_branch_dag.py
[2026-09-17T01:18:25.436+0000] {logging_mixin.py:150} INFO - [2026-09-17T01:18:25.436+0000] {dag.py:2742} INFO - Sync 1 DAGs
[2026-09-17T01:18:25.452+0000] {logging_mixin.py:150} INFO - [2026-09-17T01:18:25.452+0000] {dag.py:3504} INFO - Setting next_dagrun for example_nested_branch_dag to 2026-09-16T00:00:00+00:00, run_after=2026-09-17T00:00:00+00:00
[2026-09-17T01:18:25.469+0000] {processor.py:179} INFO - Processing /home/vscode/.local/lib/python3.10/site-packages/airflow/example_dags/example_nested_branch_dag.py took 0.062 seconds
[2026-09-17T01:18:46.584+0000] {processor.py:157} INFO - Started process (PID=34668) to work on /home/vscode/.local/lib/python3.10/site-packages/airflow/example_dags/example_nested_branch_dag.py
[2026-09-17T01:18:46.584+0000] {processor.py:826} INFO - Processing file /home/vscode/.local/lib/python3.10/site-packages/airflow/example_dags/example_nested_branch_dag.py for tasks to queue
[2026-09-17T01:18:46.585+0000] {logging_mixin.py:150} INFO - [2026-09-17T01:18:46.585+0000] {dagbag.py:541} INFO - Filling up the DagBag from /home/vscode/.local/lib/python3.10/site-packages/airflow/example_dags/example_nested_branch_dag.py
[2026-09-17T01:18:46.593+0000] {processor.py:836} INFO - DAG(s) dict_keys(['example_nested_branch_dag']) retrieved from /home/vscode/.local/lib/python3.10/site-packages/airflow/example_dags/example_nested_branch_dag.py
[2026-09-17T01:18:46.611+0000] {logging_mixin.py:150} INFO - [2026-09-17T01:18:46.611+0000] {dag.py:2742} INFO - Sync 1 DAGs
[2026-09-17T01:18:46.637+0000] {logging_mixin.py:150} INFO - [2026-09-17T01:18:46.637+0000] {dag.py:3504} INFO - Setting next_dagrun for example_nested_branch_dag to 2026-09-16T00:00:00+00:00, run_after=2026-09-17T00:00:00+00:00
[2026-09-17T01:18:46.667+0000] {processor.py:179} INFO - Processing /home/vscode/.local/lib/python3.10/site-packages/airflow/example_dags/example_nested_branch_dag.py took 0.086 seconds
[2026-09-17T01:19:12.013+0000] {processor.py:157} INFO - Started process (PID=34881) to work on /home/vscode/.local/lib/python3.10/site-packages/airflow/example_dags/example_nested_branch_dag.py
[2026-09-17T01:19:12.014+0000] {processor.py:826} INFO - Processing file /home/vscode/.local/lib/python3.10/site-packages/airflow/example_dags/example_nested_branch_dag.py for tasks to queue
[2026-09-17T01:19:12.015+0000] {logging_mixin.py:150} INFO - [2026-09-17T01:19:12.014+0000] {dagbag.py:541} INFO - Filling up the DagBag from /home/vscode/.local/lib/python3.10/site-packages/airflow/example_dags/example_nested_branch_dag.py
[2026-09-17T01:19:12.023+0000] {processor.py:836} INFO - DAG(s) dict_keys(['example_nested_branch_dag']) retrieved from /home/vscode/.local/lib/python3.10/site-packages/airflow/example_dags/example_nested_branch_dag.py
[2026-09-17T01:19:12.037+0000] {logging_mixin.py:150} INFO - [2026-09-17T01:19:12.037+0000] {dag.py:2742} INFO - Sync 1 DAGs
[2026-09-17T01:19:12.053+0000] {logging_mixin.py:150} INFO - [2026-09-17T01:19:12.053+0000] {dag.py:3504} INFO - Setting next_dagrun for example_nested_branch_dag to 2026-09-16T00:00:00+00:00, run_after=2026-09-17T00:00:00+00:00
[2026-09-17T01:19:12.069+0000] {processor.py:179} INFO - Processing /home/vscode/.local/lib/python3.10/site-packages/airflow/example_dags/example_nested_branch_dag.py took 0.058 seconds
[2026-09-17T01:19:34.335+0000] {processor.py:157} INFO - Started process (PID=35050) to work on /home/vscode/.local/lib/python3.10/site-packages/airflow/example_dags/example_nested_branch_dag.py
[2026-09-17T01:19:34.336+0000] {processor.py:826} INFO - Processing file /home/vscode/.local/lib/python3.10/site-packages/airflow/example_dags/example_nested_branch_dag.py for tasks to queue
[2026-09-17T01:19:34.336+0000] {logging_mixin.py:150} INFO - [2026-09-17T01:19:34.336+0000] {dagbag.py:541} INFO - Filling up the DagBag from /home/vscode/.local/lib/python3.10/site-packages/airflow/example_dags/example_nested_branch_dag.py
[2026-09-17T01:19:34.344+0000] {processor.py:836} INFO - DAG(s) dict_keys(['example_nested_branch_dag']) retrieved from /home/vscode/.local/lib/python3.10/site-packages/airflow/example_dags/example_nested_branch_dag.py
[2026-09-17T01:19:34.357+0000] {logging_mixin.py:150} INFO - [2026-09-17T01:19:34.357+0000] {dag.py:2742} INFO - Sync 1 DAGs
[2026-09-17T01:19:34.374+0000] {logging_mixin.py:150} INFO - [2026-09-17T01:19:34.373+0000] {dag.py:3504} INFO - Setting next_dagrun for example_nested_branch_dag to 2026-09-16T00:00:00+00:00, run_after=2026-09-17T00:00:00+00:00
[2026-09-17T01:19:34.400+0000] {processor.py:179} INFO - Processing /home/vscode/.local/lib/python3.10/site-packages/airflow/example_dags/example_nested_branch_dag.py took 0.067 seconds
[2026-09-17T01:20:02.551+0000] {processor.py:157} INFO - Started process (PID=35344) to work on /home/vscode/.local/lib/python3.10/site-packages/airflow/example_dags/example_nested_branch_dag.py
[2026-09-17T01:20:02.552+0000] {processor.py:826} INFO - Processing file /home/vscode/.local/lib/python3.10/site-packages/airflow/example_dags/example_nested_branch_dag.py for tasks to queue
[2026-09-17T01:20:02.553+0000] {logging_mixin.py:150} INFO - [2026-09-17T01:20:02.552+0000] {dagbag.py:541} INFO - Filling up the DagBag from /home/vscode/.local/lib/python3.10/site-packages/airflow/example_dags/example_nested_branch_dag.py
[2026-09-17T01:20:02.561+0000] {processor.py:836} INFO - DAG(s) dict_keys(['example_nested_branch_dag']) retrieved from /home/vscode/.local/lib/python3.10/site-packages/airflow/example_dags/example_nested_branch_dag.py
[2026-09-17T01:20:02.575+0000] {logging_mixin.py:150} INFO - [2026-09-17T01:20:02.575+0000] {dag.py:2742} INFO - Sync 1 DAGs
[2026-09-17T01:20:02.598+0000] {logging_mixin.py:150} INFO - [2026-09-17T01:20:02.598+0000] {dag.py:3504} INFO - Setting next_dagrun for example_nested_branch_dag to 2026-09-16T00:00:00+00:00, run_after=2026-09-17T00:00:00+00:00
[2026-09-17T01:20:02.621+0000] {processor.py:179} INFO - Processing /home/vscode/.local/lib/python3.10/site-packages/airflow/example_dags/example_nested_branch_dag.py took 0.073 seconds
[2026-09-17T01:20:23.619+0000] {processor.py:157} INFO - Started process (PID=35513) to work on /home/vscode/.local/lib/python3.10/site-packages/airflow/example_dags/example_nested_branch_dag.py
[2026-09-17T01:20:23.620+0000] {processor.py:826} INFO - Processing file /home/vscode/.local/lib/python3.10/site-packages/airflow/example_dags/example_nested_branch_dag.py for tasks to queue
[2026-09-17T01:20:23.621+0000] {logging_mixin.py:150} INFO - [2026-09-17T01:20:23.620+0000] {dagbag.py:541} INFO - Filling up the DagBag from /home/vscode/.local/lib/python3.10/site-packages/airflow/example_dags/example_nested_branch_dag.py
[2026-09-17T01:20:23.628+0000] {processor.py:836} INFO - DAG(s) dict_keys(['example_nested_branch_dag']) retrieved from /home/vscode/.local/lib/python3.10/site-packages/airflow/example_dags/example_nested_branch_dag.py
[2026-09-17T01:20:23.642+0000] {logging_mixin.py:150} INFO - [2026-09-17T01:20:23.642+0000] {dag.py:2742} INFO - Sync 1 DAGs
[2026-09-17T01:20:23.658+0000] {logging_mixin.py:150} INFO - [2026-09-17T01:20:23.658+0000] {dag.py:3504} INFO - Setting next_dagrun for example_nested_branch_dag to 2026-09-16T00:00:00+00:00, run_after=2026-09-17T00:00:00+00:00
[2026-09-17T01:20:23.673+0000] {processor.py:179} INFO - Processing /home/vscode/.local/lib/python3.10/site-packages/airflow/example_dags/example_nested_branch_dag.py took 0.057 seconds
[2026-09-17T01:20:49.551+0000] {processor.py:157} INFO - Started process (PID=35758) to work on /home/vscode/.local/lib/python3.10/site-packages/airflow/example_dags/example_nested_branch_dag.py
[2026-09-17T01:20:49.552+0000] {processor.py:826} INFO - Processing file /home/vscode/.local/lib/python3.10/site-packages/airflow/example_dags/example_nested_branch_dag.py for tasks to queue
[2026-09-17T01:20:49.552+0000] {logging_mixin.py:150} INFO - [2026-09-17T01:20:49.552+0000] {dagbag.py:541} INFO - Filling up the DagBag from /home/vscode/.local/lib/python3.10/site-packages/airflow/example_dags/example_nested_branch_dag.py
[2026-09-17T01:20:49.560+0000] {processor.py:836} INFO - DAG(s) dict_keys(['example_nested_branch_dag']) retrieved from /home/vscode/.local/lib/python3.10/site-packages/airflow/example_dags/example_nested_branch_dag.py
[2026-09-17T01:20:49.574+0000] {logging_mixin.py:150} INFO - [2026-09-17T01:20:49.574+0000] {dag.py:2742} INFO - Sync 1 DAGs
[2026-09-17T01:20:49.596+0000] {logging_mixin.py:150} INFO - [2026-09-17T01:20:49.595+0000] {dag.py:3504} INFO - Setting next_dagrun for example_nested_branch_dag to 2026-09-16T00:00:00+00:00, run_after=2026-09-17T00:00:00+00:00
[2026-09-17T01:20:49.614+0000] {processor.py:179} INFO - Processing /home/vscode/.local/lib/python3.10/site-packages/airflow/example_dags/example_nested_branch_dag.py took 0.065 seconds
[2026-09-17T01:21:12.465+0000] {processor.py:157} INFO - Started process (PID=36173) to work on /home/vscode/.local/lib/python3.10/site-packages/airflow/example_dags/example_nested_branch_dag.py
[2026-09-17T01:21:12.466+0000] {processor.py:826} INFO - Processing file /home/vscode/.local/lib/python3.10/site-packages/airflow/example_dags/example_nested_branch_dag.py for tasks to queue
[2026-09-17T01:21:12.467+0000] {logging_mixin.py:150} INFO - [2026-09-17T01:21:12.466+0000] {dagbag.py:541} INFO - Filling up the DagBag from /home/vscode/.local/lib/python3.10/site-packages/airflow/example_dags/example_nested_branch_dag.py
[2026-09-17T01:21:12.475+0000] {processor.py:836} INFO - DAG(s) dict_keys(['example_nested_branch_dag']) retrieved from /home/vscode/.local/lib/python3.10/site-packages/airflow/example_dags/example_nested_branch_dag.py
[2026-09-17T01:21:12.494+0000] {logging_mixin.py:150} INFO - [2026-09-17T01:21:12.494+0000] {dag.py:2742} INFO - Sync 1 DAGs
[2026-09-17T01:21:12.513+0000] {logging_mixin.py:150} INFO - [2026-09-17T01:21:12.513+0000] {dag.py:3504} INFO - Setting next_dagrun for example_nested_branch_dag to 2026-09-16T00:00:00+00:00, run_after=2026-09-17T00:00:00+00:00
[2026-09-17T01:21:12.528+0000] {processor.py:179} INFO - Processing /home/vscode/.local/lib/python3.10/site-packages/airflow/example_dags/example_nested_branch_dag.py took 0.066 seconds
[2026-09-17T01:21:41.060+0000] {processor.py:157} INFO - Started process (PID=36512) to work on /home/vscode/.local/lib/python3.10/site-packages/airflow/example_dags/example_nested_branch_dag.py
[2026-09-17T01:21:41.061+0000] {processor.py:826} INFO - Processing file /home/vscode/.local/lib/python3.10/site-packages/airflow/example_dags/example_nested_branch_dag.py for tasks to queue
[2026-09-17T01:21:41.063+0000] {logging_mixin.py:150} INFO - [2026-09-17T01:21:41.061+0000] {dagbag.py:541} INFO - Filling up the DagBag from /home/vscode/.local/lib/python3.10/site-packages/airflow/example_dags/example_nested_branch_dag.py
[2026-09-17T01:21:41.071+0000] {processor.py:836} INFO - DAG(s) dict_keys(['example_nested_branch_dag']) retrieved from /home/vscode/.local/lib/python3.10/site-packages/airflow/example_dags/example_nested_branch_dag.py
[2026-09-17T01:21:41.087+0000] {logging_mixin.py:150} INFO - [2026-09-17T01:21:41.087+0000] {dag.py:2742} INFO - Sync 1 DAGs
[2026-09-17T01:21:41.109+0000] {logging_mixin.py:150} INFO - [2026-09-17T01:21:41.109+0000] {dag.py:3504} INFO - Setting next_dagrun for example_nested_branch_dag to 2026-09-16T00:00:00+00:00, run_after=2026-09-17T00:00:00+00:00
[2026-09-17T01:21:41.128+0000] {processor.py:179} INFO - Processing /home/vscode/.local/lib/python3.10/site-packages/airflow/example_dags/example_nested_branch_dag.py took 0.072 seconds
[2026-09-17T01:22:01.515+0000] {processor.py:157} INFO - Started process (PID=36700) to work on /home/vscode/.local/lib/python3.10/site-packages/airflow/example_dags/example_nested_branch_dag.py
[2026-09-17T01:22:01.516+0000] {processor.py:826} INFO - Processing file /home/vscode/.local/lib/python3.10/site-packages/airflow/example_dags/example_nested_branch_dag.py for tasks to queue
[2026-09-17T01:22:01.517+0000] {logging_mixin.py:150} INFO - [2026-09-17T01:22:01.516+0000] {dagbag.py:541} INFO - Filling up the DagBag from /home/vscode/.local/lib/python3.10/site-packages/airflow/example_dags/example_nested_branch_dag.py
[2026-09-17T01:22:01.525+0000] {processor.py:836} INFO - DAG(s) dict_keys(['example_nested_branch_dag']) retrieved from /home/vscode/.local/lib/python3.10/site-packages/airflow/example_dags/example_nested_branch_dag.py
[2026-09-17T01:22:01.538+0000] {logging_mixin.py:150} INFO - [2026-09-17T01:22:01.538+0000] {dag.py:2742} INFO - Sync 1 DAGs
[2026-09-17T01:22:01.553+0000] {logging_mixin.py:150} INFO - [2026-09-17T01:22:01.553+0000] {dag.py:3504} INFO - Setting next_dagrun for example_nested_branch_dag to 2026-09-16T00:00:00+00:00, run_after=2026-09-17T00:00:00+00:00
[2026-09-17T01:22:01.570+0000] {processor.py:179} INFO - Processing /home/vscode/.local/lib/python3.10/site-packages/airflow/example_dags/example_nested_branch_dag.py took 0.058 seconds
[2026-09-17T01:22:31.131+0000] {processor.py:157} INFO - Started process (PID=37169) to work on /home/vscode/.local/lib/python3.10/site-packages/airflow/example_dags/example_nested_branch_dag.py
[2026-09-17T01:22:31.131+0000] {processor.py:826} INFO - Processing file /home/vscode/.local/lib/python3.10/site-packages/airflow/example_dags/example_nested_branch_dag.py for tasks to queue
[2026-09-17T01:22:31.132+0000] {logging_mixin.py:150} INFO - [2026-09-17T01:22:31.132+0000] {dagbag.py:541} INFO - Filling up the DagBag from /home/vscode/.local/lib/python3.10/site-packages/airflow/example_dags/example_nested_branch_dag.py
[2026-09-17T01:22:31.140+0000] {processor.py:836} INFO - DAG(s) dict_keys(['example_nested_branch_dag']) retrieved from /home/vscode/.local/lib/python3.10/site-packages/airflow/example_dags/example_nested_branch_dag.py
[2026-09-17T01:22:31.153+0000] {logging_mixin.py:150} INFO - [2026-09-17T01:22:31.153+0000] {dag.py:2742} INFO - Sync 1 DAGs
[2026-09-17T01:22:31.169+0000] {logging_mixin.py:150} INFO - [2026-09-17T01:22:31.169+0000] {dag.py:3504} INFO - Setting next_dagrun for example_nested_branch_dag to 2026-09-16T00:00:00+00:00, run_after=2026-09-17T00:00:00+00:00
[2026-09-17T01:22:31.187+0000] {processor.py:179} INFO - Processing /home/vscode/.local/lib/python3.10/site-packages/airflow/example_dags/example_nested_branch_dag.py took 0.059 seconds
[2026-09-17T01:22:47.895+0000] {processor.py:157} INFO - Started process (PID=37293) to work on /home/vscode/.local/lib/python3.10/site-packages/airflow/example_dags/example_nested_branch_dag.py
[2026-09-17T01:22:47.896+0000] {processor.py:826} INFO - Processing file /home/vscode/.local/lib/python3.10/site-packages/airflow/example_dags/example_nested_branch_dag.py for tasks to queue
[2026-09-17T01:22:47.897+0000] {logging_mixin.py:150} INFO - [2026-09-17T01:22:47.897+0000] {dagbag.py:541} INFO - Filling up the DagBag from /home/vscode/.local/lib/python3.10/site-packages/airflow/example_dags/example_nested_branch_dag.py
[2026-09-17T01:22:47.907+0000] {processor.py:836} INFO - DAG(s) dict_keys(['example_nested_branch_dag']) retrieved from /home/vscode/.local/lib/python3.10/site-packages/airflow/example_dags/example_nested_branch_dag.py
[2026-09-17T01:22:47.922+0000] {logging_mixin.py:150} INFO - [2026-09-17T01:22:47.922+0000] {dag.py:2742} INFO - Sync 1 DAGs
[2026-09-17T01:22:47.937+0000] {logging_mixin.py:150} INFO - [2026-09-17T01:22:47.937+0000] {dag.py:3504} INFO - Setting next_dagrun for example_nested_branch_dag to 2026-09-16T00:00:00+00:00, run_after=2026-09-17T00:00:00+00:00
[2026-09-17T01:22:47.953+0000] {processor.py:179} INFO - Processing /home/vscode/.local/lib/python3.10/site-packages/airflow/example_dags/example_nested_branch_dag.py took 0.062 seconds
[2026-09-17T01:23:16.663+0000] {processor.py:157} INFO - Started process (PID=37579) to work on /home/vscode/.local/lib/python3.10/site-packages/airflow/example_dags/example_nested_branch_dag.py
[2026-09-17T01:23:16.664+0000] {processor.py:826} INFO - Processing file /home/vscode/.local/lib/python3.10/site-packages/airflow/example_dags/example_nested_branch_dag.py for tasks to queue
[2026-09-17T01:23:16.664+0000] {logging_mixin.py:150} INFO - [2026-09-17T01:23:16.664+0000] {dagbag.py:541} INFO - Filling up the DagBag from /home/vscode/.local/lib/python3.10/site-packages/airflow/example_dags/example_nested_branch_dag.py
[2026-09-17T01:23:16.674+0000] {processor.py:836} INFO - DAG(s) dict_keys(['example_nested_branch_dag']) retrieved from /home/vscode/.local/lib/python3.10/site-packages/airflow/example_dags/example_nested_branch_dag.py
[2026-09-17T01:23:16.692+0000] {logging_mixin.py:150} INFO - [2026-09-17T01:23:16.692+0000] {dag.py:2742} INFO - Sync 1 DAGs
[2026-09-17T01:23:16.707+0000] {logging_mixin.py:150} INFO - [2026-09-17T01:23:16.707+0000] {dag.py:3504} INFO - Setting next_dagrun for example_nested_branch_dag to 2026-09-16T00:00:00+00:00, run_after=2026-09-17T00:00:00+00:00
[2026-09-17T01:23:16.732+0000] {processor.py:179} INFO - Processing /home/vscode/.local/lib/python3.10/site-packages/airflow/example_dags/example_nested_branch_dag.py took 0.073 seconds
[2026-09-17T01:23:37.358+0000] {processor.py:157} INFO - Started process (PID=37765) to work on /home/vscode/.local/lib/python3.10/site-packages/airflow/example_dags/example_nested_branch_dag.py
[2026-09-17T01:23:37.359+0000] {processor.py:826} INFO - Processing file /home/vscode/.local/lib/python3.10/site-packages/airflow/example_dags/example_nested_branch_dag.py for tasks to queue
[2026-09-17T01:23:37.360+0000] {logging_mixin.py:150} INFO - [2026-09-17T01:23:37.359+0000] {dagbag.py:541} INFO - Filling up the DagBag from /home/vscode/.local/lib/python3.10/site-packages/airflow/example_dags/example_nested_branch_dag.py
[2026-09-17T01:23:37.367+0000] {processor.py:836} INFO - DAG(s) dict_keys(['example_nested_branch_dag']) retrieved from /home/vscode/.local/lib/python3.10/site-packages/airflow/example_dags/example_nested_branch_dag.py
[2026-09-17T01:23:37.390+0000] {logging_mixin.py:150} INFO - [2026-09-17T01:23:37.390+0000] {dag.py:2742} INFO - Sync 1 DAGs
[2026-09-17T01:23:37.413+0000] {logging_mixin.py:150} INFO - [2026-09-17T01:23:37.413+0000] {dag.py:3504} INFO - Setting next_dagrun for example_nested_branch_dag to 2026-09-16T00:00:00+00:00, run_after=2026-09-17T00:00:00+00:00
[2026-09-17T01:23:37.431+0000] {processor.py:179} INFO - Processing /home/vscode/.local/lib/python3.10/site-packages/airflow/example_dags/example_nested_branch_dag.py took 0.076 seconds
[2026-09-17T01:24:09.133+0000] {processor.py:157} INFO - Started process (PID=38045) to work on /home/vscode/.local/lib/python3.10/site-packages/airflow/example_dags/example_nested_branch_dag.py
[2026-09-17T01:24:09.133+0000] {processor.py:826} INFO - Processing file /home/vscode/.local/lib/python3.10/site-packages/airflow/example_dags/example_nested_branch_dag.py for tasks to queue
[2026-09-17T01:24:09.134+0000] {logging_mixin.py:150} INFO - [2026-09-17T01:24:09.134+0000] {dagbag.py:541} INFO - Filling up the DagBag from /home/vscode/.local/lib/python3.10/site-packages/airflow/example_dags/example_nested_branch_dag.py
[2026-09-17T01:24:09.142+0000] {processor.py:836} INFO - DAG(s) dict_keys(['example_nested_branch_dag']) retrieved from /home/vscode/.local/lib/python3.10/site-packages/airflow/example_dags/example_nested_branch_dag.py
[2026-09-17T01:24:09.156+0000] {logging_mixin.py:150} INFO - [2026-09-17T01:24:09.156+0000] {dag.py:2742} INFO - Sync 1 DAGs
[2026-09-17T01:24:09.171+0000] {logging_mixin.py:150} INFO - [2026-09-17T01:24:09.171+0000] {dag.py:3504} INFO - Setting next_dagrun for example_nested_branch_dag to 2026-09-16T00:00:00+00:00, run_after=2026-09-17T00:00:00+00:00
[2026-09-17T01:24:09.193+0000] {processor.py:179} INFO - Processing /home/vscode/.local/lib/python3.10/site-packages/airflow/example_dags/example_nested_branch_dag.py took 0.063 seconds
[2026-09-17T01:24:25.897+0000] {processor.py:157} INFO - Started process (PID=38388) to work on /home/vscode/.local/lib/python3.10/site-packages/airflow/example_dags/example_nested_branch_dag.py
[2026-09-17T01:24:25.898+0000] {processor.py:826} INFO - Processing file /home/vscode/.local/lib/python3.10/site-packages/airflow/example_dags/example_nested_branch_dag.py for tasks to queue
[2026-09-17T01:24:25.899+0000] {logging_mixin.py:150} INFO - [2026-09-17T01:24:25.898+0000] {dagbag.py:541} INFO - Filling up the DagBag from /home/vscode/.local/lib/python3.10/site-packages/airflow/example_dags/example_nested_branch_dag.py
[2026-09-17T01:24:25.912+0000] {processor.py:836} INFO - DAG(s) dict_keys(['example_nested_branch_dag']) retrieved from /home/vscode/.local/lib/python3.10/site-packages/airflow/example_dags/example_nested_branch_dag.py
[2026-09-17T01:24:25.929+0000] {logging_mixin.py:150} INFO - [2026-09-17T01:24:25.929+0000] {dag.py:2742} INFO - Sync 1 DAGs
[2026-09-17T01:24:25.952+0000] {logging_mixin.py:150} INFO - [2026-09-17T01:24:25.952+0000] {dag.py:3504} INFO - Setting next_dagrun for example_nested_branch_dag to 2026-09-16T00:00:00+00:00, run_after=2026-09-17T00:00:00+00:00
[2026-09-17T01:24:25.974+0000] {processor.py:179} INFO - Processing /home/vscode/.local/lib/python3.10/site-packages/airflow/example_dags/example_nested_branch_dag.py took 0.081 seconds
