[2026-09-17T00:55:42.438+0000] {processor.py:157} INFO - Started process (PID=22100) to work on /home/vscode/.local/lib/python3.10/site-packages/airflow/example_dags/example_params_ui_tutorial.py
[2026-09-17T00:55:42.439+0000] {processor.py:826} INFO - Processing file /home/vscode/.local/lib/python3.10/site-packages/airflow/example_dags/example_params_ui_tutorial.py for tasks to queue
[2026-09-17T00:55:42.440+0000] {logging_mixin.py:150} INFO - [2026-09-17T00:55:42.440+0000] {dagbag.py:541} INFO - Filling up the DagBag from /home/vscode/.local/lib/python3.10/site-packages/airflow/example_dags/example_params_ui_tutorial.py
[2026-09-17T00:55:42.483+0000] {processor.py:836} INFO - DAG(s) dict_keys(['example_params_ui_tutorial']) retrieved from /home/vscode/.local/lib/python3.10/site-packages/airflow/example_dags/example_params_ui_tutorial.py
[2026-09-17T00:55:42.672+0000] {logging_mixin.py:150} INFO - [2026-09-17T00:55:42.671+0000] {manager.py:504} INFO - Created Permission View: can delete on DAG:example_params_ui_tutorial
[2026-09-17T00:55:42.686+0000] {logging_mixin.py:150} INFO - [2026-09-17T00:55:42.686+0000] {manager.py:504} INFO - Created Permission View: can edit on DAG:example_params_ui_tutorial
[2026-09-17T00:55:42.696+0000] {logging_mixin.py:150} INFO - [2026-09-17T00:55:42.696+0000] {manager.py:504} INFO - Created Permission View: can read on DAG:example_params_ui_tutorial
[2026-09-17T00:55:42.709+0000] {logging_mixin.py:150} INFO - [2026-09-17T00:55:42.708+0000] {dag.py:2742} INFO - Sync 1 DAGs
[2026-09-17T00:55:42.722+0000] {logging_mixin.py:150} INFO - [2026-09-17T00:55:42.722+0000] {dag.py:2763} INFO - Creating ORM DAG for example_params_ui_tutorial
[2026-09-17T00:55:42.732+0000] {logging_mixin.py:150} INFO - [2026-09-17T00:55:42.731+0000] {dag.py:3504} INFO - Setting next_dagrun for example_params_ui_tutorial to None, run_after=None
[2026-09-17T00:55:42.758+0000] {processor.py:179} INFO - Processing /home/vscode/.local/lib/python3.10/site-packages/airflow/example_dags/example_params_ui_tutorial.py took 0.323 seconds
[2026-09-17T00:56:10.582+0000] {processor.py:157} INFO - Started process (PID=22375) to work on /home/vscode/.local/lib/python3.10/site-packages/airflow/example_dags/example_params_ui_tutorial.py
[2026-09-17T00:56:10.583+0000] {processor.py:826} INFO - Processing file /home/vscode/.local/lib/python3.10/site-packages/airflow/example_dags/example_params_ui_tutorial.py for tasks to queue
[2026-09-17T00:56:10.584+0000] {logging_mixin.py:150} INFO - [2026-09-17T00:56:10.583+0000] {dagbag.py:541} INFO - Filling up the DagBag from /home/vscode/.local/lib/python3.10/site-packages/airflow/example_dags/example_params_ui_tutorial.py
[2026-09-17T00:56:10.606+0000] {processor.py:836} INFO - DAG(s) dict_keys(['example_params_ui_tutorial']) retrieved from /home/vscode/.local/lib/python3.10/site-packages/airflow/example_dags/example_params_ui_tutorial.py
[2026-09-17T00:56:10.613+0000] {logging_mixin.py:150} INFO - [2026-09-17T00:56:10.612+0000] {dag.py:2742} INFO - Sync 1 DAGs
[2026-09-17T00:56:10.630+0000] {logging_mixin.py:150} INFO - [2026-09-17T00:56:10.630+0000] {dag.py:3504} INFO - Setting next_dagrun for example_params_ui_tutorial to None, run_after=None
[2026-09-17T00:56:10.647+0000] {processor.py:179} INFO - Processing /home/vscode/.local/lib/python3.10/site-packages/airflow/example_dags/example_params_ui_tutorial.py took 0.068 seconds
[2026-09-17T00:56:35.999+0000] {processor.py:157} INFO - Started process (PID=22665) to work on /home/vscode/.local/lib/python3.10/site-packages/airflow/example_dags/example_params_ui_tutorial.py
[2026-09-17T00:56:36.000+0000] {processor.py:826} INFO - Processing file /home/vscode/.local/lib/python3.10/site-packages/airflow/example_dags/example_params_ui_tutorial.py for tasks to queue
[2026-09-17T00:56:36.001+0000] {logging_mixin.py:150} INFO - [2026-09-17T00:56:36.001+0000] {dagbag.py:541} INFO - Filling up the DagBag from /home/vscode/.local/lib/python3.10/site-packages/airflow/example_dags/example_params_ui_tutorial.py
[2026-09-17T00:56:36.031+0000] {processor.py:836} INFO - DAG(s) dict_keys(['example_params_ui_tutorial']) retrieved from /home/vscode/.local/lib/python3.10/site-packages/airflow/example_dags/example_params_ui_tutorial.py
[2026-09-17T00:56:36.058+0000] {logging_mixin.py:150} INFO - [2026-09-17T00:56:36.058+0000] {dag.py:2742} INFO - Sync 1 DAGs
[2026-09-17T00:56:36.073+0000] {logging_mixin.py:150} INFO - [2026-09-17T00:56:36.073+0000] {dag.py:3504} INFO - Setting next_dagrun for example_params_ui_tutorial to None, run_after=None
[2026-09-17T00:56:36.089+0000] {processor.py:179} INFO - Processing /home/vscode/.local/lib/python3.10/site-packages/airflow/example_dags/example_params_ui_tutorial.py took 0.093 seconds
[2026-09-17T00:56:58.512+0000] {processor.py:157} INFO - Started process (PID=22839) to work on /home/vscode/.local/lib/python3.10/site-packages/airflow/example_dags/example_params_ui_tutorial.py
[2026-09-17T00:56:58.513+0000] {processor.py:826} INFO - Processing file /home/vscode/.local/lib/python3.10/site-packages/airflow/example_dags/example_params_ui_tutorial.py for tasks to queue
[2026-09-17T00:56:58.513+0000] {logging_mixin.py:150} INFO - [2026-09-17T00:56:58.513+0000] {dagbag.py:541} INFO - Filling up the DagBag from /home/vscode/.local/lib/python3.10/site-packages/airflow/example_dags/example_params_ui_tutorial.py
[2026-09-17T00:56:58.582+0000] {processor.py:836} INFO - DAG(s) dict_keys(['example_params_ui_tutorial']) retrieved from /home/vscode/.local/lib/python3.10/site-packages/airflow/example_dags/example_params_ui_tutorial.py
[2026-09-17T00:56:58.697+0000] {logging_mixin.py:150} INFO - [2026-09-17T00:56:58.697+0000] {dag.py:2742} INFO - Sync 1 DAGs
[2026-09-17T00:56:58.808+0000] {logging_mixin.py:150} INFO - [2026-09-17T00:56:58.808+0000] {dag.py:3504} INFO - Setting next_dagrun for example_params_ui_tutorial to None, run_after=None
[2026-09-17T00:56:58.892+0000] {processor.py:179} INFO - Processing /home/vscode/.local/lib/python3.10/site-packages/airflow/example_dags/example_params_ui_tutorial.py took 0.384 seconds
[2026-09-17T00:57:24.794+0000] {processor.py:157} INFO - Started process (PID=23027) to work on /home/vscode/.local/lib/python3.10/site-packages/airflow/example_dags/example_params_ui_tutorial.py
[2026-09-17T00:57:24.796+0000] {processor.py:826} INFO - Processing file /home/vscode/.local/lib/python3.10/site-packages/airflow/example_dags/example_params_ui_tutorial.py for tasks to queue
[2026-09-17T00:57:24.796+0000] {logging_mixin.py:150} INFO - [2026-09-17T00:57:24.796+0000] {dagbag.py:541} INFO - Filling up the DagBag from /home/vscode/.local/lib/python3.10/site-packages/airflow/example_dags/example_params_ui_tutorial.py
[2026-09-17T00:57:24.829+0000] {processor.py:836} INFO - DAG(s) dict_keys(['example_params_ui_tutorial']) retrieved from /home/vscode/.local/lib/python3.10/site-packages/airflow/example_dags/example_params_ui_tutorial.py
[2026-09-17T00:57:24.894+0000] {logging_mixin.py:150} INFO - [2026-09-17T00:57:24.894+0000] {dag.py:2742} INFO - Sync 1 DAGs
[2026-09-17T00:57:24.919+0000] {logging_mixin.py:150} INFO - [2026-09-17T00:57:24.919+0000] {dag.py:3504} INFO - Setting next_dagrun for example_params_ui_tutorial to None, run_after=None
[2026-09-17T00:57:24.937+0000] {processor.py:179} INFO - Processing /home/vscode/.local/lib/python3.10/site-packages/airflow/example_dags/example_params_ui_tutorial.py took 0.145 seconds
[2026-09-17T00:57:47.917+0000] {processor.py:157} INFO - Started process (PID=23212) to work on /home/vscode/.local/lib/python3.10/site-packages/airflow/example_dags/example_params_ui_tutorial.py
[2026-09-17T00:57:47.918+0000] {processor.py:826} INFO - Processing file /home/vscode/.local/lib/python3.10/site-packages/airflow/example_dags/example_params_ui_tutorial.py for tasks to queue
[2026-09-17T00:57:47.918+0000] {logging_mixin.py:150} INFO - [2026-09-17T00:57:47.918+0000] {dagbag.py:541} INFO - Filling up the DagBag from /home/vscode/.local/lib/python3.10/site-packages/airflow/example_dags/example_params_ui_tutorial.py
[2026-09-17T00:57:47.941+0000] {processor.py:836} INFO - DAG(s) dict_keys(['example_params_ui_tutorial']) retrieved from /home/vscode/.local/lib/python3.10/site-packages/airflow/example_dags/example_params_ui_tutorial.py
[2026-09-17T00:57:47.985+0000] {logging_mixin.py:150} INFO - [2026-09-17T00:57:47.985+0000] {dag.py:2742} INFO - Sync 1 DAGs
[2026-09-17T00:57:48.010+0000] {logging_mixin.py:150} INFO - [2026-09-17T00:57:48.010+0000] {dag.py:3504} INFO - Setting next_dagrun for example_params_ui_tutorial to None, run_after=None
[2026-09-17T00:57:48.046+0000] {processor.py:179} INFO - Processing /home/vscode/.local/lib/python3.10/site-packages/airflow/example_dags/example_params_ui_tutorial.py took 0.131 seconds
[2026-09-17T00:58:14.159+0000] {processor.py:157} INFO - Started process (PID=23418) to work on /home/vscode/.local/lib/python3.10/site-packages/airflow/example_dags/example_params_ui_tutorial.py
[2026-09-17T00:58:14.160+0000] {processor.py:826} INFO - Processing file /home/vscode/.local/lib/python3.10/site-packages/airflow/example_dags/example_params_ui_tutorial.py for tasks to queue
[2026-09-17T00:58:14.160+0000] {logging_mixin.py:150} INFO - [2026-09-17T00:58:14.160+0000] {dagbag.py:541} INFO - Filling up the DagBag from /home/vscode/.local/lib/python3.10/site-packages/airflow/example_dags/example_params_ui_tutorial.py
[2026-09-17T00:58:14.210+0000] {processor.py:836} INFO - DAG(s) dict_keys(['example_params_ui_tutorial']) retrieved from /home/vscode/.local/lib/python3.10/site-packages/airflow/example_dags/example_params_ui_tutorial.py
[2026-09-17T00:58:14.261+0000] {logging_mixin.py:150} INFO - [2026-09-17T00:58:14.261+0000] {dag.py:2742} INFO - Sync 1 DAGs
[2026-09-17T00:58:14.283+0000] {logging_mixin.py:150} INFO - [2026-09-17T00:58:14.283+0000] {dag.py:3504} INFO - Setting next_dagrun for example_params_ui_tutorial to None, run_after=None
[2026-09-17T00:58:14.304+0000] {processor.py:179} INFO - Processing /home/vscode/.local/lib/python3.10/site-packages/airflow/example_dags/example_params_ui_tutorial.py took 0.149 seconds
[2026-09-17T00:58:39.239+0000] {processor.py:157} INFO - Started process (PID=23700) to work on /home/vscode/.local/lib/python3.10/site-packages/airflow/example_dags/example_params_ui_tutorial.py
[2026-09-17T00:58:39.240+0000] {processor.py:826} INFO - Processing file /home/vscode/.local/lib/python3.10/site-packages/airflow/example_dags/example_params_ui_tutorial.py for tasks to queue
[2026-09-17T00:58:39.241+0000] {logging_mixin.py:150} INFO - [2026-09-17T00:58:39.241+0000] {dagbag.py:541} INFO - Filling up the DagBag from /home/vscode/.local/lib/python3.10/site-packages/airflow/example_dags/example_params_ui_tutorial.py
[2026-09-17T00:58:39.263+0000] {processor.py:836} INFO - DAG(s) dict_keys(['example_params_ui_tutorial']) retrieved from /home/vscode/.local/lib/python3.10/site-packages/airflow/example_dags/example_params_ui_tutorial.py
[2026-09-17T00:58:39.301+0000] {logging_mixin.py:150} INFO - [2026-09-17T00:58:39.301+0000] {dag.py:2742} INFO - Sync 1 DAGs
[2026-09-17T00:58:39.315+0000] {logging_mixin.py:150} INFO - [2026-09-17T00:58:39.315+0000] {dag.py:3504} INFO - Setting next_dagrun for example_params_ui_tutorial to None, run_after=None
[2026-09-17T00:58:39.332+0000] {processor.py:179} INFO - Processing /home/vscode/.local/lib/python3.10/site-packages/airflow/example_dags/example_params_ui_tutorial.py took 0.095 seconds
[2026-09-17T00:59:02.942+0000] {processor.py:157} INFO - Started process (PID=24045) to work on /home/vscode/.local/lib/python3.10/site-packages/airflow/example_dags/example_params_ui_tutorial.py
[2026-09-17T00:59:02.942+0000] {processor.py:826} INFO - Processing file /home/vscode/.local/lib/python3.10/site-packages/airflow/example_dags/example_params_ui_tutorial.py for tasks to queue
[2026-09-17T00:59:02.943+0000] {logging_mixin.py:150} INFO - [2026-09-17T00:59:02.943+0000] {dagbag.py:541} INFO - Filling up the DagBag from /home/vscode/.local/lib/python3.10/site-packages/airflow/example_dags/example_params_ui_tutorial.py
[2026-09-17T00:59:02.975+0000] {processor.py:836} INFO - DAG(s) dict_keys(['example_params_ui_tutorial']) retrieved from /home/vscode/.local/lib/python3.10/site-packages/airflow/example_dags/example_params_ui_tutorial.py
[2026-09-17T00:59:03.017+0000] {logging_mixin.py:150} INFO - [2026-09-17T00:59:03.016+0000] {dag.py:2742} INFO - Sync 1 DAGs
[2026-09-17T00:59:03.037+0000] {logging_mixin.py:150} INFO - [2026-09-17T00:59:03.037+0000] {dag.py:3504} INFO - Setting next_dagrun for example_params_ui_tutorial to None, run_after=None
[2026-09-17T00:59:03.059+0000] {processor.py:179} INFO - Processing /home/vscode/.local/lib/python3.10/site-packages/airflow/example_dags/example_params_ui_tutorial.py took 0.123 seconds
[2026-09-17T00:59:34.382+0000] {processor.py:157} INFO - Started process (PID=24384) to work on /home/vscode/.local/lib/python3.10/site-packages/airflow/example_dags/example_params_ui_tutorial.py
[2026-09-17T00:59:34.382+0000] {processor.py:826} INFO - Processing file /home/vscode/.local/lib/python3.10/site-packages/airflow/example_dags/example_params_ui_tutorial.py for tasks to queue
[2026-09-17T00:59:34.383+0000] {logging_mixin.py:150} INFO - [2026-09-17T00:59:34.383+0000] {dagbag.py:541} INFO - Filling up the DagBag from /home/vscode/.local/lib/python3.10/site-packages/airflow/example_dags/example_params_ui_tutorial.py
[2026-09-17T00:59:34.427+0000] {processor.py:836} INFO - DAG(s) dict_keys(['example_params_ui_tutorial']) retrieved from /home/vscode/.local/lib/python3.10/site-packages/airflow/example_dags/example_params_ui_tutorial.py
[2026-09-17T00:59:34.471+0000] {logging_mixin.py:150} INFO - [2026-09-17T00:59:34.471+0000] {dag.py:2742} INFO - Sync 1 DAGs
[2026-09-17T00:59:34.523+0000] {logging_mixin.py:150} INFO - [2026-09-17T00:59:34.523+0000] {dag.py:3504} INFO - Setting next_dagrun for example_params_ui_tutorial to None, run_after=None
[2026-09-17T00:59:34.543+0000] {processor.py:179} INFO - Processing /home/vscode/.local/lib/python3.10/site-packages/airflow/example_dags/example_params_ui_tutorial.py took 0.165 seconds
[2026-09-17T00:59:54.607+0000] {processor.py:157} INFO - Started process (PID=24720) to work on /home/vscode/.local/lib/python3.10/site-packages/airflow/example_dags/example_params_ui_tutorial.py
[2026-09-17T00:59:54.608+0000] {processor.py:826} INFO - Processing file /home/vscode/.local/lib/python3.10/site-packages/airflow/example_dags/example_params_ui_tutorial.py for tasks to queue
[2026-09-17T00:59:54.609+0000] {logging_mixin.py:150} INFO - [2026-09-17T00:59:54.609+0000] {dagbag.py:541} INFO - Filling up the DagBag from /home/vscode/.local/lib/python3.10/site-packages/airflow/example_dags/example_params_ui_tutorial.py
[2026-09-17T00:59:54.639+0000] {processor.py:836} INFO - DAG(s) dict_keys(['example_params_ui_tutorial']) retrieved from /home/vscode/.local/lib/python3.10/site-packages/airflow/example_dags/example_params_ui_tutorial.py
[2026-09-17T00:59:54.668+0000] {logging_mixin.py:150} INFO - [2026-09-17T00:59:54.668+0000] {dag.py:2742} INFO - Sync 1 DAGs
[2026-09-17T00:59:54.682+0000] {logging_mixin.py:150} INFO - [2026-09-17T00:59:54.682+0000] {dag.py:3504} INFO - Setting next_dagrun for example_params_ui_tutorial to None, run_after=None
[2026-09-17T00:59:54.730+0000] {processor.py:179} INFO - Processing /home/vscode/.local/lib/python3.10/site-packages/airflow/example_dags/example_params_ui_tutorial.py took 0.129 seconds
[2026-09-17T01:00:25.315+0000] {processor.py:157} INFO - Started process (PID=25169) to work on /home/vscode/.local/lib/python3.10/site-packages/airflow/example_dags/example_params_ui_tutorial.py
[2026-09-17T01:00:25.316+0000] {processor.py:826} INFO - Processing file /home/vscode/.local/lib/python3.10/site-packages/airflow/example_dags/example_params_ui_tutorial.py for tasks to queue
[2026-09-17T01:00:25.317+0000] {logging_mixin.py:150} INFO - [2026-09-17T01:00:25.316+0000] {dagbag.py:541} INFO - Filling up the DagBag from /home/vscode/.local/lib/python3.10/site-packages/airflow/example_dags/example_params_ui_tutorial.py
[2026-09-17T01:00:25.340+0000] {processor.py:836} INFO - DAG(s) dict_keys(['example_params_ui_tutorial']) retrieved from /home/vscode/.local/lib/python3.10/site-packages/airflow/example_dags/example_params_ui_tutorial.py
[2026-09-17T01:00:25.367+0000] {logging_mixin.py:150} INFO - [2026-09-17T01:00:25.367+0000] {dag.py:2742} INFO - Sync 1 DAGs
[2026-09-17T01:00:25.383+0000] {logging_mixin.py:150} INFO - [2026-09-17T01:00:25.381+0000] {dag.py:3504} INFO - Setting next_dagrun for example_params_ui_tutorial to None, run_after=None
[2026-09-17T01:00:25.404+0000] {processor.py:179} INFO - Processing /home/vscode/.local/lib/python3.10/site-packages/airflow/example_dags/example_params_ui_tutorial.py took 0.091 seconds
[2026-09-17T01:00:48.754+0000] {processor.py:157} INFO - Started process (PID=25408) to work on /home/vscode/.local/lib/python3.10/site-packages/airflow/example_dags/example_params_ui_tutorial.py
[2026-09-17T01:00:48.755+0000] {processor.py:826} INFO - Processing file /home/vscode/.local/lib/python3.10/site-packages/airflow/example_dags/example_params_ui_tutorial.py for tasks to queue
[2026-09-17T01:00:48.756+0000] {logging_mixin.py:150} INFO - [2026-09-17T01:00:48.755+0000] {dagbag.py:541} INFO - Filling up the DagBag from /home/vscode/.local/lib/python3.10/site-packages/airflow/example_dags/example_params_ui_tutorial.py
[2026-09-17T01:00:48.777+0000] {processor.py:836} INFO - DAG(s) dict_keys(['example_params_ui_tutorial']) retrieved from /home/vscode/.local/lib/python3.10/site-packages/airflow/example_dags/example_params_ui_tutorial.py
[2026-09-17T01:00:48.810+0000] {logging_mixin.py:150} INFO - [2026-09-17T01:00:48.810+0000] {dag.py:2742} INFO - Sync 1 DAGs
[2026-09-17T01:00:48.824+0000] {logging_mixin.py:150} INFO - [2026-09-17T01:00:48.824+0000] {dag.py:3504} INFO - Setting next_dagrun for example_params_ui_tutorial to None, run_after=None
[2026-09-17T01:00:48.840+0000] {processor.py:179} INFO - Processing /home/vscode/.local/lib/python3.10/site-packages/airflow/example_dags/example_params_ui_tutorial.py took 0.088 seconds
[2026-09-17T01:01:14.754+0000] {processor.py:157} INFO - Started process (PID=25628) to work on /home/vscode/.local/lib/python3.10/site-packages/airflow/example_dags/example_params_ui_tutorial.py
[2026-09-17T01:01:14.755+0000] {processor.py:826} INFO - Processing file /home/vscode/.local/lib/python3.10/site-packages/airflow/example_dags/example_params_ui_tutorial.py for tasks to queue
[2026-09-17T01:01:14.756+0000] {logging_mixin.py:150} INFO - [2026-09-17T01:01:14.755+0000] {dagbag.py:541} INFO - Filling up the DagBag from /home/vscode/.local/lib/python3.10/site-packages/airflow/example_dags/example_params_ui_tutorial.py
[2026-09-17T01:01:14.797+0000] {processor.py:836} INFO - DAG(s) dict_keys(['example_params_ui_tutorial']) retrieved from /home/vscode/.local/lib/python3.10/site-packages/airflow/example_dags/example_params_ui_tutorial.py
[2026-09-17T01:01:14.855+0000] {logging_mixin.py:150} INFO - [2026-09-17T01:01:14.855+0000] {dag.py:2742} INFO - Sync 1 DAGs
[2026-09-17T01:01:14.874+0000] {logging_mixin.py:150} INFO - [2026-09-17T01:01:14.874+0000] {dag.py:3504} INFO - Setting next_dagrun for example_params_ui_tutorial to None, run_after=None
[2026-09-17T01:01:14.908+0000] {processor.py:179} INFO - Processing /home/vscode/.local/lib/python3.10/site-packages/airflow/example_dags/example_params_ui_tutorial.py took 0.158 seconds
[2026-09-17T01:01:40.326+0000] {processor.py:157} INFO - Started process (PID=25837) to work on /home/vscode/.local/lib/python3.10/site-packages/airflow/example_dags/example_params_ui_tutorial.py
[2026-09-17T01:01:40.327+0000] {processor.py:826} INFO - Processing file /home/vscode/.local/lib/python3.10/site-packages/airflow/example_dags/example_params_ui_tutorial.py for tasks to queue
[2026-09-17T01:01:40.328+0000] {logging_mixin.py:150} INFO - [2026-09-17T01:01:40.327+0000] {dagbag.py:541} INFO - Filling up the DagBag from /home/vscode/.local/lib/python3.10/site-packages/airflow/example_dags/example_params_ui_tutorial.py
[2026-09-17T01:01:40.352+0000] {processor.py:836} INFO - DAG(s) dict_keys(['example_params_ui_tutorial']) retrieved from /home/vscode/.local/lib/python3.10/site-packages/airflow/example_dags/example_params_ui_tutorial.py
[2026-09-17T01:01:40.379+0000] {logging_mixin.py:150} INFO - [2026-09-17T01:01:40.379+0000] {dag.py:2742} INFO - Sync 1 DAGs
[2026-09-17T01:01:40.399+0000] {logging_mixin.py:150} INFO - [2026-09-17T01:01:40.399+0000] {dag.py:3504} INFO - Setting next_dagrun for example_params_ui_tutorial to None, run_after=None
[2026-09-17T01:01:40.415+0000] {processor.py:179} INFO - Processing /home/vscode/.local/lib/python3.10/site-packages/airflow/example_dags/example_params_ui_tutorial.py took 0.093 seconds
[2026-09-17T01:02:02.540+0000] {processor.py:157} INFO - Started process (PID=26025) to work on /home/vscode/.local/lib/python3.10/site-packages/airflow/example_dags/example_params_ui_tutorial.py
[2026-09-17T01:02:02.541+0000] {processor.py:826} INFO - Processing file /home/vscode/.local/lib/python3.10/site-packages/airflow/example_dags/example_params_ui_tutorial.py for tasks to queue
[2026-09-17T01:02:02.542+0000] {logging_mixin.py:150} INFO - [2026-09-17T01:02:02.541+0000] {dagbag.py:541} INFO - Filling up the DagBag from /home/vscode/.local/lib/python3.10/site-packages/airflow/example_dags/example_params_ui_tutorial.py
[2026-09-17T01:02:02.564+0000] {processor.py:836} INFO - DAG(s) dict_keys(['example_params_ui_tutorial']) retrieved from /home/vscode/.local/lib/python3.10/site-packages/airflow/example_dags/example_params_ui_tutorial.py
[2026-09-17T01:02:02.595+0000] {logging_mixin.py:150} INFO - [2026-09-17T01:02:02.595+0000] {dag.py:2742} INFO - Sync 1 DAGs
[2026-09-17T01:02:02.611+0000] {logging_mixin.py:150} INFO - [2026-09-17T01:02:02.611+0000] {dag.py:3504} INFO - Setting next_dagrun for example_params_ui_tutorial to None, run_after=None
[2026-09-17T01:02:02.628+0000] {processor.py:179} INFO - Processing /home/vscode/.local/lib/python3.10/site-packages/airflow/example_dags/example_params_ui_tutorial.py took 0.090 seconds
[2026-09-17T01:02:33.036+0000] {processor.py:157} INFO - Started process (PID=26287) to work on /home/vscode/.local/lib/python3.10/site-packages/airflow/example_dags/example_params_ui_tutorial.py
[2026-09-17T01:02:33.037+0000] {processor.py:826} INFO - Processing file /home/vscode/.local/lib/python3.10/site-packages/airflow/example_dags/example_params_ui_tutorial.py for tasks to queue
[2026-09-17T01:02:33.037+0000] {logging_mixin.py:150} INFO - [2026-09-17T01:02:33.037+0000] {dagbag.py:541} INFO - Filling up the DagBag from /home/vscode/.local/lib/python3.10/site-packages/airflow/example_dags/example_params_ui_tutorial.py
[2026-09-17T01:02:33.059+0000] {processor.py:836} INFO - DAG(s) dict_keys(['example_params_ui_tutorial']) retrieved from /home/vscode/.local/lib/python3.10/site-packages/airflow/example_dags/example_params_ui_tutorial.py
[2026-09-17T01:02:33.088+0000] {logging_mixin.py:150} INFO - [2026-09-17T01:02:33.087+0000] {dag.py:2742} INFO - Sync 1 DAGs
[2026-09-17T01:02:33.105+0000] {logging_mixin.py:150} INFO - [2026-09-17T01:02:33.105+0000] {dag.py:3504} INFO - Setting next_dagrun for example_params_ui_tutorial to None, run_after=None
[2026-09-17T01:02:33.121+0000] {processor.py:179} INFO - Processing /home/vscode/.local/lib/python3.10/site-packages/airflow/example_dags/example_params_ui_tutorial.py took 0.088 seconds
[2026-09-17T01:02:46.309+0000] {processor.py:157} INFO - Started process (PID=26399) to work on /home/vscode/.local/lib/python3.10/site-packages/airflow/example_dags/example_params_ui_tutorial.py
[2026-09-17T01:02:46.310+0000] {processor.py:826} INFO - Processing file /home/vscode/.local/lib/python3.10/site-packages/airflow/example_dags/example_params_ui_tutorial.py for tasks to queue
[2026-09-17T01:02:46.311+0000] {logging_mixin.py:150} INFO - [2026-09-17T01:02:46.311+0000] {dagbag.py:541} INFO - Filling up the DagBag from /home/vscode/.local/lib/python3.10/site-packages/airflow/example_dags/example_params_ui_tutorial.py
[2026-09-17T01:02:46.339+0000] {processor.py:836} INFO - DAG(s) dict_keys(['example_params_ui_tutorial']) retrieved from /home/vscode/.local/lib/python3.10/site-packages/airflow/example_dags/example_params_ui_tutorial.py
[2026-09-17T01:02:46.371+0000] {logging_mixin.py:150} INFO - [2026-09-17T01:02:46.371+0000] {dag.py:2742} INFO - Sync 1 DAGs
[2026-09-17T01:02:46.387+0000] {logging_mixin.py:150} INFO - [2026-09-17T01:02:46.387+0000] {dag.py:3504} INFO - Setting next_dagrun for example_params_ui_tutorial to None, run_after=None
[2026-09-17T01:02:46.406+0000] {processor.py:179} INFO - Processing /home/vscode/.local/lib/python3.10/site-packages/airflow/example_dags/example_params_ui_tutorial.py took 0.101 seconds
[2026-09-17T01:03:27.443+0000] {processor.py:157} INFO - Started process (PID=26748) to work on /home/vscode/.local/lib/python3.10/site-packages/airflow/example_dags/example_params_ui_tutorial.py
[2026-09-17T01:03:27.443+0000] {processor.py:826} INFO - Processing file /home/vscode/.local/lib/python3.10/site-packages/airflow/example_dags/example_params_ui_tutorial.py for tasks to queue
[2026-09-17T01:03:27.444+0000] {logging_mixin.py:150} INFO - [2026-09-17T01:03:27.444+0000] {dagbag.py:541} INFO - Filling up the DagBag from /home/vscode/.local/lib/python3.10/site-packages/airflow/example_dags/example_params_ui_tutorial.py
[2026-09-17T01:03:27.466+0000] {processor.py:836} INFO - DAG(s) dict_keys(['example_params_ui_tutorial']) retrieved from /home/vscode/.local/lib/python3.10/site-packages/airflow/example_dags/example_params_ui_tutorial.py
[2026-09-17T01:03:27.497+0000] {logging_mixin.py:150} INFO - [2026-09-17T01:03:27.497+0000] {dag.py:2742} INFO - Sync 1 DAGs
[2026-09-17T01:03:27.512+0000] {logging_mixin.py:150} INFO - [2026-09-17T01:03:27.512+0000] {dag.py:3504} INFO - Setting next_dagrun for example_params_ui_tutorial to None, run_after=None
[2026-09-17T01:03:27.535+0000] {processor.py:179} INFO - Processing /home/vscode/.local/lib/python3.10/site-packages/airflow/example_dags/example_params_ui_tutorial.py took 0.094 seconds
[2026-09-17T01:03:35.004+0000] {processor.py:157} INFO - Started process (PID=26818) to work on /home/vscode/.local/lib/python3.10/site-packages/airflow/example_dags/example_params_ui_tutorial.py
[2026-09-17T01:03:35.005+0000] {processor.py:826} INFO - Processing file /home/vscode/.local/lib/python3.10/site-packages/airflow/example_dags/example_params_ui_tutorial.py for tasks to queue
[2026-09-17T01:03:35.006+0000] {logging_mixin.py:150} INFO - [2026-09-17T01:03:35.005+0000] {dagbag.py:541} INFO - Filling up the DagBag from /home/vscode/.local/lib/python3.10/site-packages/airflow/example_dags/example_params_ui_tutorial.py
[2026-09-17T01:03:35.041+0000] {processor.py:836} INFO - DAG(s) dict_keys(['example_params_ui_tutorial']) retrieved from /home/vscode/.local/lib/python3.10/site-packages/airflow/example_dags/example_params_ui_tutorial.py
[2026-09-17T01:03:35.074+0000] {logging_mixin.py:150} INFO - [2026-09-17T01:03:35.073+0000] {dag.py:2742} INFO - Sync 1 DAGs
[2026-09-17T01:03:35.090+0000] {logging_mixin.py:150} INFO - [2026-09-17T01:03:35.090+0000] {dag.py:3504} INFO - Setting next_dagrun for example_params_ui_tutorial to None, run_after=None
[2026-09-17T01:03:35.111+0000] {processor.py:179} INFO - Processing /home/vscode/.local/lib/python3.10/site-packages/airflow/example_dags/example_params_ui_tutorial.py took 0.110 seconds
[2026-09-17T01:04:16.417+0000] {processor.py:157} INFO - Started process (PID=27166) to work on /home/vscode/.local/lib/python3.10/site-packages/airflow/example_dags/example_params_ui_tutorial.py
[2026-09-17T01:04:16.418+0000] {processor.py:826} INFO - Processing file /home/vscode/.local/lib/python3.10/site-packages/airflow/example_dags/example_params_ui_tutorial.py for tasks to queue
[2026-09-17T01:04:16.418+0000] {logging_mixin.py:150} INFO - [2026-09-17T01:04:16.418+0000] {dagbag.py:541} INFO - Filling up the DagBag from /home/vscode/.local/lib/python3.10/site-packages/airflow/example_dags/example_params_ui_tutorial.py
[2026-09-17T01:04:16.447+0000] {processor.py:836} INFO - DAG(s) dict_keys(['example_params_ui_tutorial']) retrieved from /home/vscode/.local/lib/python3.10/site-packages/airflow/example_dags/example_params_ui_tutorial.py
[2026-09-17T01:04:16.478+0000] {logging_mixin.py:150} INFO - [2026-09-17T01:04:16.477+0000] {dag.py:2742} INFO - Sync 1 DAGs
[2026-09-17T01:04:16.496+0000] {logging_mixin.py:150} INFO - [2026-09-17T01:04:16.496+0000] {dag.py:3504} INFO - Setting next_dagrun for example_params_ui_tutorial to None, run_after=None
[2026-09-17T01:04:16.515+0000] {processor.py:179} INFO - Processing /home/vscode/.local/lib/python3.10/site-packages/airflow/example_dags/example_params_ui_tutorial.py took 0.101 seconds
[2026-09-17T01:04:26.783+0000] {processor.py:157} INFO - Started process (PID=27255) to work on /home/vscode/.local/lib/python3.10/site-packages/airflow/example_dags/example_params_ui_tutorial.py
[2026-09-17T01:04:26.784+0000] {processor.py:826} INFO - Processing file /home/vscode/.local/lib/python3.10/site-packages/airflow/example_dags/example_params_ui_tutorial.py for tasks to queue
[2026-09-17T01:04:26.785+0000] {logging_mixin.py:150} INFO - [2026-09-17T01:04:26.784+0000] {dagbag.py:541} INFO - Filling up the DagBag from /home/vscode/.local/lib/python3.10/site-packages/airflow/example_dags/example_params_ui_tutorial.py
[2026-09-17T01:04:26.810+0000] {processor.py:836} INFO - DAG(s) dict_keys(['example_params_ui_tutorial']) retrieved from /home/vscode/.local/lib/python3.10/site-packages/airflow/example_dags/example_params_ui_tutorial.py
[2026-09-17T01:04:26.842+0000] {logging_mixin.py:150} INFO - [2026-09-17T01:04:26.841+0000] {dag.py:2742} INFO - Sync 1 DAGs
[2026-09-17T01:04:26.856+0000] {logging_mixin.py:150} INFO - [2026-09-17T01:04:26.856+0000] {dag.py:3504} INFO - Setting next_dagrun for example_params_ui_tutorial to None, run_after=None
[2026-09-17T01:04:26.876+0000] {processor.py:179} INFO - Processing /home/vscode/.local/lib/python3.10/site-packages/airflow/example_dags/example_params_ui_tutorial.py took 0.096 seconds
[2026-09-17T01:05:05.355+0000] {processor.py:157} INFO - Started process (PID=27571) to work on /home/vscode/.local/lib/python3.10/site-packages/airflow/example_dags/example_params_ui_tutorial.py
[2026-09-17T01:05:05.356+0000] {processor.py:826} INFO - Processing file /home/vscode/.local/lib/python3.10/site-packages/airflow/example_dags/example_params_ui_tutorial.py for tasks to queue
[2026-09-17T01:05:05.357+0000] {logging_mixin.py:150} INFO - [2026-09-17T01:05:05.356+0000] {dagbag.py:541} INFO - Filling up the DagBag from /home/vscode/.local/lib/python3.10/site-packages/airflow/example_dags/example_params_ui_tutorial.py
[2026-09-17T01:05:05.380+0000] {processor.py:836} INFO - DAG(s) dict_keys(['example_params_ui_tutorial']) retrieved from /home/vscode/.local/lib/python3.10/site-packages/airflow/example_dags/example_params_ui_tutorial.py
[2026-09-17T01:05:05.412+0000] {logging_mixin.py:150} INFO - [2026-09-17T01:05:05.411+0000] {dag.py:2742} INFO - Sync 1 DAGs
[2026-09-17T01:05:05.426+0000] {logging_mixin.py:150} INFO - [2026-09-17T01:05:05.426+0000] {dag.py:3504} INFO - Setting next_dagrun for example_params_ui_tutorial to None, run_after=None
[2026-09-17T01:05:05.443+0000] {processor.py:179} INFO - Processing /home/vscode/.local/lib/python3.10/site-packages/airflow/example_dags/example_params_ui_tutorial.py took 0.091 seconds
[2026-09-17T01:05:17.036+0000] {processor.py:157} INFO - Started process (PID=27675) to work on /home/vscode/.local/lib/python3.10/site-packages/airflow/example_dags/example_params_ui_tutorial.py
[2026-09-17T01:05:17.037+0000] {processor.py:826} INFO - Processing file /home/vscode/.local/lib/python3.10/site-packages/airflow/example_dags/example_params_ui_tutorial.py for tasks to queue
[2026-09-17T01:05:17.037+0000] {logging_mixin.py:150} INFO - [2026-09-17T01:05:17.037+0000] {dagbag.py:541} INFO - Filling up the DagBag from /home/vscode/.local/lib/python3.10/site-packages/airflow/example_dags/example_params_ui_tutorial.py
[2026-09-17T01:05:17.065+0000] {processor.py:836} INFO - DAG(s) dict_keys(['example_params_ui_tutorial']) retrieved from /home/vscode/.local/lib/python3.10/site-packages/airflow/example_dags/example_params_ui_tutorial.py
[2026-09-17T01:05:17.106+0000] {logging_mixin.py:150} INFO - [2026-09-17T01:05:17.106+0000] {dag.py:2742} INFO - Sync 1 DAGs
[2026-09-17T01:05:17.127+0000] {logging_mixin.py:150} INFO - [2026-09-17T01:05:17.127+0000] {dag.py:3504} INFO - Setting next_dagrun for example_params_ui_tutorial to None, run_after=None
[2026-09-17T01:05:17.152+0000] {processor.py:179} INFO - Processing /home/vscode/.local/lib/python3.10/site-packages/airflow/example_dags/example_params_ui_tutorial.py took 0.118 seconds
[2026-09-17T01:05:52.678+0000] {processor.py:157} INFO - Started process (PID=28013) to work on /home/vscode/.local/lib/python3.10/site-packages/airflow/example_dags/example_params_ui_tutorial.py
[2026-09-17T01:05:52.679+0000] {processor.py:826} INFO - Processing file /home/vscode/.local/lib/python3.10/site-packages/airflow/example_dags/example_params_ui_tutorial.py for tasks to queue
[2026-09-17T01:05:52.680+0000] {logging_mixin.py:150} INFO - [2026-09-17T01:05:52.680+0000] {dagbag.py:541} INFO - Filling up the DagBag from /home/vscode/.local/lib/python3.10/site-packages/airflow/example_dags/example_params_ui_tutorial.py
[2026-09-17T01:05:52.706+0000] {processor.py:836} INFO - DAG(s) dict_keys(['example_params_ui_tutorial']) retrieved from /home/vscode/.local/lib/python3.10/site-packages/airflow/example_dags/example_params_ui_tutorial.py
[2026-09-17T01:05:52.733+0000] {logging_mixin.py:150} INFO - [2026-09-17T01:05:52.733+0000] {dag.py:2742} INFO - Sync 1 DAGs
[2026-09-17T01:05:52.748+0000] {logging_mixin.py:150} INFO - [2026-09-17T01:05:52.748+0000] {dag.py:3504} INFO - Setting next_dagrun for example_params_ui_tutorial to None, run_after=None
[2026-09-17T01:05:52.764+0000] {processor.py:179} INFO - Processing /home/vscode/.local/lib/python3.10/site-packages/airflow/example_dags/example_params_ui_tutorial.py took 0.088 seconds
[2026-09-17T01:06:07.272+0000] {processor.py:157} INFO - Started process (PID=28137) to work on /home/vscode/.local/lib/python3.10/site-packages/airflow/example_dags/example_params_ui_tutorial.py
[2026-09-17T01:06:07.273+0000] {processor.py:826} INFO - Processing file /home/vscode/.local/lib/python3.10/site-packages/airflow/example_dags/example_params_ui_tutorial.py for tasks to queue
[2026-09-17T01:06:07.274+0000] {logging_mixin.py:150} INFO - [2026-09-17T01:06:07.273+0000] {dagbag.py:541} INFO - Filling up the DagBag from /home/vscode/.local/lib/python3.10/site-packages/airflow/example_dags/example_params_ui_tutorial.py
[2026-09-17T01:06:07.304+0000] {processor.py:836} INFO - DAG(s) dict_keys(['example_params_ui_tutorial']) retrieved from /home/vscode/.local/lib/python3.10/site-packages/airflow/example_dags/example_params_ui_tutorial.py
[2026-09-17T01:06:07.331+0000] {logging_mixin.py:150} INFO - [2026-09-17T01:06:07.331+0000] {dag.py:2742} INFO - Sync 1 DAGs
[2026-09-17T01:06:07.346+0000] {logging_mixin.py:150} INFO - [2026-09-17T01:06:07.346+0000] {dag.py:3504} INFO - Setting next_dagrun for example_params_ui_tutorial to None, run_after=None
[2026-09-17T01:06:07.364+0000] {processor.py:179} INFO - Processing /home/vscode/.local/lib/python3.10/site-packages/airflow/example_dags/example_params_ui_tutorial.py took 0.094 seconds
[2026-09-17T01:06:44.033+0000] {processor.py:157} INFO - Started process (PID=28448) to work on /home/vscode/.local/lib/python3.10/site-packages/airflow/example_dags/example_params_ui_tutorial.py
[2026-09-17T01:06:44.033+0000] {processor.py:826} INFO - Processing file /home/vscode/.local/lib/python3.10/site-packages/airflow/example_dags/example_params_ui_tutorial.py for tasks to queue
[2026-09-17T01:06:44.034+0000] {logging_mixin.py:150} INFO - [2026-09-17T01:06:44.034+0000] {dagbag.py:541} INFO - Filling up the DagBag from /home/vscode/.local/lib/python3.10/site-packages/airflow/example_dags/example_params_ui_tutorial.py
[2026-09-17T01:06:44.056+0000] {processor.py:836} INFO - DAG(s) dict_keys(['example_params_ui_tutorial']) retrieved from /home/vscode/.local/lib/python3.10/site-packages/airflow/example_dags/example_params_ui_tutorial.py
[2026-09-17T01:06:44.082+0000] {logging_mixin.py:150} INFO - [2026-09-17T01:06:44.082+0000] {dag.py:2742} INFO - Sync 1 DAGs
[2026-09-17T01:06:44.100+0000] {logging_mixin.py:150} INFO - [2026-09-17T01:06:44.100+0000] {dag.py:3504} INFO - Setting next_dagrun for example_params_ui_tutorial to None, run_after=None
[2026-09-17T01:06:44.118+0000] {processor.py:179} INFO - Processing /home/vscode/.local/lib/python3.10/site-packages/airflow/example_dags/example_params_ui_tutorial.py took 0.088 seconds
[2026-09-17T01:06:55.650+0000] {processor.py:157} INFO - Started process (PID=28542) to work on /home/vscode/.local/lib/python3.10/site-packages/airflow/example_dags/example_params_ui_tutorial.py
[2026-09-17T01:06:55.651+0000] {processor.py:826} INFO - Processing file /home/vscode/.local/lib/python3.10/site-packages/airflow/example_dags/example_params_ui_tutorial.py for tasks to queue
[2026-09-17T01:06:55.652+0000] {logging_mixin.py:150} INFO - [2026-09-17T01:06:55.652+0000] {dagbag.py:541} INFO - Filling up the DagBag from /home/vscode/.local/lib/python3.10/site-packages/airflow/example_dags/example_params_ui_tutorial.py
[2026-09-17T01:06:55.697+0000] {processor.py:836} INFO - DAG(s) dict_keys(['example_params_ui_tutorial']) retrieved from /home/vscode/.local/lib/python3.10/site-packages/airflow/example_dags/example_params_ui_tutorial.py
[2026-09-17T01:06:55.735+0000] {logging_mixin.py:150} INFO - [2026-09-17T01:06:55.735+0000] {dag.py:2742} INFO - Sync 1 DAGs
[2026-09-17T01:06:55.762+0000] {logging_mixin.py:150} INFO - [2026-09-17T01:06:55.761+0000] {dag.py:3504} INFO - Setting next_dagrun for example_params_ui_tutorial to None, run_after=None
[2026-09-17T01:06:55.788+0000] {processor.py:179} INFO - Processing /home/vscode/.local/lib/python3.10/site-packages/airflow/example_dags/example_params_ui_tutorial.py took 0.141 seconds
[2026-09-17T01:07:31.205+0000] {processor.py:157} INFO - Started process (PID=28842) to work on /home/vscode/.local/lib/python3.10/site-packages/airflow/example_dags/example_params_ui_tutorial.py
[2026-09-17T01:07:31.205+0000] {processor.py:826} INFO - Processing file /home/vscode/.local/lib/python3.10/site-packages/airflow/example_dags/example_params_ui_tutorial.py for tasks to queue
[2026-09-17T01:07:31.206+0000] {logging_mixin.py:150} INFO - [2026-09-17T01:07:31.206+0000] {dagbag.py:541} INFO - Filling up the DagBag from /home/vscode/.local/lib/python3.10/site-packages/airflow/example_dags/example_params_ui_tutorial.py
[2026-09-17T01:07:31.228+0000] {processor.py:836} INFO - DAG(s) dict_keys(['example_params_ui_tutorial']) retrieved from /home/vscode/.local/lib/python3.10/site-packages/airflow/example_dags/example_params_ui_tutorial.py
[2026-09-17T01:07:31.270+0000] {logging_mixin.py:150} INFO - [2026-09-17T01:07:31.270+0000] {dag.py:2742} INFO - Sync 1 DAGs
[2026-09-17T01:07:31.290+0000] {logging_mixin.py:150} INFO - [2026-09-17T01:07:31.290+0000] {dag.py:3504} INFO - Setting next_dagrun for example_params_ui_tutorial to None, run_after=None
[2026-09-17T01:07:31.308+0000] {processor.py:179} INFO - Processing /home/vscode/.local/lib/python3.10/site-packages/airflow/example_dags/example_params_ui_tutorial.py took 0.106 seconds
[2026-09-17T01:07:47.263+0000] {processor.py:157} INFO - Started process (PID=28977) to work on /home/vscode/.local/lib/python3.10/site-packages/airflow/example_dags/example_params_ui_tutorial.py
[2026-09-17T01:07:47.263+0000] {processor.py:826} INFO - Processing file /home/vscode/.local/lib/python3.10/site-packages/airflow/example_dags/example_params_ui_tutorial.py for tasks to queue
[2026-09-17T01:07:47.264+0000] {logging_mixin.py:150} INFO - [2026-09-17T01:07:47.264+0000] {dagbag.py:541} INFO - Filling up the DagBag from /home/vscode/.local/lib/python3.10/site-packages/airflow/example_dags/example_params_ui_tutorial.py
[2026-09-17T01:07:47.290+0000] {processor.py:836} INFO - DAG(s) dict_keys(['example_params_ui_tutorial']) retrieved from /home/vscode/.local/lib/python3.10/site-packages/airflow/example_dags/example_params_ui_tutorial.py
[2026-09-17T01:07:47.319+0000] {logging_mixin.py:150} INFO - [2026-09-17T01:07:47.319+0000] {dag.py:2742} INFO - Sync 1 DAGs
[2026-09-17T01:07:47.340+0000] {logging_mixin.py:150} INFO - [2026-09-17T01:07:47.340+0000] {dag.py:3504} INFO - Setting next_dagrun for example_params_ui_tutorial to None, run_after=None
[2026-09-17T01:07:47.363+0000] {processor.py:179} INFO - Processing /home/vscode/.local/lib/python3.10/site-packages/airflow/example_dags/example_params_ui_tutorial.py took 0.103 seconds
[2026-09-17T01:08:22.037+0000] {processor.py:157} INFO - Started process (PID=29271) to work on /home/vscode/.local/lib/python3.10/site-packages/airflow/example_dags/example_params_ui_tutorial.py
[2026-09-17T01:08:22.038+0000] {processor.py:826} INFO - Processing file /home/vscode/.local/lib/python3.10/site-packages/airflow/example_dags/example_params_ui_tutorial.py for tasks to queue
[2026-09-17T01:08:22.039+0000] {logging_mixin.py:150} INFO - [2026-09-17T01:08:22.039+0000] {dagbag.py:541} INFO - Filling up the DagBag from /home/vscode/.local/lib/python3.10/site-packages/airflow/example_dags/example_params_ui_tutorial.py
[2026-09-17T01:08:22.062+0000] {processor.py:836} INFO - DAG(s) dict_keys(['example_params_ui_tutorial']) retrieved from /home/vscode/.local/lib/python3.10/site-packages/airflow/example_dags/example_params_ui_tutorial.py
[2026-09-17T01:08:22.117+0000] {logging_mixin.py:150} INFO - [2026-09-17T01:08:22.115+0000] {dag.py:2742} INFO - Sync 1 DAGs
[2026-09-17T01:08:22.142+0000] {logging_mixin.py:150} INFO - [2026-09-17T01:08:22.142+0000] {dag.py:3504} INFO - Setting next_dagrun for example_params_ui_tutorial to None, run_after=None
[2026-09-17T01:08:22.168+0000] {processor.py:179} INFO - Processing /home/vscode/.local/lib/python3.10/site-packages/airflow/example_dags/example_params_ui_tutorial.py took 0.133 seconds
[2026-09-17T01:08:36.007+0000] {processor.py:157} INFO - Started process (PID=29397) to work on /home/vscode/.local/lib/python3.10/site-packages/airflow/example_dags/example_params_ui_tutorial.py
[2026-09-17T01:08:36.008+0000] {processor.py:826} INFO - Processing file /home/vscode/.local/lib/python3.10/site-packages/airflow/example_dags/example_params_ui_tutorial.py for tasks to queue
[2026-09-17T01:08:36.009+0000] {logging_mixin.py:150} INFO - [2026-09-17T01:08:36.008+0000] {dagbag.py:541} INFO - Filling up the DagBag from /home/vscode/.local/lib/python3.10/site-packages/airflow/example_dags/example_params_ui_tutorial.py
[2026-09-17T01:08:36.031+0000] {processor.py:836} INFO - DAG(s) dict_keys(['example_params_ui_tutorial']) retrieved from /home/vscode/.local/lib/python3.10/site-packages/airflow/example_dags/example_params_ui_tutorial.py
[2026-09-17T01:08:36.057+0000] {logging_mixin.py:150} INFO - [2026-09-17T01:08:36.057+0000] {dag.py:2742} INFO - Sync 1 DAGs
[2026-09-17T01:08:36.071+0000] {logging_mixin.py:150} INFO - [2026-09-17T01:08:36.071+0000] {dag.py:3504} INFO - Setting next_dagrun for example_params_ui_tutorial to None, run_after=None
[2026-09-17T01:08:36.093+0000] {processor.py:179} INFO - Processing /home/vscode/.local/lib/python3.10/site-packages/airflow/example_dags/example_params_ui_tutorial.py took 0.088 seconds
[2026-09-17T01:09:10.942+0000] {processor.py:157} INFO - Started process (PID=29700) to work on /home/vscode/.local/lib/python3.10/site-packages/airflow/example_dags/example_params_ui_tutorial.py
[2026-09-17T01:09:10.943+0000] {processor.py:826} INFO - Processing file /home/vscode/.local/lib/python3.10/site-packages/airflow/example_dags/example_params_ui_tutorial.py for tasks to queue
[2026-09-17T01:09:10.944+0000] {logging_mixin.py:150} INFO - [2026-09-17T01:09:10.944+0000] {dagbag.py:541} INFO - Filling up the DagBag from /home/vscode/.local/lib/python3.10/site-packages/airflow/example_dags/example_params_ui_tutorial.py
[2026-09-17T01:09:10.977+0000] {processor.py:836} INFO - DAG(s) dict_keys(['example_params_ui_tutorial']) retrieved from /home/vscode/.local/lib/python3.10/site-packages/airflow/example_dags/example_params_ui_tutorial.py
[2026-09-17T01:09:11.051+0000] {logging_mixin.py:150} INFO - [2026-09-17T01:09:11.051+0000] {dag.py:2742} INFO - Sync 1 DAGs
[2026-09-17T01:09:11.065+0000] {logging_mixin.py:150} INFO - [2026-09-17T01:09:11.065+0000] {dag.py:3504} INFO - Setting next_dagrun for example_params_ui_tutorial to None, run_after=None
[2026-09-17T01:09:11.081+0000] {processor.py:179} INFO - Processing /home/vscode/.local/lib/python3.10/site-packages/airflow/example_dags/example_params_ui_tutorial.py took 0.142 seconds
[2026-09-17T01:09:22.966+0000] {processor.py:157} INFO - Started process (PID=29799) to work on /home/vscode/.local/lib/python3.10/site-packages/airflow/example_dags/example_params_ui_tutorial.py
[2026-09-17T01:09:22.966+0000] {processor.py:826} INFO - Processing file /home/vscode/.local/lib/python3.10/site-packages/airflow/example_dags/example_params_ui_tutorial.py for tasks to queue
[2026-09-17T01:09:22.967+0000] {logging_mixin.py:150} INFO - [2026-09-17T01:09:22.967+0000] {dagbag.py:541} INFO - Filling up the DagBag from /home/vscode/.local/lib/python3.10/site-packages/airflow/example_dags/example_params_ui_tutorial.py
[2026-09-17T01:09:22.992+0000] {processor.py:836} INFO - DAG(s) dict_keys(['example_params_ui_tutorial']) retrieved from /home/vscode/.local/lib/python3.10/site-packages/airflow/example_dags/example_params_ui_tutorial.py
[2026-09-17T01:09:23.020+0000] {logging_mixin.py:150} INFO - [2026-09-17T01:09:23.020+0000] {dag.py:2742} INFO - Sync 1 DAGs
[2026-09-17T01:09:23.040+0000] {logging_mixin.py:150} INFO - [2026-09-17T01:09:23.040+0000] {dag.py:3504} INFO - Setting next_dagrun for example_params_ui_tutorial to None, run_after=None
[2026-09-17T01:09:23.057+0000] {processor.py:179} INFO - Processing /home/vscode/.local/lib/python3.10/site-packages/airflow/example_dags/example_params_ui_tutorial.py took 0.093 seconds
[2026-09-17T01:10:02.135+0000] {processor.py:157} INFO - Started process (PID=30133) to work on /home/vscode/.local/lib/python3.10/site-packages/airflow/example_dags/example_params_ui_tutorial.py
[2026-09-17T01:10:02.136+0000] {processor.py:826} INFO - Processing file /home/vscode/.local/lib/python3.10/site-packages/airflow/example_dags/example_params_ui_tutorial.py for tasks to queue
[2026-09-17T01:10:02.136+0000] {logging_mixin.py:150} INFO - [2026-09-17T01:10:02.136+0000] {dagbag.py:541} INFO - Filling up the DagBag from /home/vscode/.local/lib/python3.10/site-packages/airflow/example_dags/example_params_ui_tutorial.py
[2026-09-17T01:10:02.159+0000] {processor.py:836} INFO - DAG(s) dict_keys(['example_params_ui_tutorial']) retrieved from /home/vscode/.local/lib/python3.10/site-packages/airflow/example_dags/example_params_ui_tutorial.py
[2026-09-17T01:10:02.192+0000] {logging_mixin.py:150} INFO - [2026-09-17T01:10:02.191+0000] {dag.py:2742} INFO - Sync 1 DAGs
[2026-09-17T01:10:02.215+0000] {logging_mixin.py:150} INFO - [2026-09-17T01:10:02.215+0000] {dag.py:3504} INFO - Setting next_dagrun for example_params_ui_tutorial to None, run_after=None
[2026-09-17T01:10:02.231+0000] {processor.py:179} INFO - Processing /home/vscode/.local/lib/python3.10/site-packages/airflow/example_dags/example_params_ui_tutorial.py took 0.100 seconds
[2026-09-17T01:10:09.912+0000] {processor.py:157} INFO - Started process (PID=30198) to work on /home/vscode/.local/lib/python3.10/site-packages/airflow/example_dags/example_params_ui_tutorial.py
[2026-09-17T01:10:09.913+0000] {processor.py:826} INFO - Processing file /home/vscode/.local/lib/python3.10/site-packages/airflow/example_dags/example_params_ui_tutorial.py for tasks to queue
[2026-09-17T01:10:09.913+0000] {logging_mixin.py:150} INFO - [2026-09-17T01:10:09.913+0000] {dagbag.py:541} INFO - Filling up the DagBag from /home/vscode/.local/lib/python3.10/site-packages/airflow/example_dags/example_params_ui_tutorial.py
[2026-09-17T01:10:09.935+0000] {processor.py:836} INFO - DAG(s) dict_keys(['example_params_ui_tutorial']) retrieved from /home/vscode/.local/lib/python3.10/site-packages/airflow/example_dags/example_params_ui_tutorial.py
[2026-09-17T01:10:09.962+0000] {logging_mixin.py:150} INFO - [2026-09-17T01:10:09.962+0000] {dag.py:2742} INFO - Sync 1 DAGs
[2026-09-17T01:10:09.976+0000] {logging_mixin.py:150} INFO - [2026-09-17T01:10:09.976+0000] {dag.py:3504} INFO - Setting next_dagrun for example_params_ui_tutorial to None, run_after=None
[2026-09-17T01:10:09.997+0000] {processor.py:179} INFO - Processing /home/vscode/.local/lib/python3.10/site-packages/airflow/example_dags/example_params_ui_tutorial.py took 0.088 seconds
[2026-09-17T01:10:52.244+0000] {processor.py:157} INFO - Started process (PID=30590) to work on /home/vscode/.local/lib/python3.10/site-packages/airflow/example_dags/example_params_ui_tutorial.py
[2026-09-17T01:10:52.245+0000] {processor.py:826} INFO - Processing file /home/vscode/.local/lib/python3.10/site-packages/airflow/example_dags/example_params_ui_tutorial.py for tasks to queue
[2026-09-17T01:10:52.245+0000] {logging_mixin.py:150} INFO - [2026-09-17T01:10:52.245+0000] {dagbag.py:541} INFO - Filling up the DagBag from /home/vscode/.local/lib/python3.10/site-packages/airflow/example_dags/example_params_ui_tutorial.py
[2026-09-17T01:10:52.268+0000] {processor.py:836} INFO - DAG(s) dict_keys(['example_params_ui_tutorial']) retrieved from /home/vscode/.local/lib/python3.10/site-packages/airflow/example_dags/example_params_ui_tutorial.py
[2026-09-17T01:10:52.301+0000] {logging_mixin.py:150} INFO - [2026-09-17T01:10:52.301+0000] {dag.py:2742} INFO - Sync 1 DAGs
[2026-09-17T01:10:52.315+0000] {logging_mixin.py:150} INFO - [2026-09-17T01:10:52.315+0000] {dag.py:3504} INFO - Setting next_dagrun for example_params_ui_tutorial to None, run_after=None
[2026-09-17T01:10:52.333+0000] {processor.py:179} INFO - Processing /home/vscode/.local/lib/python3.10/site-packages/airflow/example_dags/example_params_ui_tutorial.py took 0.091 seconds
[2026-09-17T01:10:58.710+0000] {processor.py:157} INFO - Started process (PID=30649) to work on /home/vscode/.local/lib/python3.10/site-packages/airflow/example_dags/example_params_ui_tutorial.py
[2026-09-17T01:10:58.711+0000] {processor.py:826} INFO - Processing file /home/vscode/.local/lib/python3.10/site-packages/airflow/example_dags/example_params_ui_tutorial.py for tasks to queue
[2026-09-17T01:10:58.712+0000] {logging_mixin.py:150} INFO - [2026-09-17T01:10:58.711+0000] {dagbag.py:541} INFO - Filling up the DagBag from /home/vscode/.local/lib/python3.10/site-packages/airflow/example_dags/example_params_ui_tutorial.py
[2026-09-17T01:10:58.734+0000] {processor.py:836} INFO - DAG(s) dict_keys(['example_params_ui_tutorial']) retrieved from /home/vscode/.local/lib/python3.10/site-packages/airflow/example_dags/example_params_ui_tutorial.py
[2026-09-17T01:10:58.760+0000] {logging_mixin.py:150} INFO - [2026-09-17T01:10:58.760+0000] {dag.py:2742} INFO - Sync 1 DAGs
[2026-09-17T01:10:58.774+0000] {logging_mixin.py:150} INFO - [2026-09-17T01:10:58.774+0000] {dag.py:3504} INFO - Setting next_dagrun for example_params_ui_tutorial to None, run_after=None
[2026-09-17T01:10:58.796+0000] {processor.py:179} INFO - Processing /home/vscode/.local/lib/python3.10/site-packages/airflow/example_dags/example_params_ui_tutorial.py took 0.088 seconds
[2026-09-17T01:11:40.693+0000] {processor.py:157} INFO - Started process (PID=31010) to work on /home/vscode/.local/lib/python3.10/site-packages/airflow/example_dags/example_params_ui_tutorial.py
[2026-09-17T01:11:40.694+0000] {processor.py:826} INFO - Processing file /home/vscode/.local/lib/python3.10/site-packages/airflow/example_dags/example_params_ui_tutorial.py for tasks to queue
[2026-09-17T01:11:40.694+0000] {logging_mixin.py:150} INFO - [2026-09-17T01:11:40.694+0000] {dagbag.py:541} INFO - Filling up the DagBag from /home/vscode/.local/lib/python3.10/site-packages/airflow/example_dags/example_params_ui_tutorial.py
[2026-09-17T01:11:40.725+0000] {processor.py:836} INFO - DAG(s) dict_keys(['example_params_ui_tutorial']) retrieved from /home/vscode/.local/lib/python3.10/site-packages/airflow/example_dags/example_params_ui_tutorial.py
[2026-09-17T01:11:40.768+0000] {logging_mixin.py:150} INFO - [2026-09-17T01:11:40.767+0000] {dag.py:2742} INFO - Sync 1 DAGs
[2026-09-17T01:11:40.806+0000] {logging_mixin.py:150} INFO - [2026-09-17T01:11:40.806+0000] {dag.py:3504} INFO - Setting next_dagrun for example_params_ui_tutorial to None, run_after=None
[2026-09-17T01:11:40.830+0000] {processor.py:179} INFO - Processing /home/vscode/.local/lib/python3.10/site-packages/airflow/example_dags/example_params_ui_tutorial.py took 0.141 seconds
[2026-09-17T01:11:49.260+0000] {processor.py:157} INFO - Started process (PID=31083) to work on /home/vscode/.local/lib/python3.10/site-packages/airflow/example_dags/example_params_ui_tutorial.py
[2026-09-17T01:11:49.260+0000] {processor.py:826} INFO - Processing file /home/vscode/.local/lib/python3.10/site-packages/airflow/example_dags/example_params_ui_tutorial.py for tasks to queue
[2026-09-17T01:11:49.261+0000] {logging_mixin.py:150} INFO - [2026-09-17T01:11:49.261+0000] {dagbag.py:541} INFO - Filling up the DagBag from /home/vscode/.local/lib/python3.10/site-packages/airflow/example_dags/example_params_ui_tutorial.py
[2026-09-17T01:11:49.284+0000] {processor.py:836} INFO - DAG(s) dict_keys(['example_params_ui_tutorial']) retrieved from /home/vscode/.local/lib/python3.10/site-packages/airflow/example_dags/example_params_ui_tutorial.py
[2026-09-17T01:11:49.312+0000] {logging_mixin.py:150} INFO - [2026-09-17T01:11:49.312+0000] {dag.py:2742} INFO - Sync 1 DAGs
[2026-09-17T01:11:49.330+0000] {logging_mixin.py:150} INFO - [2026-09-17T01:11:49.330+0000] {dag.py:3504} INFO - Setting next_dagrun for example_params_ui_tutorial to None, run_after=None
[2026-09-17T01:11:49.350+0000] {processor.py:179} INFO - Processing /home/vscode/.local/lib/python3.10/site-packages/airflow/example_dags/example_params_ui_tutorial.py took 0.093 seconds
[2026-09-17T01:12:31.873+0000] {processor.py:157} INFO - Started process (PID=31447) to work on /home/vscode/.local/lib/python3.10/site-packages/airflow/example_dags/example_params_ui_tutorial.py
[2026-09-17T01:12:31.873+0000] {processor.py:826} INFO - Processing file /home/vscode/.local/lib/python3.10/site-packages/airflow/example_dags/example_params_ui_tutorial.py for tasks to queue
[2026-09-17T01:12:31.874+0000] {logging_mixin.py:150} INFO - [2026-09-17T01:12:31.874+0000] {dagbag.py:541} INFO - Filling up the DagBag from /home/vscode/.local/lib/python3.10/site-packages/airflow/example_dags/example_params_ui_tutorial.py
[2026-09-17T01:12:31.899+0000] {processor.py:836} INFO - DAG(s) dict_keys(['example_params_ui_tutorial']) retrieved from /home/vscode/.local/lib/python3.10/site-packages/airflow/example_dags/example_params_ui_tutorial.py
[2026-09-17T01:12:31.926+0000] {logging_mixin.py:150} INFO - [2026-09-17T01:12:31.926+0000] {dag.py:2742} INFO - Sync 1 DAGs
[2026-09-17T01:12:31.940+0000] {logging_mixin.py:150} INFO - [2026-09-17T01:12:31.940+0000] {dag.py:3504} INFO - Setting next_dagrun for example_params_ui_tutorial to None, run_after=None
[2026-09-17T01:12:31.958+0000] {processor.py:179} INFO - Processing /home/vscode/.local/lib/python3.10/site-packages/airflow/example_dags/example_params_ui_tutorial.py took 0.088 seconds
[2026-09-17T01:12:37.339+0000] {processor.py:157} INFO - Started process (PID=31498) to work on /home/vscode/.local/lib/python3.10/site-packages/airflow/example_dags/example_params_ui_tutorial.py
[2026-09-17T01:12:37.340+0000] {processor.py:826} INFO - Processing file /home/vscode/.local/lib/python3.10/site-packages/airflow/example_dags/example_params_ui_tutorial.py for tasks to queue
[2026-09-17T01:12:37.341+0000] {logging_mixin.py:150} INFO - [2026-09-17T01:12:37.340+0000] {dagbag.py:541} INFO - Filling up the DagBag from /home/vscode/.local/lib/python3.10/site-packages/airflow/example_dags/example_params_ui_tutorial.py
[2026-09-17T01:12:37.372+0000] {processor.py:836} INFO - DAG(s) dict_keys(['example_params_ui_tutorial']) retrieved from /home/vscode/.local/lib/python3.10/site-packages/airflow/example_dags/example_params_ui_tutorial.py
[2026-09-17T01:12:37.410+0000] {logging_mixin.py:150} INFO - [2026-09-17T01:12:37.410+0000] {dag.py:2742} INFO - Sync 1 DAGs
[2026-09-17T01:12:37.425+0000] {logging_mixin.py:150} INFO - [2026-09-17T01:12:37.424+0000] {dag.py:3504} INFO - Setting next_dagrun for example_params_ui_tutorial to None, run_after=None
[2026-09-17T01:12:37.441+0000] {processor.py:179} INFO - Processing /home/vscode/.local/lib/python3.10/site-packages/airflow/example_dags/example_params_ui_tutorial.py took 0.105 seconds
[2026-09-17T01:13:17.534+0000] {processor.py:157} INFO - Started process (PID=31843) to work on /home/vscode/.local/lib/python3.10/site-packages/airflow/example_dags/example_params_ui_tutorial.py
[2026-09-17T01:13:17.535+0000] {processor.py:826} INFO - Processing file /home/vscode/.local/lib/python3.10/site-packages/airflow/example_dags/example_params_ui_tutorial.py for tasks to queue
[2026-09-17T01:13:17.535+0000] {logging_mixin.py:150} INFO - [2026-09-17T01:13:17.535+0000] {dagbag.py:541} INFO - Filling up the DagBag from /home/vscode/.local/lib/python3.10/site-packages/airflow/example_dags/example_params_ui_tutorial.py
[2026-09-17T01:13:17.557+0000] {processor.py:836} INFO - DAG(s) dict_keys(['example_params_ui_tutorial']) retrieved from /home/vscode/.local/lib/python3.10/site-packages/airflow/example_dags/example_params_ui_tutorial.py
[2026-09-17T01:13:17.586+0000] {logging_mixin.py:150} INFO - [2026-09-17T01:13:17.586+0000] {dag.py:2742} INFO - Sync 1 DAGs
[2026-09-17T01:13:17.606+0000] {logging_mixin.py:150} INFO - [2026-09-17T01:13:17.606+0000] {dag.py:3504} INFO - Setting next_dagrun for example_params_ui_tutorial to None, run_after=None
[2026-09-17T01:13:17.637+0000] {processor.py:179} INFO - Processing /home/vscode/.local/lib/python3.10/site-packages/airflow/example_dags/example_params_ui_tutorial.py took 0.105 seconds
[2026-09-17T01:13:26.159+0000] {processor.py:157} INFO - Started process (PID=31913) to work on /home/vscode/.local/lib/python3.10/site-packages/airflow/example_dags/example_params_ui_tutorial.py
[2026-09-17T01:13:26.160+0000] {processor.py:826} INFO - Processing file /home/vscode/.local/lib/python3.10/site-packages/airflow/example_dags/example_params_ui_tutorial.py for tasks to queue
[2026-09-17T01:13:26.161+0000] {logging_mixin.py:150} INFO - [2026-09-17T01:13:26.160+0000] {dagbag.py:541} INFO - Filling up the DagBag from /home/vscode/.local/lib/python3.10/site-packages/airflow/example_dags/example_params_ui_tutorial.py
[2026-09-17T01:13:26.183+0000] {processor.py:836} INFO - DAG(s) dict_keys(['example_params_ui_tutorial']) retrieved from /home/vscode/.local/lib/python3.10/site-packages/airflow/example_dags/example_params_ui_tutorial.py
[2026-09-17T01:13:26.215+0000] {logging_mixin.py:150} INFO - [2026-09-17T01:13:26.215+0000] {dag.py:2742} INFO - Sync 1 DAGs
[2026-09-17T01:13:26.231+0000] {logging_mixin.py:150} INFO - [2026-09-17T01:13:26.230+0000] {dag.py:3504} INFO - Setting next_dagrun for example_params_ui_tutorial to None, run_after=None
[2026-09-17T01:13:26.248+0000] {processor.py:179} INFO - Processing /home/vscode/.local/lib/python3.10/site-packages/airflow/example_dags/example_params_ui_tutorial.py took 0.092 seconds
[2026-09-17T01:14:03.568+0000] {processor.py:157} INFO - Started process (PID=32227) to work on /home/vscode/.local/lib/python3.10/site-packages/airflow/example_dags/example_params_ui_tutorial.py
[2026-09-17T01:14:03.569+0000] {processor.py:826} INFO - Processing file /home/vscode/.local/lib/python3.10/site-packages/airflow/example_dags/example_params_ui_tutorial.py for tasks to queue
[2026-09-17T01:14:03.569+0000] {logging_mixin.py:150} INFO - [2026-09-17T01:14:03.569+0000] {dagbag.py:541} INFO - Filling up the DagBag from /home/vscode/.local/lib/python3.10/site-packages/airflow/example_dags/example_params_ui_tutorial.py
[2026-09-17T01:14:03.596+0000] {processor.py:836} INFO - DAG(s) dict_keys(['example_params_ui_tutorial']) retrieved from /home/vscode/.local/lib/python3.10/site-packages/airflow/example_dags/example_params_ui_tutorial.py
[2026-09-17T01:14:03.623+0000] {logging_mixin.py:150} INFO - [2026-09-17T01:14:03.623+0000] {dag.py:2742} INFO - Sync 1 DAGs
[2026-09-17T01:14:03.638+0000] {logging_mixin.py:150} INFO - [2026-09-17T01:14:03.637+0000] {dag.py:3504} INFO - Setting next_dagrun for example_params_ui_tutorial to None, run_after=None
[2026-09-17T01:14:03.654+0000] {processor.py:179} INFO - Processing /home/vscode/.local/lib/python3.10/site-packages/airflow/example_dags/example_params_ui_tutorial.py took 0.088 seconds
[2026-09-17T01:14:15.370+0000] {processor.py:157} INFO - Started process (PID=32325) to work on /home/vscode/.local/lib/python3.10/site-packages/airflow/example_dags/example_params_ui_tutorial.py
[2026-09-17T01:14:15.370+0000] {processor.py:826} INFO - Processing file /home/vscode/.local/lib/python3.10/site-packages/airflow/example_dags/example_params_ui_tutorial.py for tasks to queue
[2026-09-17T01:14:15.371+0000] {logging_mixin.py:150} INFO - [2026-09-17T01:14:15.371+0000] {dagbag.py:541} INFO - Filling up the DagBag from /home/vscode/.local/lib/python3.10/site-packages/airflow/example_dags/example_params_ui_tutorial.py
[2026-09-17T01:14:15.393+0000] {processor.py:836} INFO - DAG(s) dict_keys(['example_params_ui_tutorial']) retrieved from /home/vscode/.local/lib/python3.10/site-packages/airflow/example_dags/example_params_ui_tutorial.py
[2026-09-17T01:14:15.430+0000] {logging_mixin.py:150} INFO - [2026-09-17T01:14:15.429+0000] {dag.py:2742} INFO - Sync 1 DAGs
[2026-09-17T01:14:15.446+0000] {logging_mixin.py:150} INFO - [2026-09-17T01:14:15.446+0000] {dag.py:3504} INFO - Setting next_dagrun for example_params_ui_tutorial to None, run_after=None
[2026-09-17T01:14:15.463+0000] {processor.py:179} INFO - Processing /home/vscode/.local/lib/python3.10/site-packages/airflow/example_dags/example_params_ui_tutorial.py took 0.096 seconds
[2026-09-17T01:14:51.667+0000] {processor.py:157} INFO - Started process (PID=32647) to work on /home/vscode/.local/lib/python3.10/site-packages/airflow/example_dags/example_params_ui_tutorial.py
[2026-09-17T01:14:51.667+0000] {processor.py:826} INFO - Processing file /home/vscode/.local/lib/python3.10/site-packages/airflow/example_dags/example_params_ui_tutorial.py for tasks to queue
[2026-09-17T01:14:51.668+0000] {logging_mixin.py:150} INFO - [2026-09-17T01:14:51.668+0000] {dagbag.py:541} INFO - Filling up the DagBag from /home/vscode/.local/lib/python3.10/site-packages/airflow/example_dags/example_params_ui_tutorial.py
[2026-09-17T01:14:51.699+0000] {processor.py:836} INFO - DAG(s) dict_keys(['example_params_ui_tutorial']) retrieved from /home/vscode/.local/lib/python3.10/site-packages/airflow/example_dags/example_params_ui_tutorial.py
[2026-09-17T01:14:51.728+0000] {logging_mixin.py:150} INFO - [2026-09-17T01:14:51.728+0000] {dag.py:2742} INFO - Sync 1 DAGs
[2026-09-17T01:14:51.743+0000] {logging_mixin.py:150} INFO - [2026-09-17T01:14:51.743+0000] {dag.py:3504} INFO - Setting next_dagrun for example_params_ui_tutorial to None, run_after=None
[2026-09-17T01:14:51.759+0000] {processor.py:179} INFO - Processing /home/vscode/.local/lib/python3.10/site-packages/airflow/example_dags/example_params_ui_tutorial.py took 0.095 seconds
[2026-09-17T01:15:08.190+0000] {processor.py:157} INFO - Started process (PID=32785) to work on /home/vscode/.local/lib/python3.10/site-packages/airflow/example_dags/example_params_ui_tutorial.py
[2026-09-17T01:15:08.191+0000] {processor.py:826} INFO - Processing file /home/vscode/.local/lib/python3.10/site-packages/airflow/example_dags/example_params_ui_tutorial.py for tasks to queue
[2026-09-17T01:15:08.192+0000] {logging_mixin.py:150} INFO - [2026-09-17T01:15:08.192+0000] {dagbag.py:541} INFO - Filling up the DagBag from /home/vscode/.local/lib/python3.10/site-packages/airflow/example_dags/example_params_ui_tutorial.py
[2026-09-17T01:15:08.230+0000] {processor.py:836} INFO - DAG(s) dict_keys(['example_params_ui_tutorial']) retrieved from /home/vscode/.local/lib/python3.10/site-packages/airflow/example_dags/example_params_ui_tutorial.py
[2026-09-17T01:15:08.265+0000] {logging_mixin.py:150} INFO - [2026-09-17T01:15:08.265+0000] {dag.py:2742} INFO - Sync 1 DAGs
[2026-09-17T01:15:08.280+0000] {logging_mixin.py:150} INFO - [2026-09-17T01:15:08.279+0000] {dag.py:3504} INFO - Setting next_dagrun for example_params_ui_tutorial to None, run_after=None
[2026-09-17T01:15:08.302+0000] {processor.py:179} INFO - Processing /home/vscode/.local/lib/python3.10/site-packages/airflow/example_dags/example_params_ui_tutorial.py took 0.115 seconds
[2026-09-17T01:15:35.244+0000] {processor.py:157} INFO - Started process (PID=32996) to work on /home/vscode/.local/lib/python3.10/site-packages/airflow/example_dags/example_params_ui_tutorial.py
[2026-09-17T01:15:35.245+0000] {processor.py:826} INFO - Processing file /home/vscode/.local/lib/python3.10/site-packages/airflow/example_dags/example_params_ui_tutorial.py for tasks to queue
[2026-09-17T01:15:35.246+0000] {logging_mixin.py:150} INFO - [2026-09-17T01:15:35.245+0000] {dagbag.py:541} INFO - Filling up the DagBag from /home/vscode/.local/lib/python3.10/site-packages/airflow/example_dags/example_params_ui_tutorial.py
[2026-09-17T01:15:35.268+0000] {processor.py:836} INFO - DAG(s) dict_keys(['example_params_ui_tutorial']) retrieved from /home/vscode/.local/lib/python3.10/site-packages/airflow/example_dags/example_params_ui_tutorial.py
[2026-09-17T01:15:35.300+0000] {logging_mixin.py:150} INFO - [2026-09-17T01:15:35.300+0000] {dag.py:2742} INFO - Sync 1 DAGs
[2026-09-17T01:15:35.315+0000] {logging_mixin.py:150} INFO - [2026-09-17T01:15:35.314+0000] {dag.py:3504} INFO - Setting next_dagrun for example_params_ui_tutorial to None, run_after=None
[2026-09-17T01:15:35.330+0000] {processor.py:179} INFO - Processing /home/vscode/.local/lib/python3.10/site-packages/airflow/example_dags/example_params_ui_tutorial.py took 0.089 seconds
[2026-09-17T01:16:00.095+0000] {processor.py:157} INFO - Started process (PID=33250) to work on /home/vscode/.local/lib/python3.10/site-packages/airflow/example_dags/example_params_ui_tutorial.py
[2026-09-17T01:16:00.096+0000] {processor.py:826} INFO - Processing file /home/vscode/.local/lib/python3.10/site-packages/airflow/example_dags/example_params_ui_tutorial.py for tasks to queue
[2026-09-17T01:16:00.096+0000] {logging_mixin.py:150} INFO - [2026-09-17T01:16:00.096+0000] {dagbag.py:541} INFO - Filling up the DagBag from /home/vscode/.local/lib/python3.10/site-packages/airflow/example_dags/example_params_ui_tutorial.py
[2026-09-17T01:16:00.129+0000] {processor.py:836} INFO - DAG(s) dict_keys(['example_params_ui_tutorial']) retrieved from /home/vscode/.local/lib/python3.10/site-packages/airflow/example_dags/example_params_ui_tutorial.py
[2026-09-17T01:16:00.158+0000] {logging_mixin.py:150} INFO - [2026-09-17T01:16:00.158+0000] {dag.py:2742} INFO - Sync 1 DAGs
[2026-09-17T01:16:00.173+0000] {logging_mixin.py:150} INFO - [2026-09-17T01:16:00.172+0000] {dag.py:3504} INFO - Setting next_dagrun for example_params_ui_tutorial to None, run_after=None
[2026-09-17T01:16:00.198+0000] {processor.py:179} INFO - Processing /home/vscode/.local/lib/python3.10/site-packages/airflow/example_dags/example_params_ui_tutorial.py took 0.107 seconds
[2026-09-17T01:16:24.407+0000] {processor.py:157} INFO - Started process (PID=33457) to work on /home/vscode/.local/lib/python3.10/site-packages/airflow/example_dags/example_params_ui_tutorial.py
[2026-09-17T01:16:24.408+0000] {processor.py:826} INFO - Processing file /home/vscode/.local/lib/python3.10/site-packages/airflow/example_dags/example_params_ui_tutorial.py for tasks to queue
[2026-09-17T01:16:24.409+0000] {logging_mixin.py:150} INFO - [2026-09-17T01:16:24.409+0000] {dagbag.py:541} INFO - Filling up the DagBag from /home/vscode/.local/lib/python3.10/site-packages/airflow/example_dags/example_params_ui_tutorial.py
[2026-09-17T01:16:24.431+0000] {processor.py:836} INFO - DAG(s) dict_keys(['example_params_ui_tutorial']) retrieved from /home/vscode/.local/lib/python3.10/site-packages/airflow/example_dags/example_params_ui_tutorial.py
[2026-09-17T01:16:24.462+0000] {logging_mixin.py:150} INFO - [2026-09-17T01:16:24.462+0000] {dag.py:2742} INFO - Sync 1 DAGs
[2026-09-17T01:16:24.477+0000] {logging_mixin.py:150} INFO - [2026-09-17T01:16:24.476+0000] {dag.py:3504} INFO - Setting next_dagrun for example_params_ui_tutorial to None, run_after=None
[2026-09-17T01:16:24.498+0000] {processor.py:179} INFO - Processing /home/vscode/.local/lib/python3.10/site-packages/airflow/example_dags/example_params_ui_tutorial.py took 0.093 seconds
[2026-09-17T01:16:51.036+0000] {processor.py:157} INFO - Started process (PID=33691) to work on /home/vscode/.local/lib/python3.10/site-packages/airflow/example_dags/example_params_ui_tutorial.py
[2026-09-17T01:16:51.037+0000] {processor.py:826} INFO - Processing file /home/vscode/.local/lib/python3.10/site-packages/airflow/example_dags/example_params_ui_tutorial.py for tasks to queue
[2026-09-17T01:16:51.037+0000] {logging_mixin.py:150} INFO - [2026-09-17T01:16:51.037+0000] {dagbag.py:541} INFO - Filling up the DagBag from /home/vscode/.local/lib/python3.10/site-packages/airflow/example_dags/example_params_ui_tutorial.py
[2026-09-17T01:16:51.060+0000] {processor.py:836} INFO - DAG(s) dict_keys(['example_params_ui_tutorial']) retrieved from /home/vscode/.local/lib/python3.10/site-packages/airflow/example_dags/example_params_ui_tutorial.py
[2026-09-17T01:16:51.097+0000] {logging_mixin.py:150} INFO - [2026-09-17T01:16:51.097+0000] {dag.py:2742} INFO - Sync 1 DAGs
[2026-09-17T01:16:51.117+0000] {logging_mixin.py:150} INFO - [2026-09-17T01:16:51.117+0000] {dag.py:3504} INFO - Setting next_dagrun for example_params_ui_tutorial to None, run_after=None
[2026-09-17T01:16:51.135+0000] {processor.py:179} INFO - Processing /home/vscode/.local/lib/python3.10/site-packages/airflow/example_dags/example_params_ui_tutorial.py took 0.102 seconds
[2026-09-17T01:17:14.081+0000] {processor.py:157} INFO - Started process (PID=33888) to work on /home/vscode/.local/lib/python3.10/site-packages/airflow/example_dags/example_params_ui_tutorial.py
[2026-09-17T01:17:14.083+0000] {processor.py:826} INFO - Processing file /home/vscode/.local/lib/python3.10/site-packages/airflow/example_dags/example_params_ui_tutorial.py for tasks to queue
[2026-09-17T01:17:14.083+0000] {logging_mixin.py:150} INFO - [2026-09-17T01:17:14.083+0000] {dagbag.py:541} INFO - Filling up the DagBag from /home/vscode/.local/lib/python3.10/site-packages/airflow/example_dags/example_params_ui_tutorial.py
[2026-09-17T01:17:14.110+0000] {processor.py:836} INFO - DAG(s) dict_keys(['example_params_ui_tutorial']) retrieved from /home/vscode/.local/lib/python3.10/site-packages/airflow/example_dags/example_params_ui_tutorial.py
[2026-09-17T01:17:14.136+0000] {logging_mixin.py:150} INFO - [2026-09-17T01:17:14.135+0000] {dag.py:2742} INFO - Sync 1 DAGs
[2026-09-17T01:17:14.149+0000] {logging_mixin.py:150} INFO - [2026-09-17T01:17:14.149+0000] {dag.py:3504} INFO - Setting next_dagrun for example_params_ui_tutorial to None, run_after=None
[2026-09-17T01:17:14.166+0000] {processor.py:179} INFO - Processing /home/vscode/.local/lib/python3.10/site-packages/airflow/example_dags/example_params_ui_tutorial.py took 0.087 seconds
[2026-09-17T01:17:41.416+0000] {processor.py:157} INFO - Started process (PID=34120) to work on /home/vscode/.local/lib/python3.10/site-packages/airflow/example_dags/example_params_ui_tutorial.py
[2026-09-17T01:17:41.417+0000] {processor.py:826} INFO - Processing file /home/vscode/.local/lib/python3.10/site-packages/airflow/example_dags/example_params_ui_tutorial.py for tasks to queue
[2026-09-17T01:17:41.418+0000] {logging_mixin.py:150} INFO - [2026-09-17T01:17:41.417+0000] {dagbag.py:541} INFO - Filling up the DagBag from /home/vscode/.local/lib/python3.10/site-packages/airflow/example_dags/example_params_ui_tutorial.py
[2026-09-17T01:17:41.439+0000] {processor.py:836} INFO - DAG(s) dict_keys(['example_params_ui_tutorial']) retrieved from /home/vscode/.local/lib/python3.10/site-packages/airflow/example_dags/example_params_ui_tutorial.py
[2026-09-17T01:17:41.466+0000] {logging_mixin.py:150} INFO - [2026-09-17T01:17:41.466+0000] {dag.py:2742} INFO - Sync 1 DAGs
[2026-09-17T01:17:41.480+0000] {logging_mixin.py:150} INFO - [2026-09-17T01:17:41.480+0000] {dag.py:3504} INFO - Setting next_dagrun for example_params_ui_tutorial to None, run_after=None
[2026-09-17T01:17:41.507+0000] {processor.py:179} INFO - Processing /home/vscode/.local/lib/python3.10/site-packages/airflow/example_dags/example_params_ui_tutorial.py took 0.094 seconds
[2026-09-17T01:18:00.227+0000] {processor.py:157} INFO - Started process (PID=34275) to work on /home/vscode/.local/lib/python3.10/site-packages/airflow/example_dags/example_params_ui_tutorial.py
[2026-09-17T01:18:00.228+0000] {processor.py:826} INFO - Processing file /home/vscode/.local/lib/python3.10/site-packages/airflow/example_dags/example_params_ui_tutorial.py for tasks to queue
[2026-09-17T01:18:00.229+0000] {logging_mixin.py:150} INFO - [2026-09-17T01:18:00.228+0000] {dagbag.py:541} INFO - Filling up the DagBag from /home/vscode/.local/lib/python3.10/site-packages/airflow/example_dags/example_params_ui_tutorial.py
[2026-09-17T01:18:00.251+0000] {processor.py:836} INFO - DAG(s) dict_keys(['example_params_ui_tutorial']) retrieved from /home/vscode/.local/lib/python3.10/site-packages/airflow/example_dags/example_params_ui_tutorial.py
[2026-09-17T01:18:00.277+0000] {logging_mixin.py:150} INFO - [2026-09-17T01:18:00.277+0000] {dag.py:2742} INFO - Sync 1 DAGs
[2026-09-17T01:18:00.294+0000] {logging_mixin.py:150} INFO - [2026-09-17T01:18:00.294+0000] {dag.py:3504} INFO - Setting next_dagrun for example_params_ui_tutorial to None, run_after=None
[2026-09-17T01:18:00.312+0000] {processor.py:179} INFO - Processing /home/vscode/.local/lib/python3.10/site-packages/airflow/example_dags/example_params_ui_tutorial.py took 0.088 seconds
[2026-09-17T01:18:27.701+0000] {processor.py:157} INFO - Started process (PID=34506) to work on /home/vscode/.local/lib/python3.10/site-packages/airflow/example_dags/example_params_ui_tutorial.py
[2026-09-17T01:18:27.702+0000] {processor.py:826} INFO - Processing file /home/vscode/.local/lib/python3.10/site-packages/airflow/example_dags/example_params_ui_tutorial.py for tasks to queue
[2026-09-17T01:18:27.703+0000] {logging_mixin.py:150} INFO - [2026-09-17T01:18:27.702+0000] {dagbag.py:541} INFO - Filling up the DagBag from /home/vscode/.local/lib/python3.10/site-packages/airflow/example_dags/example_params_ui_tutorial.py
[2026-09-17T01:18:27.734+0000] {processor.py:836} INFO - DAG(s) dict_keys(['example_params_ui_tutorial']) retrieved from /home/vscode/.local/lib/python3.10/site-packages/airflow/example_dags/example_params_ui_tutorial.py
[2026-09-17T01:18:27.770+0000] {logging_mixin.py:150} INFO - [2026-09-17T01:18:27.770+0000] {dag.py:2742} INFO - Sync 1 DAGs
[2026-09-17T01:18:27.787+0000] {logging_mixin.py:150} INFO - [2026-09-17T01:18:27.787+0000] {dag.py:3504} INFO - Setting next_dagrun for example_params_ui_tutorial to None, run_after=None
[2026-09-17T01:18:27.804+0000] {processor.py:179} INFO - Processing /home/vscode/.local/lib/python3.10/site-packages/airflow/example_dags/example_params_ui_tutorial.py took 0.106 seconds
[2026-09-17T01:18:48.216+0000] {processor.py:157} INFO - Started process (PID=34685) to work on /home/vscode/.local/lib/python3.10/site-packages/airflow/example_dags/example_params_ui_tutorial.py
[2026-09-17T01:18:48.217+0000] {processor.py:826} INFO - Processing file /home/vscode/.local/lib/python3.10/site-packages/airflow/example_dags/example_params_ui_tutorial.py for tasks to queue
[2026-09-17T01:18:48.218+0000] {logging_mixin.py:150} INFO - [2026-09-17T01:18:48.218+0000] {dagbag.py:541} INFO - Filling up the DagBag from /home/vscode/.local/lib/python3.10/site-packages/airflow/example_dags/example_params_ui_tutorial.py
[2026-09-17T01:18:48.250+0000] {processor.py:836} INFO - DAG(s) dict_keys(['example_params_ui_tutorial']) retrieved from /home/vscode/.local/lib/python3.10/site-packages/airflow/example_dags/example_params_ui_tutorial.py
[2026-09-17T01:18:48.281+0000] {logging_mixin.py:150} INFO - [2026-09-17T01:18:48.281+0000] {dag.py:2742} INFO - Sync 1 DAGs
[2026-09-17T01:18:48.300+0000] {logging_mixin.py:150} INFO - [2026-09-17T01:18:48.300+0000] {dag.py:3504} INFO - Setting next_dagrun for example_params_ui_tutorial to None, run_after=None
[2026-09-17T01:18:48.317+0000] {processor.py:179} INFO - Processing /home/vscode/.local/lib/python3.10/site-packages/airflow/example_dags/example_params_ui_tutorial.py took 0.104 seconds
[2026-09-17T01:19:14.217+0000] {processor.py:157} INFO - Started process (PID=34894) to work on /home/vscode/.local/lib/python3.10/site-packages/airflow/example_dags/example_params_ui_tutorial.py
[2026-09-17T01:19:14.218+0000] {processor.py:826} INFO - Processing file /home/vscode/.local/lib/python3.10/site-packages/airflow/example_dags/example_params_ui_tutorial.py for tasks to queue
[2026-09-17T01:19:14.218+0000] {logging_mixin.py:150} INFO - [2026-09-17T01:19:14.218+0000] {dagbag.py:541} INFO - Filling up the DagBag from /home/vscode/.local/lib/python3.10/site-packages/airflow/example_dags/example_params_ui_tutorial.py
[2026-09-17T01:19:14.243+0000] {processor.py:836} INFO - DAG(s) dict_keys(['example_params_ui_tutorial']) retrieved from /home/vscode/.local/lib/python3.10/site-packages/airflow/example_dags/example_params_ui_tutorial.py
[2026-09-17T01:19:14.272+0000] {logging_mixin.py:150} INFO - [2026-09-17T01:19:14.272+0000] {dag.py:2742} INFO - Sync 1 DAGs
[2026-09-17T01:19:14.296+0000] {logging_mixin.py:150} INFO - [2026-09-17T01:19:14.296+0000] {dag.py:3504} INFO - Setting next_dagrun for example_params_ui_tutorial to None, run_after=None
[2026-09-17T01:19:14.314+0000] {processor.py:179} INFO - Processing /home/vscode/.local/lib/python3.10/site-packages/airflow/example_dags/example_params_ui_tutorial.py took 0.100 seconds
[2026-09-17T01:19:35.779+0000] {processor.py:157} INFO - Started process (PID=35058) to work on /home/vscode/.local/lib/python3.10/site-packages/airflow/example_dags/example_params_ui_tutorial.py
[2026-09-17T01:19:35.780+0000] {processor.py:826} INFO - Processing file /home/vscode/.local/lib/python3.10/site-packages/airflow/example_dags/example_params_ui_tutorial.py for tasks to queue
[2026-09-17T01:19:35.781+0000] {logging_mixin.py:150} INFO - [2026-09-17T01:19:35.781+0000] {dagbag.py:541} INFO - Filling up the DagBag from /home/vscode/.local/lib/python3.10/site-packages/airflow/example_dags/example_params_ui_tutorial.py
[2026-09-17T01:19:35.821+0000] {processor.py:836} INFO - DAG(s) dict_keys(['example_params_ui_tutorial']) retrieved from /home/vscode/.local/lib/python3.10/site-packages/airflow/example_dags/example_params_ui_tutorial.py
[2026-09-17T01:19:35.904+0000] {logging_mixin.py:150} INFO - [2026-09-17T01:19:35.904+0000] {dag.py:2742} INFO - Sync 1 DAGs
[2026-09-17T01:19:35.963+0000] {logging_mixin.py:150} INFO - [2026-09-17T01:19:35.959+0000] {dag.py:3504} INFO - Setting next_dagrun for example_params_ui_tutorial to None, run_after=None
[2026-09-17T01:19:36.029+0000] {processor.py:179} INFO - Processing /home/vscode/.local/lib/python3.10/site-packages/airflow/example_dags/example_params_ui_tutorial.py took 0.253 seconds
[2026-09-17T01:20:04.852+0000] {processor.py:157} INFO - Started process (PID=35356) to work on /home/vscode/.local/lib/python3.10/site-packages/airflow/example_dags/example_params_ui_tutorial.py
[2026-09-17T01:20:04.853+0000] {processor.py:826} INFO - Processing file /home/vscode/.local/lib/python3.10/site-packages/airflow/example_dags/example_params_ui_tutorial.py for tasks to queue
[2026-09-17T01:20:04.853+0000] {logging_mixin.py:150} INFO - [2026-09-17T01:20:04.853+0000] {dagbag.py:541} INFO - Filling up the DagBag from /home/vscode/.local/lib/python3.10/site-packages/airflow/example_dags/example_params_ui_tutorial.py
[2026-09-17T01:20:04.882+0000] {processor.py:836} INFO - DAG(s) dict_keys(['example_params_ui_tutorial']) retrieved from /home/vscode/.local/lib/python3.10/site-packages/airflow/example_dags/example_params_ui_tutorial.py
[2026-09-17T01:20:04.916+0000] {logging_mixin.py:150} INFO - [2026-09-17T01:20:04.916+0000] {dag.py:2742} INFO - Sync 1 DAGs
[2026-09-17T01:20:04.932+0000] {logging_mixin.py:150} INFO - [2026-09-17T01:20:04.931+0000] {dag.py:3504} INFO - Setting next_dagrun for example_params_ui_tutorial to None, run_after=None
[2026-09-17T01:20:04.949+0000] {processor.py:179} INFO - Processing /home/vscode/.local/lib/python3.10/site-packages/airflow/example_dags/example_params_ui_tutorial.py took 0.099 seconds
[2026-09-17T01:20:25.895+0000] {processor.py:157} INFO - Started process (PID=35526) to work on /home/vscode/.local/lib/python3.10/site-packages/airflow/example_dags/example_params_ui_tutorial.py
[2026-09-17T01:20:25.896+0000] {processor.py:826} INFO - Processing file /home/vscode/.local/lib/python3.10/site-packages/airflow/example_dags/example_params_ui_tutorial.py for tasks to queue
[2026-09-17T01:20:25.897+0000] {logging_mixin.py:150} INFO - [2026-09-17T01:20:25.897+0000] {dagbag.py:541} INFO - Filling up the DagBag from /home/vscode/.local/lib/python3.10/site-packages/airflow/example_dags/example_params_ui_tutorial.py
[2026-09-17T01:20:25.920+0000] {processor.py:836} INFO - DAG(s) dict_keys(['example_params_ui_tutorial']) retrieved from /home/vscode/.local/lib/python3.10/site-packages/airflow/example_dags/example_params_ui_tutorial.py
[2026-09-17T01:20:25.951+0000] {logging_mixin.py:150} INFO - [2026-09-17T01:20:25.950+0000] {dag.py:2742} INFO - Sync 1 DAGs
[2026-09-17T01:20:25.965+0000] {logging_mixin.py:150} INFO - [2026-09-17T01:20:25.964+0000] {dag.py:3504} INFO - Setting next_dagrun for example_params_ui_tutorial to None, run_after=None
[2026-09-17T01:20:25.980+0000] {processor.py:179} INFO - Processing /home/vscode/.local/lib/python3.10/site-packages/airflow/example_dags/example_params_ui_tutorial.py took 0.088 seconds
[2026-09-17T01:20:51.827+0000] {processor.py:157} INFO - Started process (PID=35781) to work on /home/vscode/.local/lib/python3.10/site-packages/airflow/example_dags/example_params_ui_tutorial.py
[2026-09-17T01:20:51.827+0000] {processor.py:826} INFO - Processing file /home/vscode/.local/lib/python3.10/site-packages/airflow/example_dags/example_params_ui_tutorial.py for tasks to queue
[2026-09-17T01:20:51.828+0000] {logging_mixin.py:150} INFO - [2026-09-17T01:20:51.828+0000] {dagbag.py:541} INFO - Filling up the DagBag from /home/vscode/.local/lib/python3.10/site-packages/airflow/example_dags/example_params_ui_tutorial.py
[2026-09-17T01:20:51.851+0000] {processor.py:836} INFO - DAG(s) dict_keys(['example_params_ui_tutorial']) retrieved from /home/vscode/.local/lib/python3.10/site-packages/airflow/example_dags/example_params_ui_tutorial.py
[2026-09-17T01:20:51.877+0000] {logging_mixin.py:150} INFO - [2026-09-17T01:20:51.877+0000] {dag.py:2742} INFO - Sync 1 DAGs
[2026-09-17T01:20:51.900+0000] {logging_mixin.py:150} INFO - [2026-09-17T01:20:51.900+0000] {dag.py:3504} INFO - Setting next_dagrun for example_params_ui_tutorial to None, run_after=None
[2026-09-17T01:20:51.930+0000] {processor.py:179} INFO - Processing /home/vscode/.local/lib/python3.10/site-packages/airflow/example_dags/example_params_ui_tutorial.py took 0.108 seconds
[2026-09-17T01:21:13.922+0000] {processor.py:157} INFO - Started process (PID=36179) to work on /home/vscode/.local/lib/python3.10/site-packages/airflow/example_dags/example_params_ui_tutorial.py
[2026-09-17T01:21:13.922+0000] {processor.py:826} INFO - Processing file /home/vscode/.local/lib/python3.10/site-packages/airflow/example_dags/example_params_ui_tutorial.py for tasks to queue
[2026-09-17T01:21:13.923+0000] {logging_mixin.py:150} INFO - [2026-09-17T01:21:13.923+0000] {dagbag.py:541} INFO - Filling up the DagBag from /home/vscode/.local/lib/python3.10/site-packages/airflow/example_dags/example_params_ui_tutorial.py
[2026-09-17T01:21:13.946+0000] {processor.py:836} INFO - DAG(s) dict_keys(['example_params_ui_tutorial']) retrieved from /home/vscode/.local/lib/python3.10/site-packages/airflow/example_dags/example_params_ui_tutorial.py
[2026-09-17T01:21:13.980+0000] {logging_mixin.py:150} INFO - [2026-09-17T01:21:13.980+0000] {dag.py:2742} INFO - Sync 1 DAGs
[2026-09-17T01:21:13.995+0000] {logging_mixin.py:150} INFO - [2026-09-17T01:21:13.995+0000] {dag.py:3504} INFO - Setting next_dagrun for example_params_ui_tutorial to None, run_after=None
[2026-09-17T01:21:14.013+0000] {processor.py:179} INFO - Processing /home/vscode/.local/lib/python3.10/site-packages/airflow/example_dags/example_params_ui_tutorial.py took 0.094 seconds
[2026-09-17T01:21:42.398+0000] {processor.py:157} INFO - Started process (PID=36548) to work on /home/vscode/.local/lib/python3.10/site-packages/airflow/example_dags/example_params_ui_tutorial.py
[2026-09-17T01:21:42.398+0000] {processor.py:826} INFO - Processing file /home/vscode/.local/lib/python3.10/site-packages/airflow/example_dags/example_params_ui_tutorial.py for tasks to queue
[2026-09-17T01:21:42.399+0000] {logging_mixin.py:150} INFO - [2026-09-17T01:21:42.399+0000] {dagbag.py:541} INFO - Filling up the DagBag from /home/vscode/.local/lib/python3.10/site-packages/airflow/example_dags/example_params_ui_tutorial.py
[2026-09-17T01:21:42.428+0000] {processor.py:836} INFO - DAG(s) dict_keys(['example_params_ui_tutorial']) retrieved from /home/vscode/.local/lib/python3.10/site-packages/airflow/example_dags/example_params_ui_tutorial.py
[2026-09-17T01:21:42.454+0000] {logging_mixin.py:150} INFO - [2026-09-17T01:21:42.454+0000] {dag.py:2742} INFO - Sync 1 DAGs
[2026-09-17T01:21:42.468+0000] {logging_mixin.py:150} INFO - [2026-09-17T01:21:42.468+0000] {dag.py:3504} INFO - Setting next_dagrun for example_params_ui_tutorial to None, run_after=None
[2026-09-17T01:21:42.486+0000] {processor.py:179} INFO - Processing /home/vscode/.local/lib/python3.10/site-packages/airflow/example_dags/example_params_ui_tutorial.py took 0.091 seconds
[2026-09-17T01:22:03.795+0000] {processor.py:157} INFO - Started process (PID=36752) to work on /home/vscode/.local/lib/python3.10/site-packages/airflow/example_dags/example_params_ui_tutorial.py
[2026-09-17T01:22:03.796+0000] {processor.py:826} INFO - Processing file /home/vscode/.local/lib/python3.10/site-packages/airflow/example_dags/example_params_ui_tutorial.py for tasks to queue
[2026-09-17T01:22:03.797+0000] {logging_mixin.py:150} INFO - [2026-09-17T01:22:03.797+0000] {dagbag.py:541} INFO - Filling up the DagBag from /home/vscode/.local/lib/python3.10/site-packages/airflow/example_dags/example_params_ui_tutorial.py
[2026-09-17T01:22:03.826+0000] {processor.py:836} INFO - DAG(s) dict_keys(['example_params_ui_tutorial']) retrieved from /home/vscode/.local/lib/python3.10/site-packages/airflow/example_dags/example_params_ui_tutorial.py
[2026-09-17T01:22:03.852+0000] {logging_mixin.py:150} INFO - [2026-09-17T01:22:03.852+0000] {dag.py:2742} INFO - Sync 1 DAGs
[2026-09-17T01:22:03.866+0000] {logging_mixin.py:150} INFO - [2026-09-17T01:22:03.866+0000] {dag.py:3504} INFO - Setting next_dagrun for example_params_ui_tutorial to None, run_after=None
[2026-09-17T01:22:03.882+0000] {processor.py:179} INFO - Processing /home/vscode/.local/lib/python3.10/site-packages/airflow/example_dags/example_params_ui_tutorial.py took 0.091 seconds
[2026-09-17T01:22:33.399+0000] {processor.py:157} INFO - Started process (PID=37181) to work on /home/vscode/.local/lib/python3.10/site-packages/airflow/example_dags/example_params_ui_tutorial.py
[2026-09-17T01:22:33.399+0000] {processor.py:826} INFO - Processing file /home/vscode/.local/lib/python3.10/site-packages/airflow/example_dags/example_params_ui_tutorial.py for tasks to queue
[2026-09-17T01:22:33.400+0000] {logging_mixin.py:150} INFO - [2026-09-17T01:22:33.400+0000] {dagbag.py:541} INFO - Filling up the DagBag from /home/vscode/.local/lib/python3.10/site-packages/airflow/example_dags/example_params_ui_tutorial.py
[2026-09-17T01:22:33.422+0000] {processor.py:836} INFO - DAG(s) dict_keys(['example_params_ui_tutorial']) retrieved from /home/vscode/.local/lib/python3.10/site-packages/airflow/example_dags/example_params_ui_tutorial.py
[2026-09-17T01:22:33.449+0000] {logging_mixin.py:150} INFO - [2026-09-17T01:22:33.449+0000] {dag.py:2742} INFO - Sync 1 DAGs
[2026-09-17T01:22:33.463+0000] {logging_mixin.py:150} INFO - [2026-09-17T01:22:33.463+0000] {dag.py:3504} INFO - Setting next_dagrun for example_params_ui_tutorial to None, run_after=None
[2026-09-17T01:22:33.482+0000] {processor.py:179} INFO - Processing /home/vscode/.local/lib/python3.10/site-packages/airflow/example_dags/example_params_ui_tutorial.py took 0.085 seconds
[2026-09-17T01:22:50.280+0000] {processor.py:157} INFO - Started process (PID=37311) to work on /home/vscode/.local/lib/python3.10/site-packages/airflow/example_dags/example_params_ui_tutorial.py
[2026-09-17T01:22:50.282+0000] {processor.py:826} INFO - Processing file /home/vscode/.local/lib/python3.10/site-packages/airflow/example_dags/example_params_ui_tutorial.py for tasks to queue
[2026-09-17T01:22:50.283+0000] {logging_mixin.py:150} INFO - [2026-09-17T01:22:50.282+0000] {dagbag.py:541} INFO - Filling up the DagBag from /home/vscode/.local/lib/python3.10/site-packages/airflow/example_dags/example_params_ui_tutorial.py
[2026-09-17T01:22:50.304+0000] {processor.py:836} INFO - DAG(s) dict_keys(['example_params_ui_tutorial']) retrieved from /home/vscode/.local/lib/python3.10/site-packages/airflow/example_dags/example_params_ui_tutorial.py
[2026-09-17T01:22:50.336+0000] {logging_mixin.py:150} INFO - [2026-09-17T01:22:50.336+0000] {dag.py:2742} INFO - Sync 1 DAGs
[2026-09-17T01:22:50.350+0000] {logging_mixin.py:150} INFO - [2026-09-17T01:22:50.350+0000] {dag.py:3504} INFO - Setting next_dagrun for example_params_ui_tutorial to None, run_after=None
[2026-09-17T01:22:50.366+0000] {processor.py:179} INFO - Processing /home/vscode/.local/lib/python3.10/site-packages/airflow/example_dags/example_params_ui_tutorial.py took 0.089 seconds
[2026-09-17T01:23:18.961+0000] {processor.py:157} INFO - Started process (PID=37619) to work on /home/vscode/.local/lib/python3.10/site-packages/airflow/example_dags/example_params_ui_tutorial.py
[2026-09-17T01:23:18.962+0000] {processor.py:826} INFO - Processing file /home/vscode/.local/lib/python3.10/site-packages/airflow/example_dags/example_params_ui_tutorial.py for tasks to queue
[2026-09-17T01:23:18.962+0000] {logging_mixin.py:150} INFO - [2026-09-17T01:23:18.962+0000] {dagbag.py:541} INFO - Filling up the DagBag from /home/vscode/.local/lib/python3.10/site-packages/airflow/example_dags/example_params_ui_tutorial.py
[2026-09-17T01:23:18.985+0000] {processor.py:836} INFO - DAG(s) dict_keys(['example_params_ui_tutorial']) retrieved from /home/vscode/.local/lib/python3.10/site-packages/airflow/example_dags/example_params_ui_tutorial.py
[2026-09-17T01:23:19.012+0000] {logging_mixin.py:150} INFO - [2026-09-17T01:23:19.012+0000] {dag.py:2742} INFO - Sync 1 DAGs
[2026-09-17T01:23:19.029+0000] {logging_mixin.py:150} INFO - [2026-09-17T01:23:19.029+0000] {dag.py:3504} INFO - Setting next_dagrun for example_params_ui_tutorial to None, run_after=None
[2026-09-17T01:23:19.048+0000] {processor.py:179} INFO - Processing /home/vscode/.local/lib/python3.10/site-packages/airflow/example_dags/example_params_ui_tutorial.py took 0.089 seconds
[2026-09-17T01:23:39.644+0000] {processor.py:157} INFO - Started process (PID=37777) to work on /home/vscode/.local/lib/python3.10/site-packages/airflow/example_dags/example_params_ui_tutorial.py
[2026-09-17T01:23:39.644+0000] {processor.py:826} INFO - Processing file /home/vscode/.local/lib/python3.10/site-packages/airflow/example_dags/example_params_ui_tutorial.py for tasks to queue
[2026-09-17T01:23:39.645+0000] {logging_mixin.py:150} INFO - [2026-09-17T01:23:39.645+0000] {dagbag.py:541} INFO - Filling up the DagBag from /home/vscode/.local/lib/python3.10/site-packages/airflow/example_dags/example_params_ui_tutorial.py
[2026-09-17T01:23:39.668+0000] {processor.py:836} INFO - DAG(s) dict_keys(['example_params_ui_tutorial']) retrieved from /home/vscode/.local/lib/python3.10/site-packages/airflow/example_dags/example_params_ui_tutorial.py
[2026-09-17T01:23:39.709+0000] {logging_mixin.py:150} INFO - [2026-09-17T01:23:39.709+0000] {dag.py:2742} INFO - Sync 1 DAGs
[2026-09-17T01:23:39.735+0000] {logging_mixin.py:150} INFO - [2026-09-17T01:23:39.735+0000] {dag.py:3504} INFO - Setting next_dagrun for example_params_ui_tutorial to None, run_after=None
[2026-09-17T01:23:39.762+0000] {processor.py:179} INFO - Processing /home/vscode/.local/lib/python3.10/site-packages/airflow/example_dags/example_params_ui_tutorial.py took 0.121 seconds
[2026-09-17T01:24:11.521+0000] {processor.py:157} INFO - Started process (PID=38102) to work on /home/vscode/.local/lib/python3.10/site-packages/airflow/example_dags/example_params_ui_tutorial.py
[2026-09-17T01:24:11.522+0000] {processor.py:826} INFO - Processing file /home/vscode/.local/lib/python3.10/site-packages/airflow/example_dags/example_params_ui_tutorial.py for tasks to queue
[2026-09-17T01:24:11.522+0000] {logging_mixin.py:150} INFO - [2026-09-17T01:24:11.522+0000] {dagbag.py:541} INFO - Filling up the DagBag from /home/vscode/.local/lib/python3.10/site-packages/airflow/example_dags/example_params_ui_tutorial.py
[2026-09-17T01:24:11.544+0000] {processor.py:836} INFO - DAG(s) dict_keys(['example_params_ui_tutorial']) retrieved from /home/vscode/.local/lib/python3.10/site-packages/airflow/example_dags/example_params_ui_tutorial.py
[2026-09-17T01:24:11.571+0000] {logging_mixin.py:150} INFO - [2026-09-17T01:24:11.571+0000] {dag.py:2742} INFO - Sync 1 DAGs
[2026-09-17T01:24:11.587+0000] {logging_mixin.py:150} INFO - [2026-09-17T01:24:11.587+0000] {dag.py:3504} INFO - Setting next_dagrun for example_params_ui_tutorial to None, run_after=None
[2026-09-17T01:24:11.607+0000] {processor.py:179} INFO - Processing /home/vscode/.local/lib/python3.10/site-packages/airflow/example_dags/example_params_ui_tutorial.py took 0.089 seconds
[2026-09-17T01:24:27.962+0000] {processor.py:157} INFO - Started process (PID=38424) to work on /home/vscode/.local/lib/python3.10/site-packages/airflow/example_dags/example_params_ui_tutorial.py
[2026-09-17T01:24:27.962+0000] {processor.py:826} INFO - Processing file /home/vscode/.local/lib/python3.10/site-packages/airflow/example_dags/example_params_ui_tutorial.py for tasks to queue
[2026-09-17T01:24:27.963+0000] {logging_mixin.py:150} INFO - [2026-09-17T01:24:27.963+0000] {dagbag.py:541} INFO - Filling up the DagBag from /home/vscode/.local/lib/python3.10/site-packages/airflow/example_dags/example_params_ui_tutorial.py
[2026-09-17T01:24:27.988+0000] {processor.py:836} INFO - DAG(s) dict_keys(['example_params_ui_tutorial']) retrieved from /home/vscode/.local/lib/python3.10/site-packages/airflow/example_dags/example_params_ui_tutorial.py
[2026-09-17T01:24:28.017+0000] {logging_mixin.py:150} INFO - [2026-09-17T01:24:28.017+0000] {dag.py:2742} INFO - Sync 1 DAGs
[2026-09-17T01:24:28.031+0000] {logging_mixin.py:150} INFO - [2026-09-17T01:24:28.031+0000] {dag.py:3504} INFO - Setting next_dagrun for example_params_ui_tutorial to None, run_after=None
[2026-09-17T01:24:28.049+0000] {processor.py:179} INFO - Processing /home/vscode/.local/lib/python3.10/site-packages/airflow/example_dags/example_params_ui_tutorial.py took 0.090 seconds
